#
# There is insufficient memory for the Java Runtime Environment to continue.
# Native memory allocation (malloc) failed to allocate 1643696 bytes. Error detail: Chunk::new
# Possible reasons:
#   The system is out of physical RAM or swap space
#   This process is running with CompressedOops enabled, and the Java Heap may be blocking the growth of the native heap
# Possible solutions:
#   Reduce memory load on the system
#   Increase physical memory or swap space
#   Check if swap backing store is full
#   Decrease Java heap size (-Xmx/-Xms)
#   Decrease number of Java threads
#   Decrease Java thread stack sizes (-Xss)
#   Set larger code cache with -XX:ReservedCodeCacheSize=
#   JVM is running with Unscaled Compressed Oops mode in which the Java heap is
#     placed in the first 4GB address space. The Java Heap base address is the
#     maximum limit for the native heap growth. Please use -XX:HeapBaseMinAddress
#     to set the Java Heap base and to place the Java Heap above 4GB virtual address.
# This output file may be truncated or incomplete.
#
#  Out of Memory Error (arena.cpp:168), pid=6672, tid=19476
#
# JRE version: OpenJDK Runtime Environment Temurin-21.0.11+10 (21.0.11+10) (build 21.0.11+10-LTS)
# Java VM: OpenJDK 64-Bit Server VM Temurin-21.0.11+10 (21.0.11+10-LTS, mixed mode, sharing, tiered, compressed oops, compressed class ptrs, parallel gc, windows-amd64)
# No core dump will be written. Minidumps are not enabled by default on client versions of Windows
#

---------------  S U M M A R Y ------------

Command Line: --add-modules=ALL-SYSTEM --add-opens=java.base/java.util=ALL-UNNAMED --add-opens=java.base/java.lang=ALL-UNNAMED --add-opens=java.base/sun.nio.fs=ALL-UNNAMED -Declipse.application=org.eclipse.jdt.ls.core.id1 -Dosgi.bundles.defaultStartLevel=4 -Declipse.product=org.eclipse.jdt.ls.core.product -Djava.import.generatesMetadataFilesAtProjectRoot=false -DDetectVMInstallationsJob.disabled=true -Dfile.encoding=utf8 -XX:+UseParallelGC -XX:GCTimeRatio=4 -XX:AdaptiveSizePolicyWeight=90 -Dsun.zip.disableMemoryMapping=true -Xmx2G -Xms100m -Xlog:disable -javaagent:c:\Users\leemi\.vscode\extensions\redhat.java-1.55.0-win32-x64\lombok\lombok-1.18.39-4050.jar c:\Users\leemi\.vscode\extensions\redhat.java-1.55.0-win32-x64\server\plugins\org.eclipse.equinox.launcher_1.7.200.v20260619-2039.jar -configuration c:\Users\leemi\AppData\Roaming\Code\User\globalStorage\redhat.java\1.55.0\config_ss_win -data c:\Users\leemi\AppData\Roaming\Code\User\workspaceStorage\ff42aa06e46e0e2d4680659d76b65a79\redhat.java\ss_ws --pipe=\\.\pipe\lsp-9f9b7496fe54d9bdb24a6bc745ff6175-sock

Host: 11th Gen Intel(R) Core(TM) i5-11320H @ 3.20GHz, 8 cores, 7G,  Windows 11 , 64 bit Build 26100 (10.0.26100.8328)
Time: Wed Aug  5 23:08:19 2026 India Standard Time elapsed time: 17.303456 seconds (0d 0h 0m 17s)

---------------  T H R E A D  ---------------

Current thread (0x000001ef7e593ec0):  JavaThread "C2 CompilerThread0" daemon [_thread_in_native, id=19476, stack(0x000000ebb0a00000,0x000000ebb0b00000) (1024K)]


Current CompileTask:
C2:17303 4710   !   4       org.eclipse.osgi.internal.loader.BundleLoader::findClass0 (490 bytes)

Stack: [0x000000ebb0a00000,0x000000ebb0b00000]
Native frames: (J=compiled Java code, j=interpreted, Vv=VM code, C=native code)
V  [jvm.dll+0x6d7e19]
V  [jvm.dll+0x8b5096]
V  [jvm.dll+0x8b764e]
V  [jvm.dll+0x8b7d33]
V  [jvm.dll+0x284596]
V  [jvm.dll+0xc685d]
V  [jvm.dll+0xc6da1]
V  [jvm.dll+0x3bed31]
V  [jvm.dll+0x1e4149]
V  [jvm.dll+0x24c853]
V  [jvm.dll+0x24bce0]
V  [jvm.dll+0x1cb4ae]
V  [jvm.dll+0x25baad]
V  [jvm.dll+0x25a03a]
V  [jvm.dll+0x3f868e]
V  [jvm.dll+0x85fb0d]
V  [jvm.dll+0x6d664d]
C  [ucrtbase.dll+0x37b0]
C  [KERNEL32.DLL+0x2e957]
C  [ntdll.dll+0x427c]


---------------  P R O C E S S  ---------------

Threads class SMR info:
_java_thread_list=0x000001ef4aacaaa0, length=39, elements={
0x000001ef6974c570, 0x000001ef6bbbd4f0, 0x000001ef7e57ab00, 0x000001ef7e5826c0,
0x000001ef7e583e40, 0x000001ef7e585040, 0x000001ef7e58d6e0, 0x000001ef7e593ec0,
0x000001ef7e597d30, 0x000001ef491e0000, 0x000001ef49317a10, 0x000001ef498968f0,
0x000001ef49a45e60, 0x000001ef49ab9250, 0x000001ef49aa7030, 0x000001ef49b09bc0,
0x000001ef49dc6440, 0x000001ef49dd1440, 0x000001ef49de7980, 0x000001ef49de8010,
0x000001ef49de58b0, 0x000001ef49de72f0, 0x000001ef49de65d0, 0x000001ef49de86a0,
0x000001ef49de8d30, 0x000001ef49de5f40, 0x000001ef49de6c60, 0x000001ef4a451b40,
0x000001ef4a4514b0, 0x000001ef4a4521d0, 0x000001ef4a450e20, 0x000001ef4a452860,
0x000001ef4a452ef0, 0x000001ef4a453580, 0x000001ef4a453c10, 0x000001ef49ae07d0,
0x000001ef4a455650, 0x000001ef4a455ce0, 0x000001ef4a456a00
}

Java Threads: ( => current thread )
  0x000001ef6974c570 JavaThread "main"                              [_thread_blocked, id=6996, stack(0x000000ebb0000000,0x000000ebb0100000) (1024K)]
  0x000001ef6bbbd4f0 JavaThread "Reference Handler"          daemon [_thread_blocked, id=16648, stack(0x000000ebb0400000,0x000000ebb0500000) (1024K)]
  0x000001ef7e57ab00 JavaThread "Finalizer"                  daemon [_thread_blocked, id=2444, stack(0x000000ebb0500000,0x000000ebb0600000) (1024K)]
  0x000001ef7e5826c0 JavaThread "Signal Dispatcher"          daemon [_thread_blocked, id=20212, stack(0x000000ebb0600000,0x000000ebb0700000) (1024K)]
  0x000001ef7e583e40 JavaThread "Attach Listener"            daemon [_thread_blocked, id=5472, stack(0x000000ebb0700000,0x000000ebb0800000) (1024K)]
  0x000001ef7e585040 JavaThread "Service Thread"             daemon [_thread_blocked, id=10168, stack(0x000000ebb0800000,0x000000ebb0900000) (1024K)]
  0x000001ef7e58d6e0 JavaThread "Monitor Deflation Thread"   daemon [_thread_blocked, id=5340, stack(0x000000ebb0900000,0x000000ebb0a00000) (1024K)]
=>0x000001ef7e593ec0 JavaThread "C2 CompilerThread0"         daemon [_thread_in_native, id=19476, stack(0x000000ebb0a00000,0x000000ebb0b00000) (1024K)]
  0x000001ef7e597d30 JavaThread "C1 CompilerThread0"         daemon [_thread_blocked, id=1932, stack(0x000000ebb0b00000,0x000000ebb0c00000) (1024K)]
  0x000001ef491e0000 JavaThread "Common-Cleaner"             daemon [_thread_blocked, id=13976, stack(0x000000ebb0c00000,0x000000ebb0d00000) (1024K)]
  0x000001ef49317a10 JavaThread "Notification Thread"        daemon [_thread_blocked, id=14340, stack(0x000000ebb0e00000,0x000000ebb0f00000) (1024K)]
  0x000001ef498968f0 JavaThread "Active Thread: Equinox Container: 4077f732-9d37-49b6-ae13-1cde4818eadf"        [_thread_blocked, id=12236, stack(0x000000ebb1500000,0x000000ebb1600000) (1024K)]
  0x000001ef49a45e60 JavaThread "Framework Event Dispatcher: Equinox Container: 4077f732-9d37-49b6-ae13-1cde4818eadf" daemon [_thread_blocked, id=24084, stack(0x000000ebb1600000,0x000000ebb1700000) (1024K)]
  0x000001ef49ab9250 JavaThread "Start Level: Equinox Container: 4077f732-9d37-49b6-ae13-1cde4818eadf" daemon [_thread_blocked, id=17180, stack(0x000000ebb1700000,0x000000ebb1800000) (1024K)]
  0x000001ef49aa7030 JavaThread "SCR Component Actor"        daemon [_thread_blocked, id=3804, stack(0x000000ebb0d00000,0x000000ebb0e00000) (1024K)]
  0x000001ef49b09bc0 JavaThread "Worker-JM"                         [_thread_blocked, id=12596, stack(0x000000ebb1900000,0x000000ebb1a00000) (1024K)]
  0x000001ef49dc6440 JavaThread "JNA Cleaner"                daemon [_thread_blocked, id=24056, stack(0x000000ebb1a00000,0x000000ebb1b00000) (1024K)]
  0x000001ef49dd1440 JavaThread "Worker-0"                          [_thread_blocked, id=24140, stack(0x000000ebb1b00000,0x000000ebb1c00000) (1024K)]
  0x000001ef49de7980 JavaThread "Worker-1"                          [_thread_blocked, id=24460, stack(0x000000ebb1c00000,0x000000ebb1d00000) (1024K)]
  0x000001ef49de8010 JavaThread "Thread-1"                   daemon [_thread_in_native, id=5380, stack(0x000000ebb2000000,0x000000ebb2100000) (1024K)]
  0x000001ef49de58b0 JavaThread "Thread-2"                   daemon [_thread_in_native, id=23992, stack(0x000000ebb2100000,0x000000ebb2200000) (1024K)]
  0x000001ef49de72f0 JavaThread "Thread-3"                   daemon [_thread_in_native, id=14644, stack(0x000000ebb2200000,0x000000ebb2300000) (1024K)]
  0x000001ef49de65d0 JavaThread "Thread-4"                   daemon [_thread_in_native, id=21764, stack(0x000000ebb2300000,0x000000ebb2400000) (1024K)]
  0x000001ef49de86a0 JavaThread "Thread-5"                   daemon [_thread_in_native, id=22804, stack(0x000000ebb2400000,0x000000ebb2500000) (1024K)]
  0x000001ef49de8d30 JavaThread "Thread-6"                   daemon [_thread_in_native, id=12108, stack(0x000000ebb2500000,0x000000ebb2600000) (1024K)]
  0x000001ef49de5f40 JavaThread "Thread-7"                   daemon [_thread_in_native, id=8392, stack(0x000000ebb2600000,0x000000ebb2700000) (1024K)]
  0x000001ef49de6c60 JavaThread "Thread-8"                   daemon [_thread_in_native, id=11580, stack(0x000000ebb2700000,0x000000ebb2800000) (1024K)]
  0x000001ef4a451b40 JavaThread "Thread-9"                   daemon [_thread_in_native, id=18640, stack(0x000000ebb2800000,0x000000ebb2900000) (1024K)]
  0x000001ef4a4514b0 JavaThread "pool-2-thread-1"                   [_thread_blocked, id=7524, stack(0x000000ebb2900000,0x000000ebb2a00000) (1024K)]
  0x000001ef4a4521d0 JavaThread "Worker-2"                          [_thread_blocked, id=7548, stack(0x000000ebb1d00000,0x000000ebb1e00000) (1024K)]
  0x000001ef4a450e20 JavaThread "Worker-3"                          [_thread_blocked, id=9980, stack(0x000000ebb2a00000,0x000000ebb2b00000) (1024K)]
  0x000001ef4a452860 JavaThread "WorkspaceEventsHandler"            [_thread_blocked, id=23748, stack(0x000000ebb2b00000,0x000000ebb2c00000) (1024K)]
  0x000001ef4a452ef0 JavaThread "pool-1-thread-1"                   [_thread_blocked, id=23752, stack(0x000000ebb2c00000,0x000000ebb2d00000) (1024K)]
  0x000001ef4a453580 JavaThread "ForkJoinPool.commonPool-worker-1" daemon [_thread_blocked, id=20888, stack(0x000000ebb2d00000,0x000000ebb2e00000) (1024K)]
  0x000001ef4a453c10 JavaThread "ForkJoinPool.commonPool-worker-2" daemon [_thread_in_vm, id=13340, stack(0x000000ebb2e00000,0x000000ebb2f00000) (1024K)]
  0x000001ef49ae07d0 JavaThread "C2 CompilerThread1"         daemon [_thread_blocked, id=21264, stack(0x000000ebb2f00000,0x000000ebb3000000) (1024K)]
  0x000001ef4a455650 JavaThread "ForkJoinPool.commonPool-worker-3" daemon [_thread_blocked, id=12892, stack(0x000000ebb3000000,0x000000ebb3100000) (1024K)]
  0x000001ef4a455ce0 JavaThread "ForkJoinPool.commonPool-worker-4" daemon [_thread_blocked, id=21108, stack(0x000000ebb3100000,0x000000ebb3200000) (1024K)]
  0x000001ef4a456a00 JavaThread "ForkJoinPool.commonPool-worker-5" daemon [_thread_blocked, id=19852, stack(0x000000ebb3200000,0x000000ebb3300000) (1024K)]
Total: 39

Other Threads:
  0x000001ef6bba87c0 VMThread "VM Thread"                           [id=22440, stack(0x000000ebb0300000,0x000000ebb0400000) (1024K)]
  0x000001ef6bb75b70 WatcherThread "VM Periodic Task Thread"        [id=14384, stack(0x000000ebb0200000,0x000000ebb0300000) (1024K)]
  0x000001ef6bb294b0 WorkerThread "GC Thread#0"                     [id=17304, stack(0x000000ebb0100000,0x000000ebb0200000) (1024K)]
  0x000001ef4980c3b0 WorkerThread "GC Thread#1"                     [id=18548, stack(0x000000ebb0f00000,0x000000ebb1000000) (1024K)]
  0x000001ef4980ad90 WorkerThread "GC Thread#2"                     [id=12164, stack(0x000000ebb1000000,0x000000ebb1100000) (1024K)]
  0x000001ef4980bc50 WorkerThread "GC Thread#3"                     [id=18752, stack(0x000000ebb1100000,0x000000ebb1200000) (1024K)]
  0x000001ef4980a9e0 WorkerThread "GC Thread#4"                     [id=23084, stack(0x000000ebb1200000,0x000000ebb1300000) (1024K)]
  0x000001ef4980b140 WorkerThread "GC Thread#5"                     [id=15028, stack(0x000000ebb1300000,0x000000ebb1400000) (1024K)]
  0x000001ef4980b4f0 WorkerThread "GC Thread#6"                     [id=7392, stack(0x000000ebb1400000,0x000000ebb1500000) (1024K)]
  0x000001ef4980b8a0 WorkerThread "GC Thread#7"                     [id=4776, stack(0x000000ebb1800000,0x000000ebb1900000) (1024K)]
Total: 10

Threads with active compile tasks:
C2 CompilerThread0  17360 4710   !   4       org.eclipse.osgi.internal.loader.BundleLoader::findClass0 (490 bytes)
Total: 1

VM state: not at safepoint (normal execution)

VM Mutex/Monitor currently owned by a thread: None

Heap address: 0x0000000080000000, size: 2048 MB, Compressed Oops mode: 32-bit

CDS archive(s) mapped at: [0x000001ef04000000-0x000001ef04ba0000-0x000001ef04ba0000), size 12189696, SharedBaseAddress: 0x000001ef04000000, ArchiveRelocationMode: 1.
Compressed class space mapped at: 0x000001ef05000000-0x000001ef45000000, reserved size: 1073741824
Narrow klass base: 0x000001ef04000000, Narrow klass shift: 0, Narrow klass range: 0x100000000

GC Precious Log:
 CardTable entry size: 512
 CPUs: 8 total, 8 available
 Memory: 7975M
 Large Page Support: Disabled
 NUMA Support: Disabled
 Compressed Oops: Enabled (32-bit)
 Alignments: Space 512K, Generation 512K, Heap 2M
 Heap Min Capacity: 100M
 Heap Initial Capacity: 100M
 Heap Max Capacity: 2G
 Pre-touch: Disabled
 Parallel Workers: 8

Heap:
 PSYoungGen      total 20992K, used 5676K [0x00000000d5580000, 0x00000000d6c80000, 0x0000000100000000)
  eden space 20480K, 25% used [0x00000000d5580000,0x00000000d5a93310,0x00000000d6980000)
  from space 512K, 93% used [0x00000000d6a00000,0x00000000d6a78020,0x00000000d6a80000)
  to   space 1536K, 0% used [0x00000000d6b00000,0x00000000d6b00000,0x00000000d6c80000)
 ParOldGen       total 68608K, used 28859K [0x0000000080000000, 0x0000000084300000, 0x00000000d5580000)
  object space 68608K, 42% used [0x0000000080000000,0x0000000081c2ee38,0x0000000084300000)
 Metaspace       used 39147K, committed 40128K, reserved 1114112K
  class space    used 4004K, committed 4416K, reserved 1048576K

Card table byte_map: [0x000001ef6b4b0000,0x000001ef6b8c0000] _byte_map_base: 0x000001ef6b0b0000

Marking Bits: (ParMarkBitMap*) 0x00007ff8d8844460
 Begin Bits: [0x000001ef00000000, 0x000001ef02000000)
 End Bits:   [0x000001ef02000000, 0x000001ef04000000)

Polling page: 0x000001ef69990000

Metaspace:

Usage:
  Non-class:     34.32 MB used.
      Class:      3.91 MB used.
       Both:     38.23 MB used.

Virtual space:
  Non-class space:       64.00 MB reserved,      34.88 MB ( 54%) committed,  1 nodes.
      Class space:        1.00 GB reserved,       4.31 MB ( <1%) committed,  1 nodes.
             Both:        1.06 GB reserved,      39.19 MB (  4%) committed. 

Chunk freelists:
   Non-Class:  12.95 MB
       Class:  11.66 MB
        Both:  24.62 MB

MaxMetaspaceSize: unlimited
CompressedClassSpaceSize: 1.00 GB
Initial GC threshold: 21.00 MB
Current GC threshold: 58.38 MB
CDS: on
 - commit_granule_bytes: 65536.
 - commit_granule_words: 8192.
 - virtual_space_node_default_size: 8388608.
 - enlarge_chunks_in_place: 1.
 - use_allocation_guard: 0.


Internal statistics:

num_allocs_failed_limit: 6.
num_arena_births: 808.
num_arena_deaths: 62.
num_vsnodes_births: 2.
num_vsnodes_deaths: 0.
num_space_committed: 627.
num_space_uncommitted: 0.
num_chunks_returned_to_freelist: 85.
num_chunks_taken_from_freelist: 2499.
num_chunk_merges: 17.
num_chunk_splits: 1565.
num_chunks_enlarged: 952.
num_inconsistent_stats: 0.

CodeHeap 'non-profiled nmethods': size=120000Kb used=2715Kb max_used=2715Kb free=117284Kb
 bounds [0x000001ef767d0000, 0x000001ef76a80000, 0x000001ef7dd00000]
CodeHeap 'profiled nmethods': size=120000Kb used=9436Kb max_used=9436Kb free=110563Kb
 bounds [0x000001ef6ed00000, 0x000001ef6f640000, 0x000001ef76230000]
CodeHeap 'non-nmethods': size=5760Kb used=1406Kb max_used=1436Kb free=4353Kb
 bounds [0x000001ef76230000, 0x000001ef764a0000, 0x000001ef767d0000]
CodeCache: size=245760Kb, used=13557Kb, max_used=13587Kb, free=232200Kb
 total_blobs=5283, nmethods=4579, adapters=610, full_count=0
Compilation: enabled, stopped_count=0, restarted_count=0

Compilation events (20 events):
Event: 17.268 Thread 0x000001ef7e597d30 nmethod 4943 0x000001ef6f61a190 code [0x000001ef6f61a9c0, 0x000001ef6f61f3c0]
Event: 17.269 Thread 0x000001ef7e597d30 4944       3       java.lang.invoke.InnerClassLambdaMetafactory::spinInnerClass (118 bytes)
Event: 17.269 Thread 0x000001ef7e597d30 nmethod 4944 0x000001ef6ee63e10 code [0x000001ef6ee63fe0, 0x000001ef6ee642b8]
Event: 17.270 Thread 0x000001ef7e597d30 4945       3       java.lang.invoke.InnerClassLambdaMetafactory::<init> (258 bytes)
Event: 17.272 Thread 0x000001ef7e597d30 nmethod 4945 0x000001ef6ed48590 code [0x000001ef6ed48980, 0x000001ef6ed4a418]
Event: 17.273 Thread 0x000001ef7e597d30 4946       3       org.eclipse.jdt.internal.core.PackageFragment::calculateHashCode (18 bytes)
Event: 17.274 Thread 0x000001ef7e597d30 nmethod 4946 0x000001ef6ed47d90 code [0x000001ef6ed47f60, 0x000001ef6ed48350]
Event: 17.280 Thread 0x000001ef7e597d30 4947       3       jdk.internal.util.ArraysSupport::mismatch (72 bytes)
Event: 17.280 Thread 0x000001ef7e597d30 nmethod 4947 0x000001ef6f621090 code [0x000001ef6f621280, 0x000001ef6f621670]
Event: 17.284 Thread 0x000001ef7e597d30 4948       3       org.eclipse.jdt.internal.compiler.util.CharArray::equals (26 bytes)
Event: 17.285 Thread 0x000001ef7e597d30 nmethod 4948 0x000001ef6f621890 code [0x000001ef6f621a60, 0x000001ef6f621de8]
Event: 17.289 Thread 0x000001ef7e597d30 4949       1       java.util.stream.Collectors$CollectorImpl::characteristics (5 bytes)
Event: 17.290 Thread 0x000001ef7e597d30 nmethod 4949 0x000001ef768a2090 code [0x000001ef768a2220, 0x000001ef768a22e8]
Event: 17.290 Thread 0x000001ef7e597d30 4950       3       org.eclipse.jdt.internal.compiler.lookup.PackageBinding::clearMissingTagBit (24 bytes)
Event: 17.290 Thread 0x000001ef7e597d30 nmethod 4950 0x000001ef6f621f10 code [0x000001ef6f6220c0, 0x000001ef6f622288]
Event: 17.295 Thread 0x000001ef7e597d30 4951   !   3       org.eclipse.jdt.internal.core.util.DeduplicationUtil::intern (28 bytes)
Event: 17.296 Thread 0x000001ef7e597d30 nmethod 4951 0x000001ef6f622390 code [0x000001ef6f622560, 0x000001ef6f622900]
Event: 17.297 Thread 0x000001ef7e597d30 4952       3       org.eclipse.jdt.internal.core.ClassFile::<init> (56 bytes)
Event: 17.298 Thread 0x000001ef7e597d30 nmethod 4952 0x000001ef6f622a90 code [0x000001ef6f622d20, 0x000001ef6f623948]
Event: 17.300 Thread 0x000001ef7e597d30 4953       3       java.lang.invoke.MemberName::equals (69 bytes)

GC Heap History (20 events):
Event: 11.859 GC heap before
{Heap before GC invocations=12 (full 1):
 PSYoungGen      total 25088K, used 25070K [0x00000000d5580000, 0x00000000d7400000, 0x0000000100000000)
  eden space 22016K, 100% used [0x00000000d5580000,0x00000000d6b00000,0x00000000d6b00000)
  from space 3072K, 99% used [0x00000000d7100000,0x00000000d73fb858,0x00000000d7400000)
  to   space 4096K, 0% used [0x00000000d6c00000,0x00000000d6c00000,0x00000000d7000000)
 ParOldGen       total 68608K, used 13243K [0x0000000080000000, 0x0000000084300000, 0x00000000d5580000)
  object space 68608K, 19% used [0x0000000080000000,0x0000000080ceedc0,0x0000000084300000)
 Metaspace       used 32530K, committed 33536K, reserved 1114112K
  class space    used 3330K, committed 3776K, reserved 1048576K
}
Event: 11.864 GC heap after
{Heap after GC invocations=12 (full 1):
 PSYoungGen      total 25088K, used 2673K [0x00000000d5580000, 0x00000000d7180000, 0x0000000100000000)
  eden space 22016K, 0% used [0x00000000d5580000,0x00000000d5580000,0x00000000d6b00000)
  from space 3072K, 87% used [0x00000000d6c00000,0x00000000d6e9c460,0x00000000d6f00000)
  to   space 2560K, 0% used [0x00000000d6f00000,0x00000000d6f00000,0x00000000d7180000)
 ParOldGen       total 68608K, used 16123K [0x0000000080000000, 0x0000000084300000, 0x00000000d5580000)
  object space 68608K, 23% used [0x0000000080000000,0x0000000080fbefb8,0x0000000084300000)
 Metaspace       used 32530K, committed 33536K, reserved 1114112K
  class space    used 3330K, committed 3776K, reserved 1048576K
}
Event: 12.026 GC heap before
{Heap before GC invocations=13 (full 1):
 PSYoungGen      total 25088K, used 24689K [0x00000000d5580000, 0x00000000d7180000, 0x0000000100000000)
  eden space 22016K, 100% used [0x00000000d5580000,0x00000000d6b00000,0x00000000d6b00000)
  from space 3072K, 87% used [0x00000000d6c00000,0x00000000d6e9c460,0x00000000d6f00000)
  to   space 2560K, 0% used [0x00000000d6f00000,0x00000000d6f00000,0x00000000d7180000)
 ParOldGen       total 68608K, used 16123K [0x0000000080000000, 0x0000000084300000, 0x00000000d5580000)
  object space 68608K, 23% used [0x0000000080000000,0x0000000080fbefb8,0x0000000084300000)
 Metaspace       used 32553K, committed 33600K, reserved 1114112K
  class space    used 3330K, committed 3776K, reserved 1048576K
}
Event: 12.032 GC heap after
{Heap after GC invocations=13 (full 1):
 PSYoungGen      total 23040K, used 2530K [0x00000000d5580000, 0x00000000d7600000, 0x0000000100000000)
  eden space 20480K, 0% used [0x00000000d5580000,0x00000000d5580000,0x00000000d6980000)
  from space 2560K, 98% used [0x00000000d6f00000,0x00000000d7178810,0x00000000d7180000)
  to   space 5632K, 0% used [0x00000000d6980000,0x00000000d6980000,0x00000000d6f00000)
 ParOldGen       total 68608K, used 18701K [0x0000000080000000, 0x0000000084300000, 0x00000000d5580000)
  object space 68608K, 27% used [0x0000000080000000,0x0000000081243678,0x0000000084300000)
 Metaspace       used 32553K, committed 33600K, reserved 1114112K
  class space    used 3330K, committed 3776K, reserved 1048576K
}
Event: 12.189 GC heap before
{Heap before GC invocations=14 (full 1):
 PSYoungGen      total 23040K, used 23010K [0x00000000d5580000, 0x00000000d7600000, 0x0000000100000000)
  eden space 20480K, 100% used [0x00000000d5580000,0x00000000d6980000,0x00000000d6980000)
  from space 2560K, 98% used [0x00000000d6f00000,0x00000000d7178810,0x00000000d7180000)
  to   space 5632K, 0% used [0x00000000d6980000,0x00000000d6980000,0x00000000d6f00000)
 ParOldGen       total 68608K, used 18701K [0x0000000080000000, 0x0000000084300000, 0x00000000d5580000)
  object space 68608K, 27% used [0x0000000080000000,0x0000000081243678,0x0000000084300000)
 Metaspace       used 32579K, committed 33600K, reserved 1114112K
  class space    used 3331K, committed 3776K, reserved 1048576K
}
Event: 12.195 GC heap after
{Heap after GC invocations=14 (full 1):
 PSYoungGen      total 23040K, used 2244K [0x00000000d5580000, 0x00000000d7080000, 0x0000000100000000)
  eden space 20480K, 0% used [0x00000000d5580000,0x00000000d5580000,0x00000000d6980000)
  from space 2560K, 87% used [0x00000000d6980000,0x00000000d6bb1000,0x00000000d6c00000)
  to   space 3584K, 0% used [0x00000000d6d00000,0x00000000d6d00000,0x00000000d7080000)
 ParOldGen       total 68608K, used 21132K [0x0000000080000000, 0x0000000084300000, 0x00000000d5580000)
  object space 68608K, 30% used [0x0000000080000000,0x00000000814a3038,0x0000000084300000)
 Metaspace       used 32579K, committed 33600K, reserved 1114112K
  class space    used 3331K, committed 3776K, reserved 1048576K
}
Event: 12.344 GC heap before
{Heap before GC invocations=15 (full 1):
 PSYoungGen      total 23040K, used 22724K [0x00000000d5580000, 0x00000000d7080000, 0x0000000100000000)
  eden space 20480K, 100% used [0x00000000d5580000,0x00000000d6980000,0x00000000d6980000)
  from space 2560K, 87% used [0x00000000d6980000,0x00000000d6bb1000,0x00000000d6c00000)
  to   space 3584K, 0% used [0x00000000d6d00000,0x00000000d6d00000,0x00000000d7080000)
 ParOldGen       total 68608K, used 21132K [0x0000000080000000, 0x0000000084300000, 0x00000000d5580000)
  object space 68608K, 30% used [0x0000000080000000,0x00000000814a3038,0x0000000084300000)
 Metaspace       used 32626K, committed 33664K, reserved 1114112K
  class space    used 3331K, committed 3776K, reserved 1048576K
}
Event: 12.348 GC heap after
{Heap after GC invocations=15 (full 1):
 PSYoungGen      total 23040K, used 2176K [0x00000000d5580000, 0x00000000d6f80000, 0x0000000100000000)
  eden space 20480K, 0% used [0x00000000d5580000,0x00000000d5580000,0x00000000d6980000)
  from space 2560K, 85% used [0x00000000d6d00000,0x00000000d6f20000,0x00000000d6f80000)
  to   space 2560K, 0% used [0x00000000d6980000,0x00000000d6980000,0x00000000d6c00000)
 ParOldGen       total 68608K, used 23289K [0x0000000080000000, 0x0000000084300000, 0x00000000d5580000)
  object space 68608K, 33% used [0x0000000080000000,0x00000000816be660,0x0000000084300000)
 Metaspace       used 32626K, committed 33664K, reserved 1114112K
  class space    used 3331K, committed 3776K, reserved 1048576K
}
Event: 12.487 GC heap before
{Heap before GC invocations=16 (full 1):
 PSYoungGen      total 23040K, used 22656K [0x00000000d5580000, 0x00000000d6f80000, 0x0000000100000000)
  eden space 20480K, 100% used [0x00000000d5580000,0x00000000d6980000,0x00000000d6980000)
  from space 2560K, 85% used [0x00000000d6d00000,0x00000000d6f20000,0x00000000d6f80000)
  to   space 2560K, 0% used [0x00000000d6980000,0x00000000d6980000,0x00000000d6c00000)
 ParOldGen       total 68608K, used 23289K [0x0000000080000000, 0x0000000084300000, 0x00000000d5580000)
  object space 68608K, 33% used [0x0000000080000000,0x00000000816be660,0x0000000084300000)
 Metaspace       used 32717K, committed 33728K, reserved 1114112K
  class space    used 3331K, committed 3776K, reserved 1048576K
}
Event: 12.492 GC heap after
{Heap after GC invocations=16 (full 1):
 PSYoungGen      total 23040K, used 2392K [0x00000000d5580000, 0x00000000d6e80000, 0x0000000100000000)
  eden space 20480K, 0% used [0x00000000d5580000,0x00000000d5580000,0x00000000d6980000)
  from space 2560K, 93% used [0x00000000d6980000,0x00000000d6bd6210,0x00000000d6c00000)
  to   space 2560K, 0% used [0x00000000d6c00000,0x00000000d6c00000,0x00000000d6e80000)
 ParOldGen       total 68608K, used 25345K [0x0000000080000000, 0x0000000084300000, 0x00000000d5580000)
  object space 68608K, 36% used [0x0000000080000000,0x00000000818c0660,0x0000000084300000)
 Metaspace       used 32717K, committed 33728K, reserved 1114112K
  class space    used 3331K, committed 3776K, reserved 1048576K
}
Event: 13.220 GC heap before
{Heap before GC invocations=17 (full 1):
 PSYoungGen      total 23040K, used 22872K [0x00000000d5580000, 0x00000000d6e80000, 0x0000000100000000)
  eden space 20480K, 100% used [0x00000000d5580000,0x00000000d6980000,0x00000000d6980000)
  from space 2560K, 93% used [0x00000000d6980000,0x00000000d6bd6210,0x00000000d6c00000)
  to   space 2560K, 0% used [0x00000000d6c00000,0x00000000d6c00000,0x00000000d6e80000)
 ParOldGen       total 68608K, used 25345K [0x0000000080000000, 0x0000000084300000, 0x00000000d5580000)
  object space 68608K, 36% used [0x0000000080000000,0x00000000818c0660,0x0000000084300000)
 Metaspace       used 33923K, committed 34880K, reserved 1114112K
  class space    used 3485K, committed 3904K, reserved 1048576K
}
Event: 13.224 GC heap after
{Heap after GC invocations=17 (full 1):
 PSYoungGen      total 22528K, used 1656K [0x00000000d5580000, 0x00000000d6e00000, 0x0000000100000000)
  eden space 20480K, 0% used [0x00000000d5580000,0x00000000d5580000,0x00000000d6980000)
  from space 2048K, 80% used [0x00000000d6c00000,0x00000000d6d9e360,0x00000000d6e00000)
  to   space 2048K, 0% used [0x00000000d6a00000,0x00000000d6a00000,0x00000000d6c00000)
 ParOldGen       total 68608K, used 27634K [0x0000000080000000, 0x0000000084300000, 0x00000000d5580000)
  object space 68608K, 40% used [0x0000000080000000,0x0000000081afc870,0x0000000084300000)
 Metaspace       used 33923K, committed 34880K, reserved 1114112K
  class space    used 3485K, committed 3904K, reserved 1048576K
}
Event: 13.849 GC heap before
{Heap before GC invocations=18 (full 1):
 PSYoungGen      total 22528K, used 8412K [0x00000000d5580000, 0x00000000d6e00000, 0x0000000100000000)
  eden space 20480K, 32% used [0x00000000d5580000,0x00000000d5c18d88,0x00000000d6980000)
  from space 2048K, 80% used [0x00000000d6c00000,0x00000000d6d9e360,0x00000000d6e00000)
  to   space 2048K, 0% used [0x00000000d6a00000,0x00000000d6a00000,0x00000000d6c00000)
 ParOldGen       total 68608K, used 27634K [0x0000000080000000, 0x0000000084300000, 0x00000000d5580000)
  object space 68608K, 40% used [0x0000000080000000,0x0000000081afc870,0x0000000084300000)
 Metaspace       used 34895K, committed 35840K, reserved 1114112K
  class space    used 3577K, committed 3968K, reserved 1048576K
}
Event: 13.853 GC heap after
{Heap after GC invocations=18 (full 1):
 PSYoungGen      total 20992K, used 448K [0x00000000d5580000, 0x00000000d6c80000, 0x0000000100000000)
  eden space 20480K, 0% used [0x00000000d5580000,0x00000000d5580000,0x00000000d6980000)
  from space 512K, 87% used [0x00000000d6a00000,0x00000000d6a70010,0x00000000d6a80000)
  to   space 1024K, 0% used [0x00000000d6b80000,0x00000000d6b80000,0x00000000d6c80000)
 ParOldGen       total 68608K, used 29120K [0x0000000080000000, 0x0000000084300000, 0x00000000d5580000)
  object space 68608K, 42% used [0x0000000080000000,0x0000000081c70200,0x0000000084300000)
 Metaspace       used 34895K, committed 35840K, reserved 1114112K
  class space    used 3577K, committed 3968K, reserved 1048576K
}
Event: 13.853 GC heap before
{Heap before GC invocations=19 (full 2):
 PSYoungGen      total 20992K, used 448K [0x00000000d5580000, 0x00000000d6c80000, 0x0000000100000000)
  eden space 20480K, 0% used [0x00000000d5580000,0x00000000d5580000,0x00000000d6980000)
  from space 512K, 87% used [0x00000000d6a00000,0x00000000d6a70010,0x00000000d6a80000)
  to   space 1024K, 0% used [0x00000000d6b80000,0x00000000d6b80000,0x00000000d6c80000)
 ParOldGen       total 68608K, used 29120K [0x0000000080000000, 0x0000000084300000, 0x00000000d5580000)
  object space 68608K, 42% used [0x0000000080000000,0x0000000081c70200,0x0000000084300000)
 Metaspace       used 34895K, committed 35840K, reserved 1114112K
  class space    used 3577K, committed 3968K, reserved 1048576K
}
Event: 13.935 GC heap after
{Heap after GC invocations=19 (full 2):
 PSYoungGen      total 20992K, used 0K [0x00000000d5580000, 0x00000000d6c80000, 0x0000000100000000)
  eden space 20480K, 0% used [0x00000000d5580000,0x00000000d5580000,0x00000000d6980000)
  from space 512K, 0% used [0x00000000d6a00000,0x00000000d6a00000,0x00000000d6a80000)
  to   space 1024K, 0% used [0x00000000d6b80000,0x00000000d6b80000,0x00000000d6c80000)
 ParOldGen       total 68608K, used 27989K [0x0000000080000000, 0x0000000084300000, 0x00000000d5580000)
  object space 68608K, 40% used [0x0000000080000000,0x0000000081b55490,0x0000000084300000)
 Metaspace       used 34854K, committed 35840K, reserved 1114112K
  class space    used 3565K, committed 3968K, reserved 1048576K
}
Event: 15.463 GC heap before
{Heap before GC invocations=20 (full 2):
 PSYoungGen      total 20992K, used 20480K [0x00000000d5580000, 0x00000000d6c80000, 0x0000000100000000)
  eden space 20480K, 100% used [0x00000000d5580000,0x00000000d6980000,0x00000000d6980000)
  from space 512K, 0% used [0x00000000d6a00000,0x00000000d6a00000,0x00000000d6a80000)
  to   space 1024K, 0% used [0x00000000d6b80000,0x00000000d6b80000,0x00000000d6c80000)
 ParOldGen       total 68608K, used 27989K [0x0000000080000000, 0x0000000084300000, 0x00000000d5580000)
  object space 68608K, 40% used [0x0000000080000000,0x0000000081b55490,0x0000000084300000)
 Metaspace       used 35783K, committed 36736K, reserved 1114112K
  class space    used 3688K, committed 4096K, reserved 1048576K
}
Event: 15.464 GC heap after
{Heap after GC invocations=20 (full 2):
 PSYoungGen      total 20992K, used 384K [0x00000000d5580000, 0x00000000d6c00000, 0x0000000100000000)
  eden space 20480K, 0% used [0x00000000d5580000,0x00000000d5580000,0x00000000d6980000)
  from space 512K, 75% used [0x00000000d6b80000,0x00000000d6be0000,0x00000000d6c00000)
  to   space 512K, 0% used [0x00000000d6a00000,0x00000000d6a00000,0x00000000d6a80000)
 ParOldGen       total 68608K, used 27997K [0x0000000080000000, 0x0000000084300000, 0x00000000d5580000)
  object space 68608K, 40% used [0x0000000080000000,0x0000000081b57490,0x0000000084300000)
 Metaspace       used 35783K, committed 36736K, reserved 1114112K
  class space    used 3688K, committed 4096K, reserved 1048576K
}
Event: 16.931 GC heap before
{Heap before GC invocations=21 (full 2):
 PSYoungGen      total 20992K, used 20864K [0x00000000d5580000, 0x00000000d6c00000, 0x0000000100000000)
  eden space 20480K, 100% used [0x00000000d5580000,0x00000000d6980000,0x00000000d6980000)
  from space 512K, 75% used [0x00000000d6b80000,0x00000000d6be0000,0x00000000d6c00000)
  to   space 512K, 0% used [0x00000000d6a00000,0x00000000d6a00000,0x00000000d6a80000)
 ParOldGen       total 68608K, used 27997K [0x0000000080000000, 0x0000000084300000, 0x00000000d5580000)
  object space 68608K, 40% used [0x0000000080000000,0x0000000081b57490,0x0000000084300000)
 Metaspace       used 38340K, committed 39360K, reserved 1114112K
  class space    used 3917K, committed 4352K, reserved 1048576K
}
Event: 16.933 GC heap after
{Heap after GC invocations=21 (full 2):
 PSYoungGen      total 20992K, used 480K [0x00000000d5580000, 0x00000000d6c80000, 0x0000000100000000)
  eden space 20480K, 0% used [0x00000000d5580000,0x00000000d5580000,0x00000000d6980000)
  from space 512K, 93% used [0x00000000d6a00000,0x00000000d6a78020,0x00000000d6a80000)
  to   space 1536K, 0% used [0x00000000d6b00000,0x00000000d6b00000,0x00000000d6c80000)
 ParOldGen       total 68608K, used 28859K [0x0000000080000000, 0x0000000084300000, 0x00000000d5580000)
  object space 68608K, 42% used [0x0000000080000000,0x0000000081c2ee38,0x0000000084300000)
 Metaspace       used 38340K, committed 39360K, reserved 1114112K
  class space    used 3917K, committed 4352K, reserved 1048576K
}

Dll operation events (10 events):
Event: 0.028 Loaded shared library c:\Users\leemi\.vscode\extensions\redhat.java-1.55.0-win32-x64\jre\21.0.11-win32-x86_64\bin\java.dll
Event: 0.128 Loaded shared library c:\Users\leemi\.vscode\extensions\redhat.java-1.55.0-win32-x64\jre\21.0.11-win32-x86_64\bin\zip.dll
Event: 0.157 Loaded shared library C:\Users\leemi\.vscode\extensions\redhat.java-1.55.0-win32-x64\jre\21.0.11-win32-x86_64\bin\instrument.dll
Event: 0.171 Loaded shared library C:\Users\leemi\.vscode\extensions\redhat.java-1.55.0-win32-x64\jre\21.0.11-win32-x86_64\bin\net.dll
Event: 0.174 Loaded shared library C:\Users\leemi\.vscode\extensions\redhat.java-1.55.0-win32-x64\jre\21.0.11-win32-x86_64\bin\nio.dll
Event: 0.177 Loaded shared library C:\Users\leemi\.vscode\extensions\redhat.java-1.55.0-win32-x64\jre\21.0.11-win32-x86_64\bin\zip.dll
Event: 0.244 Loaded shared library C:\Users\leemi\.vscode\extensions\redhat.java-1.55.0-win32-x64\jre\21.0.11-win32-x86_64\bin\jimage.dll
Event: 0.391 Loaded shared library c:\Users\leemi\.vscode\extensions\redhat.java-1.55.0-win32-x64\jre\21.0.11-win32-x86_64\bin\verify.dll
Event: 2.542 Loaded shared library C:\Users\leemi\AppData\Roaming\Code\User\globalStorage\redhat.java\1.55.0\config_ss_win\org.eclipse.equinox.launcher\org.eclipse.equinox.launcher.win32.win32.x86_64_1.3.100.v20260613-0559\eclipse_11924.dll
Event: 4.801 Loaded shared library D:\TempFlutter\jna-102849704\jna10389161891380245575.dll

Deoptimization events (20 events):
Event: 17.035 Thread 0x000001ef4a453c10 Uncommon trap: trap_request=0xffffffc6 fr.pc=0x000001ef7694bba8 relative=0x0000000000000328
Event: 17.035 Thread 0x000001ef4a453c10 Uncommon trap: reason=bimorphic_or_optimized_type_check action=maybe_recompile pc=0x000001ef7694bba8 method=java.util.Collections$UnmodifiableMap.get(Ljava/lang/Object;)Ljava/lang/Object; @ 5 c2
Event: 17.035 Thread 0x000001ef4a453c10 DEOPT PACKING pc=0x000001ef7694bba8 sp=0x000000ebb2efe220
Event: 17.035 Thread 0x000001ef4a453c10 DEOPT UNPACKING pc=0x000001ef76286da2 sp=0x000000ebb2efe1c8 mode 2
Event: 17.035 Thread 0x000001ef4a453c10 Uncommon trap: trap_request=0xffffffc6 fr.pc=0x000001ef7694bba8 relative=0x0000000000000328
Event: 17.035 Thread 0x000001ef4a453c10 Uncommon trap: reason=bimorphic_or_optimized_type_check action=maybe_recompile pc=0x000001ef7694bba8 method=java.util.Collections$UnmodifiableMap.get(Ljava/lang/Object;)Ljava/lang/Object; @ 5 c2
Event: 17.035 Thread 0x000001ef4a453c10 DEOPT PACKING pc=0x000001ef7694bba8 sp=0x000000ebb2efe220
Event: 17.035 Thread 0x000001ef4a453c10 DEOPT UNPACKING pc=0x000001ef76286da2 sp=0x000000ebb2efe1c8 mode 2
Event: 17.035 Thread 0x000001ef4a453c10 Uncommon trap: trap_request=0xffffffc6 fr.pc=0x000001ef7694bba8 relative=0x0000000000000328
Event: 17.035 Thread 0x000001ef4a453c10 Uncommon trap: reason=bimorphic_or_optimized_type_check action=maybe_recompile pc=0x000001ef7694bba8 method=java.util.Collections$UnmodifiableMap.get(Ljava/lang/Object;)Ljava/lang/Object; @ 5 c2
Event: 17.035 Thread 0x000001ef4a453c10 DEOPT PACKING pc=0x000001ef7694bba8 sp=0x000000ebb2efe220
Event: 17.035 Thread 0x000001ef4a453c10 DEOPT UNPACKING pc=0x000001ef76286da2 sp=0x000000ebb2efe1c8 mode 2
Event: 17.035 Thread 0x000001ef4a453c10 Uncommon trap: trap_request=0xffffffc6 fr.pc=0x000001ef7694bba8 relative=0x0000000000000328
Event: 17.035 Thread 0x000001ef4a453c10 Uncommon trap: reason=bimorphic_or_optimized_type_check action=maybe_recompile pc=0x000001ef7694bba8 method=java.util.Collections$UnmodifiableMap.get(Ljava/lang/Object;)Ljava/lang/Object; @ 5 c2
Event: 17.035 Thread 0x000001ef4a453c10 DEOPT PACKING pc=0x000001ef7694bba8 sp=0x000000ebb2efe220
Event: 17.035 Thread 0x000001ef4a453c10 DEOPT UNPACKING pc=0x000001ef76286da2 sp=0x000000ebb2efe1c8 mode 2
Event: 17.121 Thread 0x000001ef4a453c10 Uncommon trap: trap_request=0xffffff6e fr.pc=0x000001ef768c03d4 relative=0x0000000000000194
Event: 17.121 Thread 0x000001ef4a453c10 Uncommon trap: reason=loop_limit_check action=maybe_recompile pc=0x000001ef768c03d4 method=org.eclipse.jdt.internal.core.util.HashtableOfArrayToObject.hashCode([Ljava/lang/Object;I)I @ 27 c2
Event: 17.121 Thread 0x000001ef4a453c10 DEOPT PACKING pc=0x000001ef768c03d4 sp=0x000000ebb2efdb30
Event: 17.121 Thread 0x000001ef4a453c10 DEOPT UNPACKING pc=0x000001ef76286da2 sp=0x000000ebb2efdab8 mode 2

Classes loaded (20 events):
Event: 16.451 Loading class sun/util/logging/resources/logging_en
Event: 16.451 Loading class sun/util/logging/resources/logging_en done
Event: 16.452 Loading class sun/util/logging/resources/logging_en_IN
Event: 16.452 Loading class sun/util/logging/resources/logging_en_IN done
Event: 16.452 Loading class sun/util/logging/resources/logging_en_IN
Event: 16.452 Loading class sun/util/logging/resources/logging_en_IN done
Event: 16.452 Loading class java/util/Formatter$DateTime
Event: 16.452 Loading class java/util/Formatter$DateTime done
Event: 16.453 Loading class java/time/ZonedDateTime$1
Event: 16.453 Loading class java/time/ZonedDateTime$1 done
Event: 16.468 Loading class java/util/concurrent/CompletionException
Event: 16.468 Loading class java/util/concurrent/CompletionException done
Event: 16.884 Loading class java/lang/UnsupportedClassVersionError
Event: 16.885 Loading class java/lang/UnsupportedClassVersionError done
Event: 16.888 Loading class java/io/FileReader
Event: 16.888 Loading class java/io/FileReader done
Event: 17.265 Loading class java/util/stream/ReduceOps$4
Event: 17.268 Loading class java/util/stream/ReduceOps$4 done
Event: 17.269 Loading class java/util/stream/ReduceOps$4ReducingSink
Event: 17.269 Loading class java/util/stream/ReduceOps$4ReducingSink done

Classes unloaded (20 events):
Event: 13.867 Thread 0x000001ef6bba87c0 Unloading class 0x000001ef053a3400 'java/lang/invoke/LambdaForm$DMH+0x000001ef053a3400'
Event: 13.867 Thread 0x000001ef6bba87c0 Unloading class 0x000001ef053a2800 'java/lang/invoke/LambdaForm$MH+0x000001ef053a2800'
Event: 13.867 Thread 0x000001ef6bba87c0 Unloading class 0x000001ef053a1c00 'java/lang/invoke/LambdaForm$MH+0x000001ef053a1c00'
Event: 13.867 Thread 0x000001ef6bba87c0 Unloading class 0x000001ef053a1400 'java/lang/invoke/LambdaForm$DMH+0x000001ef053a1400'
Event: 13.867 Thread 0x000001ef6bba87c0 Unloading class 0x000001ef053a0c00 'java/lang/invoke/LambdaForm$MH+0x000001ef053a0c00'
Event: 13.867 Thread 0x000001ef6bba87c0 Unloading class 0x000001ef053a0800 'java/lang/invoke/LambdaForm$MH+0x000001ef053a0800'
Event: 13.867 Thread 0x000001ef6bba87c0 Unloading class 0x000001ef053a0000 'java/lang/invoke/LambdaForm$DMH+0x000001ef053a0000'
Event: 13.867 Thread 0x000001ef6bba87c0 Unloading class 0x000001ef0539d000 'java/lang/invoke/LambdaForm$DMH+0x000001ef0539d000'
Event: 13.867 Thread 0x000001ef6bba87c0 Unloading class 0x000001ef0539c400 'java/lang/invoke/LambdaForm$MH+0x000001ef0539c400'
Event: 13.867 Thread 0x000001ef6bba87c0 Unloading class 0x000001ef0539bc00 'java/lang/invoke/LambdaForm$MH+0x000001ef0539bc00'
Event: 13.867 Thread 0x000001ef6bba87c0 Unloading class 0x000001ef05398000 'java/lang/invoke/LambdaForm$MH+0x000001ef05398000'
Event: 13.867 Thread 0x000001ef6bba87c0 Unloading class 0x000001ef05397800 'java/lang/invoke/LambdaForm$MH+0x000001ef05397800'
Event: 13.867 Thread 0x000001ef6bba87c0 Unloading class 0x000001ef05397000 'java/lang/invoke/LambdaForm$MH+0x000001ef05397000'
Event: 13.867 Thread 0x000001ef6bba87c0 Unloading class 0x000001ef05396800 'java/lang/invoke/LambdaForm$MH+0x000001ef05396800'
Event: 13.867 Thread 0x000001ef6bba87c0 Unloading class 0x000001ef05396000 'java/lang/invoke/LambdaForm$MH+0x000001ef05396000'
Event: 13.867 Thread 0x000001ef6bba87c0 Unloading class 0x000001ef05395800 'java/lang/invoke/LambdaForm$MH+0x000001ef05395800'
Event: 13.867 Thread 0x000001ef6bba87c0 Unloading class 0x000001ef05395400 'java/lang/invoke/LambdaForm$MH+0x000001ef05395400'
Event: 13.867 Thread 0x000001ef6bba87c0 Unloading class 0x000001ef05394c00 'java/lang/invoke/LambdaForm$MH+0x000001ef05394c00'
Event: 13.867 Thread 0x000001ef6bba87c0 Unloading class 0x000001ef05394000 'java/lang/invoke/LambdaForm$DMH+0x000001ef05394000'
Event: 13.867 Thread 0x000001ef6bba87c0 Unloading class 0x000001ef05394800 'java/lang/invoke/LambdaForm$DMH+0x000001ef05394800'

Classes redefined (0 events):
No events

Internal exceptions (20 events):
Event: 11.794 Thread 0x000001ef4a453c10 Exception <a 'java/lang/NoSuchMethodError'{0x00000000d6889de8}: 'java.lang.Object java.lang.invoke.DelegatingMethodHandle$Holder.delegate(java.lang.Object, int, java.lang.Object, java.lang.Object)'> (0x00000000d6889de8) 
thrown [s\src\hotspot\share\interpreter\linkResolver.cpp, line 773]
Event: 11.797 Thread 0x000001ef4a453c10 Exception <a 'java/lang/NoSuchMethodError'{0x00000000d68b5a08}: 'int java.lang.invoke.Invokers$Holder.linkToTargetMethod(java.lang.Object, java.lang.Object, java.lang.Object)'> (0x00000000d68b5a08) 
thrown [s\src\hotspot\share\interpreter\linkResolver.cpp, line 773]
Event: 11.797 Thread 0x000001ef4a452ef0 Exception <a 'java/lang/NoSuchMethodError'{0x00000000d689b950}: 'int java.lang.invoke.Invokers$Holder.linkToTargetMethod(java.lang.Object, java.lang.Object, java.lang.Object)'> (0x00000000d689b950) 
thrown [s\src\hotspot\share\interpreter\linkResolver.cpp, line 773]
Event: 13.510 Thread 0x000001ef4a453c10 Exception <a 'java/lang/LinkageError'{0x00000000d58ea2a8}: loader lombok.launch.ShadowClassLoader @362440ab attempted duplicate class definition for lombok.launch.PatchFixesHider$Transform. (lombok.launch.PatchFixesHider$Transform is in unnamed module of loader lombok.launch.ShadowClassLoader @362440ab, parent loader org.eclipse.osgi.internal.loader.EquinoxClassLoader @31dfa5f)> (0x00000000d58ea2a8) 
thrown [s\src\hotspot\share\classfile\systemDictionary.cpp, line 1673]
Event: 13.511 Thread 0x000001ef4a452ef0 Exception <a 'java/lang/LinkageError'{0x00000000d57a0228}: loader lombok.launch.ShadowClassLoader @362440ab attempted duplicate class definition for lombok.launch.PatchFixesHider$Transform. (lombok.launch.PatchFixesHider$Transform is in unnamed module of loader lombok.launch.ShadowClassLoader @362440ab, parent loader org.eclipse.osgi.internal.loader.EquinoxClassLoader @31dfa5f)> (0x00000000d57a0228) 
thrown [s\src\hotspot\share\classfile\systemDictionary.cpp, line 1673]
Event: 16.030 Thread 0x000001ef4a453580 Exception <a 'java/lang/NoSuchMethodError'{0x00000000d5d49390}: 'java.lang.Object java.lang.invoke.DirectMethodHandle$Holder.invokeSpecial(java.lang.Object, java.lang.Object, java.lang.Object, java.lang.Object, int, java.lang.Object, java.lang.Object)'> (0x00000000d5d49390) 
thrown [s\src\hotspot\share\interpreter\linkResolver.cpp, line 773]
Event: 16.030 Thread 0x000001ef4a453c10 Exception <a 'java/lang/NoSuchMethodError'{0x00000000d5d286a8}: 'java.lang.Object java.lang.invoke.DirectMethodHandle$Holder.invokeSpecial(java.lang.Object, java.lang.Object, java.lang.Object, java.lang.Object, int, java.lang.Object, java.lang.Object)'> (0x00000000d5d286a8) 
thrown [s\src\hotspot\share\interpreter\linkResolver.cpp, line 773]
Event: 16.425 Thread 0x000001ef4a452ef0 Exception <a 'java/lang/IncompatibleClassChangeError'{0x00000000d6386820}: Found class java.lang.Object, but interface was expected> (0x00000000d6386820) 
thrown [s\src\hotspot\share\interpreter\linkResolver.cpp, line 840]
Event: 16.431 Thread 0x000001ef4a452ef0 Exception <a 'java/lang/IncompatibleClassChangeError'{0x00000000d6396090}: Found class java.lang.Object, but interface was expected> (0x00000000d6396090) 
thrown [s\src\hotspot\share\interpreter\linkResolver.cpp, line 840]
Event: 16.432 Thread 0x000001ef4a452ef0 Exception <a 'java/io/IOException'{0x00000000d6397a40}> (0x00000000d6397a40) 
thrown [s\src\hotspot\share\prims\jni.cpp, line 520]
Event: 16.450 Thread 0x000001ef4a452ef0 Exception <a 'java/lang/ClassNotFoundException'{0x00000000d6412c80}: sun/util/logging/resources/spi/loggingProvider> (0x00000000d6412c80) 
thrown [s\src\hotspot\share\classfile\systemDictionary.cpp, line 313]
Event: 16.462 Thread 0x000001ef4a452ef0 Exception <a 'java/io/IOException'{0x00000000d64308a8}> (0x00000000d64308a8) 
thrown [s\src\hotspot\share\prims\jni.cpp, line 520]
Event: 16.474 Thread 0x000001ef4a452ef0 Exception <a 'java/io/IOException'{0x00000000d647f868}> (0x00000000d647f868) 
thrown [s\src\hotspot\share\prims\jni.cpp, line 520]
Event: 16.485 Thread 0x000001ef4a452ef0 Exception <a 'java/io/IOException'{0x00000000d64a2098}> (0x00000000d64a2098) 
thrown [s\src\hotspot\share\prims\jni.cpp, line 520]
Event: 16.815 Thread 0x000001ef49de7980 Exception <a 'java/lang/NoSuchMethodError'{0x00000000d6561598}: 'java.lang.Object java.lang.invoke.DirectMethodHandle$Holder.invokeSpecial(java.lang.Object, java.lang.Object, int, long)'> (0x00000000d6561598) 
thrown [s\src\hotspot\share\interpreter\linkResolver.cpp, line 773]
Event: 16.820 Thread 0x000001ef49de7980 Exception <a 'java/io/IOException'{0x00000000d6568570}> (0x00000000d6568570) 
thrown [s\src\hotspot\share\prims\jni.cpp, line 520]
Event: 16.897 Thread 0x000001ef4a453c10 Exception <a 'java/lang/NoSuchMethodError'{0x00000000d68b6148}: 'int java.lang.invoke.Invokers$Holder.invokeExact_MT(java.lang.Object, java.lang.Object)'> (0x00000000d68b6148) 
thrown [s\src\hotspot\share\interpreter\linkResolver.cpp, line 773]
Event: 17.025 Thread 0x000001ef4a453c10 Exception <a 'java/lang/NoSuchMethodError'{0x00000000d5689730}: 'int java.lang.invoke.DirectMethodHandle$Holder.invokeInterface(java.lang.Object, java.lang.Object)'> (0x00000000d5689730) 
thrown [s\src\hotspot\share\interpreter\linkResolver.cpp, line 773]
Event: 17.026 Thread 0x000001ef4a453c10 Exception <a 'java/lang/IncompatibleClassChangeError'{0x00000000d568c9f0}: Found class java.lang.Object, but interface was expected> (0x00000000d568c9f0) 
thrown [s\src\hotspot\share\interpreter\linkResolver.cpp, line 840]
Event: 17.300 Thread 0x000001ef4a453c10 Exception <a 'java/lang/NoSuchMethodError'{0x00000000d598d920}: 'int java.lang.invoke.DirectMethodHandle$Holder.invokeSpecialIFC(java.lang.Object, java.lang.Object, java.lang.Object)'> (0x00000000d598d920) 
thrown [s\src\hotspot\share\interpreter\linkResolver.cpp, line 773]

ZGC Phase Switch (0 events):
No events

VM Operations (20 events):
Event: 12.019 Executing safepoint VM operation: ParallelGCFailedAllocation (Allocation Failure)
Event: 12.032 Executing safepoint VM operation: ParallelGCFailedAllocation (Allocation Failure) done
Event: 12.188 Executing safepoint VM operation: ParallelGCFailedAllocation (Allocation Failure)
Event: 12.195 Executing safepoint VM operation: ParallelGCFailedAllocation (Allocation Failure) done
Event: 12.344 Executing safepoint VM operation: ParallelGCFailedAllocation (Allocation Failure)
Event: 12.348 Executing safepoint VM operation: ParallelGCFailedAllocation (Allocation Failure) done
Event: 12.487 Executing safepoint VM operation: ParallelGCFailedAllocation (Allocation Failure)
Event: 12.492 Executing safepoint VM operation: ParallelGCFailedAllocation (Allocation Failure) done
Event: 13.220 Executing safepoint VM operation: ParallelGCFailedAllocation (Allocation Failure)
Event: 13.224 Executing safepoint VM operation: ParallelGCFailedAllocation (Allocation Failure) done
Event: 13.330 Executing non-safepoint VM operation: HandshakeAllThreads (Deoptimize)
Event: 13.330 Executing non-safepoint VM operation: HandshakeAllThreads (Deoptimize) done
Event: 13.849 Executing safepoint VM operation: CollectForMetadataAllocation (Metadata GC Threshold)
Event: 13.935 Executing safepoint VM operation: CollectForMetadataAllocation (Metadata GC Threshold) done
Event: 14.941 Executing safepoint VM operation: Cleanup
Event: 14.941 Executing safepoint VM operation: Cleanup done
Event: 15.463 Executing safepoint VM operation: ParallelGCFailedAllocation (Allocation Failure)
Event: 15.464 Executing safepoint VM operation: ParallelGCFailedAllocation (Allocation Failure) done
Event: 16.931 Executing safepoint VM operation: ParallelGCFailedAllocation (Allocation Failure)
Event: 16.933 Executing safepoint VM operation: ParallelGCFailedAllocation (Allocation Failure) done

Memory protections (0 events):
No events

Nmethod flushes (20 events):
Event: 13.886 Thread 0x000001ef6bba87c0 flushing  nmethod 0x000001ef6f093690
Event: 13.886 Thread 0x000001ef6bba87c0 flushing  nmethod 0x000001ef6f095910
Event: 13.886 Thread 0x000001ef6bba87c0 flushing  nmethod 0x000001ef6f0ede90
Event: 13.886 Thread 0x000001ef6bba87c0 flushing  nmethod 0x000001ef6f13ff90
Event: 13.886 Thread 0x000001ef6bba87c0 flushing  nmethod 0x000001ef6f144e10
Event: 13.886 Thread 0x000001ef6bba87c0 flushing  nmethod 0x000001ef6f163310
Event: 13.886 Thread 0x000001ef6bba87c0 flushing  nmethod 0x000001ef6f163d10
Event: 13.886 Thread 0x000001ef6bba87c0 flushing  nmethod 0x000001ef6f168610
Event: 13.886 Thread 0x000001ef6bba87c0 flushing  nmethod 0x000001ef6f16a390
Event: 13.886 Thread 0x000001ef6bba87c0 flushing  nmethod 0x000001ef6f194f10
Event: 13.886 Thread 0x000001ef6bba87c0 flushing  nmethod 0x000001ef6f19e990
Event: 13.886 Thread 0x000001ef6bba87c0 flushing  nmethod 0x000001ef6f1d2e90
Event: 13.886 Thread 0x000001ef6bba87c0 flushing  nmethod 0x000001ef6f1d3710
Event: 13.886 Thread 0x000001ef6bba87c0 flushing  nmethod 0x000001ef6f1d3b10
Event: 13.886 Thread 0x000001ef6bba87c0 flushing  nmethod 0x000001ef6f1d4490
Event: 13.886 Thread 0x000001ef6bba87c0 flushing  nmethod 0x000001ef6f1db710
Event: 13.886 Thread 0x000001ef6bba87c0 flushing  nmethod 0x000001ef6f1dc510
Event: 13.886 Thread 0x000001ef6bba87c0 flushing  nmethod 0x000001ef6f1dce10
Event: 13.886 Thread 0x000001ef6bba87c0 flushing  nmethod 0x000001ef6f1e9710
Event: 13.886 Thread 0x000001ef6bba87c0 flushing  nmethod 0x000001ef6f1ee310

Events (20 events):
Event: 7.001 Thread 0x000001ef6974c570 Thread added: 0x000001ef49de8d30
Event: 7.001 Thread 0x000001ef6974c570 Thread added: 0x000001ef49de5f40
Event: 7.001 Thread 0x000001ef6974c570 Thread added: 0x000001ef49de6c60
Event: 7.002 Thread 0x000001ef6974c570 Thread added: 0x000001ef4a451b40
Event: 7.051 Thread 0x000001ef6974c570 Thread added: 0x000001ef4a4514b0
Event: 7.165 Thread 0x000001ef490673f0 Thread exited: 0x000001ef490673f0
Event: 7.380 Thread 0x000001ef49dd1440 Thread added: 0x000001ef4a4521d0
Event: 7.381 Thread 0x000001ef49dd1440 Thread added: 0x000001ef4a450e20
Event: 8.948 Thread 0x000001ef6974c570 Thread added: 0x000001ef4a452860
Event: 8.948 Thread 0x000001ef6974c570 Thread added: 0x000001ef4a452ef0
Event: 8.950 Thread 0x000001ef7e597d30 Thread added: 0x000001ef4a3c8d20
Event: 9.771 Thread 0x000001ef4a3c8d20 Thread exited: 0x000001ef4a3c8d20
Event: 11.208 Thread 0x000001ef4a452ef0 Thread added: 0x000001ef4a453580
Event: 11.232 Thread 0x000001ef4a452ef0 Thread added: 0x000001ef4a453c10
Event: 11.517 Thread 0x000001ef7e597d30 Thread added: 0x000001ef497933c0
Event: 13.514 Thread 0x000001ef497933c0 Thread exited: 0x000001ef497933c0
Event: 16.411 Thread 0x000001ef7e597d30 Thread added: 0x000001ef49ae07d0
Event: 16.467 Thread 0x000001ef4a452ef0 Thread added: 0x000001ef4a455650
Event: 16.477 Thread 0x000001ef4a452ef0 Thread added: 0x000001ef4a455ce0
Event: 16.490 Thread 0x000001ef4a452ef0 Thread added: 0x000001ef4a456a00


Dynamic libraries:
0x00007ff6c2780000 - 0x00007ff6c278e000 	c:\Users\leemi\.vscode\extensions\redhat.java-1.55.0-win32-x64\jre\21.0.11-win32-x86_64\bin\java.exe
0x00007ff954900000 - 0x00007ff954b67000 	C:\WINDOWS\SYSTEM32\ntdll.dll
0x00007ff8c05a0000 - 0x00007ff8c05c1000 	C:\Program Files\Norton\Suite\aswhook.dll
0x00007ff9538f0000 - 0x00007ff9539b9000 	C:\WINDOWS\System32\KERNEL32.DLL
0x00007ff951530000 - 0x00007ff951927000 	C:\WINDOWS\System32\KERNELBASE.dll
0x00007ff952530000 - 0x00007ff95267b000 	C:\WINDOWS\System32\ucrtbase.dll
0x00007ff93b370000 - 0x00007ff93b388000 	c:\Users\leemi\.vscode\extensions\redhat.java-1.55.0-win32-x64\jre\21.0.11-win32-x86_64\bin\jli.dll
0x00007ff93a2c0000 - 0x00007ff93a2de000 	c:\Users\leemi\.vscode\extensions\redhat.java-1.55.0-win32-x64\jre\21.0.11-win32-x86_64\bin\VCRUNTIME140.dll
0x00007ff953bb0000 - 0x00007ff953d76000 	C:\WINDOWS\System32\USER32.dll
0x00007ff9522d0000 - 0x00007ff9522f7000 	C:\WINDOWS\System32\win32u.dll
0x00007ff930120000 - 0x00007ff9303b2000 	C:\WINDOWS\WinSxS\amd64_microsoft.windows.common-controls_6595b64144ccf1df_6.0.26100.8457_none_3e0b2faee331e92d\COMCTL32.dll
0x00007ff953a60000 - 0x00007ff953a8b000 	C:\WINDOWS\System32\GDI32.dll
0x00007ff9528b0000 - 0x00007ff952959000 	C:\WINDOWS\System32\msvcrt.dll
0x00007ff951930000 - 0x00007ff951a5c000 	C:\WINDOWS\System32\gdi32full.dll
0x00007ff952480000 - 0x00007ff952523000 	C:\WINDOWS\System32\msvcp_win.dll
0x00007ff9546d0000 - 0x00007ff954702000 	C:\WINDOWS\System32\IMM32.DLL
0x00007ff941520000 - 0x00007ff94152c000 	c:\Users\leemi\.vscode\extensions\redhat.java-1.55.0-win32-x64\jre\21.0.11-win32-x86_64\bin\vcruntime140_1.dll
0x00007ff9273a0000 - 0x00007ff92742d000 	c:\Users\leemi\.vscode\extensions\redhat.java-1.55.0-win32-x64\jre\21.0.11-win32-x86_64\bin\msvcp140.dll
0x00007ff8d7b80000 - 0x00007ff8d8922000 	c:\Users\leemi\.vscode\extensions\redhat.java-1.55.0-win32-x64\jre\21.0.11-win32-x86_64\bin\server\jvm.dll
0x00007ff952b40000 - 0x00007ff952bf6000 	C:\WINDOWS\System32\ADVAPI32.dll
0x00007ff952760000 - 0x00007ff952807000 	C:\WINDOWS\System32\sechost.dll
0x00007ff952a20000 - 0x00007ff952b38000 	C:\WINDOWS\System32\RPCRT4.dll
0x00007ff953a90000 - 0x00007ff953b10000 	C:\WINDOWS\System32\WS2_32.dll
0x00007ff941340000 - 0x00007ff94134b000 	C:\WINDOWS\SYSTEM32\VERSION.dll
0x00007ff948f20000 - 0x00007ff948f56000 	C:\WINDOWS\SYSTEM32\WINMM.dll
0x00007ff951190000 - 0x00007ff9511ee000 	C:\WINDOWS\SYSTEM32\POWRPROF.dll
0x00007ff951170000 - 0x00007ff951184000 	C:\WINDOWS\SYSTEM32\UMPDC.dll
0x00007ff9500c0000 - 0x00007ff9500db000 	C:\WINDOWS\SYSTEM32\kernel.appcore.dll
0x00007ff93f9d0000 - 0x00007ff93f9da000 	c:\Users\leemi\.vscode\extensions\redhat.java-1.55.0-win32-x64\jre\21.0.11-win32-x86_64\bin\jimage.dll
0x00007ff94efe0000 - 0x00007ff94f222000 	C:\WINDOWS\SYSTEM32\DBGHELP.DLL
0x00007ff9532f0000 - 0x00007ff953673000 	C:\WINDOWS\System32\combase.dll
0x00007ff952680000 - 0x00007ff952759000 	C:\WINDOWS\System32\OLEAUT32.dll
0x00007ff9403b0000 - 0x00007ff9403eb000 	C:\WINDOWS\SYSTEM32\dbgcore.DLL
0x00007ff951330000 - 0x00007ff9513d8000 	C:\WINDOWS\System32\bcryptPrimitives.dll
0x00007ff93dc10000 - 0x00007ff93dc1f000 	c:\Users\leemi\.vscode\extensions\redhat.java-1.55.0-win32-x64\jre\21.0.11-win32-x86_64\bin\instrument.dll
0x00007ff930c60000 - 0x00007ff930c80000 	c:\Users\leemi\.vscode\extensions\redhat.java-1.55.0-win32-x64\jre\21.0.11-win32-x86_64\bin\java.dll
0x00007ff953ed0000 - 0x00007ff95463e000 	C:\WINDOWS\System32\SHELL32.dll
0x00007ff951a60000 - 0x00007ff9522cc000 	C:\WINDOWS\System32\windows.storage.dll
0x00007ff953690000 - 0x00007ff953786000 	C:\WINDOWS\System32\SHCORE.dll
0x00007ff952810000 - 0x00007ff952876000 	C:\WINDOWS\System32\shlwapi.dll
0x00007ff951250000 - 0x00007ff951279000 	C:\WINDOWS\SYSTEM32\profapi.dll
0x00007ff92a990000 - 0x00007ff92a9a8000 	c:\Users\leemi\.vscode\extensions\redhat.java-1.55.0-win32-x64\jre\21.0.11-win32-x86_64\bin\zip.dll
0x00007ff93d2d0000 - 0x00007ff93d2e0000 	C:\Users\leemi\.vscode\extensions\redhat.java-1.55.0-win32-x64\jre\21.0.11-win32-x86_64\bin\net.dll
0x00007ff944970000 - 0x00007ff944a99000 	C:\WINDOWS\SYSTEM32\WINHTTP.dll
0x00007ff950630000 - 0x00007ff95069c000 	C:\WINDOWS\system32\mswsock.dll
0x00007ff92a4e0000 - 0x00007ff92a4f6000 	C:\Users\leemi\.vscode\extensions\redhat.java-1.55.0-win32-x64\jre\21.0.11-win32-x86_64\bin\nio.dll
0x00007ff93c2c0000 - 0x00007ff93c2d0000 	c:\Users\leemi\.vscode\extensions\redhat.java-1.55.0-win32-x64\jre\21.0.11-win32-x86_64\bin\verify.dll
0x00007ff93df30000 - 0x00007ff93df75000 	C:\Users\leemi\AppData\Roaming\Code\User\globalStorage\redhat.java\1.55.0\config_ss_win\org.eclipse.equinox.launcher\org.eclipse.equinox.launcher.win32.win32.x86_64_1.3.100.v20260613-0559\eclipse_11924.dll
0x00007ff954710000 - 0x00007ff9548a7000 	C:\WINDOWS\System32\ole32.dll
0x00007ff950920000 - 0x00007ff95093b000 	C:\WINDOWS\SYSTEM32\CRYPTSP.dll
0x00007ff950020000 - 0x00007ff950059000 	C:\WINDOWS\system32\rsaenh.dll
0x00007ff9506e0000 - 0x00007ff950713000 	C:\WINDOWS\SYSTEM32\USERENV.dll
0x00007ff951220000 - 0x00007ff95124a000 	C:\WINDOWS\SYSTEM32\bcrypt.dll
0x00007ff950910000 - 0x00007ff95091c000 	C:\WINDOWS\SYSTEM32\CRYPTBASE.dll
0x00007ff94fb60000 - 0x00007ff94fb92000 	C:\WINDOWS\SYSTEM32\IPHLPAPI.DLL
0x00007ff953680000 - 0x00007ff95368a000 	C:\WINDOWS\System32\NSI.dll
0x00007ff9148e0000 - 0x00007ff914929000 	D:\TempFlutter\jna-102849704\jna10389161891380245575.dll
0x00007ff9548b0000 - 0x00007ff9548b8000 	C:\WINDOWS\System32\PSAPI.DLL
0x00007ff94b8a0000 - 0x00007ff94b8bd000 	C:\WINDOWS\SYSTEM32\dhcpcsvc6.DLL
0x00007ff94b850000 - 0x00007ff94b875000 	C:\WINDOWS\SYSTEM32\dhcpcsvc.DLL

JVMTI agents:
c:\Users\leemi\.vscode\extensions\redhat.java-1.55.0-win32-x64\lombok\lombok-1.18.39-4050.jar path:c:\Users\leemi\.vscode\extensions\redhat.java-1.55.0-win32-x64\jre\21.0.11-win32-x86_64\bin\instrument.dll, loaded, initialized, instrumentlib options:none

dbghelp: loaded successfully - version: 4.0.5 - missing functions: none
symbol engine: initialized successfully - sym options: 0x614 - pdb path: .;c:\Users\leemi\.vscode\extensions\redhat.java-1.55.0-win32-x64\jre\21.0.11-win32-x86_64\bin;C:\WINDOWS\SYSTEM32;C:\Program Files\Norton\Suite;C:\WINDOWS\WinSxS\amd64_microsoft.windows.common-controls_6595b64144ccf1df_6.0.26100.8457_none_3e0b2faee331e92d;c:\Users\leemi\.vscode\extensions\redhat.java-1.55.0-win32-x64\jre\21.0.11-win32-x86_64\bin\server;C:\Users\leemi\AppData\Roaming\Code\User\globalStorage\redhat.java\1.55.0\config_ss_win\org.eclipse.equinox.launcher\org.eclipse.equinox.launcher.win32.win32.x86_64_1.3.100.v20260613-0559;D:\TempFlutter\jna-102849704

VM Arguments:
jvm_args: --add-modules=ALL-SYSTEM --add-opens=java.base/java.util=ALL-UNNAMED --add-opens=java.base/java.lang=ALL-UNNAMED --add-opens=java.base/sun.nio.fs=ALL-UNNAMED -Declipse.application=org.eclipse.jdt.ls.core.id1 -Dosgi.bundles.defaultStartLevel=4 -Declipse.product=org.eclipse.jdt.ls.core.product -Djava.import.generatesMetadataFilesAtProjectRoot=false -DDetectVMInstallationsJob.disabled=true -Dfile.encoding=utf8 -XX:+UseParallelGC -XX:GCTimeRatio=4 -XX:AdaptiveSizePolicyWeight=90 -Dsun.zip.disableMemoryMapping=true -Xmx2G -Xms100m -Xlog:disable -javaagent:c:\Users\leemi\.vscode\extensions\redhat.java-1.55.0-win32-x64\lombok\lombok-1.18.39-4050.jar 
java_command: c:\Users\leemi\.vscode\extensions\redhat.java-1.55.0-win32-x64\server\plugins\org.eclipse.equinox.launcher_1.7.200.v20260619-2039.jar -configuration c:\Users\leemi\AppData\Roaming\Code\User\globalStorage\redhat.java\1.55.0\config_ss_win -data c:\Users\leemi\AppData\Roaming\Code\User\workspaceStorage\ff42aa06e46e0e2d4680659d76b65a79\redhat.java\ss_ws --pipe=\\.\pipe\lsp-9f9b7496fe54d9bdb24a6bc745ff6175-sock
java_class_path (initial): c:\Users\leemi\.vscode\extensions\redhat.java-1.55.0-win32-x64\server\plugins\org.eclipse.equinox.launcher_1.7.200.v20260619-2039.jar
Launcher Type: SUN_STANDARD

[Global flags]
    uintx AdaptiveSizePolicyWeight                 = 90                                        {product} {command line}
     intx CICompilerCount                          = 4                                         {product} {ergonomic}
    uintx GCTimeRatio                              = 4                                         {product} {command line}
   size_t InitialHeapSize                          = 104857600                                 {product} {command line}
   size_t MaxHeapSize                              = 2147483648                                {product} {command line}
   size_t MaxNewSize                               = 715653120                                 {product} {ergonomic}
   size_t MinHeapDeltaBytes                        = 524288                                    {product} {ergonomic}
   size_t MinHeapSize                              = 104857600                                 {product} {command line}
   size_t NewSize                                  = 34603008                                  {product} {ergonomic}
    uintx NonNMethodCodeHeapSize                   = 5839372                                {pd product} {ergonomic}
    uintx NonProfiledCodeHeapSize                  = 122909434                              {pd product} {ergonomic}
   size_t OldSize                                  = 70254592                                  {product} {ergonomic}
    uintx ProfiledCodeHeapSize                     = 122909434                              {pd product} {ergonomic}
    uintx ReservedCodeCacheSize                    = 251658240                              {pd product} {ergonomic}
     bool SegmentedCodeCache                       = true                                      {product} {ergonomic}
   size_t SoftMaxHeapSize                          = 2147483648                             {manageable} {ergonomic}
     bool UseCompressedOops                        = true                           {product lp64_product} {ergonomic}
     bool UseLargePagesIndividualAllocation        = false                                  {pd product} {ergonomic}
     bool UseParallelGC                            = true                                      {product} {command line}

Logging:
Log output configuration:
 #0: stdout all=off uptime,level,tags foldmultilines=false
 #1: stderr all=off uptime,level,tags foldmultilines=false

Release file:
JAVA_VERSION="21.0.11" 
MODULES="java.base java.compiler java.datatransfer java.xml java.prefs java.desktop java.instrument java.logging java.management java.security.sasl java.naming java.rmi java.management.rmi java.net.http java.scripting java.security.jgss java.transaction.xa java.sql java.sql.rowset java.xml.crypto java.se java.smartcardio jdk.accessibility jdk.internal.jvmstat jdk.attach jdk.charsets jdk.internal.opt jdk.zipfs jdk.compiler jdk.crypto.ec jdk.crypto.cryptoki jdk.crypto.mscapi jdk.dynalink jdk.internal.ed jdk.editpad jdk.hotspot.agent jdk.httpserver jdk.internal.le jdk.internal.vm.ci jdk.internal.vm.compiler jdk.internal.vm.compiler.management jdk.jartool jdk.javadoc jdk.jcmd jdk.management jdk.management.agent jdk.jconsole jdk.jdeps jdk.jdwp.agent jdk.jdi jdk.jfr jdk.jshell jdk.jsobject jdk.jstatd jdk.localedata jdk.management.jfr jdk.naming.dns jdk.naming.rmi jdk.net jdk.nio.mapmode jdk.random jdk.sctp jdk.security.auth jdk.security.jgss jdk.unsupported jdk.unsupported.desktop jdk.xml.dom" 

Environment Variables:
JAVA_HOME=C:\Program Files\Eclipse Adoptium\jdk-17.0.20.8-hotspot
PATH=C:\Program Files\Eclipse Adoptium\jdk-17.0.20.8-hotspot\bin;C:\Program Files (x86)\Common Files\Oracle\Java\java8path;C:\Program Files (x86)\Common Files\Oracle\Java\javapath;D:\User1\dbhomeXE\bin;C:\Windows\system32;C:\Windows;C:\Windows\System32\Wbem;C:\Windows\System32\WindowsPowerShell\v1.0\;C:\Windows\System32\OpenSSH\;C:\Program Files (x86)\NVIDIA Corporation\PhysX\Common;C:\Program Files\NVIDIA Corporation\NVIDIA NvDLISR;C:\WINDOWS\system32;C:\WINDOWS;C:\WINDOWS\System32\Wbem;C:\WINDOWS\System32\WindowsPowerShell\v1.0\;C:\WINDOWS\System32\OpenSSH\;C:\Program Files\dotnet\;C:\MinGW\bin;C:\Program Files\Java\jdk1.8.0_202\bin;C:\Users\leemi\AppData\Local\Programs\Python\Launcher\;C:\Users\leemi\AppData\Local\Microsoft\WindowsApps;C:\Users\leemi\.dotnet\tools;C:\Users\leemi\AppData\Local\Programs\Microsoft VS Code\bin;C:\Users\leemi\AppData\Local\GitHubDesktop\bin;C:\Users\leemi\AppData\Roaming\npm;C:\Program Files\JetBrains\IntelliJ IDEA 2024.3.5\bin;C:\Program Files\MySQL\MySQL Server 8.0\bin;C:\Users\leemi\Downloads\apache-maven-3.9.9-bin\apache-maven-3.9.9\bin;C:\Program Files\Python312\;C:\Program Files\Python312\Scripts\;C:\Users\leemi\AppData\Roaming\Python\Python312\Scripts\;C:\Program Files\MongoDB\Server\8.0\bin;D:\develop\flutter\bin;D:\sdk\cmdline-tools\latest\bin;D:\sdk\platform-tools;C:\Gradle\gradle-8.11.1\bin;C:\Program Files\Apache\Maven\apache-maven-3.9.11\bin;D:\FlutterCache\.pub-cache\bin;C:\Program Files (x86)\Windows Kits\10\Windows Performance Toolkit\;C:\Program Files\swipl\bin;C:\Program Files\Docker\Docker\resources\bin;C:\Program Files\Git\cmd;D:\Java\jdk-17\bin;C:\Users\leemi\AppData\Local\Programs\Python\Launcher\;C:\Users\leemi\AppData\Local\Microsoft\WindowsApps;C:\Users\leemi\.dotnet\tools;C:\Users\leemi\AppData\Local\Programs\Microsoft VS Code\bin;C:\Users\leemi\AppData\Local\GitHubDesktop\bin;C:\Program Files\Java\jdk1.8.0_202\bin;C:\Program Files\JetBrains\IntelliJ IDEA 2024.3.5\bin;
USERNAME=leemi
OS=Windows_NT
PROCESSOR_IDENTIFIER=Intel64 Family 6 Model 140 Stepping 2, GenuineIntel
TMP=D:\TempFlutter
TEMP=D:\TempFlutter




Periodic native trim disabled

---------------  S Y S T E M  ---------------

OS:
 Windows 11 , 64 bit Build 26100 (10.0.26100.8328)
OS uptime: 0 days 14:49 hours
Hyper-V role detected

CPU: total 8 (initial active 8) (4 cores per cpu, 2 threads per core) family 6 model 140 stepping 2 microcode 0x26, cx8, cmov, fxsr, ht, mmx, 3dnowpref, sse, sse2, sse3, ssse3, sse4.1, sse4.2, popcnt, lzcnt, tsc, tscinvbit, avx, avx2, aes, erms, clmul, bmi1, bmi2, adx, avx512f, avx512dq, avx512cd, avx512bw, avx512vl, sha, fma, vzeroupper, avx512_vpopcntdq, avx512_vpclmulqdq, avx512_vaes, avx512_vnni, clflush, clflushopt, clwb, avx512_vbmi2, avx512_vbmi, hv, rdtscp, rdpid, fsrm, gfni, avx512_bitalg, f16c, cet_ibt, cet_ss, avx512_ifma
Processor Information for the first 8 processors :
  Max Mhz: 3187, Current Mhz: 3187, Mhz Limit: 3187

Memory: 4k page, system-wide physical 7975M (462M free)
TotalPageFile size 17231M (AvailPageFile size 170M)
current process WorkingSet (physical memory assigned to process): 188M, peak: 190M
current process commit charge ("private bytes"): 307M, peak: 317M

vm_info: OpenJDK 64-Bit Server VM (21.0.11+10-LTS) for windows-amd64 JRE (21.0.11+10-LTS), built on 2026-04-21T00:00:00Z by "admin" with MS VC++ 17.12 (VS2022)

END.
