#
# There is insufficient memory for the Java Runtime Environment to continue.
# Native memory allocation (mmap) failed to map 65536 bytes. Error detail: Failed to commit metaspace.
# Possible reasons:
#   The system is out of physical RAM or swap space
#   This process is running with CompressedOops enabled, and the Java Heap may be blocking the growth of the native heap
# Possible solutions:
#   Reduce memory load on the system
#   Increase physical memory or swap space
#   Check if swap backing store is full
#   Decrease Java heap size (-Xmx/-Xms)
#   Decrease number of Java threads
#   Decrease Java thread stack sizes (-Xss)
#   Set larger code cache with -XX:ReservedCodeCacheSize=
#   JVM is running with Unscaled Compressed Oops mode in which the Java heap is
#     placed in the first 4GB address space. The Java Heap base address is the
#     maximum limit for the native heap growth. Please use -XX:HeapBaseMinAddress
#     to set the Java Heap base and to place the Java Heap above 4GB virtual address.
# This output file may be truncated or incomplete.
#
#  Out of Memory Error (virtualSpaceNode.cpp:110), pid=18812, tid=11148
#
# JRE version: OpenJDK Runtime Environment Temurin-17.0.20+8 (17.0.20+8) (build 17.0.20+8)
# Java VM: OpenJDK 64-Bit Server VM Temurin-17.0.20+8 (17.0.20+8, mixed mode, sharing, tiered, compressed oops, compressed class ptrs, g1 gc, windows-amd64)
# No core dump will be written. Minidumps are not enabled by default on client versions of Windows
#

---------------  S U M M A R Y ------------

Command Line: --enable-native-access=ALL-UNNAMED -Dclassworlds.conf=C:\Program Files\Apache\Maven\apache-maven-3.9.11\bin\m2.conf -Dmaven.home=C:\Program Files\Apache\Maven\apache-maven-3.9.11 -Dlibrary.jansi.path=C:\Program Files\Apache\Maven\apache-maven-3.9.11\lib\jansi-native -Dmaven.multiModuleProjectDirectory=D:\Scalable1\gateway\customer-service org.codehaus.plexus.classworlds.launcher.Launcher spring-boot:run

Host: 11th Gen Intel(R) Core(TM) i5-11320H @ 3.20GHz, 8 cores, 7G,  Windows 11 , 64 bit Build 26100 (10.0.26100.8328)
Time: Wed Aug  5 22:58:53 2026 India Standard Time elapsed time: 6.568688 seconds (0d 0h 0m 6s)

---------------  T H R E A D  ---------------

Current thread (0x0000027c39a41110):  JavaThread "main" [_thread_in_vm, id=11148, stack(0x00000082a8500000,0x00000082a8600000)]

Stack: [0x00000082a8500000,0x00000082a8600000]
Native frames: (J=compiled Java code, j=interpreted, Vv=VM code, C=native code)
V  [jvm.dll+0x684d39]
V  [jvm.dll+0x83a565]
V  [jvm.dll+0x83bfde]
V  [jvm.dll+0x83c663]
V  [jvm.dll+0x2490cf]
V  [jvm.dll+0x83634d]
V  [jvm.dll+0x62959d]
V  [jvm.dll+0x1c0850]
V  [jvm.dll+0x62bf12]
V  [jvm.dll+0x629f56]
V  [jvm.dll+0x23e1c4]
V  [jvm.dll+0x1eb0af]
V  [jvm.dll+0x1e0a11]
V  [jvm.dll+0x548449]
V  [jvm.dll+0x7b51f8]
V  [jvm.dll+0x7b52f4]
V  [jvm.dll+0x414d34]
V  [jvm.dll+0x41b799]
C  [java.dll+0x17ec]

Java frames: (J=compiled Java code, j=interpreted, Vv=VM code)
J 504  java.lang.ClassLoader.defineClass1(Ljava/lang/ClassLoader;Ljava/lang/String;[BIILjava/security/ProtectionDomain;Ljava/lang/String;)Ljava/lang/Class; java.base@17.0.20 (0 bytes) @ 0x0000027c490ba003 [0x0000027c490b9f40+0x00000000000000c3]
J 746 c1 java.lang.ClassLoader.defineClass(Ljava/lang/String;[BIILjava/security/ProtectionDomain;)Ljava/lang/Class; java.base@17.0.20 (43 bytes) @ 0x0000027c4171bec4 [0x0000027c4171bb80+0x0000000000000344]
J 745 c1 java.security.SecureClassLoader.defineClass(Ljava/lang/String;[BIILjava/security/CodeSource;)Ljava/lang/Class; java.base@17.0.20 (16 bytes) @ 0x0000027c4171b80c [0x0000027c4171b740+0x00000000000000cc]
J 765 c1 java.net.URLClassLoader.defineClass(Ljava/lang/String;Ljdk/internal/loader/Resource;)Ljava/lang/Class; java.base@17.0.20 (224 bytes) @ 0x0000027c4172b1bc [0x0000027c41729b20+0x000000000000169c]
J 844 c1 java.net.URLClassLoader$1.run()Ljava/lang/Class; java.base@17.0.20 (81 bytes) @ 0x0000027c4175ef7c [0x0000027c4175e340+0x0000000000000c3c]
J 843 c1 java.net.URLClassLoader$1.run()Ljava/lang/Object; java.base@17.0.20 (5 bytes) @ 0x0000027c4175de44 [0x0000027c4175ddc0+0x0000000000000084]
J 757 c1 java.security.AccessController.doPrivileged(Ljava/security/PrivilegedExceptionAction;Ljava/security/AccessControlContext;)Ljava/lang/Object; java.base@17.0.20 (26 bytes) @ 0x0000027c417257f4 [0x0000027c41725620+0x00000000000001d4]
J 841 c1 java.net.URLClassLoader.findClass(Ljava/lang/String;)Ljava/lang/Class; java.base@17.0.20 (47 bytes) @ 0x0000027c4175d0bc [0x0000027c4175cf20+0x000000000000019c]
J 764 c1 org.codehaus.plexus.classworlds.realm.ClassRealm.loadClassFromSelf(Ljava/lang/String;)Ljava/lang/Class; (40 bytes) @ 0x0000027c4172921c [0x0000027c41728ea0+0x000000000000037c]
J 839 c1 org.codehaus.plexus.classworlds.strategy.SelfFirstStrategy.loadClass(Ljava/lang/String;)Ljava/lang/Class; (50 bytes) @ 0x0000027c4175c414 [0x0000027c4175c040+0x00000000000003d4]
J 759 c1 org.codehaus.plexus.classworlds.realm.ClassRealm.loadClass(Ljava/lang/String;Z)Ljava/lang/Class; (33 bytes) @ 0x0000027c4172643c [0x0000027c417262e0+0x000000000000015c]
J 572 c1 org.codehaus.plexus.classworlds.realm.ClassRealm.loadClass(Ljava/lang/String;)Ljava/lang/Class; (7 bytes) @ 0x0000027c416b0f3c [0x0000027c416b0e40+0x00000000000000fc]
v  ~StubRoutines::call_stub
J 504  java.lang.ClassLoader.defineClass1(Ljava/lang/ClassLoader;Ljava/lang/String;[BIILjava/security/ProtectionDomain;Ljava/lang/String;)Ljava/lang/Class; java.base@17.0.20 (0 bytes) @ 0x0000027c490ba003 [0x0000027c490b9f40+0x00000000000000c3]
J 746 c1 java.lang.ClassLoader.defineClass(Ljava/lang/String;[BIILjava/security/ProtectionDomain;)Ljava/lang/Class; java.base@17.0.20 (43 bytes) @ 0x0000027c4171bec4 [0x0000027c4171bb80+0x0000000000000344]
J 745 c1 java.security.SecureClassLoader.defineClass(Ljava/lang/String;[BIILjava/security/CodeSource;)Ljava/lang/Class; java.base@17.0.20 (16 bytes) @ 0x0000027c4171b80c [0x0000027c4171b740+0x00000000000000cc]
J 765 c1 java.net.URLClassLoader.defineClass(Ljava/lang/String;Ljdk/internal/loader/Resource;)Ljava/lang/Class; java.base@17.0.20 (224 bytes) @ 0x0000027c4172b1bc [0x0000027c41729b20+0x000000000000169c]
J 844 c1 java.net.URLClassLoader$1.run()Ljava/lang/Class; java.base@17.0.20 (81 bytes) @ 0x0000027c4175ef7c [0x0000027c4175e340+0x0000000000000c3c]
J 843 c1 java.net.URLClassLoader$1.run()Ljava/lang/Object; java.base@17.0.20 (5 bytes) @ 0x0000027c4175de44 [0x0000027c4175ddc0+0x0000000000000084]
J 757 c1 java.security.AccessController.doPrivileged(Ljava/security/PrivilegedExceptionAction;Ljava/security/AccessControlContext;)Ljava/lang/Object; java.base@17.0.20 (26 bytes) @ 0x0000027c417257f4 [0x0000027c41725620+0x00000000000001d4]
J 841 c1 java.net.URLClassLoader.findClass(Ljava/lang/String;)Ljava/lang/Class; java.base@17.0.20 (47 bytes) @ 0x0000027c4175d0bc [0x0000027c4175cf20+0x000000000000019c]
J 764 c1 org.codehaus.plexus.classworlds.realm.ClassRealm.loadClassFromSelf(Ljava/lang/String;)Ljava/lang/Class; (40 bytes) @ 0x0000027c4172921c [0x0000027c41728ea0+0x000000000000037c]
J 839 c1 org.codehaus.plexus.classworlds.strategy.SelfFirstStrategy.loadClass(Ljava/lang/String;)Ljava/lang/Class; (50 bytes) @ 0x0000027c4175c414 [0x0000027c4175c040+0x00000000000003d4]
J 759 c1 org.codehaus.plexus.classworlds.realm.ClassRealm.loadClass(Ljava/lang/String;Z)Ljava/lang/Class; (33 bytes) @ 0x0000027c4172643c [0x0000027c417262e0+0x000000000000015c]
J 572 c1 org.codehaus.plexus.classworlds.realm.ClassRealm.loadClass(Ljava/lang/String;)Ljava/lang/Class; (7 bytes) @ 0x0000027c416b0f3c [0x0000027c416b0e40+0x00000000000000fc]
v  ~StubRoutines::call_stub
j  java.lang.Class.getDeclaredMethods0(Z)[Ljava/lang/reflect/Method;+0 java.base@17.0.20
J 1164 c1 java.lang.Class.privateGetDeclaredMethods(Z)[Ljava/lang/reflect/Method; java.base@17.0.20 (64 bytes) @ 0x0000027c417e4f3c [0x0000027c417e4e80+0x00000000000000bc]
J 1449 c1 java.lang.Class.getDeclaredMethods()[Ljava/lang/reflect/Method; java.base@17.0.20 (27 bytes) @ 0x0000027c41861cbc [0x0000027c41861b00+0x00000000000001bc]
J 1550 c1 com.google.inject.internal.DeclaredMembers.getDeclaredMethods(Ljava/lang/Class;)[Ljava/lang/reflect/Method; (76 bytes) @ 0x0000027c418a7e54 [0x0000027c418a7e00+0x0000000000000054]
J 1591 c1 com.google.inject.spi.InjectionPoint.getDeclaredMethods(Lcom/google/inject/TypeLiteral;)[Ljava/lang/reflect/Method; (8 bytes) @ 0x0000027c418c152c [0x0000027c418c14c0+0x000000000000006c]
j  com.google.inject.spi.InjectionPoint.getInjectionPoints(Lcom/google/inject/TypeLiteral;ZLcom/google/inject/internal/Errors;)Ljava/util/Set;+195
j  com.google.inject.spi.InjectionPoint.forInstanceMethodsAndFields(Lcom/google/inject/TypeLiteral;)Ljava/util/Set;+11
j  org.eclipse.sisu.wire.DependencyAnalyzer.analyzeImplementation(Lcom/google/inject/TypeLiteral;Z)Ljava/lang/Boolean;+44
j  org.eclipse.sisu.wire.DependencyAnalyzer.visit(Lcom/google/inject/spi/ProviderInstanceBinding;)Ljava/lang/Boolean;+33
j  org.eclipse.sisu.wire.DependencyAnalyzer.visit(Lcom/google/inject/spi/ProviderInstanceBinding;)Ljava/lang/Object;+2
j  com.google.inject.internal.ProviderInstanceBindingImpl.acceptTargetVisitor(Lcom/google/inject/spi/BindingTargetVisitor;)Ljava/lang/Object;+27
j  org.eclipse.sisu.wire.ElementAnalyzer.visit(Lcom/google/inject/Binding;)Ljava/lang/Void;+43
j  org.eclipse.sisu.wire.ElementAnalyzer.visit(Lcom/google/inject/Binding;)Ljava/lang/Object;+2
j  com.google.inject.internal.BindingImpl.acceptVisitor(Lcom/google/inject/spi/ElementVisitor;)Ljava/lang/Object;+2
j  org.eclipse.sisu.wire.WireModule.configure(Lcom/google/inject/Binder;)V+45
j  com.google.inject.spi.Elements$RecordingBinder.install(Lcom/google/inject/Module;)V+209
j  com.google.inject.spi.Elements.getElements(Lcom/google/inject/Stage;Ljava/lang/Iterable;)Ljava/util/List;+40
j  com.google.inject.internal.InjectorShell$Builder.build(Lcom/google/inject/internal/Initializer;Lcom/google/inject/internal/ProcessedBindingData;Lcom/google/inject/internal/util/ContinuousStopwatch;Lcom/google/inject/internal/Errors;)Ljava/util/List;+163
j  com.google.inject.internal.InternalInjectorCreator.build()Lcom/google/inject/Injector;+48
j  com.google.inject.Guice.createInjector(Lcom/google/inject/Stage;Ljava/lang/Iterable;)Lcom/google/inject/Injector;+15
j  com.google.inject.Guice.createInjector(Ljava/lang/Iterable;)Lcom/google/inject/Injector;+4
j  com.google.inject.Guice.createInjector([Lcom/google/inject/Module;)Lcom/google/inject/Injector;+4
j  org.codehaus.plexus.DefaultPlexusContainer.addPlexusInjector(Ljava/util/List;[Lcom/google/inject/Module;)Lcom/google/inject/Injector;+88
j  org.codehaus.plexus.DefaultPlexusContainer.<init>(Lorg/codehaus/plexus/ContainerConfiguration;[Lcom/google/inject/Module;)V+414
j  org.apache.maven.cli.MavenCli.container(Lorg/apache/maven/cli/CliRequest;)Lorg/codehaus/plexus/PlexusContainer;+279
j  org.apache.maven.cli.MavenCli.doMain(Lorg/apache/maven/cli/CliRequest;)I+34
j  org.apache.maven.cli.MavenCli.main([Ljava/lang/String;Lorg/codehaus/plexus/classworlds/ClassWorld;)I+24
v  ~StubRoutines::call_stub
j  jdk.internal.reflect.NativeMethodAccessorImpl.invoke0(Ljava/lang/reflect/Method;Ljava/lang/Object;[Ljava/lang/Object;)Ljava/lang/Object;+0 java.base@17.0.20
j  jdk.internal.reflect.NativeMethodAccessorImpl.invoke(Ljava/lang/Object;[Ljava/lang/Object;)Ljava/lang/Object;+133 java.base@17.0.20
j  jdk.internal.reflect.DelegatingMethodAccessorImpl.invoke(Ljava/lang/Object;[Ljava/lang/Object;)Ljava/lang/Object;+6 java.base@17.0.20
j  java.lang.reflect.Method.invoke(Ljava/lang/Object;[Ljava/lang/Object;)Ljava/lang/Object;+59 java.base@17.0.20
j  org.codehaus.plexus.classworlds.launcher.Launcher.launchEnhanced([Ljava/lang/String;)V+45
j  org.codehaus.plexus.classworlds.launcher.Launcher.launch([Ljava/lang/String;)V+2
j  org.codehaus.plexus.classworlds.launcher.Launcher.mainWithExitCode([Ljava/lang/String;)I+108
j  org.codehaus.plexus.classworlds.launcher.Launcher.main([Ljava/lang/String;)V+1
v  ~StubRoutines::call_stub

Compiled method (n/a) 6651  504     n 0       java.lang.ClassLoader::defineClass1 (native)
 total in heap  [0x0000027c490b9d90,0x0000027c490ba290] = 1280
 relocation     [0x0000027c490b9ef0,0x0000027c490b9f28] = 56
 main code      [0x0000027c490b9f40,0x0000027c490ba290] = 848

[Constant Pool (empty)]

[MachCode]
[Entry Point]
  # {method} {0x0000027c58010f18} 'defineClass1' '(Ljava/lang/ClassLoader;Ljava/lang/String;[BIILjava/security/ProtectionDomain;Ljava/lang/String;)Ljava/lang/Class;' in 'java/lang/ClassLoader'
  # parm0:    rdx:rdx   = 'java/lang/ClassLoader'
  # parm1:    r8:r8     = 'java/lang/String'
  # parm2:    r9:r9     = '[B'
  # parm3:    rdi       = int
  # parm4:    rsi       = int
  # parm5:    rcx:rcx   = 'java/security/ProtectionDomain'
  # parm6:    [sp+0xa0]   = 'java/lang/String'  (sp of caller)
  0x0000027c490b9f40: 448b 5208 | 49bb 0000 | 0058 7c02 | 0000 4d03 | d349 3bc2 | 0f84 0600 

  0x0000027c490b9f58: ;   {runtime_call ic_miss_stub}
  0x0000027c490b9f58: 0000 e921 | 76a8 ff90 
[Verified Entry Point]
  0x0000027c490b9f60: 8984 2400 | 90ff ff55 | 488b ec48 | 81ec 9000 | 0000 4881 | 7d10 0000 | 0000 488d | 4510 480f 
  0x0000027c490b9f80: 4445 1048 | 8944 2440 | 4889 4c24 | 7048 83f9 | 0048 8d44 | 2470 480f | 4444 2470 | 4889 4424 
  0x0000027c490b9fa0: 3848 8974 | 2430 4889 | 7c24 284c | 894c 2458 | 4983 f900 | 488d 4424 | 5848 0f44 | 4424 5848 
  0x0000027c490b9fc0: 8944 2420 | 4c89 4424 | 5049 83f8 | 004c 8d4c | 2450 4c0f | 444c 2450 | 4889 5424 | 4848 83fa 
  0x0000027c490b9fe0: 004c 8d44 | 2448 4c0f | 4444 2448 

  0x0000027c490b9fec: ;   {oop(a 'java/lang/Class'{0x0000000089c3d160} = 'java/lang/ClassLoader')}
  0x0000027c490b9fec: 49be 60d1 | c389 0000 | 0000 4c89 | 7424 784c | 8d74 2478 | 498b d6c5 

  0x0000027c490ba004: ;   {internal_word}
  0x0000027c490ba004: f877 49ba | 03a0 0b49 | 7c02 0000 | 4d89 97a0 | 0200 0049 | 89a7 9802 

  0x0000027c490ba01c: ;   {external_word}
  0x0000027c490ba01c: 0000 49ba | 95d7 e1d2 | f87f 0000 | 4180 3a00 | 0f84 5200 | 0000 5241 

  0x0000027c490ba034: ;   {metadata({method} {0x0000027c58010f18} 'defineClass1' '(Ljava/lang/ClassLoader;Ljava/lang/String;[BIILjava/security/ProtectionDomain;Ljava/lang/String;)Ljava/lang/Class;' in 'java/lang/ClassLoader')}
  0x0000027c490ba034: 5041 5148 | ba10 0f01 | 587c 0200 | 0049 8bcf | 4883 ec20 | f7c4 0f00 | 0000 0f84 | 1a00 0000 
  0x0000027c490ba054: 4883 ec08 

  0x0000027c490ba058: ;   {runtime_call}
  0x0000027c490ba058: 49ba c0a6 | 97d2 f87f | 0000 41ff | d248 83c4 | 08e9 0d00 

  0x0000027c490ba06c: ;   {runtime_call}
  0x0000027c490ba06c: 0000 49ba | c0a6 97d2 | f87f 0000 | 41ff d248 | 83c4 2041 | 5941 585a | 498d 8fb8 | 0200 0041 
  0x0000027c490ba08c: c787 4003 | 0000 0400 

  0x0000027c490ba094: ;   {runtime_call}
  0x0000027c490ba094: 0000 49ba | ac16 6022 | f97f 0000 | 41ff d2c5 | f877 41c7 | 8740 0300 | 0005 0000 | 00f0 8344 
  0x0000027c490ba0b4: 24c0 0049 | 3baf 4803 | 0000 0f87 | 1100 0000 | 4181 bf30 | 0300 0000 | 0000 000f | 842c 0000 
  0x0000027c490ba0d4: 00c5 f877 | 4889 45f8 | 498b cf4c | 8be4 4883 | ec20 4883 

  0x0000027c490ba0e8: ;   {runtime_call}
  0x0000027c490ba0e8: e4f0 49ba | 30b6 a7d2 | f87f 0000 | 41ff d249 | 8be4 4d33 | e448 8b45 | f841 c787 | 4003 0000 
  0x0000027c490ba108: 0800 0000 | 4181 bfb0 | 0300 0002 | 0000 000f | 843f 0100 

  0x0000027c490ba11c: ;   {external_word}
  0x0000027c490ba11c: 0049 ba95 | d7e1 d2f8 | 7f00 0041 | 803a 000f | 8450 0000 | 0048 8945 

  0x0000027c490ba134: ;   {metadata({method} {0x0000027c58010f18} 'defineClass1' '(Ljava/lang/ClassLoader;Ljava/lang/String;[BIILjava/security/ProtectionDomain;Ljava/lang/String;)Ljava/lang/Class;' in 'java/lang/ClassLoader')}
  0x0000027c490ba134: f848 ba10 | 0f01 587c | 0200 0049 | 8bcf 4883 | ec20 f7c4 | 0f00 0000 | 0f84 1a00 | 0000 4883 
  0x0000027c490ba154: ;   {runtime_call}
  0x0000027c490ba154: ec08 49ba | c0a6 97d2 | f87f 0000 | 41ff d248 | 83c4 08e9 | 0d00 0000 

  0x0000027c490ba16c: ;   {runtime_call}
  0x0000027c490ba16c: 49ba c0a6 | 97d2 f87f | 0000 41ff | d248 83c4 | 2048 8b45 | f849 c787 | 9802 0000 | 0000 0000 
  0x0000027c490ba18c: 49c7 87a0 | 0200 0000 | 0000 00c5 | f877 4885 | c00f 8493 | 0000 0048 | f7c0 0100 | 0000 0f84 
  0x0000027c490ba1ac: 8300 0000 | 488b 40ff | 4180 7f38 | 000f 846f | 0000 0048 | 83f8 000f | 8465 0000 | 0049 8b4f 
  0x0000027c490ba1cc: 2048 83f9 | 000f 8414 | 0000 0048 | 83e9 0849 | 894f 2049 | 034f 3048 | 8901 e943 | 0000 0050 
  0x0000027c490ba1ec: 498b d748 | 8bc8 4883 | ec20 f7c4 | 0f00 0000 | 0f84 1a00 | 0000 4883 

  0x0000027c490ba204: ;   {runtime_call}
  0x0000027c490ba204: ec08 49ba | 606c 56d2 | f87f 0000 | 41ff d248 | 83c4 08e9 | 0d00 0000 

  0x0000027c490ba21c: ;   {runtime_call}
  0x0000027c490ba21c: 49ba 606c | 56d2 f87f | 0000 41ff | d248 83c4 | 2058 e903 | 0000 0048 | 8b00 498b | 8fd8 0000 
  0x0000027c490ba23c: 00c7 8100 | 0100 0000 | 0000 00c9 | 4981 7f08 | 0000 0000 | 0f85 0100 

  0x0000027c490ba254: ;   {runtime_call StubRoutines (1)}
  0x0000027c490ba254: 0000 c3e9 | a46c a3ff | c5f8 7748 | 8945 f84c | 8be4 4883 | ec20 4883 

  0x0000027c490ba26c: ;   {runtime_call}
  0x0000027c490ba26c: e4f0 49ba | b0d7 97d2 | f87f 0000 | 41ff d249 | 8be4 4d33 | e448 8b45 | f8e9 93fe | ffff f4f4 
  0x0000027c490ba28c: f4f4 f4f4 
[/MachCode]


Compiled method (c1) 6662  746       3       java.lang.ClassLoader::defineClass (43 bytes)
 total in heap  [0x0000027c4171b990,0x0000027c4171c2a8] = 2328
 relocation     [0x0000027c4171baf0,0x0000027c4171bb80] = 144
 main code      [0x0000027c4171bb80,0x0000027c4171c000] = 1152
 stub code      [0x0000027c4171c000,0x0000027c4171c078] = 120
 metadata       [0x0000027c4171c078,0x0000027c4171c0a8] = 48
 scopes data    [0x0000027c4171c0a8,0x0000027c4171c198] = 240
 scopes pcs     [0x0000027c4171c198,0x0000027c4171c278] = 224
 dependencies   [0x0000027c4171c278,0x0000027c4171c280] = 8
 nul chk table  [0x0000027c4171c280,0x0000027c4171c2a8] = 40

[Constant Pool (empty)]

[MachCode]
[Entry Point]
  # {method} {0x0000027c58010cb0} 'defineClass' '(Ljava/lang/String;[BIILjava/security/ProtectionDomain;)Ljava/lang/Class;' in 'java/lang/ClassLoader'
  # this:     rdx:rdx   = 'java/lang/ClassLoader'
  # parm0:    r8:r8     = 'java/lang/String'
  # parm1:    r9:r9     = '[B'
  # parm2:    rdi       = int
  # parm3:    rsi       = int
  # parm4:    rcx:rcx   = 'java/security/ProtectionDomain'
  #           [sp+0xc0]  (sp of caller)
  0x0000027c4171bb80: 448b 5208 | 49bb 0000 | 0058 7c02 | 0000 4d03 | d34c 3bd0 

  0x0000027c4171bb94: ;   {runtime_call ic_miss_stub}
  0x0000027c4171bb94: 0f85 e659 | 4207 660f | 1f44 0000 
[Verified Entry Point]
  0x0000027c4171bba0: 8984 2400 | 90ff ff55 | 4881 ecb0 | 0000 0048 | 8954 2478 

  0x0000027c4171bbb4: ;   {metadata(method data for {method} {0x0000027c58010cb0} 'defineClass' '(Ljava/lang/String;[BIILjava/security/ProtectionDomain;)Ljava/lang/Class;' in 'java/lang/ClassLoader')}
  0x0000027c4171bbb4: 48bb 00a5 | 1499 7c02 | 0000 8b83 | cc00 0000 | 83c0 0289 | 83cc 0000 | 0081 e0fe | 0700 0083 
  0x0000027c4171bbd4: f800 0f84 | 3e03 0000 | 89b4 2494 | 0000 0089 | bc24 9000 | 0000 4c89 | 8c24 8800 | 0000 488b 
  0x0000027c4171bbf4: ;   {metadata(method data for {method} {0x0000027c58010cb0} 'defineClass' '(Ljava/lang/String;[BIILjava/security/ProtectionDomain;)Ljava/lang/Class;' in 'java/lang/ClassLoader')}
  0x0000027c4171bbf4: da48 b800 | a514 997c | 0200 0048 | 8380 1001 | 0000 0149 | 8bd8 4c8b | c34c 8bc9 | 488b ca48 
  0x0000027c4171bc14: 8bd1 4889 | 9c24 8000 

  0x0000027c4171bc1c: ;   {optimized virtual_call}
  0x0000027c4171bc1c: 0000 90e8 

  0x0000027c4171bc20: ; ImmutableOopMap {[120]=Oop [136]=Oop [128]=Oop }
                      ;*invokevirtual preDefineClass {reexecute=0 rethrow=0 return_oop=0}
                      ; - java.lang.ClassLoader::defineClass@4 (line 1015)
  0x0000027c4171bc20: 7c7f 0500 | 4889 8424 | 9800 0000 | 488b 5424 

  0x0000027c4171bc30: ;   {metadata(method data for {method} {0x0000027c58010cb0} 'defineClass' '(Ljava/lang/String;[BIILjava/security/ProtectionDomain;)Ljava/lang/Class;' in 'java/lang/ClassLoader')}
  0x0000027c4171bc30: 7849 b800 | a514 997c | 0200 0049 | 8380 4801 

  0x0000027c4171bc40: ;   {metadata(method data for {method} {0x0000027c58010ec0} 'defineClassSourceLocation' '(Ljava/security/ProtectionDomain;)Ljava/lang/String;' in 'java/lang/ClassLoader')}
  0x0000027c4171bc40: 0000 0149 | b818 ac14 | 997c 0200 | 0041 8b90 | cc00 0000 | 83c2 0241 | 8990 cc00 | 0000 81e2 
  0x0000027c4171bc60: feff 1f00 | 83fa 000f | 84ce 0200 | 0048 3b00 

  0x0000027c4171bc70: ;   {metadata(method data for {method} {0x0000027c58010ec0} 'defineClassSourceLocation' '(Ljava/security/ProtectionDomain;)Ljava/lang/String;' in 'java/lang/ClassLoader')}
  0x0000027c4171bc70: 4c8b c048 | ba18 ac14 | 997c 0200 | 0048 8382 | 1001 0000 | 0144 8b40 | 1049 83f8 

  0x0000027c4171bc8c: ;   {metadata(method data for {method} {0x0000027c58010ec0} 'defineClassSourceLocation' '(Ljava/security/ProtectionDomain;)Ljava/lang/String;' in 'java/lang/ClassLoader')}
  0x0000027c4171bc8c: 0048 ba18 | ac14 997c | 0200 0048 | c7c6 5801 | 0000 0f85 | 0700 0000 | 48c7 c648 | 0100 0048 
  0x0000027c4171bcac: 8b3c 3248 | 8d7f 0148 | 893c 320f | 850f 0000 

  0x0000027c4171bcbc: ;   {oop(NULL)}
  0x0000027c4171bcbc: 0048 bb00 | 0000 0000 | 0000 00e9 | a301 0000 

  0x0000027c4171bccc: ; implicit exception: dispatches to 0x0000027c4171bf61
  0x0000027c4171bccc: 493b 0049 

  0x0000027c4171bcd0: ;   {metadata(method data for {method} {0x0000027c58010ec0} 'defineClassSourceLocation' '(Ljava/security/ProtectionDomain;)Ljava/lang/String;' in 'java/lang/ClassLoader')}
  0x0000027c4171bcd0: 8bd0 48be | 18ac 1499 | 7c02 0000 | 4883 8668 | 0100 0001 | 418b 500c | 4883 fa00 

  0x0000027c4171bcec: ;   {metadata(method data for {method} {0x0000027c58010ec0} 'defineClassSourceLocation' '(Ljava/security/ProtectionDomain;)Ljava/lang/String;' in 'java/lang/ClassLoader')}
  0x0000027c4171bcec: 48be 18ac | 1499 7c02 | 0000 48c7 | c7b0 0100 | 000f 8507 | 0000 0048 | c7c7 a001 | 0000 488b 
  0x0000027c4171bd0c: 1c3e 488d | 5b01 4889 | 1c3e 0f85 | 0f00 0000 

  0x0000027c4171bd1c: ;   {oop(NULL)}
  0x0000027c4171bd1c: 48bb 0000 | 0000 0000 | 0000 e944 

  0x0000027c4171bd28: ;   {metadata(method data for {method} {0x0000027c58010ec0} 'defineClassSourceLocation' '(Ljava/security/ProtectionDomain;)Ljava/lang/String;' in 'java/lang/ClassLoader')}
  0x0000027c4171bd28: 0100 0048 | be18 ac14 | 997c 0200 | 0048 8386 | c001 0000 | 0148 3b02 

  0x0000027c4171bd40: ;   {metadata(method data for {method} {0x0000027c58010ec0} 'defineClassSourceLocation' '(Ljava/security/ProtectionDomain;)Ljava/lang/String;' in 'java/lang/ClassLoader')}
  0x0000027c4171bd40: 4c8b c248 | be18 ac14 | 997c 0200 | 0048 8386 | f801 0000 

  0x0000027c4171bd54: ;   {metadata(method data for {method} {0x0000027c58068a68} 'toString' '()Ljava/lang/String;' in 'java/net/URL')}
  0x0000027c4171bd54: 0149 b870 | 2e14 997c | 0200 0041 | 8bb0 cc00 | 0000 83c6 | 0241 89b0 | cc00 0000 | 81e6 feff 
  0x0000027c4171bd74: 1f00 83fe | 000f 84ec | 0100 004c 

  0x0000027c4171bd80: ;   {metadata(method data for {method} {0x0000027c58068a68} 'toString' '()Ljava/lang/String;' in 'java/net/URL')}
  0x0000027c4171bd80: 8bc2 48be | 702e 1499 | 7c02 0000 | 4883 8610 | 0100 0001 

  0x0000027c4171bd94: ;   {metadata(method data for {method} {0x0000027c58069300} 'toExternalForm' '()Ljava/lang/String;' in 'java/net/URL')}
  0x0000027c4171bd94: 49b8 f8d1 | 1099 7c02 | 0000 418b | b0cc 0000 | 0083 c602 | 4189 b0cc | 0000 0081 | e6fe ff1f 
  0x0000027c4171bdb4: 0083 fe00 | 0f84 ce01 | 0000 8b72 | 3848 3b06 

  0x0000027c4171bdc4: ;   {metadata(method data for {method} {0x0000027c58069300} 'toExternalForm' '()Ljava/lang/String;' in 'java/net/URL')}
  0x0000027c4171bdc4: 4c8b c648 | bff8 d110 | 997c 0200 | 0045 8b40 | 0849 ba00 | 0000 587c | 0200 004d | 03c2 4c3b 
  0x0000027c4171bde4: 8720 0100 | 0075 0d48 | 8387 2801 | 0000 01e9 | 6600 0000 | 4c3b 8730 | 0100 0075 | 0d48 8387 
  0x0000027c4171be04: 3801 0000 | 01e9 5000 | 0000 4881 | bf20 0100 | 0000 0000 | 0075 174c | 8987 2001 | 0000 48c7 
  0x0000027c4171be24: 8728 0100 | 0001 0000 | 00e9 2c00 | 0000 4881 | bf30 0100 | 0000 0000 | 0075 174c | 8987 3001 
  0x0000027c4171be44: 0000 48c7 | 8738 0100 | 0001 0000 | 00e9 0800 | 0000 4883 | 8710 0100 | 0001 4c8b | c248 8bd6 
  0x0000027c4171be64: ;   {optimized virtual_call}
  0x0000027c4171be64: 6666 90e8 

  0x0000027c4171be68: ; ImmutableOopMap {[120]=Oop [136]=Oop [128]=Oop [152]=Oop }
                      ;*invokevirtual toExternalForm {reexecute=0 rethrow=0 return_oop=0}
                      ; - java.net.URL::toExternalForm@5 (line 1039)
                      ; - java.net.URL::toString@1 (line 1025)
                      ; - java.lang.ClassLoader::defineClassSourceLocation@22 (line 917)
                      ; - java.lang.ClassLoader::defineClass@12 (line 1016)
  0x0000027c4171be68: 742f f9ff | 488b d848 | 8b84 2498 | 0000 008b | b424 9400 | 0000 8bbc | 2490 0000 | 004c 8b8c 
  0x0000027c4171be88: 2488 0000 | 004c 8b84 | 2480 0000 | 0048 8b54 

  0x0000027c4171be98: ;   {metadata(method data for {method} {0x0000027c58010cb0} 'defineClass' '(Ljava/lang/String;[BIILjava/security/ProtectionDomain;)Ljava/lang/Class;' in 'java/lang/ClassLoader')}
  0x0000027c4171be98: 2478 48b9 | 00a5 1499 | 7c02 0000 | 4883 8180 | 0100 0001 | 4c8b da49 | 8bd3 488b | c848 891c 
  0x0000027c4171beb8: 2466 0f1f 

  0x0000027c4171bebc: ;   {static_call}
  0x0000027c4171bebc: 4400 00e8 

  0x0000027c4171bec0: ; ImmutableOopMap {[152]=Oop [120]=Oop }
                      ;*invokestatic defineClass1 {reexecute=0 rethrow=0 return_oop=0}
                      ; - java.lang.ClassLoader::defineClass@27 (line 1017)
  0x0000027c4171bec0: 9ce0 9907 | 488b 5424 

  0x0000027c4171bec8: ;   {metadata(method data for {method} {0x0000027c58010cb0} 'defineClass' '(Ljava/lang/String;[BIILjava/security/ProtectionDomain;)Ljava/lang/Class;' in 'java/lang/ClassLoader')}
  0x0000027c4171bec8: 7849 b800 | a514 997c | 0200 0049 | 8380 9001 | 0000 014c | 8bc0 4c8b | 8c24 9800 | 0000 488b 
  0x0000027c4171bee8: 5424 7848 | 8984 24a0 | 0000 000f 

  0x0000027c4171bef4: ;   {optimized virtual_call}
  0x0000027c4171bef4: 1f40 00e8 

  0x0000027c4171bef8: ; ImmutableOopMap {[160]=Oop }
                      ;*invokevirtual postDefineClass {reexecute=0 rethrow=0 return_oop=0}
                      ; - java.lang.ClassLoader::defineClass@37 (line 1018)
  0x0000027c4171bef8: 24af 0300 | 488b 8424 | a000 0000 | 4881 c4b0 | 0000 005d 

  0x0000027c4171bf0c: ;   {poll_return}
  0x0000027c4171bf0c: 493b a748 | 0300 000f | 8799 0000 

  0x0000027c4171bf18: ;   {metadata({method} {0x0000027c58010cb0} 'defineClass' '(Ljava/lang/String;[BIILjava/security/ProtectionDomain;)Ljava/lang/Class;' in 'java/lang/ClassLoader')}
  0x0000027c4171bf18: 00c3 49ba | a80c 0158 | 7c02 0000 | 4c89 5424 | 0848 c704 | 24ff ffff 

  0x0000027c4171bf30: ;   {runtime_call counter_overflow Runtime1 stub}
  0x0000027c4171bf30: ffe8 ca50 

  0x0000027c4171bf34: ; ImmutableOopMap {rdx=Oop [120]=Oop r8=Oop r9=Oop rcx=Oop }
                      ;*synchronization entry
                      ; - java.lang.ClassLoader::defineClass@-1 (line 1015)
  0x0000027c4171bf34: 4d07 e9a1 

  0x0000027c4171bf38: ;   {metadata({method} {0x0000027c58010ec0} 'defineClassSourceLocation' '(Ljava/security/ProtectionDomain;)Ljava/lang/String;' in 'java/lang/ClassLoader')}
  0x0000027c4171bf38: fcff ff49 | bab8 0e01 | 587c 0200 | 004c 8954 | 2408 48c7 | 0424 ffff 

  0x0000027c4171bf50: ;   {runtime_call counter_overflow Runtime1 stub}
  0x0000027c4171bf50: ffff e8a9 

  0x0000027c4171bf54: ; ImmutableOopMap {[120]=Oop [136]=Oop [128]=Oop rax=Oop [152]=Oop }
                      ;*synchronization entry
                      ; - java.lang.ClassLoader::defineClassSourceLocation@-1 (line 914)
                      ; - java.lang.ClassLoader::defineClass@12 (line 1016)
  0x0000027c4171bf54: 504d 07e9 | 11fd ffff 

  0x0000027c4171bf5c: ;   {runtime_call throw_null_pointer_exception Runtime1 stub}
  0x0000027c4171bf5c: e83f 1e44 

  0x0000027c4171bf60: ; ImmutableOopMap {[120]=Oop [136]=Oop [128]=Oop rax=Oop [152]=Oop }
                      ;*invokevirtual getCodeSource {reexecute=0 rethrow=0 return_oop=0}
                      ; - java.lang.ClassLoader::defineClassSourceLocation@1 (line 914)
                      ; - java.lang.ClassLoader::defineClass@12 (line 1016)
                      ;   {runtime_call throw_null_pointer_exception Runtime1 stub}
  0x0000027c4171bf60: 07e8 3a1e 

  0x0000027c4171bf64: ; ImmutableOopMap {[120]=Oop [136]=Oop [128]=Oop rax=Oop [152]=Oop r8=Oop }
                      ;*invokevirtual getLocation {reexecute=0 rethrow=0 return_oop=0}
                      ; - java.lang.ClassLoader::defineClassSourceLocation@12 (line 916)
                      ; - java.lang.ClassLoader::defineClass@12 (line 1016)
                      ;   {runtime_call throw_null_pointer_exception Runtime1 stub}
  0x0000027c4171bf64: 4407 e835 

  0x0000027c4171bf68: ; ImmutableOopMap {[120]=Oop [136]=Oop [128]=Oop [152]=Oop rdx=Oop }
                      ;*invokevirtual toString {reexecute=0 rethrow=0 return_oop=0}
                      ; - java.lang.ClassLoader::defineClassSourceLocation@22 (line 917)
                      ; - java.lang.ClassLoader::defineClass@12 (line 1016)
                      ;   {metadata({method} {0x0000027c58068a68} 'toString' '()Ljava/lang/String;' in 'java/net/URL')}
  0x0000027c4171bf68: 1e44 0749 | ba60 8a06 | 587c 0200 | 004c 8954 | 2408 48c7 | 0424 ffff 

  0x0000027c4171bf80: ;   {runtime_call counter_overflow Runtime1 stub}
  0x0000027c4171bf80: ffff e879 

  0x0000027c4171bf84: ; ImmutableOopMap {[120]=Oop [136]=Oop [128]=Oop [152]=Oop rdx=Oop }
                      ;*synchronization entry
                      ; - java.net.URL::toString@-1 (line 1025)
                      ; - java.lang.ClassLoader::defineClassSourceLocation@22 (line 917)
                      ; - java.lang.ClassLoader::defineClass@12 (line 1016)
  0x0000027c4171bf84: 504d 07e9 | f3fd ffff 

  0x0000027c4171bf8c: ;   {metadata({method} {0x0000027c58069300} 'toExternalForm' '()Ljava/lang/String;' in 'java/net/URL')}
  0x0000027c4171bf8c: 49ba f892 | 0658 7c02 | 0000 4c89 | 5424 0848 | c704 24ff 

  0x0000027c4171bfa0: ;   {runtime_call counter_overflow Runtime1 stub}
  0x0000027c4171bfa0: ffff ffe8 

  0x0000027c4171bfa4: ; ImmutableOopMap {[120]=Oop [136]=Oop [128]=Oop [152]=Oop rdx=Oop }
                      ;*synchronization entry
                      ; - java.net.URL::toExternalForm@-1 (line 1039)
                      ; - java.net.URL::toString@1 (line 1025)
                      ; - java.lang.ClassLoader::defineClassSourceLocation@22 (line 917)
                      ; - java.lang.ClassLoader::defineClass@12 (line 1016)
  0x0000027c4171bfa4: 5850 4d07 | e911 feff 

  0x0000027c4171bfac: ;   {runtime_call throw_null_pointer_exception Runtime1 stub}
  0x0000027c4171bfac: ffe8 ee1d 

  0x0000027c4171bfb0: ; ImmutableOopMap {[120]=Oop [136]=Oop [128]=Oop [152]=Oop rdx=Oop rsi=Oop }
                      ;*invokevirtual toExternalForm {reexecute=0 rethrow=0 return_oop=0}
                      ; - java.net.URL::toExternalForm@5 (line 1039)
                      ; - java.net.URL::toString@1 (line 1025)
                      ; - java.lang.ClassLoader::defineClassSourceLocation@22 (line 917)
                      ; - java.lang.ClassLoader::defineClass@12 (line 1016)
                      ;   {internal_word}
  0x0000027c4171bfb0: 4407 49ba | 0cbf 7141 | 7c02 0000 | 4d89 9760 

  0x0000027c4171bfc0: ;   {runtime_call SafepointBlob}
  0x0000027c4171bfc0: 0300 00e9 | b8cf 4207 | 9090 498b | 87d8 0300 | 0049 c787 | d803 0000 | 0000 0000 | 49c7 87e0 
  0x0000027c4171bfe0: 0300 0000 | 0000 0048 | 81c4 b000 

  0x0000027c4171bfec: ;   {runtime_call unwind_exception Runtime1 stub}
  0x0000027c4171bfec: 0000 5de9 | 8c2c 4407 | f4f4 f4f4 | f4f4 f4f4 | f4f4 f4f4 
[Stub Code]
  0x0000027c4171c000: ;   {no_reloc}
  0x0000027c4171c000: 0f1f 4400 

  0x0000027c4171c004: ;   {static_stub}
  0x0000027c4171c004: 0048 bb60 | 0e01 587c 

  0x0000027c4171c00c: ;   {runtime_call I2C/C2I adapters}
  0x0000027c4171c00c: 0200 00e9 | 4dde 4207 

  0x0000027c4171c014: ;   {static_stub}
  0x0000027c4171c014: 9048 bb00 | 0000 0000 

  0x0000027c4171c01c: ;   {runtime_call}
  0x0000027c4171c01c: 0000 00e9 | fbff ffff 

  0x0000027c4171c024: ;   {static_stub}
  0x0000027c4171c024: 9048 bb00 | 0000 0000 

  0x0000027c4171c02c: ;   {runtime_call}
  0x0000027c4171c02c: 0000 00e9 | fbff ffff 

  0x0000027c4171c034: ;   {static_stub}
  0x0000027c4171c034: 9048 bb78 | 0f01 587c 

  0x0000027c4171c03c: ;   {runtime_call I2C/C2I adapters}
  0x0000027c4171c03c: 0200 00e9 | 1dde 4207 
[Exception Handler]
  0x0000027c4171c044: ;   {runtime_call handle_exception_from_callee Runtime1 stub}
  0x0000027c4171c044: e837 134d 

  0x0000027c4171c048: ;   {external_word}
  0x0000027c4171c048: 0748 b900 | fabb d2f8 | 7f00 0048 

  0x0000027c4171c054: ;   {runtime_call}
  0x0000027c4171c054: 83e4 f049 | ba70 9984 | d2f8 7f00 | 0041 ffd2 

  0x0000027c4171c064: ;   {section_word}
  0x0000027c4171c064: f449 ba65 | c071 417c | 0200 0041 

  0x0000027c4171c070: ;   {runtime_call DeoptimizationBlob}
  0x0000027c4171c070: 52e9 aae3 | 4207 f4f4 
[/MachCode]


Compiled method (c1) 6690  745       3       java.security.SecureClassLoader::defineClass (16 bytes)
 total in heap  [0x0000027c4171b590,0x0000027c4171b980] = 1008
 relocation     [0x0000027c4171b6f0,0x0000027c4171b738] = 72
 main code      [0x0000027c4171b740,0x0000027c4171b880] = 320
 stub code      [0x0000027c4171b880,0x0000027c4171b8d8] = 88
 metadata       [0x0000027c4171b8d8,0x0000027c4171b8e0] = 8
 scopes data    [0x0000027c4171b8e0,0x0000027c4171b928] = 72
 scopes pcs     [0x0000027c4171b928,0x0000027c4171b978] = 80
 dependencies   [0x0000027c4171b978,0x0000027c4171b980] = 8

[Constant Pool (empty)]

[MachCode]
[Entry Point]
  # {method} {0x0000027c58435228} 'defineClass' '(Ljava/lang/String;[BIILjava/security/CodeSource;)Ljava/lang/Class;' in 'java/security/SecureClassLoader'
  # this:     rdx:rdx   = 'java/security/SecureClassLoader'
  # parm0:    r8:r8     = 'java/lang/String'
  # parm1:    r9:r9     = '[B'
  # parm2:    rdi       = int
  # parm3:    rsi       = int
  # parm4:    rcx:rcx   = 'java/security/CodeSource'
  #           [sp+0x80]  (sp of caller)
  0x0000027c4171b740: 448b 5208 | 49bb 0000 | 0058 7c02 | 0000 4d03 | d34c 3bd0 

  0x0000027c4171b754: ;   {runtime_call ic_miss_stub}
  0x0000027c4171b754: 0f85 265e | 4207 660f | 1f44 0000 
[Verified Entry Point]
  0x0000027c4171b760: 8984 2400 | 90ff ff55 | 4883 ec70 

  0x0000027c4171b76c: ;   {metadata(method data for {method} {0x0000027c58435228} 'defineClass' '(Ljava/lang/String;[BIILjava/security/CodeSource;)Ljava/lang/Class;' in 'java/security/SecureClassLoader')}
  0x0000027c4171b76c: 48bb 18a3 | 1499 7c02 | 0000 8b83 | cc00 0000 | 83c0 0289 | 83cc 0000 | 0081 e0fe | 0700 0083 
  0x0000027c4171b78c: f800 0f84 | 8b00 0000 | 8974 245c | 897c 2458 | 4c89 4c24 | 504c 8944 | 2448 488b 

  0x0000027c4171b7a8: ;   {metadata(method data for {method} {0x0000027c58435228} 'defineClass' '(Ljava/lang/String;[BIILjava/security/CodeSource;)Ljava/lang/Class;' in 'java/security/SecureClassLoader')}
  0x0000027c4171b7a8: da48 b818 | a314 997c | 0200 0048 | 8380 1001 | 0000 014c | 8bc1 488b | c248 8bd0 | 4889 4424 
  0x0000027c4171b7c8: 4066 0f1f 

  0x0000027c4171b7cc: ;   {optimized virtual_call}
  0x0000027c4171b7cc: 4400 00e8 

  0x0000027c4171b7d0: ; ImmutableOopMap {[80]=Oop [64]=Oop [72]=Oop }
                      ;*invokevirtual getProtectionDomain {reexecute=0 rethrow=0 return_oop=0}
                      ; - java.security.SecureClassLoader::defineClass@9 (line 150)
  0x0000027c4171b7d0: ccc0 ffff | 488b 5424 

  0x0000027c4171b7d8: ;   {metadata(method data for {method} {0x0000027c58435228} 'defineClass' '(Ljava/lang/String;[BIILjava/security/CodeSource;)Ljava/lang/Class;' in 'java/security/SecureClassLoader')}
  0x0000027c4171b7d8: 4049 b818 | a314 997c | 0200 0049 | 8380 4801 | 0000 014c | 8b44 2448 | 4c8b 4c24 | 508b 7c24 
  0x0000027c4171b7f8: 588b 7424 | 5c48 8bc8 | 488b 5424 

  0x0000027c4171b804: ;   {optimized virtual_call}
  0x0000027c4171b804: 4066 90e8 

  0x0000027c4171b808: ; ImmutableOopMap {}
                      ;*invokevirtual defineClass {reexecute=0 rethrow=0 return_oop=0}
                      ; - java.security.SecureClassLoader::defineClass@12 (line 150)
  0x0000027c4171b808: 9403 0000 | 4883 c470 

  0x0000027c4171b810: ;   {poll_return}
  0x0000027c4171b810: 5d49 3ba7 | 4803 0000 | 0f87 2200 

  0x0000027c4171b81c: ;   {metadata({method} {0x0000027c58435228} 'defineClass' '(Ljava/lang/String;[BIILjava/security/CodeSource;)Ljava/lang/Class;' in 'java/security/SecureClassLoader')}
  0x0000027c4171b81c: 0000 c349 | ba20 5243 | 587c 0200 | 004c 8954 | 2408 48c7 | 0424 ffff 

  0x0000027c4171b834: ;   {runtime_call counter_overflow Runtime1 stub}
  0x0000027c4171b834: ffff e8c5 

  0x0000027c4171b838: ; ImmutableOopMap {rdx=Oop r8=Oop r9=Oop rcx=Oop }
                      ;*synchronization entry
                      ; - java.security.SecureClassLoader::defineClass@-1 (line 150)
  0x0000027c4171b838: 574d 07e9 | 54ff ffff 

  0x0000027c4171b840: ;   {internal_word}
  0x0000027c4171b840: 49ba 11b8 | 7141 7c02 | 0000 4d89 | 9760 0300 

  0x0000027c4171b850: ;   {runtime_call SafepointBlob}
  0x0000027c4171b850: 00e9 2ad7 | 4207 9090 | 498b 87d8 | 0300 0049 | c787 d803 | 0000 0000 | 0000 49c7 | 87e0 0300 
  0x0000027c4171b870: 0000 0000 | 0048 83c4 

  0x0000027c4171b878: ;   {runtime_call unwind_exception Runtime1 stub}
  0x0000027c4171b878: 705d e901 | 3444 07f4 
[Stub Code]
  0x0000027c4171b880: ;   {no_reloc}
  0x0000027c4171b880: 0f1f 4400 

  0x0000027c4171b884: ;   {static_stub}
  0x0000027c4171b884: 0048 bb00 | 0000 0000 

  0x0000027c4171b88c: ;   {runtime_call}
  0x0000027c4171b88c: 0000 00e9 | fbff ffff 

  0x0000027c4171b894: ;   {static_stub}
  0x0000027c4171b894: 9048 bb00 | 0000 0000 

  0x0000027c4171b89c: ;   {runtime_call}
  0x0000027c4171b89c: 0000 00e9 | fbff ffff 
[Exception Handler]
  0x0000027c4171b8a4: ;   {runtime_call handle_exception_from_callee Runtime1 stub}
  0x0000027c4171b8a4: e8d7 1a4d 

  0x0000027c4171b8a8: ;   {external_word}
  0x0000027c4171b8a8: 0748 b900 | fabb d2f8 | 7f00 0048 

  0x0000027c4171b8b4: ;   {runtime_call}
  0x0000027c4171b8b4: 83e4 f049 | ba70 9984 | d2f8 7f00 | 0041 ffd2 

  0x0000027c4171b8c4: ;   {section_word}
  0x0000027c4171b8c4: f449 bac5 | b871 417c | 0200 0041 

  0x0000027c4171b8d0: ;   {runtime_call DeoptimizationBlob}
  0x0000027c4171b8d0: 52e9 4aeb | 4207 f4f4 
[/MachCode]


---------------  P R O C E S S  ---------------

Threads class SMR info:
_java_thread_list=0x0000027c9d4071a0, length=12, elements={
0x0000027c39a41110, 0x0000027c57d43bb0, 0x0000027c57d44840, 0x0000027c57d5cf60,
0x0000027c57d5d920, 0x0000027c57d5e2e0, 0x0000027c57d5eca0, 0x0000027c57d619a0,
0x0000027c57d62450, 0x0000027c57d64e60, 0x0000027c9d1206a0, 0x0000027c9d124e30
}

Java Threads: ( => current thread )
=>0x0000027c39a41110 JavaThread "main" [_thread_in_vm, id=11148, stack(0x00000082a8500000,0x00000082a8600000)]
  0x0000027c57d43bb0 JavaThread "Reference Handler" daemon [_thread_blocked, id=12784, stack(0x00000082a8c00000,0x00000082a8d00000)]
  0x0000027c57d44840 JavaThread "Finalizer" daemon [_thread_blocked, id=15852, stack(0x00000082a8d00000,0x00000082a8e00000)]
  0x0000027c57d5cf60 JavaThread "Signal Dispatcher" daemon [_thread_blocked, id=12156, stack(0x00000082a8e00000,0x00000082a8f00000)]
  0x0000027c57d5d920 JavaThread "Attach Listener" daemon [_thread_blocked, id=8848, stack(0x00000082a8f00000,0x00000082a9000000)]
  0x0000027c57d5e2e0 JavaThread "Service Thread" daemon [_thread_blocked, id=16372, stack(0x00000082a9000000,0x00000082a9100000)]
  0x0000027c57d5eca0 JavaThread "Monitor Deflation Thread" daemon [_thread_blocked, id=21648, stack(0x00000082a9100000,0x00000082a9200000)]
  0x0000027c57d619a0 JavaThread "C2 CompilerThread0" daemon [_thread_blocked, id=17596, stack(0x00000082a9200000,0x00000082a9300000)]
  0x0000027c57d62450 JavaThread "C1 CompilerThread0" daemon [_thread_blocked, id=15152, stack(0x00000082a9300000,0x00000082a9400000)]
  0x0000027c57d64e60 JavaThread "Sweeper thread" daemon [_thread_blocked, id=8124, stack(0x00000082a9400000,0x00000082a9500000)]
  0x0000027c9d1206a0 JavaThread "Notification Thread" daemon [_thread_blocked, id=10404, stack(0x00000082a9500000,0x00000082a9600000)]
  0x0000027c9d124e30 JavaThread "Common-Cleaner" daemon [_thread_blocked, id=13540, stack(0x00000082a9700000,0x00000082a9800000)]

Other Threads:
  0x0000027c57d39dd0 VMThread "VM Thread" [stack: 0x00000082a8b00000,0x00000082a8c00000] [id=19704]
  0x0000027c9d120b80 WatcherThread [stack: 0x00000082a9600000,0x00000082a9700000] [id=1848]
  0x0000027c39a9d890 GCTaskThread "GC Thread#0" [stack: 0x00000082a8600000,0x00000082a8700000] [id=6624]
  0x0000027c9da046f0 GCTaskThread "GC Thread#1" [stack: 0x00000082a9800000,0x00000082a9900000] [id=18916]
  0x0000027c9da2e3d0 GCTaskThread "GC Thread#2" [stack: 0x00000082a9900000,0x00000082a9a00000] [id=9128]
  0x0000027c9da70d10 GCTaskThread "GC Thread#3" [stack: 0x00000082a9a00000,0x00000082a9b00000] [id=10168]
  0x0000027c9da70fd0 GCTaskThread "GC Thread#4" [stack: 0x00000082a9b00000,0x00000082a9c00000] [id=19280]
  0x0000027c9dc39450 GCTaskThread "GC Thread#5" [stack: 0x00000082a9c00000,0x00000082a9d00000] [id=21108]
  0x0000027c9dc39710 GCTaskThread "GC Thread#6" [stack: 0x00000082a9d00000,0x00000082a9e00000] [id=15284]
  0x0000027c39aae120 ConcurrentGCThread "G1 Main Marker" [stack: 0x00000082a8700000,0x00000082a8800000] [id=7108]
  0x0000027c39aaf8e0 ConcurrentGCThread "G1 Conc#0" [stack: 0x00000082a8800000,0x00000082a8900000] [id=20296]
  0x0000027c39aeece0 ConcurrentGCThread "G1 Refine#0" [stack: 0x00000082a8900000,0x00000082a8a00000] [id=18804]
  0x0000027c57be6c30 ConcurrentGCThread "G1 Service" [stack: 0x00000082a8a00000,0x00000082a8b00000] [id=16428]

Threads with active compile tasks:

VM state: not at safepoint (normal execution)

VM Mutex/Monitor currently owned by a thread:  ([mutex/lock_event])
[0x0000027c3786e8b0] Metaspace_lock - owner thread: 0x0000027c39a41110

Heap address: 0x0000000083600000, size: 1994 MB, Compressed Oops mode: 32-bit

CDS archive(s) mapped at: [0x0000027c58000000-0x0000027c58bb0000-0x0000027c58bb0000), size 12255232, SharedBaseAddress: 0x0000027c58000000, ArchiveRelocationMode: 1.
Compressed class space mapped at: 0x0000027c59000000-0x0000027c99000000, reserved size: 1073741824
Narrow klass base: 0x0000027c58000000, Narrow klass shift: 0, Narrow klass range: 0x100000000

GC Precious Log:
 CPUs: 8 total, 8 available
 Memory: 7975M
 Large Page Support: Disabled
 NUMA Support: Disabled
 Compressed Oops: Enabled (32-bit)
 Heap Region Size: 1M
 Heap Min Capacity: 8M
 Heap Initial Capacity: 126M
 Heap Max Capacity: 1994M
 Pre-touch: Disabled
 Parallel Workers: 8
 Concurrent Workers: 2
 Concurrent Refinement Workers: 8
 Periodic GC: Disabled

Heap:
 garbage-first heap   total 129024K, used 26243K [0x0000000083600000, 0x0000000100000000)
  region size 1024K, 26 young (26624K), 3 survivors (3072K)
 Metaspace       used 7834K, committed 8000K, reserved 1114112K
  class space    used 942K, committed 1024K, reserved 1048576K

Heap Regions: E=young(eden), S=young(survivor), O=old, HS=humongous(starts), HC=humongous(continues), CS=collection set, F=free, OA=open archive, CA=closed archive, TAMS=top-at-mark-start (previous, next)
|   0|0x0000000083600000, 0x00000000836a0c00, 0x0000000083700000| 62%| O|  |TAMS 0x0000000083600000, 0x0000000083600000| Untracked 
|   1|0x0000000083700000, 0x0000000083700000, 0x0000000083800000|  0%| F|  |TAMS 0x0000000083700000, 0x0000000083700000| Untracked 
|   2|0x0000000083800000, 0x0000000083800000, 0x0000000083900000|  0%| F|  |TAMS 0x0000000083800000, 0x0000000083800000| Untracked 
|   3|0x0000000083900000, 0x0000000083900000, 0x0000000083a00000|  0%| F|  |TAMS 0x0000000083900000, 0x0000000083900000| Untracked 
|   4|0x0000000083a00000, 0x0000000083a00000, 0x0000000083b00000|  0%| F|  |TAMS 0x0000000083a00000, 0x0000000083a00000| Untracked 
|   5|0x0000000083b00000, 0x0000000083b00000, 0x0000000083c00000|  0%| F|  |TAMS 0x0000000083b00000, 0x0000000083b00000| Untracked 
|   6|0x0000000083c00000, 0x0000000083c00000, 0x0000000083d00000|  0%| F|  |TAMS 0x0000000083c00000, 0x0000000083c00000| Untracked 
|   7|0x0000000083d00000, 0x0000000083d00000, 0x0000000083e00000|  0%| F|  |TAMS 0x0000000083d00000, 0x0000000083d00000| Untracked 
|   8|0x0000000083e00000, 0x0000000083e00000, 0x0000000083f00000|  0%| F|  |TAMS 0x0000000083e00000, 0x0000000083e00000| Untracked 
|   9|0x0000000083f00000, 0x0000000083f00000, 0x0000000084000000|  0%| F|  |TAMS 0x0000000083f00000, 0x0000000083f00000| Untracked 
|  10|0x0000000084000000, 0x0000000084000000, 0x0000000084100000|  0%| F|  |TAMS 0x0000000084000000, 0x0000000084000000| Untracked 
|  11|0x0000000084100000, 0x0000000084100000, 0x0000000084200000|  0%| F|  |TAMS 0x0000000084100000, 0x0000000084100000| Untracked 
|  12|0x0000000084200000, 0x0000000084200000, 0x0000000084300000|  0%| F|  |TAMS 0x0000000084200000, 0x0000000084200000| Untracked 
|  13|0x0000000084300000, 0x0000000084300000, 0x0000000084400000|  0%| F|  |TAMS 0x0000000084300000, 0x0000000084300000| Untracked 
|  14|0x0000000084400000, 0x0000000084400000, 0x0000000084500000|  0%| F|  |TAMS 0x0000000084400000, 0x0000000084400000| Untracked 
|  15|0x0000000084500000, 0x0000000084500000, 0x0000000084600000|  0%| F|  |TAMS 0x0000000084500000, 0x0000000084500000| Untracked 
|  16|0x0000000084600000, 0x0000000084600000, 0x0000000084700000|  0%| F|  |TAMS 0x0000000084600000, 0x0000000084600000| Untracked 
|  17|0x0000000084700000, 0x0000000084700000, 0x0000000084800000|  0%| F|  |TAMS 0x0000000084700000, 0x0000000084700000| Untracked 
|  18|0x0000000084800000, 0x0000000084800000, 0x0000000084900000|  0%| F|  |TAMS 0x0000000084800000, 0x0000000084800000| Untracked 
|  19|0x0000000084900000, 0x0000000084900000, 0x0000000084a00000|  0%| F|  |TAMS 0x0000000084900000, 0x0000000084900000| Untracked 
|  20|0x0000000084a00000, 0x0000000084a00000, 0x0000000084b00000|  0%| F|  |TAMS 0x0000000084a00000, 0x0000000084a00000| Untracked 
|  21|0x0000000084b00000, 0x0000000084b00000, 0x0000000084c00000|  0%| F|  |TAMS 0x0000000084b00000, 0x0000000084b00000| Untracked 
|  22|0x0000000084c00000, 0x0000000084c00000, 0x0000000084d00000|  0%| F|  |TAMS 0x0000000084c00000, 0x0000000084c00000| Untracked 
|  23|0x0000000084d00000, 0x0000000084d00000, 0x0000000084e00000|  0%| F|  |TAMS 0x0000000084d00000, 0x0000000084d00000| Untracked 
|  24|0x0000000084e00000, 0x0000000084e00000, 0x0000000084f00000|  0%| F|  |TAMS 0x0000000084e00000, 0x0000000084e00000| Untracked 
|  25|0x0000000084f00000, 0x0000000084f00000, 0x0000000085000000|  0%| F|  |TAMS 0x0000000084f00000, 0x0000000084f00000| Untracked 
|  26|0x0000000085000000, 0x0000000085000000, 0x0000000085100000|  0%| F|  |TAMS 0x0000000085000000, 0x0000000085000000| Untracked 
|  27|0x0000000085100000, 0x0000000085100000, 0x0000000085200000|  0%| F|  |TAMS 0x0000000085100000, 0x0000000085100000| Untracked 
|  28|0x0000000085200000, 0x0000000085200000, 0x0000000085300000|  0%| F|  |TAMS 0x0000000085200000, 0x0000000085200000| Untracked 
|  29|0x0000000085300000, 0x0000000085300000, 0x0000000085400000|  0%| F|  |TAMS 0x0000000085300000, 0x0000000085300000| Untracked 
|  30|0x0000000085400000, 0x0000000085400000, 0x0000000085500000|  0%| F|  |TAMS 0x0000000085400000, 0x0000000085400000| Untracked 
|  31|0x0000000085500000, 0x0000000085500000, 0x0000000085600000|  0%| F|  |TAMS 0x0000000085500000, 0x0000000085500000| Untracked 
|  32|0x0000000085600000, 0x0000000085600000, 0x0000000085700000|  0%| F|  |TAMS 0x0000000085600000, 0x0000000085600000| Untracked 
|  33|0x0000000085700000, 0x0000000085700000, 0x0000000085800000|  0%| F|  |TAMS 0x0000000085700000, 0x0000000085700000| Untracked 
|  34|0x0000000085800000, 0x0000000085800000, 0x0000000085900000|  0%| F|  |TAMS 0x0000000085800000, 0x0000000085800000| Untracked 
|  35|0x0000000085900000, 0x0000000085900000, 0x0000000085a00000|  0%| F|  |TAMS 0x0000000085900000, 0x0000000085900000| Untracked 
|  36|0x0000000085a00000, 0x0000000085a00000, 0x0000000085b00000|  0%| F|  |TAMS 0x0000000085a00000, 0x0000000085a00000| Untracked 
|  37|0x0000000085b00000, 0x0000000085b00000, 0x0000000085c00000|  0%| F|  |TAMS 0x0000000085b00000, 0x0000000085b00000| Untracked 
|  38|0x0000000085c00000, 0x0000000085c00000, 0x0000000085d00000|  0%| F|  |TAMS 0x0000000085c00000, 0x0000000085c00000| Untracked 
|  39|0x0000000085d00000, 0x0000000085d00000, 0x0000000085e00000|  0%| F|  |TAMS 0x0000000085d00000, 0x0000000085d00000| Untracked 
|  40|0x0000000085e00000, 0x0000000085e00000, 0x0000000085f00000|  0%| F|  |TAMS 0x0000000085e00000, 0x0000000085e00000| Untracked 
|  41|0x0000000085f00000, 0x0000000085f00000, 0x0000000086000000|  0%| F|  |TAMS 0x0000000085f00000, 0x0000000085f00000| Untracked 
|  42|0x0000000086000000, 0x0000000086000000, 0x0000000086100000|  0%| F|  |TAMS 0x0000000086000000, 0x0000000086000000| Untracked 
|  43|0x0000000086100000, 0x0000000086100000, 0x0000000086200000|  0%| F|  |TAMS 0x0000000086100000, 0x0000000086100000| Untracked 
|  44|0x0000000086200000, 0x0000000086200000, 0x0000000086300000|  0%| F|  |TAMS 0x0000000086200000, 0x0000000086200000| Untracked 
|  45|0x0000000086300000, 0x0000000086300000, 0x0000000086400000|  0%| F|  |TAMS 0x0000000086300000, 0x0000000086300000| Untracked 
|  46|0x0000000086400000, 0x0000000086400000, 0x0000000086500000|  0%| F|  |TAMS 0x0000000086400000, 0x0000000086400000| Untracked 
|  47|0x0000000086500000, 0x0000000086500000, 0x0000000086600000|  0%| F|  |TAMS 0x0000000086500000, 0x0000000086500000| Untracked 
|  48|0x0000000086600000, 0x0000000086600000, 0x0000000086700000|  0%| F|  |TAMS 0x0000000086600000, 0x0000000086600000| Untracked 
|  49|0x0000000086700000, 0x0000000086700000, 0x0000000086800000|  0%| F|  |TAMS 0x0000000086700000, 0x0000000086700000| Untracked 
|  50|0x0000000086800000, 0x0000000086800000, 0x0000000086900000|  0%| F|  |TAMS 0x0000000086800000, 0x0000000086800000| Untracked 
|  51|0x0000000086900000, 0x0000000086900000, 0x0000000086a00000|  0%| F|  |TAMS 0x0000000086900000, 0x0000000086900000| Untracked 
|  52|0x0000000086a00000, 0x0000000086a00000, 0x0000000086b00000|  0%| F|  |TAMS 0x0000000086a00000, 0x0000000086a00000| Untracked 
|  53|0x0000000086b00000, 0x0000000086b00000, 0x0000000086c00000|  0%| F|  |TAMS 0x0000000086b00000, 0x0000000086b00000| Untracked 
|  54|0x0000000086c00000, 0x0000000086c00000, 0x0000000086d00000|  0%| F|  |TAMS 0x0000000086c00000, 0x0000000086c00000| Untracked 
|  55|0x0000000086d00000, 0x0000000086d00000, 0x0000000086e00000|  0%| F|  |TAMS 0x0000000086d00000, 0x0000000086d00000| Untracked 
|  56|0x0000000086e00000, 0x0000000086e00000, 0x0000000086f00000|  0%| F|  |TAMS 0x0000000086e00000, 0x0000000086e00000| Untracked 
|  57|0x0000000086f00000, 0x0000000086f00000, 0x0000000087000000|  0%| F|  |TAMS 0x0000000086f00000, 0x0000000086f00000| Untracked 
|  58|0x0000000087000000, 0x0000000087000000, 0x0000000087100000|  0%| F|  |TAMS 0x0000000087000000, 0x0000000087000000| Untracked 
|  59|0x0000000087100000, 0x0000000087100000, 0x0000000087200000|  0%| F|  |TAMS 0x0000000087100000, 0x0000000087100000| Untracked 
|  60|0x0000000087200000, 0x0000000087200000, 0x0000000087300000|  0%| F|  |TAMS 0x0000000087200000, 0x0000000087200000| Untracked 
|  61|0x0000000087300000, 0x0000000087300000, 0x0000000087400000|  0%| F|  |TAMS 0x0000000087300000, 0x0000000087300000| Untracked 
|  62|0x0000000087400000, 0x0000000087400000, 0x0000000087500000|  0%| F|  |TAMS 0x0000000087400000, 0x0000000087400000| Untracked 
|  63|0x0000000087500000, 0x0000000087500000, 0x0000000087600000|  0%| F|  |TAMS 0x0000000087500000, 0x0000000087500000| Untracked 
|  64|0x0000000087600000, 0x0000000087600000, 0x0000000087700000|  0%| F|  |TAMS 0x0000000087600000, 0x0000000087600000| Untracked 
|  65|0x0000000087700000, 0x0000000087700000, 0x0000000087800000|  0%| F|  |TAMS 0x0000000087700000, 0x0000000087700000| Untracked 
|  66|0x0000000087800000, 0x0000000087800000, 0x0000000087900000|  0%| F|  |TAMS 0x0000000087800000, 0x0000000087800000| Untracked 
|  67|0x0000000087900000, 0x0000000087900000, 0x0000000087a00000|  0%| F|  |TAMS 0x0000000087900000, 0x0000000087900000| Untracked 
|  68|0x0000000087a00000, 0x0000000087a00000, 0x0000000087b00000|  0%| F|  |TAMS 0x0000000087a00000, 0x0000000087a00000| Untracked 
|  69|0x0000000087b00000, 0x0000000087b00000, 0x0000000087c00000|  0%| F|  |TAMS 0x0000000087b00000, 0x0000000087b00000| Untracked 
|  70|0x0000000087c00000, 0x0000000087c00000, 0x0000000087d00000|  0%| F|  |TAMS 0x0000000087c00000, 0x0000000087c00000| Untracked 
|  71|0x0000000087d00000, 0x0000000087d00000, 0x0000000087e00000|  0%| F|  |TAMS 0x0000000087d00000, 0x0000000087d00000| Untracked 
|  72|0x0000000087e00000, 0x0000000087e00000, 0x0000000087f00000|  0%| F|  |TAMS 0x0000000087e00000, 0x0000000087e00000| Untracked 
|  73|0x0000000087f00000, 0x0000000087f00000, 0x0000000088000000|  0%| F|  |TAMS 0x0000000087f00000, 0x0000000087f00000| Untracked 
|  74|0x0000000088000000, 0x0000000088000000, 0x0000000088100000|  0%| F|  |TAMS 0x0000000088000000, 0x0000000088000000| Untracked 
|  75|0x0000000088100000, 0x0000000088100000, 0x0000000088200000|  0%| F|  |TAMS 0x0000000088100000, 0x0000000088100000| Untracked 
|  76|0x0000000088200000, 0x0000000088200000, 0x0000000088300000|  0%| F|  |TAMS 0x0000000088200000, 0x0000000088200000| Untracked 
|  77|0x0000000088300000, 0x0000000088300000, 0x0000000088400000|  0%| F|  |TAMS 0x0000000088300000, 0x0000000088300000| Untracked 
|  78|0x0000000088400000, 0x0000000088400000, 0x0000000088500000|  0%| F|  |TAMS 0x0000000088400000, 0x0000000088400000| Untracked 
|  79|0x0000000088500000, 0x0000000088500000, 0x0000000088600000|  0%| F|  |TAMS 0x0000000088500000, 0x0000000088500000| Untracked 
|  80|0x0000000088600000, 0x0000000088600000, 0x0000000088700000|  0%| F|  |TAMS 0x0000000088600000, 0x0000000088600000| Untracked 
|  81|0x0000000088700000, 0x0000000088700000, 0x0000000088800000|  0%| F|  |TAMS 0x0000000088700000, 0x0000000088700000| Untracked 
|  82|0x0000000088800000, 0x0000000088800000, 0x0000000088900000|  0%| F|  |TAMS 0x0000000088800000, 0x0000000088800000| Untracked 
|  83|0x0000000088900000, 0x0000000088900000, 0x0000000088a00000|  0%| F|  |TAMS 0x0000000088900000, 0x0000000088900000| Untracked 
|  84|0x0000000088a00000, 0x0000000088a00000, 0x0000000088b00000|  0%| F|  |TAMS 0x0000000088a00000, 0x0000000088a00000| Untracked 
|  85|0x0000000088b00000, 0x0000000088b00000, 0x0000000088c00000|  0%| F|  |TAMS 0x0000000088b00000, 0x0000000088b00000| Untracked 
|  86|0x0000000088c00000, 0x0000000088c00000, 0x0000000088d00000|  0%| F|  |TAMS 0x0000000088c00000, 0x0000000088c00000| Untracked 
|  87|0x0000000088d00000, 0x0000000088d00000, 0x0000000088e00000|  0%| F|  |TAMS 0x0000000088d00000, 0x0000000088d00000| Untracked 
|  88|0x0000000088e00000, 0x0000000088e00000, 0x0000000088f00000|  0%| F|  |TAMS 0x0000000088e00000, 0x0000000088e00000| Untracked 
|  89|0x0000000088f00000, 0x0000000088f00000, 0x0000000089000000|  0%| F|  |TAMS 0x0000000088f00000, 0x0000000088f00000| Untracked 
|  90|0x0000000089000000, 0x0000000089000000, 0x0000000089100000|  0%| F|  |TAMS 0x0000000089000000, 0x0000000089000000| Untracked 
|  91|0x0000000089100000, 0x0000000089100000, 0x0000000089200000|  0%| F|  |TAMS 0x0000000089100000, 0x0000000089100000| Untracked 
|  92|0x0000000089200000, 0x0000000089200000, 0x0000000089300000|  0%| F|  |TAMS 0x0000000089200000, 0x0000000089200000| Untracked 
|  93|0x0000000089300000, 0x0000000089300000, 0x0000000089400000|  0%| F|  |TAMS 0x0000000089300000, 0x0000000089300000| Untracked 
|  94|0x0000000089400000, 0x0000000089400000, 0x0000000089500000|  0%| F|  |TAMS 0x0000000089400000, 0x0000000089400000| Untracked 
|  95|0x0000000089500000, 0x0000000089500000, 0x0000000089600000|  0%| F|  |TAMS 0x0000000089500000, 0x0000000089500000| Untracked 
|  96|0x0000000089600000, 0x0000000089600000, 0x0000000089700000|  0%| F|  |TAMS 0x0000000089600000, 0x0000000089600000| Untracked 
|  97|0x0000000089700000, 0x0000000089700000, 0x0000000089800000|  0%| F|  |TAMS 0x0000000089700000, 0x0000000089700000| Untracked 
|  98|0x0000000089800000, 0x0000000089800000, 0x0000000089900000|  0%| F|  |TAMS 0x0000000089800000, 0x0000000089800000| Untracked 
|  99|0x0000000089900000, 0x0000000089900000, 0x0000000089a00000|  0%| F|  |TAMS 0x0000000089900000, 0x0000000089900000| Untracked 
| 100|0x0000000089a00000, 0x0000000089b00000, 0x0000000089b00000|100%| S|CS|TAMS 0x0000000089a00000, 0x0000000089a00000| Complete 
| 101|0x0000000089b00000, 0x0000000089c00000, 0x0000000089c00000|100%| S|CS|TAMS 0x0000000089b00000, 0x0000000089b00000| Complete 
| 102|0x0000000089c00000, 0x0000000089d00000, 0x0000000089d00000|100%| S|CS|TAMS 0x0000000089c00000, 0x0000000089c00000| Complete 
| 103|0x0000000089d00000, 0x0000000089d84558, 0x0000000089e00000| 51%| E|  |TAMS 0x0000000089d00000, 0x0000000089d00000| Complete 
| 104|0x0000000089e00000, 0x0000000089f00000, 0x0000000089f00000|100%| E|CS|TAMS 0x0000000089e00000, 0x0000000089e00000| Complete 
| 105|0x0000000089f00000, 0x000000008a000000, 0x000000008a000000|100%| E|CS|TAMS 0x0000000089f00000, 0x0000000089f00000| Complete 
| 106|0x000000008a000000, 0x000000008a100000, 0x000000008a100000|100%| E|CS|TAMS 0x000000008a000000, 0x000000008a000000| Complete 
| 107|0x000000008a100000, 0x000000008a200000, 0x000000008a200000|100%| E|CS|TAMS 0x000000008a100000, 0x000000008a100000| Complete 
| 108|0x000000008a200000, 0x000000008a300000, 0x000000008a300000|100%| E|CS|TAMS 0x000000008a200000, 0x000000008a200000| Complete 
| 109|0x000000008a300000, 0x000000008a400000, 0x000000008a400000|100%| E|CS|TAMS 0x000000008a300000, 0x000000008a300000| Complete 
| 110|0x000000008a400000, 0x000000008a500000, 0x000000008a500000|100%| E|CS|TAMS 0x000000008a400000, 0x000000008a400000| Complete 
| 111|0x000000008a500000, 0x000000008a600000, 0x000000008a600000|100%| E|CS|TAMS 0x000000008a500000, 0x000000008a500000| Complete 
| 112|0x000000008a600000, 0x000000008a700000, 0x000000008a700000|100%| E|CS|TAMS 0x000000008a600000, 0x000000008a600000| Complete 
| 113|0x000000008a700000, 0x000000008a800000, 0x000000008a800000|100%| E|CS|TAMS 0x000000008a700000, 0x000000008a700000| Complete 
| 114|0x000000008a800000, 0x000000008a900000, 0x000000008a900000|100%| E|CS|TAMS 0x000000008a800000, 0x000000008a800000| Complete 
| 115|0x000000008a900000, 0x000000008aa00000, 0x000000008aa00000|100%| E|CS|TAMS 0x000000008a900000, 0x000000008a900000| Complete 
| 116|0x000000008aa00000, 0x000000008ab00000, 0x000000008ab00000|100%| E|CS|TAMS 0x000000008aa00000, 0x000000008aa00000| Complete 
| 117|0x000000008ab00000, 0x000000008ac00000, 0x000000008ac00000|100%| E|CS|TAMS 0x000000008ab00000, 0x000000008ab00000| Complete 
| 118|0x000000008ac00000, 0x000000008ad00000, 0x000000008ad00000|100%| E|CS|TAMS 0x000000008ac00000, 0x000000008ac00000| Complete 
| 119|0x000000008ad00000, 0x000000008ae00000, 0x000000008ae00000|100%| E|CS|TAMS 0x000000008ad00000, 0x000000008ad00000| Complete 
| 120|0x000000008ae00000, 0x000000008af00000, 0x000000008af00000|100%| E|CS|TAMS 0x000000008ae00000, 0x000000008ae00000| Complete 
| 121|0x000000008af00000, 0x000000008b000000, 0x000000008b000000|100%| E|CS|TAMS 0x000000008af00000, 0x000000008af00000| Complete 
| 122|0x000000008b000000, 0x000000008b100000, 0x000000008b100000|100%| E|CS|TAMS 0x000000008b000000, 0x000000008b000000| Complete 
| 123|0x000000008b100000, 0x000000008b200000, 0x000000008b200000|100%| E|CS|TAMS 0x000000008b100000, 0x000000008b100000| Complete 
| 124|0x000000008b200000, 0x000000008b300000, 0x000000008b300000|100%| E|CS|TAMS 0x000000008b200000, 0x000000008b200000| Complete 
| 125|0x000000008b300000, 0x000000008b400000, 0x000000008b400000|100%| E|CS|TAMS 0x000000008b300000, 0x000000008b300000| Complete 

Card table byte_map: [0x0000027c50ce0000,0x0000027c510d0000] _byte_map_base: 0x0000027c508c5000

Marking Bits (Prev, Next): (CMBitMap*) 0x0000027c39a9deb0, (CMBitMap*) 0x0000027c39a9def0
 Prev Bits: [0x0000027c514c0000, 0x0000027c533e8000)
 Next Bits: [0x0000027c533f0000, 0x0000027c55318000)

Polling page: 0x0000027c378e0000

Metaspace:

Usage:
  Non-class:      6.73 MB used.
      Class:    942.00 KB used.
       Both:      7.65 MB used.

Virtual space:
  Non-class space:       64.00 MB reserved,       6.81 MB ( 11%) committed,  1 nodes.
      Class space:        1.00 GB reserved,       1.00 MB ( <1%) committed,  1 nodes.
             Both:        1.06 GB reserved,       7.81 MB ( <1%) committed. 

Chunk freelists:
   Non-Class:  7.55 MB
       Class:  15.02 MB
        Both:  22.56 MB

MaxMetaspaceSize: unlimited
CompressedClassSpaceSize: 1.00 GB
Initial GC threshold: 21.00 MB
Current GC threshold: 21.00 MB
CDS: on
MetaspaceReclaimPolicy: balanced
 - commit_granule_bytes: 65536.
 - commit_granule_words: 8192.
 - virtual_space_node_default_size: 8388608.
 - enlarge_chunks_in_place: 1.
 - new_chunks_are_fully_committed: 0.
 - uncommit_free_chunks: 1.
 - use_allocation_guard: 0.
 - handle_deallocations: 1.


Internal statistics:

num_allocs_failed_limit: 0.
num_arena_births: 56.
num_arena_deaths: 0.
num_vsnodes_births: 2.
num_vsnodes_deaths: 0.
num_space_committed: 125.
num_space_uncommitted: 0.
num_chunks_returned_to_freelist: 0.
num_chunks_taken_from_freelist: 305.
num_chunk_merges: 0.
num_chunk_splits: 200.
num_chunks_enlarged: 163.
num_inconsistent_stats: 0.

CodeHeap 'non-profiled nmethods': size=120000Kb used=669Kb max_used=669Kb free=119330Kb
 bounds [0x0000027c49090000, 0x0000027c49300000, 0x0000027c505c0000]
CodeHeap 'profiled nmethods': size=120000Kb used=3136Kb max_used=3136Kb free=116863Kb
 bounds [0x0000027c415c0000, 0x0000027c418e0000, 0x0000027c48af0000]
CodeHeap 'non-nmethods': size=5760Kb used=1168Kb max_used=1193Kb free=4591Kb
 bounds [0x0000027c48af0000, 0x0000027c48d60000, 0x0000027c49090000]
 total_blobs=2064 nmethods=1621 adapters=356
 compilation: enabled
              stopped_count=0, restarted_count=0
 full_count=0

Compilation events (20 events):
Event: 6.272 Thread 0x0000027c57d619a0 nmethod 1611 0x0000027c49135290 code [0x0000027c49135420, 0x0000027c491354d8]
Event: 6.272 Thread 0x0000027c57d62450 nmethod 1612 0x0000027c418ccb90 code [0x0000027c418cce00, 0x0000027c418cda38]
Event: 6.306 Thread 0x0000027c57d62450 1613       3       java.util.HashMap::prepareArray (38 bytes)
Event: 6.307 Thread 0x0000027c57d62450 nmethod 1613 0x0000027c418cde90 code [0x0000027c418ce080, 0x0000027c418ce678]
Event: 6.307 Thread 0x0000027c57d62450 1614   !   3       org.eclipse.sisu.space.URLClassSpace::loadClass (31 bytes)
Event: 6.307 Thread 0x0000027c57d62450 nmethod 1614 0x0000027c418ce810 code [0x0000027c418ce9e0, 0x0000027c418cedc8]
Event: 6.319 Thread 0x0000027c57d62450 1615       3       java.util.HashMap$HashIterator::<init> (79 bytes)
Event: 6.319 Thread 0x0000027c57d62450 nmethod 1615 0x0000027c418cef90 code [0x0000027c418cf160, 0x0000027c418cf578]
Event: 6.325 Thread 0x0000027c57d62450 1616       3       java.util.Arrays$ArrayList::iterator (12 bytes)
Event: 6.325 Thread 0x0000027c57d62450 nmethod 1616 0x0000027c418cf710 code [0x0000027c418cf8c0, 0x0000027c418cfb58]
Event: 6.325 Thread 0x0000027c57d62450 1617       3       java.util.Arrays$ArrayItr::<init> (10 bytes)
Event: 6.325 Thread 0x0000027c57d62450 nmethod 1617 0x0000027c49135590 code [0x0000027c49135740, 0x0000027c491358f8]
Event: 6.325 Thread 0x0000027c57d62450 1618       3       com.google.inject.internal.DeclaredMembers$$Lambda$59/0x0000027c59093970::apply (8 bytes)
Event: 6.326 Thread 0x0000027c57d62450 nmethod 1618 0x0000027c49135990 code [0x0000027c49135bc0, 0x0000027c49136438]
Event: 6.327 Thread 0x0000027c57d62450 1619       3       java.util.TimSort::reverseRange (32 bytes)
Event: 6.327 Thread 0x0000027c57d62450 nmethod 1619 0x0000027c49136710 code [0x0000027c491368e0, 0x0000027c49136dd8]
Event: 6.327 Thread 0x0000027c57d62450 1620       3       java.util.LinkedHashMap::valuesToArray (38 bytes)
Event: 6.327 Thread 0x0000027c57d62450 nmethod 1620 0x0000027c49136f90 code [0x0000027c49137140, 0x0000027c491374b8]
Event: 6.353 Thread 0x0000027c57d62450 1621       3       java.util.LinkedHashMap$LinkedValues::toArray (16 bytes)
Event: 6.353 Thread 0x0000027c57d62450 nmethod 1621 0x0000027c418cfc90 code [0x0000027c418cfe40, 0x0000027c418cffb8]

GC Heap History (2 events):
Event: 4.346 GC heap before
{Heap before GC invocations=0 (full 0):
 garbage-first heap   total 129024K, used 23552K [0x0000000083600000, 0x0000000100000000)
  region size 1024K, 23 young (23552K), 0 survivors (0K)
 Metaspace       used 5421K, committed 5568K, reserved 1114112K
  class space    used 654K, committed 768K, reserved 1048576K
}
Event: 4.354 GC heap after
{Heap after GC invocations=1 (full 0):
 garbage-first heap   total 129024K, used 3715K [0x0000000083600000, 0x0000000100000000)
  region size 1024K, 3 young (3072K), 3 survivors (3072K)
 Metaspace       used 5421K, committed 5568K, reserved 1114112K
  class space    used 654K, committed 768K, reserved 1048576K
}

Dll operation events (8 events):
Event: 0.021 Loaded shared library C:\Program Files\Eclipse Adoptium\jdk-17.0.20.8-hotspot\bin\java.dll
Event: 0.069 Loaded shared library C:\Program Files\Eclipse Adoptium\jdk-17.0.20.8-hotspot\bin\jsvml.dll
Event: 0.162 Loaded shared library C:\Program Files\Eclipse Adoptium\jdk-17.0.20.8-hotspot\bin\net.dll
Event: 0.183 Loaded shared library C:\Program Files\Eclipse Adoptium\jdk-17.0.20.8-hotspot\bin\nio.dll
Event: 0.295 Loaded shared library C:\Program Files\Eclipse Adoptium\jdk-17.0.20.8-hotspot\bin\zip.dll
Event: 2.377 Loaded shared library C:\Program Files\Apache\Maven\apache-maven-3.9.11\lib\jansi-native\Windows\x86_64\jansi.dll
Event: 2.437 Loaded shared library C:\Program Files\Eclipse Adoptium\jdk-17.0.20.8-hotspot\bin\jimage.dll
Event: 2.480 Loaded shared library C:\Program Files\Eclipse Adoptium\jdk-17.0.20.8-hotspot\bin\verify.dll

Deoptimization events (20 events):
Event: 4.300 Thread 0x0000027c39a41110 Uncommon trap: trap_request=0xffffff45 fr.pc=0x0000027c490e3bd8 relative=0x00000000000017d8
Event: 4.300 Thread 0x0000027c39a41110 Uncommon trap: reason=unstable_if action=reinterpret pc=0x0000027c490e3bd8 method=java.nio.charset.CoderResult.isOverflow()Z @ 5 c2
Event: 4.300 Thread 0x0000027c39a41110 DEOPT PACKING pc=0x0000027c490e3bd8 sp=0x00000082a85fd5a0
Event: 4.300 Thread 0x0000027c39a41110 DEOPT UNPACKING pc=0x0000027c48b4a1a3 sp=0x00000082a85fd2c8 mode 2
Event: 4.395 Thread 0x0000027c39a41110 Uncommon trap: trap_request=0xffffff45 fr.pc=0x0000027c490e8ce0 relative=0x0000000000000de0
Event: 4.395 Thread 0x0000027c39a41110 Uncommon trap: reason=unstable_if action=reinterpret pc=0x0000027c490e8ce0 method=sun.nio.cs.StreamDecoder.read0()I @ 39 c2
Event: 4.395 Thread 0x0000027c39a41110 DEOPT PACKING pc=0x0000027c490e8ce0 sp=0x00000082a85fd500
Event: 4.395 Thread 0x0000027c39a41110 DEOPT UNPACKING pc=0x0000027c48b4a1a3 sp=0x00000082a85fd3a0 mode 2
Event: 4.458 Thread 0x0000027c39a41110 Uncommon trap: trap_request=0xffffff45 fr.pc=0x0000027c490dfdf0 relative=0x0000000000000a50
Event: 4.458 Thread 0x0000027c39a41110 Uncommon trap: reason=unstable_if action=reinterpret pc=0x0000027c490dfdf0 method=java.util.HashMap.putVal(ILjava/lang/Object;Ljava/lang/Object;ZZ)Ljava/lang/Object; @ 181 c2
Event: 4.458 Thread 0x0000027c39a41110 DEOPT PACKING pc=0x0000027c490dfdf0 sp=0x00000082a85fd8a0
Event: 4.458 Thread 0x0000027c39a41110 DEOPT UNPACKING pc=0x0000027c48b4a1a3 sp=0x00000082a85fd840 mode 2
Event: 5.126 Thread 0x0000027c39a41110 Uncommon trap: trap_request=0xffffff45 fr.pc=0x0000027c4910bc80 relative=0x00000000000006c0
Event: 5.126 Thread 0x0000027c39a41110 Uncommon trap: reason=unstable_if action=reinterpret pc=0x0000027c4910bc80 method=java.lang.String.<init>([CIILjava/lang/Void;)V @ 5 c2
Event: 5.126 Thread 0x0000027c39a41110 DEOPT PACKING pc=0x0000027c4910bc80 sp=0x00000082a85fd730
Event: 5.126 Thread 0x0000027c39a41110 DEOPT UNPACKING pc=0x0000027c48b4a1a3 sp=0x00000082a85fd5d0 mode 2
Event: 5.301 Thread 0x0000027c39a41110 DEOPT PACKING pc=0x0000027c417f1508 sp=0x00000082a85fd8d0
Event: 5.301 Thread 0x0000027c39a41110 DEOPT UNPACKING pc=0x0000027c48b4ace3 sp=0x00000082a85fcd40 mode 0
Event: 5.855 Thread 0x0000027c39a41110 DEOPT PACKING pc=0x0000027c417cad6b sp=0x00000082a85fd740
Event: 5.855 Thread 0x0000027c39a41110 DEOPT UNPACKING pc=0x0000027c48b4ace3 sp=0x00000082a85fcc90 mode 0

Classes loaded (20 events):
Event: 4.648 Loading class jdk/internal/reflect/ClassDefiner$1
Event: 4.648 Loading class jdk/internal/reflect/ClassDefiner$1 done
Event: 4.649 Loading class jdk/internal/reflect/BootstrapConstructorAccessorImpl
Event: 4.649 Loading class jdk/internal/reflect/BootstrapConstructorAccessorImpl done
Event: 5.651 Loading class java/lang/Deprecated
Event: 5.654 Loading class java/lang/Deprecated done
Event: 6.000 Loading class sun/reflect/generics/tree/BottomSignature
Event: 6.000 Loading class sun/reflect/generics/tree/BottomSignature done
Event: 6.000 Loading class sun/reflect/generics/tree/Wildcard
Event: 6.000 Loading class sun/reflect/generics/tree/Wildcard done
Event: 6.000 Loading class sun/reflect/generics/reflectiveObjects/WildcardTypeImpl
Event: 6.000 Loading class sun/reflect/generics/reflectiveObjects/WildcardTypeImpl done
Event: 6.001 Loading class sun/reflect/annotation/AnnotatedTypeFactory$AnnotatedParameterizedTypeImpl
Event: 6.001 Loading class java/lang/reflect/AnnotatedParameterizedType
Event: 6.001 Loading class java/lang/reflect/AnnotatedParameterizedType done
Event: 6.001 Loading class sun/reflect/annotation/AnnotatedTypeFactory$AnnotatedParameterizedTypeImpl done
Event: 6.141 Loading class java/security/NoSuchAlgorithmException
Event: 6.143 Loading class java/security/GeneralSecurityException
Event: 6.143 Loading class java/security/GeneralSecurityException done
Event: 6.143 Loading class java/security/NoSuchAlgorithmException done

Classes unloaded (0 events):
No events

Classes redefined (0 events):
No events

Internal exceptions (20 events):
Event: 2.432 Thread 0x0000027c39a41110 Exception <a 'java/lang/NoSuchMethodError'{0x000000008af99450}: 'java.lang.Object java.lang.invoke.DirectMethodHandle$Holder.newInvokeSpecial(java.lang.Object, long, java.lang.Object)'> (0x000000008af99450) 
thrown [s\src\hotspot\share\interpreter\linkResolver.cpp, line 759]
Event: 2.436 Thread 0x0000027c39a41110 Exception <a 'java/lang/NullPointerException'{0x000000008afa5b18}> (0x000000008afa5b18) 
thrown [s\src\hotspot\share\interpreter\linkResolver.cpp, line 1350]
Event: 2.436 Thread 0x0000027c39a41110 Exception <a 'java/lang/NullPointerException'{0x000000008afa5df0}> (0x000000008afa5df0) 
thrown [s\src\hotspot\share\interpreter\linkResolver.cpp, line 1350]
Event: 2.436 Thread 0x0000027c39a41110 Exception <a 'java/lang/NullPointerException'{0x000000008afa60c8}> (0x000000008afa60c8) 
thrown [s\src\hotspot\share\interpreter\linkResolver.cpp, line 1350]
Event: 2.438 Thread 0x0000027c39a41110 Exception <a 'java/lang/NullPointerException'{0x000000008afacb30}> (0x000000008afacb30) 
thrown [s\src\hotspot\share\interpreter\linkResolver.cpp, line 1350]
Event: 2.456 Thread 0x0000027c39a41110 Exception <a 'java/lang/NullPointerException'{0x000000008afc3858}> (0x000000008afc3858) 
thrown [s\src\hotspot\share\interpreter\linkResolver.cpp, line 1350]
Event: 2.456 Thread 0x0000027c39a41110 Exception <a 'java/lang/NullPointerException'{0x000000008afc3b30}> (0x000000008afc3b30) 
thrown [s\src\hotspot\share\interpreter\linkResolver.cpp, line 1350]
Event: 2.456 Thread 0x0000027c39a41110 Exception <a 'java/lang/NullPointerException'{0x000000008afc3e08}> (0x000000008afc3e08) 
thrown [s\src\hotspot\share\interpreter\linkResolver.cpp, line 1350]
Event: 2.456 Thread 0x0000027c39a41110 Exception <a 'java/lang/NullPointerException'{0x000000008afc40e0}> (0x000000008afc40e0) 
thrown [s\src\hotspot\share\interpreter\linkResolver.cpp, line 1350]
Event: 2.520 Thread 0x0000027c39a41110 Exception <a 'java/lang/NoSuchMethodError'{0x000000008ae5a328}: 'void java.lang.invoke.DirectMethodHandle$Holder.invokeStatic(java.lang.Object, java.lang.Object)'> (0x000000008ae5a328) 
thrown [s\src\hotspot\share\interpreter\linkResolver.cpp, line 759]
Event: 2.521 Thread 0x0000027c39a41110 Exception <a 'java/lang/NoSuchMethodError'{0x000000008ae5dc40}: 'void java.lang.invoke.DirectMethodHandle$Holder.invokeStaticInit(java.lang.Object, java.lang.Object)'> (0x000000008ae5dc40) 
thrown [s\src\hotspot\share\interpreter\linkResolver.cpp, line 759]
Event: 2.539 Thread 0x0000027c39a41110 Exception <a 'java/lang/NoSuchMethodError'{0x000000008ad15298}: 'void java.lang.invoke.DirectMethodHandle$Holder.invokeStatic(java.lang.Object, java.lang.Object, java.lang.Object)'> (0x000000008ad15298) 
thrown [s\src\hotspot\share\interpreter\linkResolver.cpp, line 759]
Event: 2.867 Thread 0x0000027c39a41110 Exception <a 'java/lang/NoSuchMethodError'{0x000000008acb68f0}: 'java.lang.Object java.lang.invoke.DirectMethodHandle$Holder.invokeSpecialIFC(java.lang.Object, java.lang.Object, java.lang.Object, java.lang.Object)'> (0x000000008acb68f0) 
thrown [s\src\hotspot\share\interpreter\linkResolver.cpp, line 759]
Event: 3.861 Thread 0x0000027c39a41110 Exception <a 'java/lang/NoSuchMethodError'{0x000000008a6a61b8}: 'void java.lang.invoke.DirectMethodHandle$Holder.invokeSpecial(java.lang.Object, java.lang.Object, java.lang.Object)'> (0x000000008a6a61b8) 
thrown [s\src\hotspot\share\interpreter\linkResolver.cpp, line 759]
Event: 3.996 Thread 0x0000027c39a41110 Exception <a 'java/lang/NoSuchMethodError'{0x000000008a40c548}: 'java.lang.Object java.lang.invoke.DirectMethodHandle$Holder.invokeInterface(java.lang.Object, java.lang.Object)'> (0x000000008a40c548) 
thrown [s\src\hotspot\share\interpreter\linkResolver.cpp, line 759]
Event: 4.039 Thread 0x0000027c39a41110 Exception <a 'java/lang/NoSuchMethodError'{0x000000008a4b9298}: 'java.lang.Object java.lang.invoke.Invokers$Holder.invokeExact_MT(java.lang.Object, java.lang.Object, java.lang.Object, java.lang.Object, java.lang.Object, java.lang.Object)'> (0x000000008a4b9298) 
thrown [s\src\hotspot\share\interpreter\linkResolver.cpp, line 759]
Event: 4.043 Thread 0x0000027c39a41110 Exception <a 'java/lang/NoSuchMethodError'{0x000000008a4ca6b8}: 'int java.lang.invoke.DirectMethodHandle$Holder.invokeSpecialIFC(java.lang.Object, java.lang.Object, java.lang.Object, java.lang.Object, java.lang.Object)'> (0x000000008a4ca6b8) 
thrown [s\src\hotspot\share\interpreter\linkResolver.cpp, line 759]
Event: 4.149 Thread 0x0000027c39a41110 Exception <a 'java/lang/NoSuchMethodError'{0x000000008a27a1b0}: 'java.lang.Object java.lang.invoke.DirectMethodHandle$Holder.newInvokeSpecial(java.lang.Object, java.lang.Object, java.lang.Object, java.lang.Object, java.lang.Object)'> (0x000000008a27a1b0) 
thrown [s\src\hotspot\share\interpreter\linkResolver.cpp, line 759]
Event: 4.226 Thread 0x0000027c39a41110 Exception <a 'java/lang/NoSuchMethodError'{0x000000008a19eaf0}: 'int java.lang.invoke.DirectMethodHandle$Holder.invokeStaticInit(java.lang.Object, java.lang.Object)'> (0x000000008a19eaf0) 
thrown [s\src\hotspot\share\interpreter\linkResolver.cpp, line 759]
Event: 4.245 Thread 0x0000027c39a41110 Exception <a 'java/lang/NoClassDefFoundError'{0x000000008a1d7b68}: javax/enterprise/inject/Typed> (0x000000008a1d7b68) 
thrown [s\src\hotspot\share\classfile\systemDictionary.cpp, line 246]

VM Operations (20 events):
Event: 0.297 Executing VM operation: HandshakeAllThreads
Event: 0.297 Executing VM operation: HandshakeAllThreads done
Event: 1.306 Executing VM operation: Cleanup
Event: 1.306 Executing VM operation: Cleanup done
Event: 2.313 Executing VM operation: Cleanup
Event: 2.313 Executing VM operation: Cleanup done
Event: 2.319 Executing VM operation: HandshakeAllThreads
Event: 2.319 Executing VM operation: HandshakeAllThreads done
Event: 2.448 Executing VM operation: HandshakeAllThreads
Event: 2.448 Executing VM operation: HandshakeAllThreads done
Event: 2.944 Executing VM operation: HandshakeAllThreads
Event: 2.944 Executing VM operation: HandshakeAllThreads done
Event: 3.949 Executing VM operation: Cleanup
Event: 3.949 Executing VM operation: Cleanup done
Event: 4.343 Executing VM operation: G1CollectForAllocation
Event: 4.354 Executing VM operation: G1CollectForAllocation done
Event: 5.359 Executing VM operation: Cleanup
Event: 5.359 Executing VM operation: Cleanup done
Event: 6.369 Executing VM operation: Cleanup
Event: 6.369 Executing VM operation: Cleanup done

Memory protections (0 events):
No events

Nmethod flushes (0 events):
No events

Events (14 events):
Event: 0.070 Thread 0x0000027c39a41110 Thread added: 0x0000027c39a41110
Event: 0.077 Thread 0x0000027c39a41110 Thread added: 0x0000027c57d43bb0
Event: 0.078 Thread 0x0000027c39a41110 Thread added: 0x0000027c57d44840
Event: 0.103 Thread 0x0000027c39a41110 Thread added: 0x0000027c57d5cf60
Event: 0.103 Thread 0x0000027c39a41110 Thread added: 0x0000027c57d5d920
Event: 0.104 Thread 0x0000027c39a41110 Thread added: 0x0000027c57d5e2e0
Event: 0.104 Thread 0x0000027c39a41110 Thread added: 0x0000027c57d5eca0
Event: 0.104 Thread 0x0000027c39a41110 Thread added: 0x0000027c57d619a0
Event: 0.104 Thread 0x0000027c39a41110 Thread added: 0x0000027c57d62450
Event: 0.104 Thread 0x0000027c39a41110 Thread added: 0x0000027c57d64e60
Event: 0.136 Thread 0x0000027c39a41110 Thread added: 0x0000027c9d1206a0
Event: 0.140 Thread 0x0000027c39a41110 Thread added: 0x0000027c9d124e30
Event: 2.344 Thread 0x0000027c39a41110 Thread added: 0x0000027c9d3a2de0
Event: 2.504 Thread 0x0000027c9d3a2de0 Thread exited: 0x0000027c9d3a2de0


Dynamic libraries:
0x00007ff73a0e0000 - 0x00007ff73a0ee000 	C:\Program Files\Eclipse Adoptium\jdk-17.0.20.8-hotspot\bin\java.exe
0x00007ff954900000 - 0x00007ff954b67000 	C:\WINDOWS\SYSTEM32\ntdll.dll
0x00007ff8c05a0000 - 0x00007ff8c05c1000 	C:\Program Files\Norton\Suite\aswhook.dll
0x00007ff9538f0000 - 0x00007ff9539b9000 	C:\WINDOWS\System32\KERNEL32.DLL
0x00007ff951530000 - 0x00007ff951927000 	C:\WINDOWS\System32\KERNELBASE.dll
0x00007ff952530000 - 0x00007ff95267b000 	C:\WINDOWS\System32\ucrtbase.dll
0x00007ff9238f0000 - 0x00007ff923908000 	C:\Program Files\Eclipse Adoptium\jdk-17.0.20.8-hotspot\bin\jli.dll
0x00007ff953bb0000 - 0x00007ff953d76000 	C:\WINDOWS\System32\USER32.dll
0x00007ff9522d0000 - 0x00007ff9522f7000 	C:\WINDOWS\System32\win32u.dll
0x00007ff953a60000 - 0x00007ff953a8b000 	C:\WINDOWS\System32\GDI32.dll
0x00007ff951930000 - 0x00007ff951a5c000 	C:\WINDOWS\System32\gdi32full.dll
0x00007ff952480000 - 0x00007ff952523000 	C:\WINDOWS\System32\msvcp_win.dll
0x00007ff922a30000 - 0x00007ff922a4e000 	C:\Program Files\Eclipse Adoptium\jdk-17.0.20.8-hotspot\bin\VCRUNTIME140.dll
0x00007ff930120000 - 0x00007ff9303b2000 	C:\WINDOWS\WinSxS\amd64_microsoft.windows.common-controls_6595b64144ccf1df_6.0.26100.8457_none_3e0b2faee331e92d\COMCTL32.dll
0x00007ff9528b0000 - 0x00007ff952959000 	C:\WINDOWS\System32\msvcrt.dll
0x00007ff9546d0000 - 0x00007ff954702000 	C:\WINDOWS\System32\IMM32.DLL
0x00007ff93b8b0000 - 0x00007ff93b8bc000 	C:\Program Files\Eclipse Adoptium\jdk-17.0.20.8-hotspot\bin\vcruntime140_1.dll
0x00007ff912810000 - 0x00007ff91289d000 	C:\Program Files\Eclipse Adoptium\jdk-17.0.20.8-hotspot\bin\msvcp140.dll
0x00007ff8d2290000 - 0x00007ff8d2efc000 	C:\Program Files\Eclipse Adoptium\jdk-17.0.20.8-hotspot\bin\server\jvm.dll
0x00007ff952b40000 - 0x00007ff952bf6000 	C:\WINDOWS\System32\ADVAPI32.dll
0x00007ff952760000 - 0x00007ff952807000 	C:\WINDOWS\System32\sechost.dll
0x00007ff952a20000 - 0x00007ff952b38000 	C:\WINDOWS\System32\RPCRT4.dll
0x00007ff953a90000 - 0x00007ff953b10000 	C:\WINDOWS\System32\WS2_32.dll
0x00007ff951190000 - 0x00007ff9511ee000 	C:\WINDOWS\SYSTEM32\POWRPROF.dll
0x00007ff948f20000 - 0x00007ff948f56000 	C:\WINDOWS\SYSTEM32\WINMM.dll
0x00007ff941340000 - 0x00007ff94134b000 	C:\WINDOWS\SYSTEM32\VERSION.dll
0x00007ff951170000 - 0x00007ff951184000 	C:\WINDOWS\SYSTEM32\UMPDC.dll
0x00007ff9500c0000 - 0x00007ff9500db000 	C:\WINDOWS\SYSTEM32\kernel.appcore.dll
0x00007ff93b710000 - 0x00007ff93b71a000 	C:\Program Files\Eclipse Adoptium\jdk-17.0.20.8-hotspot\bin\jimage.dll
0x00007ff94efe0000 - 0x00007ff94f222000 	C:\WINDOWS\SYSTEM32\DBGHELP.DLL
0x00007ff9532f0000 - 0x00007ff953673000 	C:\WINDOWS\System32\combase.dll
0x00007ff952680000 - 0x00007ff952759000 	C:\WINDOWS\System32\OLEAUT32.dll
0x00007ff9403b0000 - 0x00007ff9403eb000 	C:\WINDOWS\SYSTEM32\dbgcore.DLL
0x00007ff951330000 - 0x00007ff9513d8000 	C:\WINDOWS\System32\bcryptPrimitives.dll
0x00007ff922600000 - 0x00007ff922625000 	C:\Program Files\Eclipse Adoptium\jdk-17.0.20.8-hotspot\bin\java.dll
0x00007ff8ff9a0000 - 0x00007ff8ffa77000 	C:\Program Files\Eclipse Adoptium\jdk-17.0.20.8-hotspot\bin\jsvml.dll
0x00007ff953ed0000 - 0x00007ff95463e000 	C:\WINDOWS\System32\SHELL32.dll
0x00007ff951a60000 - 0x00007ff9522cc000 	C:\WINDOWS\System32\windows.storage.dll
0x00007ff953690000 - 0x00007ff953786000 	C:\WINDOWS\System32\SHCORE.dll
0x00007ff952810000 - 0x00007ff952876000 	C:\WINDOWS\System32\shlwapi.dll
0x00007ff951250000 - 0x00007ff951279000 	C:\WINDOWS\SYSTEM32\profapi.dll
0x00007ff921e80000 - 0x00007ff921e9a000 	C:\Program Files\Eclipse Adoptium\jdk-17.0.20.8-hotspot\bin\net.dll
0x00007ff944970000 - 0x00007ff944a99000 	C:\WINDOWS\SYSTEM32\WINHTTP.dll
0x00007ff950630000 - 0x00007ff95069c000 	C:\WINDOWS\system32\mswsock.dll
0x00007ff9218b0000 - 0x00007ff9218c6000 	C:\Program Files\Eclipse Adoptium\jdk-17.0.20.8-hotspot\bin\nio.dll
0x00007ff921820000 - 0x00007ff921838000 	C:\Program Files\Eclipse Adoptium\jdk-17.0.20.8-hotspot\bin\zip.dll
0x00007ff9274e0000 - 0x00007ff927504000 	C:\Program Files\Apache\Maven\apache-maven-3.9.11\lib\jansi-native\Windows\x86_64\jansi.dll
0x00007ff93af80000 - 0x00007ff93af90000 	C:\Program Files\Eclipse Adoptium\jdk-17.0.20.8-hotspot\bin\verify.dll

dbghelp: loaded successfully - version: 4.0.5 - missing functions: none
symbol engine: initialized successfully - sym options: 0x614 - pdb path: .;C:\Program Files\Eclipse Adoptium\jdk-17.0.20.8-hotspot\bin;C:\WINDOWS\SYSTEM32;C:\Program Files\Norton\Suite;C:\WINDOWS\WinSxS\amd64_microsoft.windows.common-controls_6595b64144ccf1df_6.0.26100.8457_none_3e0b2faee331e92d;C:\Program Files\Eclipse Adoptium\jdk-17.0.20.8-hotspot\bin\server;C:\Program Files\Apache\Maven\apache-maven-3.9.11\lib\jansi-native\Windows\x86_64

VM Arguments:
jvm_args: --enable-native-access=ALL-UNNAMED -Dclassworlds.conf=C:\Program Files\Apache\Maven\apache-maven-3.9.11\bin\m2.conf -Dmaven.home=C:\Program Files\Apache\Maven\apache-maven-3.9.11 -Dlibrary.jansi.path=C:\Program Files\Apache\Maven\apache-maven-3.9.11\lib\jansi-native -Dmaven.multiModuleProjectDirectory=D:\Scalable1\gateway\customer-service 
java_command: org.codehaus.plexus.classworlds.launcher.Launcher spring-boot:run
java_class_path (initial): C:\Program Files\Apache\Maven\apache-maven-3.9.11\boot\plexus-classworlds-2.9.0.jar
Launcher Type: SUN_STANDARD

[Global flags]
     intx CICompilerCount                          = 4                                         {product} {ergonomic}
     uint ConcGCThreads                            = 2                                         {product} {ergonomic}
     uint G1ConcRefinementThreads                  = 8                                         {product} {ergonomic}
   size_t G1HeapRegionSize                         = 1048576                                   {product} {ergonomic}
    uintx GCDrainStackTargetSize                   = 64                                        {product} {ergonomic}
   size_t InitialHeapSize                          = 132120576                                 {product} {ergonomic}
   size_t MarkStackSize                            = 4194304                                   {product} {ergonomic}
   size_t MaxHeapSize                              = 2090860544                                {product} {ergonomic}
   size_t MaxNewSize                               = 1254096896                                {product} {ergonomic}
   size_t MinHeapDeltaBytes                        = 1048576                                   {product} {ergonomic}
   size_t MinHeapSize                              = 8388608                                   {product} {ergonomic}
    uintx NonNMethodCodeHeapSize                   = 5839372                                {pd product} {ergonomic}
    uintx NonProfiledCodeHeapSize                  = 122909434                              {pd product} {ergonomic}
    uintx ProfiledCodeHeapSize                     = 122909434                              {pd product} {ergonomic}
    uintx ReservedCodeCacheSize                    = 251658240                              {pd product} {ergonomic}
     bool SegmentedCodeCache                       = true                                      {product} {ergonomic}
   size_t SoftMaxHeapSize                          = 2090860544                             {manageable} {ergonomic}
     bool UseCompressedClassPointers               = true                           {product lp64_product} {ergonomic}
     bool UseCompressedOops                        = true                           {product lp64_product} {ergonomic}
     bool UseG1GC                                  = true                                      {product} {ergonomic}
     bool UseLargePagesIndividualAllocation        = false                                  {pd product} {ergonomic}

Logging:
Log output configuration:
 #0: stdout all=warning uptime,level,tags
 #1: stderr all=off uptime,level,tags

Environment Variables:
JAVA_HOME=C:\Program Files\Eclipse Adoptium\jdk-17.0.20.8-hotspot
PATH=C:\Program Files\Eclipse Adoptium\jdk-17.0.20.8-hotspot\bin;C:\Program Files (x86)\Common Files\Oracle\Java\java8path;C:\Program Files (x86)\Common Files\Oracle\Java\javapath;D:\User1\dbhomeXE\bin;C:\Windows\system32;C:\Windows;C:\Windows\System32\Wbem;C:\Windows\System32\WindowsPowerShell\v1.0\;C:\Windows\System32\OpenSSH\;C:\Program Files (x86)\NVIDIA Corporation\PhysX\Common;C:\Program Files\NVIDIA Corporation\NVIDIA NvDLISR;C:\WINDOWS\system32;C:\WINDOWS;C:\WINDOWS\System32\Wbem;C:\WINDOWS\System32\WindowsPowerShell\v1.0\;C:\WINDOWS\System32\OpenSSH\;C:\Program Files\dotnet\;C:\MinGW\bin;C:\Program Files\Java\jdk1.8.0_202\bin;C:\Users\leemi\AppData\Local\Programs\Python\Launcher\;C:\Users\leemi\AppData\Local\Microsoft\WindowsApps;C:\Users\leemi\.dotnet\tools;C:\Users\leemi\AppData\Local\Programs\Microsoft VS Code\bin;C:\Users\leemi\AppData\Local\GitHubDesktop\bin;C:\Users\leemi\AppData\Roaming\npm;C:\Program Files\JetBrains\IntelliJ IDEA 2024.3.5\bin;C:\Program Files\MySQL\MySQL Server 8.0\bin;C:\Users\leemi\Downloads\apache-maven-3.9.9-bin\apache-maven-3.9.9\bin;C:\Program Files\Python312\;C:\Program Files\Python312\Scripts\;C:\Users\leemi\AppData\Roaming\Python\Python312\Scripts\;C:\Program Files\MongoDB\Server\8.0\bin;D:\develop\flutter\bin;D:\sdk\cmdline-tools\latest\bin;D:\sdk\platform-tools;C:\Gradle\gradle-8.11.1\bin;C:\Program Files\Apache\Maven\apache-maven-3.9.11\bin;D:\FlutterCache\.pub-cache\bin;C:\Program Files (x86)\Windows Kits\10\Windows Performance Toolkit\;C:\Program Files\swipl\bin;C:\Program Files\Docker\Docker\resources\bin;C:\Program Files\Git\cmd;D:\Java\jdk-17\bin;C:\Users\leemi\AppData\Local\Programs\Python\Launcher\;C:\Users\leemi\AppData\Local\Microsoft\WindowsApps;C:\Users\leemi\.dotnet\tools;C:\Users\leemi\AppData\Local\Programs\Microsoft VS Code\bin;C:\Users\leemi\AppData\Local\GitHubDesktop\bin;C:\Program Files\Java\jdk1.8.0_202\bin;C:\Program Files\JetBrains\IntelliJ IDEA 2024.3.5\bin;
USERNAME=leemi
LANG=en_US.UTF-8
OS=Windows_NT
PROCESSOR_IDENTIFIER=Intel64 Family 6 Model 140 Stepping 2, GenuineIntel
TMP=D:\TempFlutter
TEMP=D:\TempFlutter



Periodic native trim disabled


---------------  S Y S T E M  ---------------

OS:
 Windows 11 , 64 bit Build 26100 (10.0.26100.8328)
OS uptime: 0 days 14:40 hours
Hyper-V role detected

CPU: total 8 (initial active 8) (4 cores per cpu, 2 threads per core) family 6 model 140 stepping 2 microcode 0x26, cx8, cmov, fxsr, ht, mmx, 3dnowpref, sse, sse2, sse3, ssse3, sse4.1, sse4.2, popcnt, lzcnt, tsc, tscinvbit, avx, avx2, aes, erms, clmul, bmi1, bmi2, adx, avx512f, avx512dq, avx512cd, avx512bw, avx512vl, sha, fma, vzeroupper, avx512_vpopcntdq, avx512_vpclmulqdq, avx512_vaes, avx512_vnni, clflush, clflushopt, clwb, avx512_vbmi2, avx512_vbmi, hv
Processor Information for all 8 processors :
  Max Mhz: 3187, Current Mhz: 3187, Mhz Limit: 3187

Memory: 4k page, system-wide physical 7975M (546M free)
TotalPageFile size 17231M (AvailPageFile size 213M)
current process WorkingSet (physical memory assigned to process): 84M, peak: 84M
current process commit charge ("private bytes"): 226M, peak: 226M

vm_info: OpenJDK 64-Bit Server VM (17.0.20+8) for windows-amd64 JRE (17.0.20+8), built on Jul 22 2026 00:41:45 by "admin" with MS VC++ 17.12 (VS2022)

END.
