#
# There is insufficient memory for the Java Runtime Environment to continue.
# Native memory allocation (malloc) failed to allocate 1665680 bytes. Error detail: Chunk::new
# Possible reasons:
#   The system is out of physical RAM or swap space
#   This process is running with CompressedOops enabled, and the Java Heap may be blocking the growth of the native heap
# Possible solutions:
#   Reduce memory load on the system
#   Increase physical memory or swap space
#   Check if swap backing store is full
#   Decrease Java heap size (-Xmx/-Xms)
#   Decrease number of Java threads
#   Decrease Java thread stack sizes (-Xss)
#   Set larger code cache with -XX:ReservedCodeCacheSize=
#   JVM is running with Unscaled Compressed Oops mode in which the Java heap is
#     placed in the first 4GB address space. The Java Heap base address is the
#     maximum limit for the native heap growth. Please use -XX:HeapBaseMinAddress
#     to set the Java Heap base and to place the Java Heap above 4GB virtual address.
# This output file may be truncated or incomplete.
#
#  Out of Memory Error (arena.cpp:168), pid=15356, tid=23596
#
# JRE version: OpenJDK Runtime Environment Temurin-21.0.11+10 (21.0.11+10) (build 21.0.11+10-LTS)
# Java VM: OpenJDK 64-Bit Server VM Temurin-21.0.11+10 (21.0.11+10-LTS, mixed mode, sharing, tiered, compressed oops, compressed class ptrs, parallel gc, windows-amd64)
# No core dump will be written. Minidumps are not enabled by default on client versions of Windows
#

---------------  S U M M A R Y ------------

Command Line: --add-modules=ALL-SYSTEM --add-opens=java.base/java.util=ALL-UNNAMED --add-opens=java.base/java.lang=ALL-UNNAMED --add-opens=java.base/sun.nio.fs=ALL-UNNAMED -Declipse.application=org.eclipse.jdt.ls.core.id1 -Dosgi.bundles.defaultStartLevel=4 -Declipse.product=org.eclipse.jdt.ls.core.product -Djava.import.generatesMetadataFilesAtProjectRoot=false -DDetectVMInstallationsJob.disabled=true -Dfile.encoding=utf8 -XX:+UseParallelGC -XX:GCTimeRatio=4 -XX:AdaptiveSizePolicyWeight=90 -Dsun.zip.disableMemoryMapping=true -Xmx2G -Xms100m -Xlog:disable -javaagent:c:\Users\leemi\.vscode\extensions\redhat.java-1.55.0-win32-x64\lombok\lombok-1.18.39-4050.jar -XX:+HeapDumpOnOutOfMemoryError -XX:HeapDumpPath=c:\Users\leemi\AppData\Roaming\Code\User\workspaceStorage\ff42aa06e46e0e2d4680659d76b65a79\redhat.java -Daether.dependencyCollector.impl=bf c:\Users\leemi\.vscode\extensions\redhat.java-1.55.0-win32-x64\server\plugins\org.eclipse.equinox.launcher_1.7.200.v20260619-2039.jar -configuration c:\Users\leemi\AppData\Roaming\Code\User\globalStorage\redhat.java\1.55.0\config_win -data c:\Users\leemi\AppData\Roaming\Code\User\workspaceStorage\ff42aa06e46e0e2d4680659d76b65a79\redhat.java\jdt_ws --pipe=\\.\pipe\lsp-6f2b5667f8914e5dd31223761b33c2b1-sock

Host: 11th Gen Intel(R) Core(TM) i5-11320H @ 3.20GHz, 8 cores, 7G,  Windows 11 , 64 bit Build 26100 (10.0.26100.8328)
Time: Wed Aug  5 23:08:11 2026 India Standard Time elapsed time: 7.537671 seconds (0d 0h 0m 7s)

---------------  T H R E A D  ---------------

Current thread (0x000001f87618d760):  JavaThread "C2 CompilerThread0" daemon [_thread_in_native, id=23596, stack(0x000000850ba00000,0x000000850bb00000) (1024K)]


Current CompileTask:
C2:7537 3115       4       java.lang.invoke.MethodType::makeImpl (109 bytes)

Stack: [0x000000850ba00000,0x000000850bb00000]
Native frames: (J=compiled Java code, j=interpreted, Vv=VM code, C=native code)
V  [jvm.dll+0x6d7e19]
V  [jvm.dll+0x8b5096]
V  [jvm.dll+0x8b764e]
V  [jvm.dll+0x8b7d33]
V  [jvm.dll+0x284596]
V  [jvm.dll+0xc685d]
V  [jvm.dll+0xc6da1]
V  [jvm.dll+0x3bed6b]
V  [jvm.dll+0x38b2b2]
V  [jvm.dll+0x38a6fa]
V  [jvm.dll+0x24c700]
V  [jvm.dll+0x24bce0]
V  [jvm.dll+0x1cb4ae]
V  [jvm.dll+0x25baad]
V  [jvm.dll+0x25a03a]
V  [jvm.dll+0x3f868e]
V  [jvm.dll+0x85fb0d]
V  [jvm.dll+0x6d664d]
C  [ucrtbase.dll+0x37b0]
C  [KERNEL32.DLL+0x2e957]
C  [ntdll.dll+0x427c]


---------------  P R O C E S S  ---------------

Threads class SMR info:
_java_thread_list=0x000001f87c14f2f0, length=22, elements={
0x000001f85d824b80, 0x000001f85d8de2d0, 0x000001f87617bb50, 0x000001f876181920,
0x000001f8761850a0, 0x000001f8761863d0, 0x000001f876186e30, 0x000001f87618d760,
0x000001f877b58070, 0x000001f877de0c10, 0x000001f877e88d80, 0x000001f87c500200,
0x000001f87c721400, 0x000001f87c697830, 0x000001f87c698670, 0x000001f87cec18e0,
0x000001f87c7fd170, 0x000001f87d2b6520, 0x000001f87c1136a0, 0x000001f87c78db80,
0x000001f87c78b420, 0x000001f87c78a700
}

Java Threads: ( => current thread )
  0x000001f85d824b80 JavaThread "main"                              [_thread_blocked, id=13948, stack(0x000000850b000000,0x000000850b100000) (1024K)]
  0x000001f85d8de2d0 JavaThread "Reference Handler"          daemon [_thread_blocked, id=23952, stack(0x000000850b400000,0x000000850b500000) (1024K)]
  0x000001f87617bb50 JavaThread "Finalizer"                  daemon [_thread_blocked, id=18724, stack(0x000000850b500000,0x000000850b600000) (1024K)]
  0x000001f876181920 JavaThread "Signal Dispatcher"          daemon [_thread_blocked, id=11872, stack(0x000000850b600000,0x000000850b700000) (1024K)]
  0x000001f8761850a0 JavaThread "Attach Listener"            daemon [_thread_blocked, id=7836, stack(0x000000850b700000,0x000000850b800000) (1024K)]
  0x000001f8761863d0 JavaThread "Service Thread"             daemon [_thread_blocked, id=23332, stack(0x000000850b800000,0x000000850b900000) (1024K)]
  0x000001f876186e30 JavaThread "Monitor Deflation Thread"   daemon [_thread_blocked, id=24304, stack(0x000000850b900000,0x000000850ba00000) (1024K)]
=>0x000001f87618d760 JavaThread "C2 CompilerThread0"         daemon [_thread_in_native, id=23596, stack(0x000000850ba00000,0x000000850bb00000) (1024K)]
  0x000001f877b58070 JavaThread "C1 CompilerThread0"         daemon [_thread_blocked, id=23700, stack(0x000000850bb00000,0x000000850bc00000) (1024K)]
  0x000001f877de0c10 JavaThread "Common-Cleaner"             daemon [_thread_blocked, id=4356, stack(0x000000850bd00000,0x000000850be00000) (1024K)]
  0x000001f877e88d80 JavaThread "Notification Thread"        daemon [_thread_blocked, id=24440, stack(0x000000850be00000,0x000000850bf00000) (1024K)]
  0x000001f87c500200 JavaThread "Active Thread: Equinox Container: ed202e49-28f9-4a76-b8a9-ea3b79678d4c"        [_thread_blocked, id=5076, stack(0x000000850bc00000,0x000000850bd00000) (1024K)]
  0x000001f87c721400 JavaThread "Refresh Thread: Equinox Container: ed202e49-28f9-4a76-b8a9-ea3b79678d4c" daemon [_thread_blocked, id=24052, stack(0x000000850c700000,0x000000850c800000) (1024K)]
  0x000001f87c697830 JavaThread "Framework Event Dispatcher: Equinox Container: ed202e49-28f9-4a76-b8a9-ea3b79678d4c" daemon [_thread_blocked, id=16964, stack(0x000000850c800000,0x000000850c900000) (1024K)]
  0x000001f87c698670 JavaThread "Start Level: Equinox Container: ed202e49-28f9-4a76-b8a9-ea3b79678d4c" daemon [_thread_in_native, id=23976, stack(0x000000850c900000,0x000000850ca00000) (1024K)]
  0x000001f87cec18e0 JavaThread "Bundle File Closer"         daemon [_thread_blocked, id=21256, stack(0x000000850ca00000,0x000000850cb00000) (1024K)]
  0x000001f87c7fd170 JavaThread "SCR Component Actor"        daemon [_thread_blocked, id=23956, stack(0x000000850c500000,0x000000850c600000) (1024K)]
  0x000001f87d2b6520 JavaThread "C2 CompilerThread1"         daemon [_thread_blocked, id=23784, stack(0x000000850cb00000,0x000000850cc00000) (1024K)]
  0x000001f87c1136a0 JavaThread "Worker-JM"                         [_thread_blocked, id=23916, stack(0x000000850cc00000,0x000000850cd00000) (1024K)]
  0x000001f87c78db80 JavaThread "JNA Cleaner"                daemon [_thread_blocked, id=4296, stack(0x000000850cd00000,0x000000850ce00000) (1024K)]
  0x000001f87c78b420 JavaThread "Worker-0: Checking project encoding"        [_thread_blocked, id=2768, stack(0x000000850ce00000,0x000000850cf00000) (1024K)]
  0x000001f87c78a700 JavaThread "Worker-1"                          [_thread_blocked, id=14756, stack(0x000000850cf00000,0x000000850d000000) (1024K)]
Total: 22

Other Threads:
  0x000001f85d8c89e0 VMThread "VM Thread"                           [id=2260, stack(0x000000850b300000,0x000000850b400000) (1024K)]
  0x000001f85d8952f0 WatcherThread "VM Periodic Task Thread"        [id=19916, stack(0x000000850b200000,0x000000850b300000) (1024K)]
  0x000001f85d845520 WorkerThread "GC Thread#0"                     [id=22568, stack(0x000000850b100000,0x000000850b200000) (1024K)]
  0x000001f87c49f120 WorkerThread "GC Thread#1"                     [id=7108, stack(0x000000850bf00000,0x000000850c000000) (1024K)]
  0x000001f87c58ba80 WorkerThread "GC Thread#2"                     [id=16484, stack(0x000000850c000000,0x000000850c100000) (1024K)]
  0x000001f87c2da6b0 WorkerThread "GC Thread#3"                     [id=13304, stack(0x000000850c100000,0x000000850c200000) (1024K)]
  0x000001f87c2daa60 WorkerThread "GC Thread#4"                     [id=22360, stack(0x000000850c200000,0x000000850c300000) (1024K)]
  0x000001f87c2dae10 WorkerThread "GC Thread#5"                     [id=6032, stack(0x000000850c300000,0x000000850c400000) (1024K)]
  0x000001f87c2db5d0 WorkerThread "GC Thread#6"                     [id=20776, stack(0x000000850c400000,0x000000850c500000) (1024K)]
  0x000001f87c720b00 WorkerThread "GC Thread#7"                     [id=3944, stack(0x000000850c600000,0x000000850c700000) (1024K)]
Total: 10

Threads with active compile tasks:
C2 CompilerThread0  7583 3115       4       java.lang.invoke.MethodType::makeImpl (109 bytes)
Total: 1

VM state: not at safepoint (normal execution)

VM Mutex/Monitor currently owned by a thread: None

Heap address: 0x0000000080000000, size: 2048 MB, Compressed Oops mode: 32-bit

CDS archive(s) mapped at: [0x000001f800000000-0x000001f800ba0000-0x000001f800ba0000), size 12189696, SharedBaseAddress: 0x000001f800000000, ArchiveRelocationMode: 1.
Compressed class space mapped at: 0x000001f801000000-0x000001f841000000, reserved size: 1073741824
Narrow klass base: 0x000001f800000000, Narrow klass shift: 0, Narrow klass range: 0x100000000

GC Precious Log:
 CardTable entry size: 512
 CPUs: 8 total, 8 available
 Memory: 7975M
 Large Page Support: Disabled
 NUMA Support: Disabled
 Compressed Oops: Enabled (32-bit)
 Alignments: Space 512K, Generation 512K, Heap 2M
 Heap Min Capacity: 100M
 Heap Initial Capacity: 100M
 Heap Max Capacity: 2G
 Pre-touch: Disabled
 Parallel Workers: 8

Heap:
 PSYoungGen      total 29184K, used 17795K [0x00000000d5580000, 0x00000000d7900000, 0x0000000100000000)
  eden space 25088K, 54% used [0x00000000d5580000,0x00000000d62e1ef8,0x00000000d6e00000)
  from space 4096K, 99% used [0x00000000d6e80000,0x00000000d727ede8,0x00000000d7280000)
  to   space 5632K, 0% used [0x00000000d7380000,0x00000000d7380000,0x00000000d7900000)
 ParOldGen       total 68608K, used 7847K [0x0000000080000000, 0x0000000084300000, 0x00000000d5580000)
  object space 68608K, 11% used [0x0000000080000000,0x00000000807a9c58,0x0000000084300000)
 Metaspace       used 17760K, committed 18432K, reserved 1114112K
  class space    used 1877K, committed 2176K, reserved 1048576K

Card table byte_map: [0x000001f8714c0000,0x000001f8718d0000] _byte_map_base: 0x000001f8710c0000

Marking Bits: (ParMarkBitMap*) 0x00007ff8d8844460
 Begin Bits: [0x000001f871b80000, 0x000001f873b80000)
 End Bits:   [0x000001f873b80000, 0x000001f875b80000)

Polling page: 0x000001f85d790000

Metaspace:

Usage:
  Non-class:     15.51 MB used.
      Class:      1.83 MB used.
       Both:     17.34 MB used.

Virtual space:
  Non-class space:       64.00 MB reserved,      15.88 MB ( 25%) committed,  1 nodes.
      Class space:        1.00 GB reserved,       2.12 MB ( <1%) committed,  1 nodes.
             Both:        1.06 GB reserved,      18.00 MB (  2%) committed. 

Chunk freelists:
   Non-Class:  128.00 KB
       Class:  13.74 MB
        Both:  13.86 MB

MaxMetaspaceSize: unlimited
CompressedClassSpaceSize: 1.00 GB
Initial GC threshold: 21.00 MB
Current GC threshold: 21.00 MB
CDS: on
 - commit_granule_bytes: 65536.
 - commit_granule_words: 8192.
 - virtual_space_node_default_size: 8388608.
 - enlarge_chunks_in_place: 1.
 - use_allocation_guard: 0.


Internal statistics:

num_allocs_failed_limit: 0.
num_arena_births: 558.
num_arena_deaths: 0.
num_vsnodes_births: 2.
num_vsnodes_deaths: 0.
num_space_committed: 288.
num_space_uncommitted: 0.
num_chunks_returned_to_freelist: 0.
num_chunks_taken_from_freelist: 1211.
num_chunk_merges: 0.
num_chunk_splits: 773.
num_chunks_enlarged: 498.
num_inconsistent_stats: 0.

CodeHeap 'non-profiled nmethods': size=120000Kb used=1411Kb max_used=1411Kb free=118588Kb
 bounds [0x000001f869db0000, 0x000001f86a020000, 0x000001f8712e0000]
CodeHeap 'profiled nmethods': size=120000Kb used=6485Kb max_used=6485Kb free=113514Kb
 bounds [0x000001f8622e0000, 0x000001f862940000, 0x000001f869810000]
CodeHeap 'non-nmethods': size=5760Kb used=1285Kb max_used=1298Kb free=4474Kb
 bounds [0x000001f869810000, 0x000001f869a80000, 0x000001f869db0000]
CodeCache: size=245760Kb, used=9181Kb, max_used=9194Kb, free=236576Kb
 total_blobs=3769, nmethods=3217, adapters=458, full_count=0
Compilation: enabled, stopped_count=0, restarted_count=0

Compilation events (20 events):
Event: 7.466 Thread 0x000001f877b58070 3199   !   3       org.eclipse.osgi.storage.BundleInfo$Generation::getDomain (90 bytes)
Event: 7.466 Thread 0x000001f877b58070 nmethod 3199 0x000001f86292d710 code [0x000001f86292d8c0, 0x000001f86292db10]
Event: 7.466 Thread 0x000001f877b58070 3200       3       org.apache.felix.scr.impl.manager.DependencyManager::cardinalitySatisfied (14 bytes)
Event: 7.466 Thread 0x000001f877b58070 nmethod 3200 0x000001f86292dc10 code [0x000001f86292dda0, 0x000001f86292df00]
Event: 7.468 Thread 0x000001f87d2b6520 3201       4       java.util.ArrayList$SubList$1::next (85 bytes)
Event: 7.470 Thread 0x000001f87d2b6520 nmethod 3201 0x000001f869f0ef10 code [0x000001f869f0f0a0, 0x000001f869f0f220]
Event: 7.475 Thread 0x000001f877b58070 3202       3       java.lang.invoke.InvokerBytecodeGenerator::<init> (80 bytes)
Event: 7.476 Thread 0x000001f877b58070 nmethod 3202 0x000001f86292df90 code [0x000001f86292e160, 0x000001f86292e4f8]
Event: 7.479 Thread 0x000001f877b58070 3205       3       java.lang.invoke.LambdaFormBuffer::insertName (106 bytes)
Event: 7.479 Thread 0x000001f877b58070 nmethod 3205 0x000001f86292e790 code [0x000001f86292e960, 0x000001f86292eb88]
Event: 7.483 Thread 0x000001f877b58070 3208       3       jdk.internal.org.objectweb.asm.Type::getSort (19 bytes)
Event: 7.484 Thread 0x000001f877b58070 nmethod 3208 0x000001f86292ec90 code [0x000001f86292ee20, 0x000001f86292ef70]
Event: 7.484 Thread 0x000001f877b58070 3209       3       jdk.internal.org.objectweb.asm.FieldWriter::computeFieldInfoSize (86 bytes)
Event: 7.484 Thread 0x000001f877b58070 nmethod 3209 0x000001f86292f010 code [0x000001f86292f200, 0x000001f86292f4e0]
Event: 7.484 Thread 0x000001f877b58070 3211       3       jdk.internal.org.objectweb.asm.FieldWriter::putFieldInfo (269 bytes)
Event: 7.485 Thread 0x000001f877b58070 nmethod 3211 0x000001f86292f610 code [0x000001f86292f8a0, 0x000001f862930190]
Event: 7.485 Thread 0x000001f877b58070 3212       3       jdk.internal.org.objectweb.asm.SymbolTable::putBootstrapMethods (56 bytes)
Event: 7.485 Thread 0x000001f877b58070 nmethod 3212 0x000001f862930510 code [0x000001f862930720, 0x000001f862930a40]
Event: 7.485 Thread 0x000001f877b58070 3210       3       jdk.internal.org.objectweb.asm.SymbolTable::addConstant (330 bytes)
Event: 7.487 Thread 0x000001f877b58070 nmethod 3210 0x000001f862930c10 code [0x000001f862931180, 0x000001f862934170]

GC Heap History (10 events):
Event: 1.250 GC heap before
{Heap before GC invocations=1 (full 0):
 PSYoungGen      total 29696K, used 25600K [0x00000000d5580000, 0x00000000d7680000, 0x0000000100000000)
  eden space 25600K, 100% used [0x00000000d5580000,0x00000000d6e80000,0x00000000d6e80000)
  from space 4096K, 0% used [0x00000000d7280000,0x00000000d7280000,0x00000000d7680000)
  to   space 4096K, 0% used [0x00000000d6e80000,0x00000000d6e80000,0x00000000d7280000)
 ParOldGen       total 68608K, used 0K [0x0000000080000000, 0x0000000084300000, 0x00000000d5580000)
  object space 68608K, 0% used [0x0000000080000000,0x0000000080000000,0x0000000084300000)
 Metaspace       used 4381K, committed 4608K, reserved 1114112K
  class space    used 475K, committed 576K, reserved 1048576K
}
Event: 1.265 GC heap after
{Heap after GC invocations=1 (full 0):
 PSYoungGen      total 29696K, used 3287K [0x00000000d5580000, 0x00000000d7680000, 0x0000000100000000)
  eden space 25600K, 0% used [0x00000000d5580000,0x00000000d5580000,0x00000000d6e80000)
  from space 4096K, 80% used [0x00000000d6e80000,0x00000000d71b5ea8,0x00000000d7280000)
  to   space 4096K, 0% used [0x00000000d7280000,0x00000000d7280000,0x00000000d7680000)
 ParOldGen       total 68608K, used 16K [0x0000000080000000, 0x0000000084300000, 0x00000000d5580000)
  object space 68608K, 0% used [0x0000000080000000,0x0000000080004000,0x0000000084300000)
 Metaspace       used 4381K, committed 4608K, reserved 1114112K
  class space    used 475K, committed 576K, reserved 1048576K
}
Event: 2.323 GC heap before
{Heap before GC invocations=2 (full 0):
 PSYoungGen      total 29696K, used 28887K [0x00000000d5580000, 0x00000000d7680000, 0x0000000100000000)
  eden space 25600K, 100% used [0x00000000d5580000,0x00000000d6e80000,0x00000000d6e80000)
  from space 4096K, 80% used [0x00000000d6e80000,0x00000000d71b5ea8,0x00000000d7280000)
  to   space 4096K, 0% used [0x00000000d7280000,0x00000000d7280000,0x00000000d7680000)
 ParOldGen       total 68608K, used 16K [0x0000000080000000, 0x0000000084300000, 0x00000000d5580000)
  object space 68608K, 0% used [0x0000000080000000,0x0000000080004000,0x0000000084300000)
 Metaspace       used 8033K, committed 8320K, reserved 1114112K
  class space    used 834K, committed 960K, reserved 1048576K
}
Event: 2.330 GC heap after
{Heap after GC invocations=2 (full 0):
 PSYoungGen      total 29696K, used 4080K [0x00000000d5580000, 0x00000000d7680000, 0x0000000100000000)
  eden space 25600K, 0% used [0x00000000d5580000,0x00000000d5580000,0x00000000d6e80000)
  from space 4096K, 99% used [0x00000000d7280000,0x00000000d767c148,0x00000000d7680000)
  to   space 4096K, 0% used [0x00000000d6e80000,0x00000000d6e80000,0x00000000d7280000)
 ParOldGen       total 68608K, used 2020K [0x0000000080000000, 0x0000000084300000, 0x00000000d5580000)
  object space 68608K, 2% used [0x0000000080000000,0x00000000801f9030,0x0000000084300000)
 Metaspace       used 8033K, committed 8320K, reserved 1114112K
  class space    used 834K, committed 960K, reserved 1048576K
}
Event: 2.982 GC heap before
{Heap before GC invocations=3 (full 0):
 PSYoungGen      total 29696K, used 29663K [0x00000000d5580000, 0x00000000d7680000, 0x0000000100000000)
  eden space 25600K, 99% used [0x00000000d5580000,0x00000000d6e7bd78,0x00000000d6e80000)
  from space 4096K, 99% used [0x00000000d7280000,0x00000000d767c148,0x00000000d7680000)
  to   space 4096K, 0% used [0x00000000d6e80000,0x00000000d6e80000,0x00000000d7280000)
 ParOldGen       total 68608K, used 2020K [0x0000000080000000, 0x0000000084300000, 0x00000000d5580000)
  object space 68608K, 2% used [0x0000000080000000,0x00000000801f9030,0x0000000084300000)
 Metaspace       used 9484K, committed 9856K, reserved 1114112K
  class space    used 1011K, committed 1152K, reserved 1048576K
}
Event: 2.989 GC heap after
{Heap after GC invocations=3 (full 0):
 PSYoungGen      total 29696K, used 4086K [0x00000000d5580000, 0x00000000d7680000, 0x0000000100000000)
  eden space 25600K, 0% used [0x00000000d5580000,0x00000000d5580000,0x00000000d6e80000)
  from space 4096K, 99% used [0x00000000d6e80000,0x00000000d727da18,0x00000000d7280000)
  to   space 4096K, 0% used [0x00000000d7280000,0x00000000d7280000,0x00000000d7680000)
 ParOldGen       total 68608K, used 5113K [0x0000000080000000, 0x0000000084300000, 0x00000000d5580000)
  object space 68608K, 7% used [0x0000000080000000,0x00000000804fe428,0x0000000084300000)
 Metaspace       used 9484K, committed 9856K, reserved 1114112K
  class space    used 1011K, committed 1152K, reserved 1048576K
}
Event: 6.574 GC heap before
{Heap before GC invocations=4 (full 0):
 PSYoungGen      total 29696K, used 29686K [0x00000000d5580000, 0x00000000d7680000, 0x0000000100000000)
  eden space 25600K, 100% used [0x00000000d5580000,0x00000000d6e80000,0x00000000d6e80000)
  from space 4096K, 99% used [0x00000000d6e80000,0x00000000d727da18,0x00000000d7280000)
  to   space 4096K, 0% used [0x00000000d7280000,0x00000000d7280000,0x00000000d7680000)
 ParOldGen       total 68608K, used 5113K [0x0000000080000000, 0x0000000084300000, 0x00000000d5580000)
  object space 68608K, 7% used [0x0000000080000000,0x00000000804fe428,0x0000000084300000)
 Metaspace       used 11675K, committed 12032K, reserved 1114112K
  class space    used 1234K, committed 1408K, reserved 1048576K
}
Event: 6.579 GC heap after
{Heap after GC invocations=4 (full 0):
 PSYoungGen      total 29696K, used 4092K [0x00000000d5580000, 0x00000000d7680000, 0x0000000100000000)
  eden space 25600K, 0% used [0x00000000d5580000,0x00000000d5580000,0x00000000d6e80000)
  from space 4096K, 99% used [0x00000000d7280000,0x00000000d767f100,0x00000000d7680000)
  to   space 4096K, 0% used [0x00000000d6e80000,0x00000000d6e80000,0x00000000d7280000)
 ParOldGen       total 68608K, used 6772K [0x0000000080000000, 0x0000000084300000, 0x00000000d5580000)
  object space 68608K, 9% used [0x0000000080000000,0x000000008069d3d8,0x0000000084300000)
 Metaspace       used 11675K, committed 12032K, reserved 1114112K
  class space    used 1234K, committed 1408K, reserved 1048576K
}
Event: 7.122 GC heap before
{Heap before GC invocations=5 (full 0):
 PSYoungGen      total 29696K, used 29692K [0x00000000d5580000, 0x00000000d7680000, 0x0000000100000000)
  eden space 25600K, 100% used [0x00000000d5580000,0x00000000d6e80000,0x00000000d6e80000)
  from space 4096K, 99% used [0x00000000d7280000,0x00000000d767f100,0x00000000d7680000)
  to   space 4096K, 0% used [0x00000000d6e80000,0x00000000d6e80000,0x00000000d7280000)
 ParOldGen       total 68608K, used 6772K [0x0000000080000000, 0x0000000084300000, 0x00000000d5580000)
  object space 68608K, 9% used [0x0000000080000000,0x000000008069d3d8,0x0000000084300000)
 Metaspace       used 15609K, committed 16256K, reserved 1114112K
  class space    used 1625K, committed 1920K, reserved 1048576K
}
Event: 7.127 GC heap after
{Heap after GC invocations=5 (full 0):
 PSYoungGen      total 29184K, used 4091K [0x00000000d5580000, 0x00000000d7900000, 0x0000000100000000)
  eden space 25088K, 0% used [0x00000000d5580000,0x00000000d5580000,0x00000000d6e00000)
  from space 4096K, 99% used [0x00000000d6e80000,0x00000000d727ede8,0x00000000d7280000)
  to   space 5632K, 0% used [0x00000000d7380000,0x00000000d7380000,0x00000000d7900000)
 ParOldGen       total 68608K, used 7847K [0x0000000080000000, 0x0000000084300000, 0x00000000d5580000)
  object space 68608K, 11% used [0x0000000080000000,0x00000000807a9c58,0x0000000084300000)
 Metaspace       used 15609K, committed 16256K, reserved 1114112K
  class space    used 1625K, committed 1920K, reserved 1048576K
}

Dll operation events (10 events):
Event: 0.024 Loaded shared library c:\Users\leemi\.vscode\extensions\redhat.java-1.55.0-win32-x64\jre\21.0.11-win32-x86_64\bin\java.dll
Event: 0.171 Loaded shared library c:\Users\leemi\.vscode\extensions\redhat.java-1.55.0-win32-x64\jre\21.0.11-win32-x86_64\bin\zip.dll
Event: 0.216 Loaded shared library C:\Users\leemi\.vscode\extensions\redhat.java-1.55.0-win32-x64\jre\21.0.11-win32-x86_64\bin\instrument.dll
Event: 0.226 Loaded shared library C:\Users\leemi\.vscode\extensions\redhat.java-1.55.0-win32-x64\jre\21.0.11-win32-x86_64\bin\net.dll
Event: 0.229 Loaded shared library C:\Users\leemi\.vscode\extensions\redhat.java-1.55.0-win32-x64\jre\21.0.11-win32-x86_64\bin\nio.dll
Event: 0.236 Loaded shared library C:\Users\leemi\.vscode\extensions\redhat.java-1.55.0-win32-x64\jre\21.0.11-win32-x86_64\bin\zip.dll
Event: 0.268 Loaded shared library C:\Users\leemi\.vscode\extensions\redhat.java-1.55.0-win32-x64\jre\21.0.11-win32-x86_64\bin\jimage.dll
Event: 0.385 Loaded shared library c:\Users\leemi\.vscode\extensions\redhat.java-1.55.0-win32-x64\jre\21.0.11-win32-x86_64\bin\verify.dll
Event: 2.348 Loaded shared library C:\Users\leemi\AppData\Roaming\Code\User\globalStorage\redhat.java\1.55.0\config_win\org.eclipse.equinox.launcher\org.eclipse.equinox.launcher.win32.win32.x86_64_1.3.100.v20260613-0559\eclipse_11924.dll
Event: 7.260 Loaded shared library D:\TempFlutter\jna-102849704\jna9048929568375908241.dll

Deoptimization events (20 events):
Event: 7.133 Thread 0x000001f87c698670 Uncommon trap: trap_request=0xffffff45 fr.pc=0x000001f869ed0310 relative=0x0000000000000070
Event: 7.133 Thread 0x000001f87c698670 Uncommon trap: reason=unstable_if action=reinterpret pc=0x000001f869ed0310 method=java.lang.ref.ReferenceQueue.poll()Ljava/lang/ref/Reference; @ 4 c2
Event: 7.133 Thread 0x000001f87c698670 DEOPT PACKING pc=0x000001f869ed0310 sp=0x000000850c9f3f00
Event: 7.134 Thread 0x000001f87c698670 DEOPT UNPACKING pc=0x000001f869866da2 sp=0x000000850c9f3e88 mode 2
Event: 7.158 Thread 0x000001f87c698670 Uncommon trap: trap_request=0xffffff45 fr.pc=0x000001f869ed9328 relative=0x0000000000000b08
Event: 7.158 Thread 0x000001f87c698670 Uncommon trap: reason=unstable_if action=reinterpret pc=0x000001f869ed9328 method=java.io.BufferedInputStream.read1([BII)I @ 34 c2
Event: 7.158 Thread 0x000001f87c698670 DEOPT PACKING pc=0x000001f869ed9328 sp=0x000000850c9f8e80
Event: 7.158 Thread 0x000001f87c698670 DEOPT UNPACKING pc=0x000001f869866da2 sp=0x000000850c9f8d48 mode 2
Event: 7.170 Thread 0x000001f87c698670 Uncommon trap: trap_request=0xffffff45 fr.pc=0x000001f869de8828 relative=0x0000000000000688
Event: 7.170 Thread 0x000001f87c698670 Uncommon trap: reason=unstable_if action=reinterpret pc=0x000001f869de8828 method=java.lang.String.replace(Ljava/lang/CharSequence;Ljava/lang/CharSequence;)Ljava/lang/String; @ 42 c2
Event: 7.170 Thread 0x000001f87c698670 DEOPT PACKING pc=0x000001f869de8828 sp=0x000000850c9f7650
Event: 7.170 Thread 0x000001f87c698670 DEOPT UNPACKING pc=0x000001f869866da2 sp=0x000000850c9f75d0 mode 2
Event: 7.348 Thread 0x000001f87c698670 Uncommon trap: trap_request=0xffffffc6 fr.pc=0x000001f869e69f88 relative=0x0000000000000ba8
Event: 7.348 Thread 0x000001f87c698670 Uncommon trap: reason=bimorphic_or_optimized_type_check action=maybe_recompile pc=0x000001f869e69f88 method=java.util.HashMap.putVal(ILjava/lang/Object;Ljava/lang/Object;ZZ)Ljava/lang/Object; @ 91 c2
Event: 7.348 Thread 0x000001f87c698670 DEOPT PACKING pc=0x000001f869e69f88 sp=0x000000850c9f7d00
Event: 7.348 Thread 0x000001f87c698670 DEOPT UNPACKING pc=0x000001f869866da2 sp=0x000000850c9f7c28 mode 2
Event: 7.428 Thread 0x000001f87c78b420 Uncommon trap: trap_request=0xffffff45 fr.pc=0x000001f869ea3b60 relative=0x00000000000000c0
Event: 7.428 Thread 0x000001f87c78b420 Uncommon trap: reason=unstable_if action=reinterpret pc=0x000001f869ea3b60 method=java.util.concurrent.locks.ReentrantLock$NonfairSync.initialTryLock()Z @ 25 c2
Event: 7.428 Thread 0x000001f87c78b420 DEOPT PACKING pc=0x000001f869ea3b60 sp=0x000000850cefdeb0
Event: 7.428 Thread 0x000001f87c78b420 DEOPT UNPACKING pc=0x000001f869866da2 sp=0x000000850cefde38 mode 2

Classes loaded (20 events):
Event: 7.323 Loading class java/io/PrintWriter
Event: 7.324 Loading class java/io/PrintWriter done
Event: 7.332 Loading class java/util/stream/SliceOps
Event: 7.332 Loading class java/util/stream/SliceOps done
Event: 7.333 Loading class java/util/stream/SliceOps$1
Event: 7.333 Loading class java/util/stream/SliceOps$1 done
Event: 7.334 Loading class java/util/stream/SliceOps$1$1
Event: 7.334 Loading class java/util/stream/SliceOps$1$1 done
Event: 7.346 Loading class jdk/internal/reflect/MethodHandleShortFieldAccessorImpl
Event: 7.346 Loading class jdk/internal/reflect/MethodHandleShortFieldAccessorImpl done
Event: 7.346 Loading class java/lang/Short$ShortCache
Event: 7.346 Loading class java/lang/Short$ShortCache done
Event: 7.382 Loading class java/util/function/LongUnaryOperator
Event: 7.383 Loading class java/util/function/LongUnaryOperator done
Event: 7.384 Loading class java/lang/ThreadDeath
Event: 7.384 Loading class java/lang/ThreadDeath done
Event: 7.398 Loading class java/util/stream/SortedOps$SizedRefSortingSink
Event: 7.398 Loading class java/util/stream/SortedOps$SizedRefSortingSink done
Event: 7.457 Loading class java/util/concurrent/atomic/Striped64$1
Event: 7.457 Loading class java/util/concurrent/atomic/Striped64$1 done

Classes unloaded (0 events):
No events

Classes redefined (0 events):
No events

Internal exceptions (20 events):
Event: 7.144 Thread 0x000001f87c698670 Exception <a 'java/lang/NoSuchMethodError'{0x00000000d56d9178}: 'java.lang.Object java.lang.invoke.DirectMethodHandle$Holder.invokeStaticInit(java.lang.Object, int)'> (0x00000000d56d9178) 
thrown [s\src\hotspot\share\interpreter\linkResolver.cpp, line 773]
Event: 7.173 Thread 0x000001f87c698670 Exception <a 'java/lang/NoSuchMethodError'{0x00000000d5959198}: 'java.lang.Object java.lang.invoke.DirectMethodHandle$Holder.invokeStaticInit(java.lang.Object, int, int, int, int)'> (0x00000000d5959198) 
thrown [s\src\hotspot\share\interpreter\linkResolver.cpp, line 773]
Event: 7.201 Thread 0x000001f87c698670 Exception <a 'java/lang/NoSuchMethodError'{0x00000000d5a2f7c8}: 'java.lang.Object java.lang.invoke.DirectMethodHandle$Holder.invokeStaticInit(java.lang.Object, java.lang.Object, int, int, int, int)'> (0x00000000d5a2f7c8) 
thrown [s\src\hotspot\share\interpreter\linkResolver.cpp, line 773]
Event: 7.298 Thread 0x000001f87c698670 Exception <a 'java/lang/NoSuchMethodError'{0x00000000d5b55650}: 'void java.lang.invoke.DirectMethodHandle$Holder.invokeSpecial(java.lang.Object, java.lang.Object, java.lang.Object, int)'> (0x00000000d5b55650) 
thrown [s\src\hotspot\share\interpreter\linkResolver.cpp, line 773]
Event: 7.299 Thread 0x000001f87c698670 Exception <a 'java/lang/NoSuchMethodError'{0x00000000d5b58fe0}: 'void java.lang.invoke.DelegatingMethodHandle$Holder.reinvoke_L(java.lang.Object, java.lang.Object, int)'> (0x00000000d5b58fe0) 
thrown [s\src\hotspot\share\interpreter\linkResolver.cpp, line 773]
Event: 7.300 Thread 0x000001f87c698670 Exception <a 'java/lang/NoSuchMethodError'{0x00000000d5b5fcc8}: 'int java.lang.invoke.Invokers$Holder.invokeExact_MT(java.lang.Object, java.lang.Object, java.lang.Object)'> (0x00000000d5b5fcc8) 
thrown [s\src\hotspot\share\interpreter\linkResolver.cpp, line 773]
Event: 7.330 Thread 0x000001f87c698670 Exception <a 'java/lang/NoSuchMethodError'{0x00000000d5c3d8e0}: method resolution failed> (0x00000000d5c3d8e0) 
thrown [s\src\hotspot\share\prims\methodHandles.cpp, line 1136]
Event: 7.352 Thread 0x000001f87c698670 Exception <a 'java/lang/NoSuchMethodError'{0x00000000d5c95e30}: 'void java.lang.invoke.Invokers$Holder.invokeExact_MT(java.lang.Object, java.lang.Object, int, java.lang.Object)'> (0x00000000d5c95e30) 
thrown [s\src\hotspot\share\interpreter\linkResolver.cpp, line 773]
Event: 7.379 Thread 0x000001f87c698670 Exception <a 'java/lang/NoSuchMethodError'{0x00000000d5da28c8}: 'java.lang.Object java.lang.invoke.DirectMethodHandle$Holder.invokeSpecial(java.lang.Object, java.lang.Object, java.lang.Object, long, java.lang.Object)'> (0x00000000d5da28c8) 
thrown [s\src\hotspot\share\interpreter\linkResolver.cpp, line 773]
Event: 7.381 Thread 0x000001f87c698670 Exception <a 'java/lang/NoSuchMethodError'{0x00000000d5daa110}: 'java.lang.Object java.lang.invoke.DirectMethodHandle$Holder.newInvokeSpecial(java.lang.Object, java.lang.Object, java.lang.Object, long)'> (0x00000000d5daa110) 
thrown [s\src\hotspot\share\interpreter\linkResolver.cpp, line 773]
Event: 7.381 Thread 0x000001f87c698670 Exception <a 'java/lang/NoSuchMethodError'{0x00000000d5dae4c0}: 'java.lang.Object java.lang.invoke.DirectMethodHandle$Holder.invokeSpecial(java.lang.Object, java.lang.Object, java.lang.Object, java.lang.Object, long)'> (0x00000000d5dae4c0) 
thrown [s\src\hotspot\share\interpreter\linkResolver.cpp, line 773]
Event: 7.382 Thread 0x000001f87c698670 Exception <a 'java/lang/NoSuchMethodError'{0x00000000d5db20e0}: 'java.lang.Object java.lang.invoke.Invokers$Holder.linkToTargetMethod(java.lang.Object, java.lang.Object, long, java.lang.Object)'> (0x00000000d5db20e0) 
thrown [s\src\hotspot\share\interpreter\linkResolver.cpp, line 773]
Event: 7.394 Thread 0x000001f87c698670 Exception <a 'java/lang/NoSuchMethodError'{0x00000000d5e134a8}: 'int java.lang.invoke.DirectMethodHandle$Holder.invokeStaticInit(java.lang.Object, java.lang.Object, java.lang.Object)'> (0x00000000d5e134a8) 
thrown [s\src\hotspot\share\interpreter\linkResolver.cpp, line 773]
Event: 7.414 Thread 0x000001f87c698670 Exception <a 'java/lang/IncompatibleClassChangeError'{0x00000000d5ed97b0}: Found class java.lang.Object, but interface was expected> (0x00000000d5ed97b0) 
thrown [s\src\hotspot\share\interpreter\linkResolver.cpp, line 840]
Event: 7.421 Thread 0x000001f87c698670 Exception <a 'java/lang/NoSuchMethodError'{0x00000000d5ee9108}: 'java.lang.Object java.lang.invoke.DirectMethodHandle$Holder.invokeSpecial(java.lang.Object, java.lang.Object, java.lang.Object, int, java.lang.Object, java.lang.Object)'> (0x00000000d5ee9108) 
thrown [s\src\hotspot\share\interpreter\linkResolver.cpp, line 773]
Event: 7.423 Thread 0x000001f87c698670 Exception <a 'java/lang/NoSuchMethodError'{0x00000000d5ef0b20}: 'java.lang.Object java.lang.invoke.DirectMethodHandle$Holder.newInvokeSpecial(java.lang.Object, java.lang.Object, java.lang.Object, int, java.lang.Object)'> (0x00000000d5ef0b20) 
thrown [s\src\hotspot\share\interpreter\linkResolver.cpp, line 773]
Event: 7.423 Thread 0x000001f87c698670 Exception <a 'java/lang/NoSuchMethodError'{0x00000000d5ef4aa0}: 'java.lang.Object java.lang.invoke.DirectMethodHandle$Holder.invokeSpecial(java.lang.Object, java.lang.Object, java.lang.Object, java.lang.Object, int, java.lang.Object)'> (0x00000000d5ef4aa0) 
thrown [s\src\hotspot\share\interpreter\linkResolver.cpp, line 773]
Event: 7.424 Thread 0x000001f87c698670 Exception <a 'java/lang/NoSuchMethodError'{0x00000000d5ef85e0}: 'java.lang.Object java.lang.invoke.Invokers$Holder.linkToTargetMethod(java.lang.Object, java.lang.Object, int, java.lang.Object, java.lang.Object)'> (0x00000000d5ef85e0) 
thrown [s\src\hotspot\share\interpreter\linkResolver.cpp, line 773]
Event: 7.425 Thread 0x000001f87c78b420 Exception <a 'java/lang/NoSuchMethodError'{0x00000000d5e37d60}: 'java.lang.Object java.lang.invoke.DirectMethodHandle$Holder.invokeSpecial(java.lang.Object, java.lang.Object, int, java.lang.Object, java.lang.Object)'> (0x00000000d5e37d60) 
thrown [s\src\hotspot\share\interpreter\linkResolver.cpp, line 773]
Event: 7.462 Thread 0x000001f87c698670 Exception <a 'java/lang/NoSuchMethodError'{0x00000000d6001ab8}: 'void java.lang.invoke.DirectMethodHandle$Holder.invokeSpecial(java.lang.Object, java.lang.Object, java.lang.Object, java.lang.Object, java.lang.Object)'> (0x00000000d6001ab8) 
thrown [s\src\hotspot\share\interpreter\linkResolver.cpp, line 773]

ZGC Phase Switch (0 events):
No events

VM Operations (20 events):
Event: 3.396 Executing non-safepoint VM operation: HandshakeAllThreads (Deoptimize)
Event: 3.396 Executing non-safepoint VM operation: HandshakeAllThreads (Deoptimize) done
Event: 4.402 Executing safepoint VM operation: Cleanup
Event: 4.402 Executing safepoint VM operation: Cleanup done
Event: 6.412 Executing safepoint VM operation: Cleanup
Event: 6.412 Executing safepoint VM operation: Cleanup done
Event: 6.556 Executing non-safepoint VM operation: HandshakeAllThreads (Deoptimize)
Event: 6.556 Executing non-safepoint VM operation: HandshakeAllThreads (Deoptimize) done
Event: 6.574 Executing safepoint VM operation: ParallelGCFailedAllocation (Allocation Failure)
Event: 6.579 Executing safepoint VM operation: ParallelGCFailedAllocation (Allocation Failure) done
Event: 7.068 Executing non-safepoint VM operation: HandshakeAllThreads (Deoptimize)
Event: 7.068 Executing non-safepoint VM operation: HandshakeAllThreads (Deoptimize) done
Event: 7.069 Executing safepoint VM operation: ICBufferFull
Event: 7.069 Executing safepoint VM operation: ICBufferFull done
Event: 7.122 Executing safepoint VM operation: ParallelGCFailedAllocation (Allocation Failure)
Event: 7.127 Executing safepoint VM operation: ParallelGCFailedAllocation (Allocation Failure) done
Event: 7.198 Executing non-safepoint VM operation: HandshakeAllThreads (Deoptimize)
Event: 7.198 Executing non-safepoint VM operation: HandshakeAllThreads (Deoptimize) done
Event: 7.279 Executing non-safepoint VM operation: HandshakeAllThreads (Deoptimize)
Event: 7.279 Executing non-safepoint VM operation: HandshakeAllThreads (Deoptimize) done

Memory protections (0 events):
No events

Nmethod flushes (0 events):
No events

Events (20 events):
Event: 0.085 Thread 0x000001f85d824b80 Thread added: 0x000001f877b58070
Event: 0.193 Thread 0x000001f877b58070 Thread added: 0x000001f877c7cd90
Event: 0.221 Thread 0x000001f85d824b80 Thread added: 0x000001f877de0c10
Event: 0.566 Thread 0x000001f85d824b80 Thread added: 0x000001f877e88d80
Event: 1.396 Thread 0x000001f877c7cd90 Thread exited: 0x000001f877c7cd90
Event: 1.610 Thread 0x000001f877b58070 Thread added: 0x000001f87c4e15a0
Event: 1.882 Thread 0x000001f87c4e15a0 Thread exited: 0x000001f87c4e15a0
Event: 1.930 Thread 0x000001f85d824b80 Thread added: 0x000001f87c500200
Event: 2.114 Thread 0x000001f877b58070 Thread added: 0x000001f87c67e780
Event: 2.335 Thread 0x000001f85d824b80 Thread added: 0x000001f87c721400
Event: 2.402 Thread 0x000001f87c721400 Thread added: 0x000001f87c697830
Event: 2.409 Thread 0x000001f85d824b80 Thread added: 0x000001f87c698670
Event: 3.078 Thread 0x000001f87c698670 Thread added: 0x000001f87cec18e0
Event: 3.110 Thread 0x000001f87c67e780 Thread exited: 0x000001f87c67e780
Event: 6.430 Thread 0x000001f87c698670 Thread added: 0x000001f87c7fd170
Event: 6.631 Thread 0x000001f87618d760 Thread added: 0x000001f87d2b6520
Event: 6.905 Thread 0x000001f87c698670 Thread added: 0x000001f87c1136a0
Event: 7.316 Thread 0x000001f87c698670 Thread added: 0x000001f87c78db80
Event: 7.387 Thread 0x000001f87c698670 Thread added: 0x000001f87c78b420
Event: 7.431 Thread 0x000001f87c698670 Thread added: 0x000001f87c78a700


Dynamic libraries:
0x00007ff6c2780000 - 0x00007ff6c278e000 	c:\Users\leemi\.vscode\extensions\redhat.java-1.55.0-win32-x64\jre\21.0.11-win32-x86_64\bin\java.exe
0x00007ff954900000 - 0x00007ff954b67000 	C:\WINDOWS\SYSTEM32\ntdll.dll
0x00007ff8c05a0000 - 0x00007ff8c05c1000 	C:\Program Files\Norton\Suite\aswhook.dll
0x00007ff9538f0000 - 0x00007ff9539b9000 	C:\WINDOWS\System32\KERNEL32.DLL
0x00007ff951530000 - 0x00007ff951927000 	C:\WINDOWS\System32\KERNELBASE.dll
0x00007ff952530000 - 0x00007ff95267b000 	C:\WINDOWS\System32\ucrtbase.dll
0x00007ff93a2c0000 - 0x00007ff93a2de000 	c:\Users\leemi\.vscode\extensions\redhat.java-1.55.0-win32-x64\jre\21.0.11-win32-x86_64\bin\VCRUNTIME140.dll
0x00007ff93b370000 - 0x00007ff93b388000 	c:\Users\leemi\.vscode\extensions\redhat.java-1.55.0-win32-x64\jre\21.0.11-win32-x86_64\bin\jli.dll
0x00007ff953bb0000 - 0x00007ff953d76000 	C:\WINDOWS\System32\USER32.dll
0x00007ff9522d0000 - 0x00007ff9522f7000 	C:\WINDOWS\System32\win32u.dll
0x00007ff953a60000 - 0x00007ff953a8b000 	C:\WINDOWS\System32\GDI32.dll
0x00007ff951930000 - 0x00007ff951a5c000 	C:\WINDOWS\System32\gdi32full.dll
0x00007ff952480000 - 0x00007ff952523000 	C:\WINDOWS\System32\msvcp_win.dll
0x00007ff930120000 - 0x00007ff9303b2000 	C:\WINDOWS\WinSxS\amd64_microsoft.windows.common-controls_6595b64144ccf1df_6.0.26100.8457_none_3e0b2faee331e92d\COMCTL32.dll
0x00007ff9528b0000 - 0x00007ff952959000 	C:\WINDOWS\System32\msvcrt.dll
0x00007ff9546d0000 - 0x00007ff954702000 	C:\WINDOWS\System32\IMM32.DLL
0x00007ff941520000 - 0x00007ff94152c000 	c:\Users\leemi\.vscode\extensions\redhat.java-1.55.0-win32-x64\jre\21.0.11-win32-x86_64\bin\vcruntime140_1.dll
0x00007ff9273a0000 - 0x00007ff92742d000 	c:\Users\leemi\.vscode\extensions\redhat.java-1.55.0-win32-x64\jre\21.0.11-win32-x86_64\bin\msvcp140.dll
0x00007ff8d7b80000 - 0x00007ff8d8922000 	c:\Users\leemi\.vscode\extensions\redhat.java-1.55.0-win32-x64\jre\21.0.11-win32-x86_64\bin\server\jvm.dll
0x00007ff952b40000 - 0x00007ff952bf6000 	C:\WINDOWS\System32\ADVAPI32.dll
0x00007ff952760000 - 0x00007ff952807000 	C:\WINDOWS\System32\sechost.dll
0x00007ff952a20000 - 0x00007ff952b38000 	C:\WINDOWS\System32\RPCRT4.dll
0x00007ff953a90000 - 0x00007ff953b10000 	C:\WINDOWS\System32\WS2_32.dll
0x00007ff951190000 - 0x00007ff9511ee000 	C:\WINDOWS\SYSTEM32\POWRPROF.dll
0x00007ff941340000 - 0x00007ff94134b000 	C:\WINDOWS\SYSTEM32\VERSION.dll
0x00007ff948f20000 - 0x00007ff948f56000 	C:\WINDOWS\SYSTEM32\WINMM.dll
0x00007ff951170000 - 0x00007ff951184000 	C:\WINDOWS\SYSTEM32\UMPDC.dll
0x00007ff9500c0000 - 0x00007ff9500db000 	C:\WINDOWS\SYSTEM32\kernel.appcore.dll
0x00007ff93f9d0000 - 0x00007ff93f9da000 	c:\Users\leemi\.vscode\extensions\redhat.java-1.55.0-win32-x64\jre\21.0.11-win32-x86_64\bin\jimage.dll
0x00007ff94efe0000 - 0x00007ff94f222000 	C:\WINDOWS\SYSTEM32\DBGHELP.DLL
0x00007ff9532f0000 - 0x00007ff953673000 	C:\WINDOWS\System32\combase.dll
0x00007ff952680000 - 0x00007ff952759000 	C:\WINDOWS\System32\OLEAUT32.dll
0x00007ff9403b0000 - 0x00007ff9403eb000 	C:\WINDOWS\SYSTEM32\dbgcore.DLL
0x00007ff951330000 - 0x00007ff9513d8000 	C:\WINDOWS\System32\bcryptPrimitives.dll
0x00007ff93dc10000 - 0x00007ff93dc1f000 	c:\Users\leemi\.vscode\extensions\redhat.java-1.55.0-win32-x64\jre\21.0.11-win32-x86_64\bin\instrument.dll
0x00007ff930c60000 - 0x00007ff930c80000 	c:\Users\leemi\.vscode\extensions\redhat.java-1.55.0-win32-x64\jre\21.0.11-win32-x86_64\bin\java.dll
0x00007ff953ed0000 - 0x00007ff95463e000 	C:\WINDOWS\System32\SHELL32.dll
0x00007ff951a60000 - 0x00007ff9522cc000 	C:\WINDOWS\System32\windows.storage.dll
0x00007ff953690000 - 0x00007ff953786000 	C:\WINDOWS\System32\SHCORE.dll
0x00007ff952810000 - 0x00007ff952876000 	C:\WINDOWS\System32\shlwapi.dll
0x00007ff951250000 - 0x00007ff951279000 	C:\WINDOWS\SYSTEM32\profapi.dll
0x00007ff92a990000 - 0x00007ff92a9a8000 	c:\Users\leemi\.vscode\extensions\redhat.java-1.55.0-win32-x64\jre\21.0.11-win32-x86_64\bin\zip.dll
0x00007ff93d2d0000 - 0x00007ff93d2e0000 	C:\Users\leemi\.vscode\extensions\redhat.java-1.55.0-win32-x64\jre\21.0.11-win32-x86_64\bin\net.dll
0x00007ff944970000 - 0x00007ff944a99000 	C:\WINDOWS\SYSTEM32\WINHTTP.dll
0x00007ff950630000 - 0x00007ff95069c000 	C:\WINDOWS\system32\mswsock.dll
0x00007ff92a4e0000 - 0x00007ff92a4f6000 	C:\Users\leemi\.vscode\extensions\redhat.java-1.55.0-win32-x64\jre\21.0.11-win32-x86_64\bin\nio.dll
0x00007ff93c2c0000 - 0x00007ff93c2d0000 	c:\Users\leemi\.vscode\extensions\redhat.java-1.55.0-win32-x64\jre\21.0.11-win32-x86_64\bin\verify.dll
0x00007ff9218d0000 - 0x00007ff921915000 	C:\Users\leemi\AppData\Roaming\Code\User\globalStorage\redhat.java\1.55.0\config_win\org.eclipse.equinox.launcher\org.eclipse.equinox.launcher.win32.win32.x86_64_1.3.100.v20260613-0559\eclipse_11924.dll
0x00007ff954710000 - 0x00007ff9548a7000 	C:\WINDOWS\System32\ole32.dll
0x00007ff950920000 - 0x00007ff95093b000 	C:\WINDOWS\SYSTEM32\CRYPTSP.dll
0x00007ff950020000 - 0x00007ff950059000 	C:\WINDOWS\system32\rsaenh.dll
0x00007ff9506e0000 - 0x00007ff950713000 	C:\WINDOWS\SYSTEM32\USERENV.dll
0x00007ff951220000 - 0x00007ff95124a000 	C:\WINDOWS\SYSTEM32\bcrypt.dll
0x00007ff950910000 - 0x00007ff95091c000 	C:\WINDOWS\SYSTEM32\CRYPTBASE.dll
0x00007ff94fb60000 - 0x00007ff94fb92000 	C:\WINDOWS\SYSTEM32\IPHLPAPI.DLL
0x00007ff953680000 - 0x00007ff95368a000 	C:\WINDOWS\System32\NSI.dll
0x00007ff8fb140000 - 0x00007ff8fb189000 	D:\TempFlutter\jna-102849704\jna9048929568375908241.dll
0x00007ff9548b0000 - 0x00007ff9548b8000 	C:\WINDOWS\System32\PSAPI.DLL

JVMTI agents:
c:\Users\leemi\.vscode\extensions\redhat.java-1.55.0-win32-x64\lombok\lombok-1.18.39-4050.jar path:c:\Users\leemi\.vscode\extensions\redhat.java-1.55.0-win32-x64\jre\21.0.11-win32-x86_64\bin\instrument.dll, loaded, initialized, instrumentlib options:none

dbghelp: loaded successfully - version: 4.0.5 - missing functions: none
symbol engine: initialized successfully - sym options: 0x614 - pdb path: .;c:\Users\leemi\.vscode\extensions\redhat.java-1.55.0-win32-x64\jre\21.0.11-win32-x86_64\bin;C:\WINDOWS\SYSTEM32;C:\Program Files\Norton\Suite;C:\WINDOWS\WinSxS\amd64_microsoft.windows.common-controls_6595b64144ccf1df_6.0.26100.8457_none_3e0b2faee331e92d;c:\Users\leemi\.vscode\extensions\redhat.java-1.55.0-win32-x64\jre\21.0.11-win32-x86_64\bin\server;C:\Users\leemi\AppData\Roaming\Code\User\globalStorage\redhat.java\1.55.0\config_win\org.eclipse.equinox.launcher\org.eclipse.equinox.launcher.win32.win32.x86_64_1.3.100.v20260613-0559;D:\TempFlutter\jna-102849704

VM Arguments:
jvm_args: --add-modules=ALL-SYSTEM --add-opens=java.base/java.util=ALL-UNNAMED --add-opens=java.base/java.lang=ALL-UNNAMED --add-opens=java.base/sun.nio.fs=ALL-UNNAMED -Declipse.application=org.eclipse.jdt.ls.core.id1 -Dosgi.bundles.defaultStartLevel=4 -Declipse.product=org.eclipse.jdt.ls.core.product -Djava.import.generatesMetadataFilesAtProjectRoot=false -DDetectVMInstallationsJob.disabled=true -Dfile.encoding=utf8 -XX:+UseParallelGC -XX:GCTimeRatio=4 -XX:AdaptiveSizePolicyWeight=90 -Dsun.zip.disableMemoryMapping=true -Xmx2G -Xms100m -Xlog:disable -javaagent:c:\Users\leemi\.vscode\extensions\redhat.java-1.55.0-win32-x64\lombok\lombok-1.18.39-4050.jar -XX:+HeapDumpOnOutOfMemoryError -XX:HeapDumpPath=c:\Users\leemi\AppData\Roaming\Code\User\workspaceStorage\ff42aa06e46e0e2d4680659d76b65a79\redhat.java -Daether.dependencyCollector.impl=bf 
java_command: c:\Users\leemi\.vscode\extensions\redhat.java-1.55.0-win32-x64\server\plugins\org.eclipse.equinox.launcher_1.7.200.v20260619-2039.jar -configuration c:\Users\leemi\AppData\Roaming\Code\User\globalStorage\redhat.java\1.55.0\config_win -data c:\Users\leemi\AppData\Roaming\Code\User\workspaceStorage\ff42aa06e46e0e2d4680659d76b65a79\redhat.java\jdt_ws --pipe=\\.\pipe\lsp-6f2b5667f8914e5dd31223761b33c2b1-sock
java_class_path (initial): c:\Users\leemi\.vscode\extensions\redhat.java-1.55.0-win32-x64\server\plugins\org.eclipse.equinox.launcher_1.7.200.v20260619-2039.jar
Launcher Type: SUN_STANDARD

[Global flags]
    uintx AdaptiveSizePolicyWeight                 = 90                                        {product} {command line}
     intx CICompilerCount                          = 4                                         {product} {ergonomic}
    uintx GCTimeRatio                              = 4                                         {product} {command line}
     bool HeapDumpOnOutOfMemoryError               = true                                   {manageable} {command line}
    ccstr HeapDumpPath                             = c:\Users\leemi\AppData\Roaming\Code\User\workspaceStorage\ff42aa06e46e0e2d4680659d76b65a79\redhat.java         {manageable} {command line}
   size_t InitialHeapSize                          = 104857600                                 {product} {command line}
   size_t MaxHeapSize                              = 2147483648                                {product} {command line}
   size_t MaxNewSize                               = 715653120                                 {product} {ergonomic}
   size_t MinHeapDeltaBytes                        = 524288                                    {product} {ergonomic}
   size_t MinHeapSize                              = 104857600                                 {product} {command line}
   size_t NewSize                                  = 34603008                                  {product} {ergonomic}
    uintx NonNMethodCodeHeapSize                   = 5839372                                {pd product} {ergonomic}
    uintx NonProfiledCodeHeapSize                  = 122909434                              {pd product} {ergonomic}
   size_t OldSize                                  = 70254592                                  {product} {ergonomic}
    uintx ProfiledCodeHeapSize                     = 122909434                              {pd product} {ergonomic}
    uintx ReservedCodeCacheSize                    = 251658240                              {pd product} {ergonomic}
     bool SegmentedCodeCache                       = true                                      {product} {ergonomic}
   size_t SoftMaxHeapSize                          = 2147483648                             {manageable} {ergonomic}
     bool UseCompressedOops                        = true                           {product lp64_product} {ergonomic}
     bool UseLargePagesIndividualAllocation        = false                                  {pd product} {ergonomic}
     bool UseParallelGC                            = true                                      {product} {command line}

Logging:
Log output configuration:
 #0: stdout all=off uptime,level,tags foldmultilines=false
 #1: stderr all=off uptime,level,tags foldmultilines=false

Release file:
JAVA_VERSION="21.0.11" 
MODULES="java.base java.compiler java.datatransfer java.xml java.prefs java.desktop java.instrument java.logging java.management java.security.sasl java.naming java.rmi java.management.rmi java.net.http java.scripting java.security.jgss java.transaction.xa java.sql java.sql.rowset java.xml.crypto java.se java.smartcardio jdk.accessibility jdk.internal.jvmstat jdk.attach jdk.charsets jdk.internal.opt jdk.zipfs jdk.compiler jdk.crypto.ec jdk.crypto.cryptoki jdk.crypto.mscapi jdk.dynalink jdk.internal.ed jdk.editpad jdk.hotspot.agent jdk.httpserver jdk.internal.le jdk.internal.vm.ci jdk.internal.vm.compiler jdk.internal.vm.compiler.management jdk.jartool jdk.javadoc jdk.jcmd jdk.management jdk.management.agent jdk.jconsole jdk.jdeps jdk.jdwp.agent jdk.jdi jdk.jfr jdk.jshell jdk.jsobject jdk.jstatd jdk.localedata jdk.management.jfr jdk.naming.dns jdk.naming.rmi jdk.net jdk.nio.mapmode jdk.random jdk.sctp jdk.security.auth jdk.security.jgss jdk.unsupported jdk.unsupported.desktop jdk.xml.dom" 

Environment Variables:
JAVA_HOME=C:\Program Files\Eclipse Adoptium\jdk-17.0.20.8-hotspot
PATH=C:\Program Files\Eclipse Adoptium\jdk-17.0.20.8-hotspot\bin;C:\Program Files (x86)\Common Files\Oracle\Java\java8path;C:\Program Files (x86)\Common Files\Oracle\Java\javapath;D:\User1\dbhomeXE\bin;C:\Windows\system32;C:\Windows;C:\Windows\System32\Wbem;C:\Windows\System32\WindowsPowerShell\v1.0\;C:\Windows\System32\OpenSSH\;C:\Program Files (x86)\NVIDIA Corporation\PhysX\Common;C:\Program Files\NVIDIA Corporation\NVIDIA NvDLISR;C:\WINDOWS\system32;C:\WINDOWS;C:\WINDOWS\System32\Wbem;C:\WINDOWS\System32\WindowsPowerShell\v1.0\;C:\WINDOWS\System32\OpenSSH\;C:\Program Files\dotnet\;C:\MinGW\bin;C:\Program Files\Java\jdk1.8.0_202\bin;C:\Users\leemi\AppData\Local\Programs\Python\Launcher\;C:\Users\leemi\AppData\Local\Microsoft\WindowsApps;C:\Users\leemi\.dotnet\tools;C:\Users\leemi\AppData\Local\Programs\Microsoft VS Code\bin;C:\Users\leemi\AppData\Local\GitHubDesktop\bin;C:\Users\leemi\AppData\Roaming\npm;C:\Program Files\JetBrains\IntelliJ IDEA 2024.3.5\bin;C:\Program Files\MySQL\MySQL Server 8.0\bin;C:\Users\leemi\Downloads\apache-maven-3.9.9-bin\apache-maven-3.9.9\bin;C:\Program Files\Python312\;C:\Program Files\Python312\Scripts\;C:\Users\leemi\AppData\Roaming\Python\Python312\Scripts\;C:\Program Files\MongoDB\Server\8.0\bin;D:\develop\flutter\bin;D:\sdk\cmdline-tools\latest\bin;D:\sdk\platform-tools;C:\Gradle\gradle-8.11.1\bin;C:\Program Files\Apache\Maven\apache-maven-3.9.11\bin;D:\FlutterCache\.pub-cache\bin;C:\Program Files (x86)\Windows Kits\10\Windows Performance Toolkit\;C:\Program Files\swipl\bin;C:\Program Files\Docker\Docker\resources\bin;C:\Program Files\Git\cmd;D:\Java\jdk-17\bin;C:\Users\leemi\AppData\Local\Programs\Python\Launcher\;C:\Users\leemi\AppData\Local\Microsoft\WindowsApps;C:\Users\leemi\.dotnet\tools;C:\Users\leemi\AppData\Local\Programs\Microsoft VS Code\bin;C:\Users\leemi\AppData\Local\GitHubDesktop\bin;C:\Program Files\Java\jdk1.8.0_202\bin;C:\Program Files\JetBrains\IntelliJ IDEA 2024.3.5\bin;
USERNAME=leemi
OS=Windows_NT
PROCESSOR_IDENTIFIER=Intel64 Family 6 Model 140 Stepping 2, GenuineIntel
TMP=D:\TempFlutter
TEMP=D:\TempFlutter




Periodic native trim disabled

---------------  S Y S T E M  ---------------

OS:
 Windows 11 , 64 bit Build 26100 (10.0.26100.8328)
OS uptime: 0 days 14:49 hours
Hyper-V role detected

CPU: total 8 (initial active 8) (4 cores per cpu, 2 threads per core) family 6 model 140 stepping 2 microcode 0x26, cx8, cmov, fxsr, ht, mmx, 3dnowpref, sse, sse2, sse3, ssse3, sse4.1, sse4.2, popcnt, lzcnt, tsc, tscinvbit, avx, avx2, aes, erms, clmul, bmi1, bmi2, adx, avx512f, avx512dq, avx512cd, avx512bw, avx512vl, sha, fma, vzeroupper, avx512_vpopcntdq, avx512_vpclmulqdq, avx512_vaes, avx512_vnni, clflush, clflushopt, clwb, avx512_vbmi2, avx512_vbmi, hv, rdtscp, rdpid, fsrm, gfni, avx512_bitalg, f16c, cet_ibt, cet_ss, avx512_ifma
Processor Information for the first 8 processors :
  Max Mhz: 3187, Current Mhz: 3187, Mhz Limit: 3187

Memory: 4k page, system-wide physical 7975M (484M free)
TotalPageFile size 17231M (AvailPageFile size 0M)
current process WorkingSet (physical memory assigned to process): 135M, peak: 135M
current process commit charge ("private bytes"): 275M, peak: 275M

vm_info: OpenJDK 64-Bit Server VM (21.0.11+10-LTS) for windows-amd64 JRE (21.0.11+10-LTS), built on 2026-04-21T00:00:00Z by "admin" with MS VC++ 17.12 (VS2022)

END.
