#
# There is insufficient memory for the Java Runtime Environment to continue.
# Native memory allocation (malloc) failed to allocate 197664 bytes. Error detail: Chunk::new
# Possible reasons:
#   The system is out of physical RAM or swap space
#   This process is running with CompressedOops enabled, and the Java Heap may be blocking the growth of the native heap
# Possible solutions:
#   Reduce memory load on the system
#   Increase physical memory or swap space
#   Check if swap backing store is full
#   Decrease Java heap size (-Xmx/-Xms)
#   Decrease number of Java threads
#   Decrease Java thread stack sizes (-Xss)
#   Set larger code cache with -XX:ReservedCodeCacheSize=
#   JVM is running with Unscaled Compressed Oops mode in which the Java heap is
#     placed in the first 4GB address space. The Java Heap base address is the
#     maximum limit for the native heap growth. Please use -XX:HeapBaseMinAddress
#     to set the Java Heap base and to place the Java Heap above 4GB virtual address.
# This output file may be truncated or incomplete.
#
#  Out of Memory Error (arena.cpp:191), pid=22712, tid=1608
#
# JRE version: OpenJDK Runtime Environment Temurin-17.0.20+8 (17.0.20+8) (build 17.0.20+8)
# Java VM: OpenJDK 64-Bit Server VM Temurin-17.0.20+8 (17.0.20+8, mixed mode, sharing, tiered, compressed oops, compressed class ptrs, g1 gc, windows-amd64)
# No core dump will be written. Minidumps are not enabled by default on client versions of Windows
#

---------------  S U M M A R Y ------------

Command Line: --enable-native-access=ALL-UNNAMED -Dclassworlds.conf=C:\Program Files\Apache\Maven\apache-maven-3.9.11\bin\m2.conf -Dmaven.home=C:\Program Files\Apache\Maven\apache-maven-3.9.11 -Dlibrary.jansi.path=C:\Program Files\Apache\Maven\apache-maven-3.9.11\lib\jansi-native -Dmaven.multiModuleProjectDirectory=D:\Scalable1\food-delivery\restaurant-service org.codehaus.plexus.classworlds.launcher.Launcher spring-boot:run

Host: 11th Gen Intel(R) Core(TM) i5-11320H @ 3.20GHz, 8 cores, 7G,  Windows 11 , 64 bit Build 26100 (10.0.26100.8328)
Time: Tue Aug  4 15:55:54 2026 India Standard Time elapsed time: 21.013951 seconds (0d 0h 0m 21s)

---------------  T H R E A D  ---------------

Current thread (0x0000019dffde33e0):  JavaThread "C2 CompilerThread0" daemon [_thread_in_native, id=1608, stack(0x0000003177e00000,0x0000003177f00000)]


Current CompileTask:
C2:21032 4335       4       org.codehaus.plexus.classworlds.realm.Entry::matches (282 bytes)

Stack: [0x0000003177e00000,0x0000003177f00000]
Native frames: (J=compiled Java code, j=interpreted, Vv=VM code, C=native code)
V  [jvm.dll+0x684d39]
V  [jvm.dll+0x83a565]
V  [jvm.dll+0x83bfde]
V  [jvm.dll+0x83c663]
V  [jvm.dll+0x2490cf]
V  [jvm.dll+0xad536]
V  [jvm.dll+0xadbdc]
V  [jvm.dll+0x368dbe]
V  [jvm.dll+0x333215]
V  [jvm.dll+0x33267a]
V  [jvm.dll+0x219ed9]
V  [jvm.dll+0x21931f]
V  [jvm.dll+0x1a49e0]
V  [jvm.dll+0x229a6a]
V  [jvm.dll+0x227c1b]
V  [jvm.dll+0x7f0d18]
V  [jvm.dll+0x7eb17c]
V  [jvm.dll+0x683c07]
C  [ucrtbase.dll+0x37b0]
C  [KERNEL32.DLL+0x2e957]
C  [ntdll.dll+0x427c]


---------------  P R O C E S S  ---------------

Threads class SMR info:
_java_thread_list=0x0000019ddc40cc90, length=13, elements={
0x0000019df8584720, 0x0000019dffdb95d0, 0x0000019dffdb9da0, 0x0000019dffdd3c80,
0x0000019dffdd4250, 0x0000019dffdd4fc0, 0x0000019dffdd9d40, 0x0000019dffde33e0,
0x0000019dffde4860, 0x0000019dffde5610, 0x0000019d96d017f0, 0x0000019d96d0b150,
0x0000019ddd1df830
}

Java Threads: ( => current thread )
  0x0000019df8584720 JavaThread "main" [_thread_in_native, id=14424, stack(0x0000003177100000,0x0000003177200000)]
  0x0000019dffdb95d0 JavaThread "Reference Handler" daemon [_thread_blocked, id=480, stack(0x0000003177800000,0x0000003177900000)]
  0x0000019dffdb9da0 JavaThread "Finalizer" daemon [_thread_blocked, id=9928, stack(0x0000003177900000,0x0000003177a00000)]
  0x0000019dffdd3c80 JavaThread "Signal Dispatcher" daemon [_thread_blocked, id=18536, stack(0x0000003177a00000,0x0000003177b00000)]
  0x0000019dffdd4250 JavaThread "Attach Listener" daemon [_thread_blocked, id=4380, stack(0x0000003177b00000,0x0000003177c00000)]
  0x0000019dffdd4fc0 JavaThread "Service Thread" daemon [_thread_blocked, id=8280, stack(0x0000003177c00000,0x0000003177d00000)]
  0x0000019dffdd9d40 JavaThread "Monitor Deflation Thread" daemon [_thread_blocked, id=12760, stack(0x0000003177d00000,0x0000003177e00000)]
=>0x0000019dffde33e0 JavaThread "C2 CompilerThread0" daemon [_thread_in_native, id=1608, stack(0x0000003177e00000,0x0000003177f00000)]
  0x0000019dffde4860 JavaThread "C1 CompilerThread0" daemon [_thread_blocked, id=4728, stack(0x0000003177f00000,0x0000003178000000)]
  0x0000019dffde5610 JavaThread "Sweeper thread" daemon [_thread_blocked, id=22548, stack(0x0000003178000000,0x0000003178100000)]
  0x0000019d96d017f0 JavaThread "Notification Thread" daemon [_thread_blocked, id=23672, stack(0x0000003178100000,0x0000003178200000)]
  0x0000019d96d0b150 JavaThread "Common-Cleaner" daemon [_thread_blocked, id=4228, stack(0x0000003178300000,0x0000003178400000)]
  0x0000019ddd1df830 JavaThread "Thread-1" daemon [_thread_blocked, id=15132, stack(0x0000003178b00000,0x0000003178c00000)]

Other Threads:
  0x0000019dffdb28e0 VMThread "VM Thread" [stack: 0x0000003177700000,0x0000003177800000] [id=16144]
  0x0000019d96d01cd0 WatcherThread [stack: 0x0000003178200000,0x0000003178300000] [id=4512]
  0x0000019df85e0bc0 GCTaskThread "GC Thread#0" [stack: 0x0000003177200000,0x0000003177300000] [id=20596]
  0x0000019ddc57dbf0 GCTaskThread "GC Thread#1" [stack: 0x0000003178400000,0x0000003178500000] [id=16284]
  0x0000019ddc7b1840 GCTaskThread "GC Thread#2" [stack: 0x0000003178500000,0x0000003178600000] [id=12276]
  0x0000019ddc57d510 GCTaskThread "GC Thread#3" [stack: 0x0000003178600000,0x0000003178700000] [id=20852]
  0x0000019ddc81b170 GCTaskThread "GC Thread#4" [stack: 0x0000003178700000,0x0000003178800000] [id=1604]
  0x0000019ddc81b430 GCTaskThread "GC Thread#5" [stack: 0x0000003178800000,0x0000003178900000] [id=15688]
  0x0000019ddc81b6f0 GCTaskThread "GC Thread#6" [stack: 0x0000003178900000,0x0000003178a00000] [id=13852]
  0x0000019d96dd04a0 GCTaskThread "GC Thread#7" [stack: 0x0000003178a00000,0x0000003178b00000] [id=840]
  0x0000019df85f15b0 ConcurrentGCThread "G1 Main Marker" [stack: 0x0000003177300000,0x0000003177400000] [id=800]
  0x0000019df85f3ac0 ConcurrentGCThread "G1 Conc#0" [stack: 0x0000003177400000,0x0000003177500000] [id=22708]
  0x0000019df862d280 ConcurrentGCThread "G1 Refine#0" [stack: 0x0000003177500000,0x0000003177600000] [id=18308]
  0x0000019df862dd70 ConcurrentGCThread "G1 Service" [stack: 0x0000003177600000,0x0000003177700000] [id=1104]

Threads with active compile tasks:
C2 CompilerThread0  21522 4335       4       org.codehaus.plexus.classworlds.realm.Entry::matches (282 bytes)

VM state: not at safepoint (normal execution)

VM Mutex/Monitor currently owned by a thread: None

Heap address: 0x0000000083600000, size: 1994 MB, Compressed Oops mode: 32-bit

CDS archive(s) mapped at: [0x0000019d97000000-0x0000019d97bb0000-0x0000019d97bb0000), size 12255232, SharedBaseAddress: 0x0000019d97000000, ArchiveRelocationMode: 1.
Compressed class space mapped at: 0x0000019d98000000-0x0000019dd8000000, reserved size: 1073741824
Narrow klass base: 0x0000019d97000000, Narrow klass shift: 0, Narrow klass range: 0x100000000

GC Precious Log:
 CPUs: 8 total, 8 available
 Memory: 7975M
 Large Page Support: Disabled
 NUMA Support: Disabled
 Compressed Oops: Enabled (32-bit)
 Heap Region Size: 1M
 Heap Min Capacity: 8M
 Heap Initial Capacity: 126M
 Heap Max Capacity: 1994M
 Pre-touch: Disabled
 Parallel Workers: 8
 Concurrent Workers: 2
 Concurrent Refinement Workers: 8
 Periodic GC: Disabled

Heap:
 garbage-first heap   total 129024K, used 42823K [0x0000000083600000, 0x0000000100000000)
  region size 1024K, 40 young (40960K), 10 survivors (10240K)
 Metaspace       used 17064K, committed 17344K, reserved 1114112K
  class space    used 2006K, committed 2176K, reserved 1048576K

Heap Regions: E=young(eden), S=young(survivor), O=old, HS=humongous(starts), HC=humongous(continues), CS=collection set, F=free, OA=open archive, CA=closed archive, TAMS=top-at-mark-start (previous, next)
|   0|0x0000000083600000, 0x0000000083700000, 0x0000000083700000|100%| O|  |TAMS 0x0000000083600000, 0x0000000083600000| Untracked 
|   1|0x0000000083700000, 0x0000000083800000, 0x0000000083800000|100%| O|  |TAMS 0x0000000083700000, 0x0000000083700000| Untracked 
|   2|0x0000000083800000, 0x0000000083900000, 0x0000000083900000|100%| O|  |TAMS 0x0000000083800000, 0x0000000083800000| Untracked 
|   3|0x0000000083900000, 0x000000008397d600, 0x0000000083a00000| 48%| O|  |TAMS 0x0000000083900000, 0x0000000083900000| Untracked 
|   4|0x0000000083a00000, 0x0000000083a00000, 0x0000000083b00000|  0%| F|  |TAMS 0x0000000083a00000, 0x0000000083a00000| Untracked 
|   5|0x0000000083b00000, 0x0000000083b00000, 0x0000000083c00000|  0%| F|  |TAMS 0x0000000083b00000, 0x0000000083b00000| Untracked 
|   6|0x0000000083c00000, 0x0000000083c00000, 0x0000000083d00000|  0%| F|  |TAMS 0x0000000083c00000, 0x0000000083c00000| Untracked 
|   7|0x0000000083d00000, 0x0000000083d00000, 0x0000000083e00000|  0%| F|  |TAMS 0x0000000083d00000, 0x0000000083d00000| Untracked 
|   8|0x0000000083e00000, 0x0000000083e00000, 0x0000000083f00000|  0%| F|  |TAMS 0x0000000083e00000, 0x0000000083e00000| Untracked 
|   9|0x0000000083f00000, 0x0000000083f00000, 0x0000000084000000|  0%| F|  |TAMS 0x0000000083f00000, 0x0000000083f00000| Untracked 
|  10|0x0000000084000000, 0x0000000084000000, 0x0000000084100000|  0%| F|  |TAMS 0x0000000084000000, 0x0000000084000000| Untracked 
|  11|0x0000000084100000, 0x0000000084100000, 0x0000000084200000|  0%| F|  |TAMS 0x0000000084100000, 0x0000000084100000| Untracked 
|  12|0x0000000084200000, 0x0000000084200000, 0x0000000084300000|  0%| F|  |TAMS 0x0000000084200000, 0x0000000084200000| Untracked 
|  13|0x0000000084300000, 0x0000000084300000, 0x0000000084400000|  0%| F|  |TAMS 0x0000000084300000, 0x0000000084300000| Untracked 
|  14|0x0000000084400000, 0x0000000084400000, 0x0000000084500000|  0%| F|  |TAMS 0x0000000084400000, 0x0000000084400000| Untracked 
|  15|0x0000000084500000, 0x0000000084500000, 0x0000000084600000|  0%| F|  |TAMS 0x0000000084500000, 0x0000000084500000| Untracked 
|  16|0x0000000084600000, 0x0000000084600000, 0x0000000084700000|  0%| F|  |TAMS 0x0000000084600000, 0x0000000084600000| Untracked 
|  17|0x0000000084700000, 0x0000000084700000, 0x0000000084800000|  0%| F|  |TAMS 0x0000000084700000, 0x0000000084700000| Untracked 
|  18|0x0000000084800000, 0x0000000084800000, 0x0000000084900000|  0%| F|  |TAMS 0x0000000084800000, 0x0000000084800000| Untracked 
|  19|0x0000000084900000, 0x0000000084900000, 0x0000000084a00000|  0%| F|  |TAMS 0x0000000084900000, 0x0000000084900000| Untracked 
|  20|0x0000000084a00000, 0x0000000084a00000, 0x0000000084b00000|  0%| F|  |TAMS 0x0000000084a00000, 0x0000000084a00000| Untracked 
|  21|0x0000000084b00000, 0x0000000084b00000, 0x0000000084c00000|  0%| F|  |TAMS 0x0000000084b00000, 0x0000000084b00000| Untracked 
|  22|0x0000000084c00000, 0x0000000084c00000, 0x0000000084d00000|  0%| F|  |TAMS 0x0000000084c00000, 0x0000000084c00000| Untracked 
|  23|0x0000000084d00000, 0x0000000084d00000, 0x0000000084e00000|  0%| F|  |TAMS 0x0000000084d00000, 0x0000000084d00000| Untracked 
|  24|0x0000000084e00000, 0x0000000084e00000, 0x0000000084f00000|  0%| F|  |TAMS 0x0000000084e00000, 0x0000000084e00000| Untracked 
|  25|0x0000000084f00000, 0x0000000084f00000, 0x0000000085000000|  0%| F|  |TAMS 0x0000000084f00000, 0x0000000084f00000| Untracked 
|  26|0x0000000085000000, 0x0000000085000000, 0x0000000085100000|  0%| F|  |TAMS 0x0000000085000000, 0x0000000085000000| Untracked 
|  27|0x0000000085100000, 0x0000000085100000, 0x0000000085200000|  0%| F|  |TAMS 0x0000000085100000, 0x0000000085100000| Untracked 
|  28|0x0000000085200000, 0x0000000085200000, 0x0000000085300000|  0%| F|  |TAMS 0x0000000085200000, 0x0000000085200000| Untracked 
|  29|0x0000000085300000, 0x0000000085300000, 0x0000000085400000|  0%| F|  |TAMS 0x0000000085300000, 0x0000000085300000| Untracked 
|  30|0x0000000085400000, 0x0000000085400000, 0x0000000085500000|  0%| F|  |TAMS 0x0000000085400000, 0x0000000085400000| Untracked 
|  31|0x0000000085500000, 0x0000000085500000, 0x0000000085600000|  0%| F|  |TAMS 0x0000000085500000, 0x0000000085500000| Untracked 
|  32|0x0000000085600000, 0x0000000085600000, 0x0000000085700000|  0%| F|  |TAMS 0x0000000085600000, 0x0000000085600000| Untracked 
|  33|0x0000000085700000, 0x0000000085700000, 0x0000000085800000|  0%| F|  |TAMS 0x0000000085700000, 0x0000000085700000| Untracked 
|  34|0x0000000085800000, 0x0000000085800000, 0x0000000085900000|  0%| F|  |TAMS 0x0000000085800000, 0x0000000085800000| Untracked 
|  35|0x0000000085900000, 0x0000000085900000, 0x0000000085a00000|  0%| F|  |TAMS 0x0000000085900000, 0x0000000085900000| Untracked 
|  36|0x0000000085a00000, 0x0000000085a00000, 0x0000000085b00000|  0%| F|  |TAMS 0x0000000085a00000, 0x0000000085a00000| Untracked 
|  37|0x0000000085b00000, 0x0000000085b00000, 0x0000000085c00000|  0%| F|  |TAMS 0x0000000085b00000, 0x0000000085b00000| Untracked 
|  38|0x0000000085c00000, 0x0000000085c00000, 0x0000000085d00000|  0%| F|  |TAMS 0x0000000085c00000, 0x0000000085c00000| Untracked 
|  39|0x0000000085d00000, 0x0000000085d00000, 0x0000000085e00000|  0%| F|  |TAMS 0x0000000085d00000, 0x0000000085d00000| Untracked 
|  40|0x0000000085e00000, 0x0000000085e00000, 0x0000000085f00000|  0%| F|  |TAMS 0x0000000085e00000, 0x0000000085e00000| Untracked 
|  41|0x0000000085f00000, 0x0000000085f54828, 0x0000000086000000| 33%| S|CS|TAMS 0x0000000085f00000, 0x0000000085f00000| Complete 
|  42|0x0000000086000000, 0x0000000086100000, 0x0000000086100000|100%| S|CS|TAMS 0x0000000086000000, 0x0000000086000000| Complete 
|  43|0x0000000086100000, 0x0000000086200000, 0x0000000086200000|100%| S|CS|TAMS 0x0000000086100000, 0x0000000086100000| Complete 
|  44|0x0000000086200000, 0x0000000086300000, 0x0000000086300000|100%| S|CS|TAMS 0x0000000086200000, 0x0000000086200000| Complete 
|  45|0x0000000086300000, 0x0000000086400000, 0x0000000086400000|100%| S|CS|TAMS 0x0000000086300000, 0x0000000086300000| Complete 
|  46|0x0000000086400000, 0x0000000086500000, 0x0000000086500000|100%| S|CS|TAMS 0x0000000086400000, 0x0000000086400000| Complete 
|  47|0x0000000086500000, 0x0000000086600000, 0x0000000086600000|100%| S|CS|TAMS 0x0000000086500000, 0x0000000086500000| Complete 
|  48|0x0000000086600000, 0x0000000086700000, 0x0000000086700000|100%| S|CS|TAMS 0x0000000086600000, 0x0000000086600000| Complete 
|  49|0x0000000086700000, 0x0000000086800000, 0x0000000086800000|100%| S|CS|TAMS 0x0000000086700000, 0x0000000086700000| Complete 
|  50|0x0000000086800000, 0x0000000086900000, 0x0000000086900000|100%| S|CS|TAMS 0x0000000086800000, 0x0000000086800000| Complete 
|  51|0x0000000086900000, 0x0000000086900000, 0x0000000086a00000|  0%| F|  |TAMS 0x0000000086900000, 0x0000000086900000| Untracked 
|  52|0x0000000086a00000, 0x0000000086a00000, 0x0000000086b00000|  0%| F|  |TAMS 0x0000000086a00000, 0x0000000086a00000| Untracked 
|  53|0x0000000086b00000, 0x0000000086b00000, 0x0000000086c00000|  0%| F|  |TAMS 0x0000000086b00000, 0x0000000086b00000| Untracked 
|  54|0x0000000086c00000, 0x0000000086c00000, 0x0000000086d00000|  0%| F|  |TAMS 0x0000000086c00000, 0x0000000086c00000| Untracked 
|  55|0x0000000086d00000, 0x0000000086d00000, 0x0000000086e00000|  0%| F|  |TAMS 0x0000000086d00000, 0x0000000086d00000| Untracked 
|  56|0x0000000086e00000, 0x0000000086e00000, 0x0000000086f00000|  0%| F|  |TAMS 0x0000000086e00000, 0x0000000086e00000| Untracked 
|  57|0x0000000086f00000, 0x0000000086f00000, 0x0000000087000000|  0%| F|  |TAMS 0x0000000086f00000, 0x0000000086f00000| Untracked 
|  58|0x0000000087000000, 0x0000000087000000, 0x0000000087100000|  0%| F|  |TAMS 0x0000000087000000, 0x0000000087000000| Untracked 
|  59|0x0000000087100000, 0x0000000087100000, 0x0000000087200000|  0%| F|  |TAMS 0x0000000087100000, 0x0000000087100000| Untracked 
|  60|0x0000000087200000, 0x0000000087200000, 0x0000000087300000|  0%| F|  |TAMS 0x0000000087200000, 0x0000000087200000| Untracked 
|  61|0x0000000087300000, 0x0000000087300000, 0x0000000087400000|  0%| F|  |TAMS 0x0000000087300000, 0x0000000087300000| Untracked 
|  62|0x0000000087400000, 0x0000000087400000, 0x0000000087500000|  0%| F|  |TAMS 0x0000000087400000, 0x0000000087400000| Untracked 
|  63|0x0000000087500000, 0x0000000087500000, 0x0000000087600000|  0%| F|  |TAMS 0x0000000087500000, 0x0000000087500000| Untracked 
|  64|0x0000000087600000, 0x0000000087600000, 0x0000000087700000|  0%| F|  |TAMS 0x0000000087600000, 0x0000000087600000| Untracked 
|  65|0x0000000087700000, 0x0000000087700000, 0x0000000087800000|  0%| F|  |TAMS 0x0000000087700000, 0x0000000087700000| Untracked 
|  66|0x0000000087800000, 0x0000000087800000, 0x0000000087900000|  0%| F|  |TAMS 0x0000000087800000, 0x0000000087800000| Untracked 
|  67|0x0000000087900000, 0x0000000087900000, 0x0000000087a00000|  0%| F|  |TAMS 0x0000000087900000, 0x0000000087900000| Untracked 
|  68|0x0000000087a00000, 0x0000000087a00000, 0x0000000087b00000|  0%| F|  |TAMS 0x0000000087a00000, 0x0000000087a00000| Untracked 
|  69|0x0000000087b00000, 0x0000000087b00000, 0x0000000087c00000|  0%| F|  |TAMS 0x0000000087b00000, 0x0000000087b00000| Untracked 
|  70|0x0000000087c00000, 0x0000000087c00000, 0x0000000087d00000|  0%| F|  |TAMS 0x0000000087c00000, 0x0000000087c00000| Untracked 
|  71|0x0000000087d00000, 0x0000000087d00000, 0x0000000087e00000|  0%| F|  |TAMS 0x0000000087d00000, 0x0000000087d00000| Untracked 
|  72|0x0000000087e00000, 0x0000000087e00000, 0x0000000087f00000|  0%| F|  |TAMS 0x0000000087e00000, 0x0000000087e00000| Untracked 
|  73|0x0000000087f00000, 0x0000000087f00000, 0x0000000088000000|  0%| F|  |TAMS 0x0000000087f00000, 0x0000000087f00000| Untracked 
|  74|0x0000000088000000, 0x0000000088000000, 0x0000000088100000|  0%| F|  |TAMS 0x0000000088000000, 0x0000000088000000| Untracked 
|  75|0x0000000088100000, 0x0000000088100000, 0x0000000088200000|  0%| F|  |TAMS 0x0000000088100000, 0x0000000088100000| Untracked 
|  76|0x0000000088200000, 0x0000000088200000, 0x0000000088300000|  0%| F|  |TAMS 0x0000000088200000, 0x0000000088200000| Untracked 
|  77|0x0000000088300000, 0x0000000088300000, 0x0000000088400000|  0%| F|  |TAMS 0x0000000088300000, 0x0000000088300000| Untracked 
|  78|0x0000000088400000, 0x0000000088400000, 0x0000000088500000|  0%| F|  |TAMS 0x0000000088400000, 0x0000000088400000| Untracked 
|  79|0x0000000088500000, 0x0000000088500000, 0x0000000088600000|  0%| F|  |TAMS 0x0000000088500000, 0x0000000088500000| Untracked 
|  80|0x0000000088600000, 0x0000000088600000, 0x0000000088700000|  0%| F|  |TAMS 0x0000000088600000, 0x0000000088600000| Untracked 
|  81|0x0000000088700000, 0x0000000088700000, 0x0000000088800000|  0%| F|  |TAMS 0x0000000088700000, 0x0000000088700000| Untracked 
|  82|0x0000000088800000, 0x0000000088800000, 0x0000000088900000|  0%| F|  |TAMS 0x0000000088800000, 0x0000000088800000| Untracked 
|  83|0x0000000088900000, 0x0000000088900000, 0x0000000088a00000|  0%| F|  |TAMS 0x0000000088900000, 0x0000000088900000| Untracked 
|  84|0x0000000088a00000, 0x0000000088a00000, 0x0000000088b00000|  0%| F|  |TAMS 0x0000000088a00000, 0x0000000088a00000| Untracked 
|  85|0x0000000088b00000, 0x0000000088b00000, 0x0000000088c00000|  0%| F|  |TAMS 0x0000000088b00000, 0x0000000088b00000| Untracked 
|  86|0x0000000088c00000, 0x0000000088c00000, 0x0000000088d00000|  0%| F|  |TAMS 0x0000000088c00000, 0x0000000088c00000| Untracked 
|  87|0x0000000088d00000, 0x0000000088d00000, 0x0000000088e00000|  0%| F|  |TAMS 0x0000000088d00000, 0x0000000088d00000| Untracked 
|  88|0x0000000088e00000, 0x0000000088e00000, 0x0000000088f00000|  0%| F|  |TAMS 0x0000000088e00000, 0x0000000088e00000| Untracked 
|  89|0x0000000088f00000, 0x0000000088f00000, 0x0000000089000000|  0%| F|  |TAMS 0x0000000088f00000, 0x0000000088f00000| Untracked 
|  90|0x0000000089000000, 0x0000000089000000, 0x0000000089100000|  0%| F|  |TAMS 0x0000000089000000, 0x0000000089000000| Untracked 
|  91|0x0000000089100000, 0x0000000089100000, 0x0000000089200000|  0%| F|  |TAMS 0x0000000089100000, 0x0000000089100000| Untracked 
|  92|0x0000000089200000, 0x0000000089200000, 0x0000000089300000|  0%| F|  |TAMS 0x0000000089200000, 0x0000000089200000| Untracked 
|  93|0x0000000089300000, 0x0000000089300000, 0x0000000089400000|  0%| F|  |TAMS 0x0000000089300000, 0x0000000089300000| Untracked 
|  94|0x0000000089400000, 0x0000000089400000, 0x0000000089500000|  0%| F|  |TAMS 0x0000000089400000, 0x0000000089400000| Untracked 
|  95|0x0000000089500000, 0x0000000089580080, 0x0000000089600000| 50%| E|  |TAMS 0x0000000089500000, 0x0000000089500000| Complete 
|  96|0x0000000089600000, 0x0000000089700000, 0x0000000089700000|100%| E|CS|TAMS 0x0000000089600000, 0x0000000089600000| Complete 
|  97|0x0000000089700000, 0x0000000089800000, 0x0000000089800000|100%| E|CS|TAMS 0x0000000089700000, 0x0000000089700000| Complete 
|  98|0x0000000089800000, 0x0000000089900000, 0x0000000089900000|100%| E|CS|TAMS 0x0000000089800000, 0x0000000089800000| Complete 
|  99|0x0000000089900000, 0x0000000089a00000, 0x0000000089a00000|100%| E|CS|TAMS 0x0000000089900000, 0x0000000089900000| Complete 
| 100|0x0000000089a00000, 0x0000000089b00000, 0x0000000089b00000|100%| E|CS|TAMS 0x0000000089a00000, 0x0000000089a00000| Complete 
| 101|0x0000000089b00000, 0x0000000089c00000, 0x0000000089c00000|100%| E|CS|TAMS 0x0000000089b00000, 0x0000000089b00000| Complete 
| 102|0x0000000089c00000, 0x0000000089d00000, 0x0000000089d00000|100%| E|CS|TAMS 0x0000000089c00000, 0x0000000089c00000| Complete 
| 103|0x0000000089d00000, 0x0000000089e00000, 0x0000000089e00000|100%| E|CS|TAMS 0x0000000089d00000, 0x0000000089d00000| Complete 
| 104|0x0000000089e00000, 0x0000000089f00000, 0x0000000089f00000|100%| E|CS|TAMS 0x0000000089e00000, 0x0000000089e00000| Complete 
| 105|0x0000000089f00000, 0x000000008a000000, 0x000000008a000000|100%| E|CS|TAMS 0x0000000089f00000, 0x0000000089f00000| Complete 
| 106|0x000000008a000000, 0x000000008a100000, 0x000000008a100000|100%| E|CS|TAMS 0x000000008a000000, 0x000000008a000000| Complete 
| 107|0x000000008a100000, 0x000000008a200000, 0x000000008a200000|100%| E|CS|TAMS 0x000000008a100000, 0x000000008a100000| Complete 
| 108|0x000000008a200000, 0x000000008a300000, 0x000000008a300000|100%| E|CS|TAMS 0x000000008a200000, 0x000000008a200000| Complete 
| 109|0x000000008a300000, 0x000000008a400000, 0x000000008a400000|100%| E|CS|TAMS 0x000000008a300000, 0x000000008a300000| Complete 
| 110|0x000000008a400000, 0x000000008a500000, 0x000000008a500000|100%| E|CS|TAMS 0x000000008a400000, 0x000000008a400000| Complete 
| 111|0x000000008a500000, 0x000000008a600000, 0x000000008a600000|100%| E|CS|TAMS 0x000000008a500000, 0x000000008a500000| Complete 
| 112|0x000000008a600000, 0x000000008a700000, 0x000000008a700000|100%| E|CS|TAMS 0x000000008a600000, 0x000000008a600000| Complete 
| 113|0x000000008a700000, 0x000000008a800000, 0x000000008a800000|100%| E|CS|TAMS 0x000000008a700000, 0x000000008a700000| Complete 
| 114|0x000000008a800000, 0x000000008a900000, 0x000000008a900000|100%| E|CS|TAMS 0x000000008a800000, 0x000000008a800000| Complete 
| 115|0x000000008a900000, 0x000000008aa00000, 0x000000008aa00000|100%| E|CS|TAMS 0x000000008a900000, 0x000000008a900000| Complete 
| 116|0x000000008aa00000, 0x000000008ab00000, 0x000000008ab00000|100%| E|CS|TAMS 0x000000008aa00000, 0x000000008aa00000| Complete 
| 117|0x000000008ab00000, 0x000000008ac00000, 0x000000008ac00000|100%| E|CS|TAMS 0x000000008ab00000, 0x000000008ab00000| Complete 
| 118|0x000000008ac00000, 0x000000008ad00000, 0x000000008ad00000|100%| E|CS|TAMS 0x000000008ac00000, 0x000000008ac00000| Complete 
| 119|0x000000008ad00000, 0x000000008ae00000, 0x000000008ae00000|100%| E|CS|TAMS 0x000000008ad00000, 0x000000008ad00000| Complete 
| 120|0x000000008ae00000, 0x000000008af00000, 0x000000008af00000|100%| E|CS|TAMS 0x000000008ae00000, 0x000000008ae00000| Complete 
| 121|0x000000008af00000, 0x000000008b000000, 0x000000008b000000|100%| E|CS|TAMS 0x000000008af00000, 0x000000008af00000| Complete 
| 122|0x000000008b000000, 0x000000008b100000, 0x000000008b100000|100%| E|CS|TAMS 0x000000008b000000, 0x000000008b000000| Complete 
| 123|0x000000008b100000, 0x000000008b200000, 0x000000008b200000|100%| E|CS|TAMS 0x000000008b100000, 0x000000008b100000| Complete 
| 124|0x000000008b200000, 0x000000008b300000, 0x000000008b300000|100%| E|CS|TAMS 0x000000008b200000, 0x000000008b200000| Complete 
| 125|0x000000008b300000, 0x000000008b400000, 0x000000008b400000|100%| E|CS|TAMS 0x000000008b300000, 0x000000008b300000| Complete 

Card table byte_map: [0x0000019df8d50000,0x0000019df9140000] _byte_map_base: 0x0000019df8935000

Marking Bits (Prev, Next): (CMBitMap*) 0x0000019df85e11e0, (CMBitMap*) 0x0000019df85e1220
 Prev Bits: [0x0000019df9530000, 0x0000019dfb458000)
 Next Bits: [0x0000019dfb460000, 0x0000019dfd388000)

Polling page: 0x0000019df68f0000

Metaspace:

Usage:
  Non-class:     14.71 MB used.
      Class:      1.96 MB used.
       Both:     16.67 MB used.

Virtual space:
  Non-class space:       64.00 MB reserved,      14.81 MB ( 23%) committed,  1 nodes.
      Class space:        1.00 GB reserved,       2.12 MB ( <1%) committed,  1 nodes.
             Both:        1.06 GB reserved,      16.94 MB (  2%) committed. 

Chunk freelists:
   Non-Class:  896.00 KB
       Class:  13.80 MB
        Both:  14.68 MB

MaxMetaspaceSize: unlimited
CompressedClassSpaceSize: 1.00 GB
Initial GC threshold: 21.00 MB
Current GC threshold: 21.00 MB
CDS: on
MetaspaceReclaimPolicy: balanced
 - commit_granule_bytes: 65536.
 - commit_granule_words: 8192.
 - virtual_space_node_default_size: 8388608.
 - enlarge_chunks_in_place: 1.
 - new_chunks_are_fully_committed: 0.
 - uncommit_free_chunks: 1.
 - use_allocation_guard: 0.
 - handle_deallocations: 1.


Internal statistics:

num_allocs_failed_limit: 0.
num_arena_births: 116.
num_arena_deaths: 0.
num_vsnodes_births: 2.
num_vsnodes_deaths: 0.
num_space_committed: 271.
num_space_uncommitted: 0.
num_chunks_returned_to_freelist: 0.
num_chunks_taken_from_freelist: 718.
num_chunk_merges: 0.
num_chunk_splits: 482.
num_chunks_enlarged: 387.
num_inconsistent_stats: 0.

CodeHeap 'non-profiled nmethods': size=120000Kb used=2149Kb max_used=2149Kb free=117850Kb
 bounds [0x0000019d8f5a0000, 0x0000019d8f810000, 0x0000019d96ad0000]
CodeHeap 'profiled nmethods': size=120000Kb used=9115Kb max_used=9115Kb free=110884Kb
 bounds [0x0000019d87ad0000, 0x0000019d883c0000, 0x0000019d8f000000]
CodeHeap 'non-nmethods': size=5760Kb used=1204Kb max_used=1244Kb free=4555Kb
 bounds [0x0000019d8f000000, 0x0000019d8f270000, 0x0000019d8f5a0000]
 total_blobs=4838 nmethods=4353 adapters=397
 compilation: enabled
              stopped_count=0, restarted_count=0
 full_count=0

Compilation events (20 events):
Event: 20.798 Thread 0x0000019dffde4860 nmethod 4325 0x0000019d883a4c90 code [0x0000019d883a4f80, 0x0000019d883a5f38]
Event: 20.798 Thread 0x0000019dffde4860 4327       3       org.apache.maven.model.Scm::setLocation (322 bytes)
Event: 20.799 Thread 0x0000019dffde4860 nmethod 4327 0x0000019d883a6590 code [0x0000019d883a6900, 0x0000019d883a80e8]
Event: 20.799 Thread 0x0000019dffde4860 4326       3       org.apache.maven.model.Reporting::setLocation (186 bytes)
Event: 20.800 Thread 0x0000019dffde4860 nmethod 4326 0x0000019d883a8510 code [0x0000019d883a8800, 0x0000019d883a9a28]
Event: 20.800 Thread 0x0000019dffde4860 4329       3       org.eclipse.aether.util.graph.visitor.Stack::push (61 bytes)
Event: 20.800 Thread 0x0000019dffde4860 nmethod 4329 0x0000019d883a9d90 code [0x0000019d883a9f60, 0x0000019d883aa408]
Event: 20.800 Thread 0x0000019dffde4860 4328   !   3       java.util.ArrayList$Itr::remove (68 bytes)
Event: 20.801 Thread 0x0000019dffde4860 nmethod 4328 0x0000019d883aa590 code [0x0000019d883aa7a0, 0x0000019d883aad18]
Event: 20.861 Thread 0x0000019dffde4860 4330       1       org.apache.maven.artifact.versioning.ComparableVersion::toString (5 bytes)
Event: 20.861 Thread 0x0000019dffde4860 nmethod 4330 0x0000019d8f7b8c10 code [0x0000019d8f7b8da0, 0x0000019d8f7b8e78]
Event: 20.861 Thread 0x0000019dffde4860 4331       3       org.apache.maven.artifact.DefaultArtifact::appendArtifactTypeClassifierString (49 bytes)
Event: 20.862 Thread 0x0000019dffde33e0 4333       4       java.util.Collections$UnmodifiableCollection::contains (11 bytes)
Event: 20.862 Thread 0x0000019dffde4860 nmethod 4331 0x0000019d883aaf90 code [0x0000019d883ab1c0, 0x0000019d883ab8c8]
Event: 20.862 Thread 0x0000019dffde4860 4332       3       org.apache.maven.artifact.DefaultArtifact::hasClassifier (8 bytes)
Event: 20.862 Thread 0x0000019dffde4860 nmethod 4332 0x0000019d883abb90 code [0x0000019d883abd40, 0x0000019d883abff8]
Event: 20.863 Thread 0x0000019dffde4860 4334       1       java.net.URI::getScheme (5 bytes)
Event: 20.863 Thread 0x0000019dffde33e0 nmethod 4333 0x0000019d8f7b8f10 code [0x0000019d8f7b90a0, 0x0000019d8f7b91f8]
Event: 20.863 Thread 0x0000019dffde4860 nmethod 4334 0x0000019d8f7b9390 code [0x0000019d8f7b9520, 0x0000019d8f7b95f8]
Event: 20.900 Thread 0x0000019dffde33e0 4335       4       org.codehaus.plexus.classworlds.realm.Entry::matches (282 bytes)

GC Heap History (6 events):
Event: 2.581 GC heap before
{Heap before GC invocations=0 (full 0):
 garbage-first heap   total 129024K, used 23552K [0x0000000083600000, 0x0000000100000000)
  region size 1024K, 23 young (23552K), 0 survivors (0K)
 Metaspace       used 5435K, committed 5632K, reserved 1114112K
  class space    used 656K, committed 768K, reserved 1048576K
}
Event: 2.595 GC heap after
{Heap after GC invocations=1 (full 0):
 garbage-first heap   total 129024K, used 3669K [0x0000000083600000, 0x0000000100000000)
  region size 1024K, 3 young (3072K), 3 survivors (3072K)
 Metaspace       used 5435K, committed 5632K, reserved 1114112K
  class space    used 656K, committed 768K, reserved 1048576K
}
Event: 6.510 GC heap before
{Heap before GC invocations=1 (full 0):
 garbage-first heap   total 129024K, used 34389K [0x0000000083600000, 0x0000000100000000)
  region size 1024K, 33 young (33792K), 3 survivors (3072K)
 Metaspace       used 9411K, committed 9536K, reserved 1114112K
  class space    used 1141K, committed 1216K, reserved 1048576K
}
Event: 6.541 GC heap after
{Heap after GC invocations=2 (full 0):
 garbage-first heap   total 129024K, used 5273K [0x0000000083600000, 0x0000000100000000)
  region size 1024K, 2 young (2048K), 2 survivors (2048K)
 Metaspace       used 9411K, committed 9536K, reserved 1114112K
  class space    used 1141K, committed 1216K, reserved 1048576K
}
Event: 16.998 GC heap before
{Heap before GC invocations=2 (full 0):
 garbage-first heap   total 129024K, used 80025K [0x0000000083600000, 0x0000000100000000)
  region size 1024K, 75 young (76800K), 2 survivors (2048K)
 Metaspace       used 15591K, committed 15808K, reserved 1114112K
  class space    used 1854K, committed 1920K, reserved 1048576K
}
Event: 17.019 GC heap after
{Heap after GC invocations=3 (full 0):
 garbage-first heap   total 129024K, used 13127K [0x0000000083600000, 0x0000000100000000)
  region size 1024K, 10 young (10240K), 10 survivors (10240K)
 Metaspace       used 15591K, committed 15808K, reserved 1114112K
  class space    used 1854K, committed 1920K, reserved 1048576K
}

Dll operation events (8 events):
Event: 0.023 Loaded shared library C:\Program Files\Eclipse Adoptium\jdk-17.0.20.8-hotspot\bin\java.dll
Event: 0.068 Loaded shared library C:\Program Files\Eclipse Adoptium\jdk-17.0.20.8-hotspot\bin\jsvml.dll
Event: 0.179 Loaded shared library C:\Program Files\Eclipse Adoptium\jdk-17.0.20.8-hotspot\bin\net.dll
Event: 0.192 Loaded shared library C:\Program Files\Eclipse Adoptium\jdk-17.0.20.8-hotspot\bin\nio.dll
Event: 0.210 Loaded shared library C:\Program Files\Eclipse Adoptium\jdk-17.0.20.8-hotspot\bin\zip.dll
Event: 0.879 Loaded shared library C:\Program Files\Apache\Maven\apache-maven-3.9.11\lib\jansi-native\Windows\x86_64\jansi.dll
Event: 0.886 Loaded shared library C:\Program Files\Eclipse Adoptium\jdk-17.0.20.8-hotspot\bin\jimage.dll
Event: 0.917 Loaded shared library C:\Program Files\Eclipse Adoptium\jdk-17.0.20.8-hotspot\bin\verify.dll

Deoptimization events (20 events):
Event: 19.454 Thread 0x0000019df8584720 Uncommon trap: trap_request=0xffffffc6 fr.pc=0x0000019d8f68f520 relative=0x0000000000000080
Event: 19.454 Thread 0x0000019df8584720 Uncommon trap: reason=bimorphic_or_optimized_type_check action=maybe_recompile pc=0x0000019d8f68f520 method=com.google.inject.internal.LinkedBindingImpl.acceptTargetVisitor(Lcom/google/inject/spi/BindingTargetVisitor;)Ljava/lang/Object; @ 2 c2
Event: 19.454 Thread 0x0000019df8584720 DEOPT PACKING pc=0x0000019d8f68f520 sp=0x00000031771fcfe0
Event: 19.454 Thread 0x0000019df8584720 DEOPT UNPACKING pc=0x0000019d8f05a1a3 sp=0x00000031771fcf68 mode 2
Event: 19.455 Thread 0x0000019df8584720 Uncommon trap: trap_request=0xffffffc6 fr.pc=0x0000019d8f68f520 relative=0x0000000000000080
Event: 19.455 Thread 0x0000019df8584720 Uncommon trap: reason=bimorphic_or_optimized_type_check action=maybe_recompile pc=0x0000019d8f68f520 method=com.google.inject.internal.LinkedBindingImpl.acceptTargetVisitor(Lcom/google/inject/spi/BindingTargetVisitor;)Ljava/lang/Object; @ 2 c2
Event: 19.455 Thread 0x0000019df8584720 DEOPT PACKING pc=0x0000019d8f68f520 sp=0x00000031771fcfe0
Event: 19.455 Thread 0x0000019df8584720 DEOPT UNPACKING pc=0x0000019d8f05a1a3 sp=0x00000031771fcf68 mode 2
Event: 19.562 Thread 0x0000019df8584720 Uncommon trap: trap_request=0xfffffff4 fr.pc=0x0000019d8f78c558 relative=0x00000000000001d8
Event: 19.562 Thread 0x0000019df8584720 Uncommon trap: reason=null_check action=make_not_entrant pc=0x0000019d8f78c558 method=com.google.inject.internal.InjectorImpl.enterContext()Lcom/google/inject/internal/InternalContext; @ 7 c2
Event: 19.562 Thread 0x0000019df8584720 DEOPT PACKING pc=0x0000019d8f78c558 sp=0x00000031771fd080
Event: 19.562 Thread 0x0000019df8584720 DEOPT UNPACKING pc=0x0000019d8f05a1a3 sp=0x00000031771fd070 mode 2
Event: 20.109 Thread 0x0000019df8584720 DEOPT PACKING pc=0x0000019d87b3429b sp=0x00000031771fc750
Event: 20.110 Thread 0x0000019df8584720 DEOPT UNPACKING pc=0x0000019d8f05ace3 sp=0x00000031771fbc70 mode 0
Event: 20.146 Thread 0x0000019df8584720 DEOPT PACKING pc=0x0000019d8806867a sp=0x00000031771fc320
Event: 20.146 Thread 0x0000019df8584720 DEOPT UNPACKING pc=0x0000019d8f05ace3 sp=0x00000031771fb858 mode 0
Event: 20.499 Thread 0x0000019df8584720 Uncommon trap: trap_request=0xffffffde fr.pc=0x0000019d8f5e3aec relative=0x0000000000000ecc
Event: 20.499 Thread 0x0000019df8584720 Uncommon trap: reason=class_check action=maybe_recompile pc=0x0000019d8f5e3aec method=java.util.concurrent.ConcurrentHashMap.putVal(Ljava/lang/Object;Ljava/lang/Object;Z)Ljava/lang/Object; @ 242 c2
Event: 20.499 Thread 0x0000019df8584720 DEOPT PACKING pc=0x0000019d8f5e3aec sp=0x00000031771fc8c0
Event: 20.499 Thread 0x0000019df8584720 DEOPT UNPACKING pc=0x0000019d8f05a1a3 sp=0x00000031771fc830 mode 2

Classes loaded (20 events):
Event: 19.774 Loading class java/nio/file/NoSuchFileException
Event: 19.775 Loading class java/nio/file/NoSuchFileException done
Event: 19.777 Loading class java/nio/file/attribute/PosixFileAttributeView
Event: 19.777 Loading class java/nio/file/attribute/FileOwnerAttributeView
Event: 19.778 Loading class java/nio/file/attribute/FileOwnerAttributeView done
Event: 19.778 Loading class java/nio/file/attribute/PosixFileAttributeView done
Event: 19.778 Loading class java/nio/file/attribute/DosFileAttributeView
Event: 19.778 Loading class java/nio/file/attribute/DosFileAttributeView done
Event: 19.778 Loading class java/nio/file/attribute/AclFileAttributeView
Event: 19.778 Loading class java/nio/file/attribute/AclFileAttributeView done
Event: 19.778 Loading class java/nio/file/attribute/UserDefinedFileAttributeView
Event: 19.780 Loading class java/nio/file/attribute/UserDefinedFileAttributeView done
Event: 19.792 Loading class sun/nio/fs/WindowsChannelFactory$2
Event: 19.850 Loading class sun/nio/fs/WindowsChannelFactory$2 done
Event: 19.851 Loading class sun/nio/cs/UTF_8$Encoder
Event: 19.859 Loading class sun/nio/cs/UTF_8$Encoder done
Event: 19.878 Loading class java/nio/BufferMismatch
Event: 19.878 Loading class java/nio/BufferMismatch done
Event: 19.881 Loading class java/nio/file/attribute/PosixFileAttributes
Event: 19.882 Loading class java/nio/file/attribute/PosixFileAttributes done

Classes unloaded (0 events):
No events

Classes redefined (0 events):
No events

Internal exceptions (20 events):
Event: 2.345 Thread 0x0000019df8584720 Exception <a 'java/lang/NoClassDefFoundError'{0x000000008a1dd528}: javax/enterprise/inject/Typed> (0x000000008a1dd528) 
thrown [s\src\hotspot\share\classfile\systemDictionary.cpp, line 246]
Event: 7.300 Thread 0x0000019df8584720 Exception <a 'java/lang/NoSuchMethodError'{0x000000008aeaee10}: 'void java.lang.invoke.DirectMethodHandle$Holder.invokeStaticInit(java.lang.Object, java.lang.Object, java.lang.Object)'> (0x000000008aeaee10) 
thrown [s\src\hotspot\share\interpreter\linkResolver.cpp, line 759]
Event: 7.325 Thread 0x0000019df8584720 Exception <a 'java/lang/ExceptionInInitializerError'{0x000000008aedc388}> (0x000000008aedc388) 
thrown [s\src\hotspot\share\oops\instanceKlass.cpp, line 1216]
Event: 7.365 Thread 0x0000019df8584720 Implicit null exception at 0x0000019d8f61f82f to 0x0000019d8f61f98c
Event: 7.374 Thread 0x0000019df8584720 Exception <a 'java/lang/NoSuchMethodError'{0x000000008ad440d8}: 'java.lang.Object java.lang.invoke.Invokers$Holder.invokeExact_MT(java.lang.Object, int, java.lang.Object)'> (0x000000008ad440d8) 
thrown [s\src\hotspot\share\interpreter\linkResolver.cpp, line 759]
Event: 7.413 Thread 0x0000019df8584720 Exception <a 'java/lang/NoSuchMethodError'{0x000000008adaea30}: 'int java.lang.invoke.DirectMethodHandle$Holder.invokeSpecial(java.lang.Object, java.lang.Object, java.lang.Object, java.lang.Object)'> (0x000000008adaea30) 
thrown [s\src\hotspot\share\interpreter\linkResolver.cpp, line 759]
Event: 9.088 Thread 0x0000019df8584720 Exception <a 'java/lang/NoClassDefFoundError'{0x000000008a5e65b0}: com/google/inject/servlet/ServletModuleTargetVisitor> (0x000000008a5e65b0) 
thrown [s\src\hotspot\share\classfile\systemDictionary.cpp, line 246]
Event: 9.681 Thread 0x0000019df8584720 Exception <a 'java/lang/NoSuchMethodError'{0x000000008a37d280}: 'void java.lang.invoke.DirectMethodHandle$Holder.invokeVirtual(java.lang.Object, java.lang.Object)'> (0x000000008a37d280) 
thrown [s\src\hotspot\share\interpreter\linkResolver.cpp, line 759]
Event: 10.003 Thread 0x0000019df8584720 Exception <a 'java/lang/NoSuchMethodError'{0x000000008a3f5cf8}: 'java.lang.Object java.lang.invoke.DirectMethodHandle$Holder.invokeStaticInit(java.lang.Object, int, int, int, int)'> (0x000000008a3f5cf8) 
thrown [s\src\hotspot\share\interpreter\linkResolver.cpp, line 759]
Event: 10.539 Thread 0x0000019df8584720 Implicit null exception at 0x0000019d8f5cba72 to 0x0000019d8f5cc0b0
Event: 10.539 Thread 0x0000019df8584720 Implicit null exception at 0x0000019d8f5c6b72 to 0x0000019d8f5c71c8
Event: 10.763 Thread 0x0000019df8584720 Exception <a 'java/lang/NoSuchMethodError'{0x0000000089dbacd8}: 'void java.lang.invoke.DirectMethodHandle$Holder.invokeSpecial(java.lang.Object, java.lang.Object, java.lang.Object, java.lang.Object, java.lang.Object)'> (0x0000000089dbacd8) 
thrown [s\src\hotspot\share\interpreter\linkResolver.cpp, line 759]
Event: 10.772 Thread 0x0000019df8584720 Exception <a 'java/lang/NoSuchMethodError'{0x0000000089dd8330}: 'void java.lang.invoke.DirectMethodHandle$Holder.invokeSpecial(java.lang.Object, java.lang.Object, java.lang.Object, java.lang.Object, java.lang.Object, java.lang.Object)'> (0x0000000089dd8330) 
thrown [s\src\hotspot\share\interpreter\linkResolver.cpp, line 759]
Event: 10.842 Thread 0x0000019df8584720 Exception <a 'java/lang/NoSuchMethodError'{0x0000000089b279c0}: 'java.lang.Object java.lang.invoke.DirectMethodHandle$Holder.invokeVirtual(java.lang.Object, java.lang.Object, java.lang.Object)'> (0x0000000089b279c0) 
thrown [s\src\hotspot\share\interpreter\linkResolver.cpp, line 759]
Event: 13.145 Thread 0x0000019df8584720 Implicit null exception at 0x0000019d8f6adfde to 0x0000019d8f6aea58
Event: 13.146 Thread 0x0000019df8584720 Implicit null exception at 0x0000019d8f65586c to 0x0000019d8f655a54
Event: 13.146 Thread 0x0000019df8584720 Implicit null exception at 0x0000019d8f629d2f to 0x0000019d8f629da9
Event: 17.982 Thread 0x0000019df8584720 Exception <a 'java/lang/NoSuchMethodError'{0x000000008ac9b8e0}: 'java.lang.Object java.lang.invoke.DirectMethodHandle$Holder.newInvokeSpecial(java.lang.Object, java.lang.Object, java.lang.Object, java.lang.Object, java.lang.Object, java.lang.Object, java.lang.Object)'> (0x000000008ac9b8e0) 
thrown [s\src\hotspot\share\interpreter\linkResolver.cpp, line 759]
Event: 17.982 Thread 0x0000019df8584720 Exception <a 'java/lang/NoSuchMethodError'{0x000000008aca01f0}: 'java.lang.Object java.lang.invoke.Invokers$Holder.linkToTargetMethod(java.lang.Object, java.lang.Object, java.lang.Object, java.lang.Object, java.lang.Object, java.lang.Object, java.lang.Object)'> (0x000000008aca01f0) 
thrown [s\src\hotspot\share\interpreter\linkResolver.cpp, line 759]
Event: 19.588 Thread 0x0000019df8584720 Exception <a 'java/lang/NoSuchMethodError'{0x000000008a20a9c8}: 'int java.lang.invoke.DirectMethodHandle$Holder.invokeVirtual(java.lang.Object, java.lang.Object)'> (0x000000008a20a9c8) 
thrown [s\src\hotspot\share\interpreter\linkResolver.cpp, line 759]

VM Operations (20 events):
Event: 12.416 Executing VM operation: Cleanup
Event: 12.416 Executing VM operation: Cleanup done
Event: 13.159 Executing VM operation: HandshakeAllThreads
Event: 13.159 Executing VM operation: HandshakeAllThreads done
Event: 13.164 Executing VM operation: ICBufferFull
Event: 13.165 Executing VM operation: ICBufferFull done
Event: 14.169 Executing VM operation: Cleanup
Event: 14.169 Executing VM operation: Cleanup done
Event: 15.175 Executing VM operation: Cleanup
Event: 15.192 Executing VM operation: Cleanup done
Event: 16.194 Executing VM operation: Cleanup
Event: 16.194 Executing VM operation: Cleanup done
Event: 16.998 Executing VM operation: G1CollectForAllocation
Event: 17.019 Executing VM operation: G1CollectForAllocation done
Event: 18.029 Executing VM operation: Cleanup
Event: 18.029 Executing VM operation: Cleanup done
Event: 19.035 Executing VM operation: Cleanup
Event: 19.036 Executing VM operation: Cleanup done
Event: 20.046 Executing VM operation: Cleanup
Event: 20.047 Executing VM operation: Cleanup done

Memory protections (0 events):
No events

Nmethod flushes (0 events):
No events

Events (15 events):
Event: 0.069 Thread 0x0000019df8584720 Thread added: 0x0000019df8584720
Event: 0.073 Thread 0x0000019df8584720 Thread added: 0x0000019dffdb95d0
Event: 0.073 Thread 0x0000019df8584720 Thread added: 0x0000019dffdb9da0
Event: 0.082 Thread 0x0000019df8584720 Thread added: 0x0000019dffdd3c80
Event: 0.082 Thread 0x0000019df8584720 Thread added: 0x0000019dffdd4250
Event: 0.082 Thread 0x0000019df8584720 Thread added: 0x0000019dffdd4fc0
Event: 0.082 Thread 0x0000019df8584720 Thread added: 0x0000019dffdd9d40
Event: 0.082 Thread 0x0000019df8584720 Thread added: 0x0000019dffde33e0
Event: 0.082 Thread 0x0000019df8584720 Thread added: 0x0000019dffde4860
Event: 0.082 Thread 0x0000019df8584720 Thread added: 0x0000019dffde5610
Event: 0.093 Thread 0x0000019df8584720 Thread added: 0x0000019d96d017f0
Event: 0.158 Thread 0x0000019df8584720 Thread added: 0x0000019d96d0b150
Event: 0.863 Thread 0x0000019df8584720 Thread added: 0x0000019d96da4750
Event: 0.927 Thread 0x0000019d96da4750 Thread exited: 0x0000019d96da4750
Event: 10.293 Thread 0x0000019df8584720 Thread added: 0x0000019ddd1df830


Dynamic libraries:
0x00007ff6b6350000 - 0x00007ff6b635e000 	C:\Program Files\Eclipse Adoptium\jdk-17.0.20.8-hotspot\bin\java.exe
0x00007ff83f6e0000 - 0x00007ff83f947000 	C:\WINDOWS\SYSTEM32\ntdll.dll
0x00007ff80bf20000 - 0x00007ff80bf41000 	C:\Program Files\Norton\Suite\aswhook.dll
0x00007ff83f1e0000 - 0x00007ff83f2a9000 	C:\WINDOWS\System32\KERNEL32.DLL
0x00007ff83cbf0000 - 0x00007ff83cfe7000 	C:\WINDOWS\System32\KERNELBASE.dll
0x00007ff83d0d0000 - 0x00007ff83d21b000 	C:\WINDOWS\System32\ucrtbase.dll
0x00007ff811270000 - 0x00007ff81128e000 	C:\Program Files\Eclipse Adoptium\jdk-17.0.20.8-hotspot\bin\VCRUNTIME140.dll
0x00007ff81a480000 - 0x00007ff81a498000 	C:\Program Files\Eclipse Adoptium\jdk-17.0.20.8-hotspot\bin\jli.dll
0x00007ff83de30000 - 0x00007ff83dff6000 	C:\WINDOWS\System32\USER32.dll
0x00007ff83d0a0000 - 0x00007ff83d0c7000 	C:\WINDOWS\System32\win32u.dll
0x00007ff83f180000 - 0x00007ff83f1ab000 	C:\WINDOWS\System32\GDI32.dll
0x00007ff83cac0000 - 0x00007ff83cbec000 	C:\WINDOWS\System32\gdi32full.dll
0x00007ff83cff0000 - 0x00007ff83d093000 	C:\WINDOWS\System32\msvcp_win.dll
0x00007ff820f40000 - 0x00007ff8211d2000 	C:\WINDOWS\WinSxS\amd64_microsoft.windows.common-controls_6595b64144ccf1df_6.0.26100.8457_none_3e0b2faee331e92d\COMCTL32.dll
0x00007ff83e3e0000 - 0x00007ff83e489000 	C:\WINDOWS\System32\msvcrt.dll
0x00007ff83dc50000 - 0x00007ff83dc82000 	C:\WINDOWS\System32\IMM32.DLL
0x00007ff828d70000 - 0x00007ff828d7c000 	C:\Program Files\Eclipse Adoptium\jdk-17.0.20.8-hotspot\bin\vcruntime140_1.dll
0x00007fffe1dd0000 - 0x00007fffe1e5d000 	C:\Program Files\Eclipse Adoptium\jdk-17.0.20.8-hotspot\bin\msvcp140.dll
0x00007fff9ba30000 - 0x00007fff9c69c000 	C:\Program Files\Eclipse Adoptium\jdk-17.0.20.8-hotspot\bin\server\jvm.dll
0x00007ff83e9c0000 - 0x00007ff83ea76000 	C:\WINDOWS\System32\ADVAPI32.dll
0x00007ff83dcf0000 - 0x00007ff83dd97000 	C:\WINDOWS\System32\sechost.dll
0x00007ff83e8a0000 - 0x00007ff83e9b8000 	C:\WINDOWS\System32\RPCRT4.dll
0x00007ff83e000000 - 0x00007ff83e080000 	C:\WINDOWS\System32\WS2_32.dll
0x00007ff833fe0000 - 0x00007ff834016000 	C:\WINDOWS\SYSTEM32\WINMM.dll
0x00007ff82bf40000 - 0x00007ff82bf4b000 	C:\WINDOWS\SYSTEM32\VERSION.dll
0x00007ff83bf70000 - 0x00007ff83bfce000 	C:\WINDOWS\SYSTEM32\POWRPROF.dll
0x00007ff83bf50000 - 0x00007ff83bf64000 	C:\WINDOWS\SYSTEM32\UMPDC.dll
0x00007ff83aea0000 - 0x00007ff83aebb000 	C:\WINDOWS\SYSTEM32\kernel.appcore.dll
0x00007ff822cc0000 - 0x00007ff822cca000 	C:\Program Files\Eclipse Adoptium\jdk-17.0.20.8-hotspot\bin\jimage.dll
0x00007ff839ef0000 - 0x00007ff83a132000 	C:\WINDOWS\SYSTEM32\DBGHELP.DLL
0x00007ff83e490000 - 0x00007ff83e813000 	C:\WINDOWS\System32\combase.dll
0x00007ff83ea80000 - 0x00007ff83eb59000 	C:\WINDOWS\System32\OLEAUT32.dll
0x00007ff828bb0000 - 0x00007ff828beb000 	C:\WINDOWS\SYSTEM32\dbgcore.DLL
0x00007ff83c110000 - 0x00007ff83c1b8000 	C:\WINDOWS\System32\bcryptPrimitives.dll
0x00007ff8012f0000 - 0x00007ff801315000 	C:\Program Files\Eclipse Adoptium\jdk-17.0.20.8-hotspot\bin\java.dll
0x00007fffe0740000 - 0x00007fffe0817000 	C:\Program Files\Eclipse Adoptium\jdk-17.0.20.8-hotspot\bin\jsvml.dll
0x00007ff83d4d0000 - 0x00007ff83dc3e000 	C:\WINDOWS\System32\SHELL32.dll
0x00007ff83c250000 - 0x00007ff83cabc000 	C:\WINDOWS\System32\windows.storage.dll
0x00007ff83f5a0000 - 0x00007ff83f696000 	C:\WINDOWS\System32\SHCORE.dll
0x00007ff83d460000 - 0x00007ff83d4c6000 	C:\WINDOWS\System32\shlwapi.dll
0x00007ff83c030000 - 0x00007ff83c059000 	C:\WINDOWS\SYSTEM32\profapi.dll
0x00007ff810680000 - 0x00007ff81069a000 	C:\Program Files\Eclipse Adoptium\jdk-17.0.20.8-hotspot\bin\net.dll
0x00007ff82f590000 - 0x00007ff82f6b9000 	C:\WINDOWS\SYSTEM32\WINHTTP.dll
0x00007ff83b410000 - 0x00007ff83b47c000 	C:\WINDOWS\system32\mswsock.dll
0x00007ff801260000 - 0x00007ff801276000 	C:\Program Files\Eclipse Adoptium\jdk-17.0.20.8-hotspot\bin\nio.dll
0x00007ff801070000 - 0x00007ff801088000 	C:\Program Files\Eclipse Adoptium\jdk-17.0.20.8-hotspot\bin\zip.dll
0x00007ff8008e0000 - 0x00007ff800904000 	C:\Program Files\Apache\Maven\apache-maven-3.9.11\lib\jansi-native\Windows\x86_64\jansi.dll
0x00007ff822c90000 - 0x00007ff822ca0000 	C:\Program Files\Eclipse Adoptium\jdk-17.0.20.8-hotspot\bin\verify.dll

dbghelp: loaded successfully - version: 4.0.5 - missing functions: none
symbol engine: initialized successfully - sym options: 0x614 - pdb path: .;C:\Program Files\Eclipse Adoptium\jdk-17.0.20.8-hotspot\bin;C:\WINDOWS\SYSTEM32;C:\Program Files\Norton\Suite;C:\WINDOWS\WinSxS\amd64_microsoft.windows.common-controls_6595b64144ccf1df_6.0.26100.8457_none_3e0b2faee331e92d;C:\Program Files\Eclipse Adoptium\jdk-17.0.20.8-hotspot\bin\server;C:\Program Files\Apache\Maven\apache-maven-3.9.11\lib\jansi-native\Windows\x86_64

VM Arguments:
jvm_args: --enable-native-access=ALL-UNNAMED -Dclassworlds.conf=C:\Program Files\Apache\Maven\apache-maven-3.9.11\bin\m2.conf -Dmaven.home=C:\Program Files\Apache\Maven\apache-maven-3.9.11 -Dlibrary.jansi.path=C:\Program Files\Apache\Maven\apache-maven-3.9.11\lib\jansi-native -Dmaven.multiModuleProjectDirectory=D:\Scalable1\food-delivery\restaurant-service 
java_command: org.codehaus.plexus.classworlds.launcher.Launcher spring-boot:run
java_class_path (initial): C:\Program Files\Apache\Maven\apache-maven-3.9.11\boot\plexus-classworlds-2.9.0.jar
Launcher Type: SUN_STANDARD

[Global flags]
     intx CICompilerCount                          = 4                                         {product} {ergonomic}
     uint ConcGCThreads                            = 2                                         {product} {ergonomic}
     uint G1ConcRefinementThreads                  = 8                                         {product} {ergonomic}
   size_t G1HeapRegionSize                         = 1048576                                   {product} {ergonomic}
    uintx GCDrainStackTargetSize                   = 64                                        {product} {ergonomic}
   size_t InitialHeapSize                          = 132120576                                 {product} {ergonomic}
   size_t MarkStackSize                            = 4194304                                   {product} {ergonomic}
   size_t MaxHeapSize                              = 2090860544                                {product} {ergonomic}
   size_t MaxNewSize                               = 1254096896                                {product} {ergonomic}
   size_t MinHeapDeltaBytes                        = 1048576                                   {product} {ergonomic}
   size_t MinHeapSize                              = 8388608                                   {product} {ergonomic}
    uintx NonNMethodCodeHeapSize                   = 5839372                                {pd product} {ergonomic}
    uintx NonProfiledCodeHeapSize                  = 122909434                              {pd product} {ergonomic}
    uintx ProfiledCodeHeapSize                     = 122909434                              {pd product} {ergonomic}
    uintx ReservedCodeCacheSize                    = 251658240                              {pd product} {ergonomic}
     bool SegmentedCodeCache                       = true                                      {product} {ergonomic}
   size_t SoftMaxHeapSize                          = 2090860544                             {manageable} {ergonomic}
     bool UseCompressedClassPointers               = true                           {product lp64_product} {ergonomic}
     bool UseCompressedOops                        = true                           {product lp64_product} {ergonomic}
     bool UseG1GC                                  = true                                      {product} {ergonomic}
     bool UseLargePagesIndividualAllocation        = false                                  {pd product} {ergonomic}

Logging:
Log output configuration:
 #0: stdout all=warning uptime,level,tags
 #1: stderr all=off uptime,level,tags

Environment Variables:
JAVA_HOME=C:\Program Files\Eclipse Adoptium\jdk-17.0.20.8-hotspot
PATH=C:\Program Files\Eclipse Adoptium\jdk-17.0.20.8-hotspot\bin;C:\Program Files (x86)\Common Files\Oracle\Java\java8path;C:\Program Files (x86)\Common Files\Oracle\Java\javapath;D:\User1\dbhomeXE\bin;C:\Windows\system32;C:\Windows;C:\Windows\System32\Wbem;C:\Windows\System32\WindowsPowerShell\v1.0\;C:\Windows\System32\OpenSSH\;C:\Program Files (x86)\NVIDIA Corporation\PhysX\Common;C:\Program Files\NVIDIA Corporation\NVIDIA NvDLISR;C:\WINDOWS\system32;C:\WINDOWS;C:\WINDOWS\System32\Wbem;C:\WINDOWS\System32\WindowsPowerShell\v1.0\;C:\WINDOWS\System32\OpenSSH\;C:\Program Files\dotnet\;C:\MinGW\bin;C:\Program Files\Java\jdk1.8.0_202\bin;C:\Users\leemi\AppData\Local\Programs\Python\Launcher\;C:\Users\leemi\AppData\Local\Microsoft\WindowsApps;C:\Users\leemi\.dotnet\tools;C:\Users\leemi\AppData\Local\Programs\Microsoft VS Code\bin;C:\Users\leemi\AppData\Local\GitHubDesktop\bin;C:\Users\leemi\AppData\Roaming\npm;C:\Program Files\JetBrains\IntelliJ IDEA 2024.3.5\bin;C:\Program Files\MySQL\MySQL Server 8.0\bin;C:\Users\leemi\Downloads\apache-maven-3.9.9-bin\apache-maven-3.9.9\bin;C:\Program Files\Python312\;C:\Program Files\Python312\Scripts\;C:\Users\leemi\AppData\Roaming\Python\Python312\Scripts\;C:\Program Files\MongoDB\Server\8.0\bin;D:\develop\flutter\bin;D:\sdk\cmdline-tools\latest\bin;D:\sdk\platform-tools;C:\Gradle\gradle-8.11.1\bin;C:\Program Files\Apache\Maven\apache-maven-3.9.11\bin;D:\FlutterCache\.pub-cache\bin;C:\Program Files (x86)\Windows Kits\10\Windows Performance Toolkit\;C:\Program Files\swipl\bin;C:\Program Files\Docker\Docker\resources\bin;C:\Program Files\Git\cmd;D:\Java\jdk-17\bin;C:\Users\leemi\AppData\Local\Programs\Python\Launcher\;C:\Users\leemi\AppData\Local\Microsoft\WindowsApps;C:\Users\leemi\.dotnet\tools;C:\Users\leemi\AppData\Local\Programs\Microsoft VS Code\bin;C:\Users\leemi\AppData\Local\GitHubDesktop\bin;C:\Program Files\Java\jdk1.8.0_202\bin;C:\Program Files\JetBrains\IntelliJ IDEA 2024.3.5\bin;
USERNAME=leemi
LANG=en_US.UTF-8
OS=Windows_NT
PROCESSOR_IDENTIFIER=Intel64 Family 6 Model 140 Stepping 2, GenuineIntel
TMP=D:\TempFlutter
TEMP=D:\TempFlutter



Periodic native trim disabled


---------------  S Y S T E M  ---------------

OS:
 Windows 11 , 64 bit Build 26100 (10.0.26100.8328)
OS uptime: 3 days 3:13 hours
Hyper-V role detected

CPU: total 8 (initial active 8) (4 cores per cpu, 2 threads per core) family 6 model 140 stepping 2 microcode 0x26, cx8, cmov, fxsr, ht, mmx, 3dnowpref, sse, sse2, sse3, ssse3, sse4.1, sse4.2, popcnt, lzcnt, tsc, tscinvbit, avx, avx2, aes, erms, clmul, bmi1, bmi2, adx, avx512f, avx512dq, avx512cd, avx512bw, avx512vl, sha, fma, vzeroupper, avx512_vpopcntdq, avx512_vpclmulqdq, avx512_vaes, avx512_vnni, clflush, clflushopt, clwb, avx512_vbmi2, avx512_vbmi, hv
Processor Information for processor 0
  Max Mhz: 3187, Current Mhz: 3187, Mhz Limit: 3187
Processor Information for processor 1
  Max Mhz: 3187, Current Mhz: 3187, Mhz Limit: 3187
Processor Information for processor 2
  Max Mhz: 3187, Current Mhz: 3187, Mhz Limit: 3187
Processor Information for processor 3
  Max Mhz: 3187, Current Mhz: 995, Mhz Limit: 3187
Processor Information for processor 4
  Max Mhz: 3187, Current Mhz: 3187, Mhz Limit: 3187
Processor Information for processor 5
  Max Mhz: 3187, Current Mhz: 3187, Mhz Limit: 3187
Processor Information for processor 6
  Max Mhz: 3187, Current Mhz: 3187, Mhz Limit: 3187
Processor Information for processor 7
  Max Mhz: 3187, Current Mhz: 3187, Mhz Limit: 3187

Memory: 4k page, system-wide physical 7975M (357M free)
TotalPageFile size 22544M (AvailPageFile size 0M)
current process WorkingSet (physical memory assigned to process): 147M, peak: 164M
current process commit charge ("private bytes"): 246M, peak: 262M

vm_info: OpenJDK 64-Bit Server VM (17.0.20+8) for windows-amd64 JRE (17.0.20+8), built on Jul 22 2026 00:41:45 by "admin" with MS VC++ 17.12 (VS2022)

END.
