#
# There is insufficient memory for the Java Runtime Environment to continue.
# Native memory allocation (mmap) failed to map 40894464 bytes. Error detail: G1 virtual space
# Possible reasons:
#   The system is out of physical RAM or swap space
#   This process is running with CompressedOops enabled, and the Java Heap may be blocking the growth of the native heap
# Possible solutions:
#   Reduce memory load on the system
#   Increase physical memory or swap space
#   Check if swap backing store is full
#   Decrease Java heap size (-Xmx/-Xms)
#   Decrease number of Java threads
#   Decrease Java thread stack sizes (-Xss)
#   Set larger code cache with -XX:ReservedCodeCacheSize=
#   JVM is running with Unscaled Compressed Oops mode in which the Java heap is
#     placed in the first 4GB address space. The Java Heap base address is the
#     maximum limit for the native heap growth. Please use -XX:HeapBaseMinAddress
#     to set the Java Heap base and to place the Java Heap above 4GB virtual address.
# This output file may be truncated or incomplete.
#
#  Out of Memory Error (os_windows.cpp:3630), pid=21076, tid=23824
#
# JRE version: OpenJDK Runtime Environment Temurin-17.0.20+8 (17.0.20+8) (build 17.0.20+8)
# Java VM: OpenJDK 64-Bit Server VM Temurin-17.0.20+8 (17.0.20+8, mixed mode, sharing, tiered, compressed oops, compressed class ptrs, g1 gc, windows-amd64)
# No core dump will be written. Minidumps are not enabled by default on client versions of Windows
#

---------------  S U M M A R Y ------------

Command Line: --enable-native-access=ALL-UNNAMED -Dclassworlds.conf=C:\Program Files\Apache\Maven\apache-maven-3.9.11\bin\m2.conf -Dmaven.home=C:\Program Files\Apache\Maven\apache-maven-3.9.11 -Dlibrary.jansi.path=C:\Program Files\Apache\Maven\apache-maven-3.9.11\lib\jansi-native -Dmaven.multiModuleProjectDirectory=D:\Scalable1\gateway\api-gateway org.codehaus.plexus.classworlds.launcher.Launcher spring-boot:run

Host: 11th Gen Intel(R) Core(TM) i5-11320H @ 3.20GHz, 8 cores, 7G,  Windows 11 , 64 bit Build 26100 (10.0.26100.8328)
Time: Wed Aug  5 23:16:34 2026 India Standard Time elapsed time: 44.766021 seconds (0d 0h 0m 44s)

---------------  T H R E A D  ---------------

Current thread (0x00000237bc0de310):  VMThread "VM Thread" [stack: 0x000000cc58500000,0x000000cc58600000] [id=23824]

Stack: [0x000000cc58500000,0x000000cc58600000]
Native frames: (J=compiled Java code, j=interpreted, Vv=VM code, C=native code)
V  [jvm.dll+0x684d39]
V  [jvm.dll+0x83a565]
V  [jvm.dll+0x83bfde]
V  [jvm.dll+0x83c663]
V  [jvm.dll+0x2490cf]
V  [jvm.dll+0x681af9]
V  [jvm.dll+0x6768ba]
V  [jvm.dll+0x309467]
V  [jvm.dll+0x310a56]
V  [jvm.dll+0x360f3e]
V  [jvm.dll+0x36117d]
V  [jvm.dll+0x2e04ec]
V  [jvm.dll+0x2de8c2]
V  [jvm.dll+0x2de05c]
V  [jvm.dll+0x320cab]
V  [jvm.dll+0x840e7d]
V  [jvm.dll+0x841bb3]
V  [jvm.dll+0x8420df]
V  [jvm.dll+0x8424c5]
V  [jvm.dll+0x84258e]
V  [jvm.dll+0x7eb17c]
V  [jvm.dll+0x683c07]
C  [ucrtbase.dll+0x37b0]
C  [KERNEL32.DLL+0x2e957]
C  [ntdll.dll+0x427c]

VM_Operation (0x000000cc57ffbe00): G1CollectForAllocation, mode: safepoint, requested by thread 0x000002379c0a17d0


---------------  P R O C E S S  ---------------

Threads class SMR info:
_java_thread_list=0x00000237fe064ed0, length=13, elements={
0x000002379c0a17d0, 0x00000237bc0e4c60, 0x00000237bc0e6830, 0x00000237bc0ff7c0,
0x00000237bc100180, 0x00000237bc102b50, 0x00000237bc108a20, 0x00000237bc10b720,
0x00000237bc10c120, 0x00000237bc130df0, 0x00000237bc131300, 0x00000237bc12ef90,
0x00000237bc1308e0
}

Java Threads: ( => current thread )
  0x000002379c0a17d0 JavaThread "main" [_thread_blocked, id=7120, stack(0x000000cc57f00000,0x000000cc58000000)]
  0x00000237bc0e4c60 JavaThread "Reference Handler" daemon [_thread_blocked, id=16564, stack(0x000000cc58600000,0x000000cc58700000)]
  0x00000237bc0e6830 JavaThread "Finalizer" daemon [_thread_blocked, id=1752, stack(0x000000cc58700000,0x000000cc58800000)]
  0x00000237bc0ff7c0 JavaThread "Signal Dispatcher" daemon [_thread_blocked, id=3424, stack(0x000000cc58800000,0x000000cc58900000)]
  0x00000237bc100180 JavaThread "Attach Listener" daemon [_thread_blocked, id=18516, stack(0x000000cc58900000,0x000000cc58a00000)]
  0x00000237bc102b50 JavaThread "Service Thread" daemon [_thread_blocked, id=20408, stack(0x000000cc58a00000,0x000000cc58b00000)]
  0x00000237bc108a20 JavaThread "Monitor Deflation Thread" daemon [_thread_blocked, id=8428, stack(0x000000cc58b00000,0x000000cc58c00000)]
  0x00000237bc10b720 JavaThread "C2 CompilerThread0" daemon [_thread_blocked, id=18260, stack(0x000000cc58c00000,0x000000cc58d00000)]
  0x00000237bc10c120 JavaThread "C1 CompilerThread0" daemon [_thread_blocked, id=24444, stack(0x000000cc58d00000,0x000000cc58e00000)]
  0x00000237bc130df0 JavaThread "Sweeper thread" daemon [_thread_blocked, id=16576, stack(0x000000cc58e00000,0x000000cc58f00000)]
  0x00000237bc131300 JavaThread "Notification Thread" daemon [_thread_blocked, id=14564, stack(0x000000cc58f00000,0x000000cc59000000)]
  0x00000237bc12ef90 JavaThread "Common-Cleaner" daemon [_thread_blocked, id=20224, stack(0x000000cc59100000,0x000000cc59200000)]
  0x00000237bc1308e0 JavaThread "Thread-1" daemon [_thread_blocked, id=25144, stack(0x000000cc59a00000,0x000000cc59b00000)]

Other Threads:
=>0x00000237bc0de310 VMThread "VM Thread" [stack: 0x000000cc58500000,0x000000cc58600000] [id=23824]
  0x00000237bc38c7b0 WatcherThread [stack: 0x000000cc59000000,0x000000cc59100000] [id=24248]
  0x000002379c0fe8e0 GCTaskThread "GC Thread#0" [stack: 0x000000cc58000000,0x000000cc58100000] [id=25412]
  0x00000237bcbdefd0 GCTaskThread "GC Thread#1" [stack: 0x000000cc59400000,0x000000cc59500000] [id=21448]
  0x00000237bc45f850 GCTaskThread "GC Thread#2" [stack: 0x000000cc59500000,0x000000cc59600000] [id=4964]
  0x00000237bcdaecf0 GCTaskThread "GC Thread#3" [stack: 0x000000cc59600000,0x000000cc59700000] [id=20080]
  0x00000237bce49250 GCTaskThread "GC Thread#4" [stack: 0x000000cc59700000,0x000000cc59800000] [id=3528]
  0x00000237bce49510 GCTaskThread "GC Thread#5" [stack: 0x000000cc59800000,0x000000cc59900000] [id=20916]
  0x00000237bce497d0 GCTaskThread "GC Thread#6" [stack: 0x000000cc59900000,0x000000cc59a00000] [id=3792]
  0x00000237fe538960 GCTaskThread "GC Thread#7" [stack: 0x000000cc59300000,0x000000cc59400000] [id=17000]
  0x000002379c10fe40 ConcurrentGCThread "G1 Main Marker" [stack: 0x000000cc58100000,0x000000cc58200000] [id=11740]
  0x000002379c111f80 ConcurrentGCThread "G1 Conc#0" [stack: 0x000000cc58200000,0x000000cc58300000] [id=12548]
  0x00000237fe75c9e0 ConcurrentGCThread "G1 Conc#1" [stack: 0x000000cc59c00000,0x000000cc59d00000] [id=19348]
  0x000002379c14e550 ConcurrentGCThread "G1 Refine#0" [stack: 0x000000cc58300000,0x000000cc58400000] [id=21472]
  0x00000237bbf94130 ConcurrentGCThread "G1 Service" [stack: 0x000000cc58400000,0x000000cc58500000] [id=6640]

Threads with active compile tasks:

VM state: at safepoint (normal execution)

VM Mutex/Monitor currently owned by a thread:  ([mutex/lock_event])
[0x000002379bb9b4d0] Threads_lock - owner thread: 0x00000237bc0de310
[0x000002379c09f890] Heap_lock - owner thread: 0x000002379c0a17d0

Heap address: 0x0000000083600000, size: 1994 MB, Compressed Oops mode: 32-bit

CDS archive(s) mapped at: [0x00000237bd000000-0x00000237bdbb0000-0x00000237bdbb0000), size 12255232, SharedBaseAddress: 0x00000237bd000000, ArchiveRelocationMode: 1.
Compressed class space mapped at: 0x00000237be000000-0x00000237fe000000, reserved size: 1073741824
Narrow klass base: 0x00000237bd000000, Narrow klass shift: 0, Narrow klass range: 0x100000000

GC Precious Log:
 CPUs: 8 total, 8 available
 Memory: 7975M
 Large Page Support: Disabled
 NUMA Support: Disabled
 Compressed Oops: Enabled (32-bit)
 Heap Region Size: 1M
 Heap Min Capacity: 8M
 Heap Initial Capacity: 126M
 Heap Max Capacity: 1994M
 Pre-touch: Disabled
 Parallel Workers: 8
 Concurrent Workers: 2
 Concurrent Refinement Workers: 8
 Periodic GC: Disabled

Heap:
 garbage-first heap   total 89088K, used 46220K [0x0000000083600000, 0x0000000100000000)
  region size 1024K, 2 young (2048K), 2 survivors (2048K)
 Metaspace       used 35385K, committed 35712K, reserved 1114112K
  class space    used 4049K, committed 4224K, reserved 1048576K

Heap Regions: E=young(eden), S=young(survivor), O=old, HS=humongous(starts), HC=humongous(continues), CS=collection set, F=free, OA=open archive, CA=closed archive, TAMS=top-at-mark-start (previous, next)
|   0|0x0000000083600000, 0x0000000083700000, 0x0000000083700000|100%| O|  |TAMS 0x0000000083700000, 0x0000000083600000| Untracked 
|   1|0x0000000083700000, 0x0000000083800000, 0x0000000083800000|100%| O|  |TAMS 0x0000000083800000, 0x0000000083700000| Untracked 
|   2|0x0000000083800000, 0x0000000083900000, 0x0000000083900000|100%| O|  |TAMS 0x0000000083900000, 0x0000000083800000| Untracked 
|   3|0x0000000083900000, 0x0000000083a00000, 0x0000000083a00000|100%| O|  |TAMS 0x0000000083a00000, 0x0000000083900000| Untracked 
|   4|0x0000000083a00000, 0x0000000083b00000, 0x0000000083b00000|100%| O|  |TAMS 0x0000000083b00000, 0x0000000083a00000| Untracked 
|   5|0x0000000083b00000, 0x0000000083c00000, 0x0000000083c00000|100%| O|  |TAMS 0x0000000083c00000, 0x0000000083b00000| Untracked 
|   6|0x0000000083c00000, 0x0000000083d00000, 0x0000000083d00000|100%| O|  |TAMS 0x0000000083d00000, 0x0000000083c00000| Untracked 
|   7|0x0000000083d00000, 0x0000000083e00000, 0x0000000083e00000|100%| O|  |TAMS 0x0000000083e00000, 0x0000000083d00000| Untracked 
|   8|0x0000000083e00000, 0x0000000083f00000, 0x0000000083f00000|100%| O|  |TAMS 0x0000000083f00000, 0x0000000083e00000| Untracked 
|   9|0x0000000083f00000, 0x0000000084000000, 0x0000000084000000|100%| O|  |TAMS 0x0000000084000000, 0x0000000083f00000| Untracked 
|  10|0x0000000084000000, 0x0000000084100000, 0x0000000084100000|100%| O|  |TAMS 0x0000000084100000, 0x0000000084000000| Untracked 
|  11|0x0000000084100000, 0x0000000084200000, 0x0000000084200000|100%| O|  |TAMS 0x0000000084200000, 0x0000000084100000| Untracked 
|  12|0x0000000084200000, 0x0000000084300000, 0x0000000084300000|100%| O|  |TAMS 0x0000000084300000, 0x0000000084200000| Untracked 
|  13|0x0000000084300000, 0x0000000084400000, 0x0000000084400000|100%| O|  |TAMS 0x0000000084400000, 0x0000000084300000| Untracked 
|  14|0x0000000084400000, 0x0000000084500000, 0x0000000084500000|100%| O|  |TAMS 0x0000000084500000, 0x0000000084400000| Untracked 
|  15|0x0000000084500000, 0x0000000084600000, 0x0000000084600000|100%| O|  |TAMS 0x0000000084600000, 0x0000000084500000| Untracked 
|  16|0x0000000084600000, 0x0000000084700000, 0x0000000084700000|100%| O|  |TAMS 0x0000000084700000, 0x0000000084600000| Untracked 
|  17|0x0000000084700000, 0x0000000084800000, 0x0000000084800000|100%| O|  |TAMS 0x0000000084800000, 0x0000000084700000| Untracked 
|  18|0x0000000084800000, 0x0000000084900000, 0x0000000084900000|100%| O|  |TAMS 0x0000000084900000, 0x0000000084800000| Untracked 
|  19|0x0000000084900000, 0x0000000084a00000, 0x0000000084a00000|100%| O|  |TAMS 0x0000000084a00000, 0x0000000084900000| Untracked 
|  20|0x0000000084a00000, 0x0000000084b00000, 0x0000000084b00000|100%| O|  |TAMS 0x0000000084a00000, 0x0000000084a00000| Untracked 
|  21|0x0000000084b00000, 0x0000000084c00000, 0x0000000084c00000|100%|HS|  |TAMS 0x0000000084c00000, 0x0000000084b00000| Complete 
|  22|0x0000000084c00000, 0x0000000084d00000, 0x0000000084d00000|100%| O|  |TAMS 0x0000000084c00000, 0x0000000084c00000| Untracked 
|  23|0x0000000084d00000, 0x0000000084e00000, 0x0000000084e00000|100%| O|  |TAMS 0x0000000084d00000, 0x0000000084d00000| Untracked 
|  24|0x0000000084e00000, 0x0000000084f00000, 0x0000000084f00000|100%| O|  |TAMS 0x0000000084e00000, 0x0000000084e00000| Untracked 
|  25|0x0000000084f00000, 0x0000000085000000, 0x0000000085000000|100%| O|  |TAMS 0x0000000085000000, 0x0000000084f00000| Untracked 
|  26|0x0000000085000000, 0x0000000085100000, 0x0000000085100000|100%| O|  |TAMS 0x0000000085100000, 0x0000000085000000| Untracked 
|  27|0x0000000085100000, 0x0000000085200000, 0x0000000085200000|100%|HS|  |TAMS 0x0000000085100000, 0x0000000085100000| Complete 
|  28|0x0000000085200000, 0x0000000085223200, 0x0000000085300000| 13%| O|  |TAMS 0x0000000085200000, 0x0000000085200000| Untracked 
|  29|0x0000000085300000, 0x0000000085400000, 0x0000000085400000|100%| O|  |TAMS 0x0000000085400000, 0x0000000085300000| Complete 
|  30|0x0000000085400000, 0x0000000085500000, 0x0000000085500000|100%| O|  |TAMS 0x0000000085500000, 0x0000000085400000| Complete 
|  31|0x0000000085500000, 0x0000000085500000, 0x0000000085600000|  0%| F|  |TAMS 0x0000000085500000, 0x0000000085500000| Untracked 
|  32|0x0000000085600000, 0x0000000085600000, 0x0000000085700000|  0%| F|  |TAMS 0x0000000085600000, 0x0000000085600000| Untracked 
|  33|0x0000000085700000, 0x0000000085800000, 0x0000000085800000|100%| O|  |TAMS 0x0000000085800000, 0x0000000085700000| Untracked 
|  34|0x0000000085800000, 0x0000000085800000, 0x0000000085900000|  0%| F|  |TAMS 0x0000000085800000, 0x0000000085800000| Untracked 
|  35|0x0000000085900000, 0x0000000085900000, 0x0000000085a00000|  0%| F|  |TAMS 0x0000000085900000, 0x0000000085900000| Untracked 
|  36|0x0000000085a00000, 0x0000000085b00000, 0x0000000085b00000|100%| O|  |TAMS 0x0000000085b00000, 0x0000000085a00000| Complete 
|  37|0x0000000085b00000, 0x0000000085b00000, 0x0000000085c00000|  0%| F|  |TAMS 0x0000000085b00000, 0x0000000085b00000| Untracked 
|  38|0x0000000085c00000, 0x0000000085d00000, 0x0000000085d00000|100%| O|  |TAMS 0x0000000085d00000, 0x0000000085c00000| Complete 
|  39|0x0000000085d00000, 0x0000000085e00000, 0x0000000085e00000|100%| O|  |TAMS 0x0000000085e00000, 0x0000000085d00000| Untracked 
|  40|0x0000000085e00000, 0x0000000085f00000, 0x0000000085f00000|100%|HS|  |TAMS 0x0000000085f00000, 0x0000000085e00000| Complete 
|  41|0x0000000085f00000, 0x0000000086000000, 0x0000000086000000|100%|HC|  |TAMS 0x0000000086000000, 0x0000000085f00000| Complete 
|  42|0x0000000086000000, 0x0000000086100000, 0x0000000086100000|100%|HS|  |TAMS 0x0000000086100000, 0x0000000086000000| Complete 
|  43|0x0000000086100000, 0x0000000086200000, 0x0000000086200000|100%| O|  |TAMS 0x0000000086200000, 0x0000000086100000| Complete 
|  44|0x0000000086200000, 0x0000000086300000, 0x0000000086300000|100%| O|  |TAMS 0x0000000086300000, 0x0000000086200000| Untracked 
|  45|0x0000000086300000, 0x0000000086400000, 0x0000000086400000|100%| O|  |TAMS 0x0000000086400000, 0x0000000086300000| Untracked 
|  46|0x0000000086400000, 0x0000000086500000, 0x0000000086500000|100%| O|  |TAMS 0x0000000086500000, 0x0000000086400000| Untracked 
|  47|0x0000000086500000, 0x0000000086600000, 0x0000000086600000|100%| O|  |TAMS 0x0000000086600000, 0x0000000086500000| Untracked 
|  48|0x0000000086600000, 0x0000000086700000, 0x0000000086700000|100%| O|  |TAMS 0x00000000866ea400, 0x0000000086600000| Complete 
|  49|0x0000000086700000, 0x0000000086700000, 0x0000000086800000|  0%| F|  |TAMS 0x0000000086700000, 0x0000000086700000| Untracked 
|  50|0x0000000086800000, 0x0000000086800000, 0x0000000086900000|  0%| F|  |TAMS 0x0000000086800000, 0x0000000086800000| Untracked 
|  51|0x0000000086900000, 0x0000000086900000, 0x0000000086a00000|  0%| F|  |TAMS 0x0000000086900000, 0x0000000086900000| Untracked 
|  52|0x0000000086a00000, 0x0000000086a00000, 0x0000000086b00000|  0%| F|  |TAMS 0x0000000086a00000, 0x0000000086a00000| Untracked 
|  53|0x0000000086b00000, 0x0000000086b00000, 0x0000000086c00000|  0%| F|  |TAMS 0x0000000086b00000, 0x0000000086b00000| Untracked 
|  54|0x0000000086c00000, 0x0000000086c00000, 0x0000000086d00000|  0%| F|  |TAMS 0x0000000086c00000, 0x0000000086c00000| Untracked 
|  55|0x0000000086d00000, 0x0000000086d00000, 0x0000000086e00000|  0%| F|  |TAMS 0x0000000086d00000, 0x0000000086d00000| Untracked 
|  56|0x0000000086e00000, 0x0000000086e00000, 0x0000000086f00000|  0%| F|  |TAMS 0x0000000086e00000, 0x0000000086e00000| Untracked 
|  57|0x0000000086f00000, 0x0000000086f00000, 0x0000000087000000|  0%| F|  |TAMS 0x0000000086f00000, 0x0000000086f00000| Untracked 
|  58|0x0000000087000000, 0x0000000087000000, 0x0000000087100000|  0%| F|  |TAMS 0x0000000087000000, 0x0000000087000000| Untracked 
|  59|0x0000000087100000, 0x0000000087100000, 0x0000000087200000|  0%| F|  |TAMS 0x0000000087100000, 0x0000000087100000| Untracked 
|  60|0x0000000087200000, 0x0000000087200000, 0x0000000087300000|  0%| F|  |TAMS 0x0000000087200000, 0x0000000087200000| Untracked 
|  61|0x0000000087300000, 0x0000000087400000, 0x0000000087400000|100%| S|CS|TAMS 0x0000000087300000, 0x0000000087300000| Complete 
|  62|0x0000000087400000, 0x0000000087500000, 0x0000000087500000|100%| S|CS|TAMS 0x0000000087400000, 0x0000000087400000| Complete 
|  63|0x0000000087500000, 0x0000000087500000, 0x0000000087600000|  0%| F|  |TAMS 0x0000000087500000, 0x0000000087500000| Untracked 
|  64|0x0000000087600000, 0x0000000087600000, 0x0000000087700000|  0%| F|  |TAMS 0x0000000087600000, 0x0000000087600000| Untracked 
|  65|0x0000000087700000, 0x0000000087700000, 0x0000000087800000|  0%| F|  |TAMS 0x0000000087700000, 0x0000000087700000| Untracked 
|  66|0x0000000087800000, 0x0000000087800000, 0x0000000087900000|  0%| F|  |TAMS 0x0000000087800000, 0x0000000087800000| Untracked 
|  67|0x0000000087900000, 0x0000000087900000, 0x0000000087a00000|  0%| F|  |TAMS 0x0000000087900000, 0x0000000087900000| Untracked 
|  68|0x0000000087a00000, 0x0000000087a00000, 0x0000000087b00000|  0%| F|  |TAMS 0x0000000087a00000, 0x0000000087a00000| Untracked 
|  69|0x0000000087b00000, 0x0000000087b00000, 0x0000000087c00000|  0%| F|  |TAMS 0x0000000087b00000, 0x0000000087b00000| Untracked 
|  70|0x0000000087c00000, 0x0000000087c00000, 0x0000000087d00000|  0%| F|  |TAMS 0x0000000087c00000, 0x0000000087c00000| Untracked 
|  71|0x0000000087d00000, 0x0000000087d00000, 0x0000000087e00000|  0%| F|  |TAMS 0x0000000087d00000, 0x0000000087d00000| Untracked 
|  72|0x0000000087e00000, 0x0000000087e00000, 0x0000000087f00000|  0%| F|  |TAMS 0x0000000087e00000, 0x0000000087e00000| Untracked 
|  73|0x0000000087f00000, 0x0000000087f00000, 0x0000000088000000|  0%| F|  |TAMS 0x0000000087f00000, 0x0000000087f00000| Untracked 
|  74|0x0000000088000000, 0x0000000088000000, 0x0000000088100000|  0%| F|  |TAMS 0x0000000088000000, 0x0000000088000000| Untracked 
|  75|0x0000000088100000, 0x0000000088100000, 0x0000000088200000|  0%| F|  |TAMS 0x0000000088100000, 0x0000000088100000| Untracked 
|  76|0x0000000088200000, 0x0000000088200000, 0x0000000088300000|  0%| F|  |TAMS 0x0000000088200000, 0x0000000088200000| Untracked 
|  77|0x0000000088300000, 0x0000000088300000, 0x0000000088400000|  0%| F|  |TAMS 0x0000000088300000, 0x0000000088300000| Untracked 
|  78|0x0000000088400000, 0x0000000088400000, 0x0000000088500000|  0%| F|  |TAMS 0x0000000088400000, 0x0000000088400000| Untracked 
|  79|0x0000000088500000, 0x0000000088500000, 0x0000000088600000|  0%| F|  |TAMS 0x0000000088500000, 0x0000000088500000| Untracked 
|  80|0x0000000088600000, 0x0000000088600000, 0x0000000088700000|  0%| F|  |TAMS 0x0000000088600000, 0x0000000088600000| Untracked 
|  81|0x0000000088700000, 0x0000000088700000, 0x0000000088800000|  0%| F|  |TAMS 0x0000000088700000, 0x0000000088700000| Untracked 
|  82|0x0000000088800000, 0x0000000088800000, 0x0000000088900000|  0%| F|  |TAMS 0x0000000088800000, 0x0000000088800000| Untracked 
|  83|0x0000000088900000, 0x0000000088900000, 0x0000000088a00000|  0%| F|  |TAMS 0x0000000088900000, 0x0000000088900000| Untracked 
|  84|0x0000000088a00000, 0x0000000088a00000, 0x0000000088b00000|  0%| F|  |TAMS 0x0000000088a00000, 0x0000000088a00000| Untracked 
|  85|0x0000000088b00000, 0x0000000088b00000, 0x0000000088c00000|  0%| F|  |TAMS 0x0000000088b00000, 0x0000000088b00000| Untracked 
| 125|0x000000008b300000, 0x000000008b300000, 0x000000008b400000|  0%| F|  |TAMS 0x000000008b300000, 0x000000008b300000| Untracked 

Card table byte_map: [0x00000237b5080000,0x00000237b5470000] _byte_map_base: 0x00000237b4c65000

Marking Bits (Prev, Next): (CMBitMap*) 0x000002379c0fef40, (CMBitMap*) 0x000002379c0fef00
 Prev Bits: [0x00000237b7790000, 0x00000237b96b8000)
 Next Bits: [0x00000237b5860000, 0x00000237b7788000)

Polling page: 0x000002379bd60000

Metaspace:

Usage:
  Non-class:     30.60 MB used.
      Class:      3.95 MB used.
       Both:     34.56 MB used.

Virtual space:
  Non-class space:       64.00 MB reserved,      30.75 MB ( 48%) committed,  1 nodes.
      Class space:        1.00 GB reserved,       4.12 MB ( <1%) committed,  1 nodes.
             Both:        1.06 GB reserved,      34.88 MB (  3%) committed. 

Chunk freelists:
   Non-Class:  896.00 KB
       Class:  11.92 MB
        Both:  12.80 MB

MaxMetaspaceSize: unlimited
CompressedClassSpaceSize: 1.00 GB
Initial GC threshold: 21.00 MB
Current GC threshold: 58.06 MB
CDS: on
MetaspaceReclaimPolicy: balanced
 - commit_granule_bytes: 65536.
 - commit_granule_words: 8192.
 - virtual_space_node_default_size: 8388608.
 - enlarge_chunks_in_place: 1.
 - new_chunks_are_fully_committed: 0.
 - uncommit_free_chunks: 1.
 - use_allocation_guard: 0.
 - handle_deallocations: 1.


Internal statistics:

num_allocs_failed_limit: 3.
num_arena_births: 208.
num_arena_deaths: 0.
num_vsnodes_births: 2.
num_vsnodes_deaths: 0.
num_space_committed: 558.
num_space_uncommitted: 0.
num_chunks_returned_to_freelist: 3.
num_chunks_taken_from_freelist: 1299.
num_chunk_merges: 0.
num_chunk_splits: 882.
num_chunks_enlarged: 678.
num_inconsistent_stats: 0.

CodeHeap 'non-profiled nmethods': size=120000Kb used=4440Kb max_used=4440Kb free=115559Kb
 bounds [0x00000237acd00000, 0x00000237ad160000, 0x00000237b4230000]
CodeHeap 'profiled nmethods': size=120000Kb used=14507Kb max_used=14507Kb free=105492Kb
 bounds [0x00000237a5230000, 0x00000237a6060000, 0x00000237ac760000]
CodeHeap 'non-nmethods': size=5760Kb used=1270Kb max_used=1328Kb free=4489Kb
 bounds [0x00000237ac760000, 0x00000237ac9d0000, 0x00000237acd00000]
 total_blobs=7560 nmethods=6999 adapters=473
 compilation: enabled
              stopped_count=0, restarted_count=0
 full_count=0

Compilation events (20 events):
Event: 44.541 Thread 0x00000237bc10c120 7920   !   3       jdk.nio.zipfs.ZipFileSystem::buildNodeTree (123 bytes)
Event: 44.542 Thread 0x00000237bc10c120 nmethod 7920 0x00000237a6059090 code [0x00000237a60593e0, 0x00000237a605ada8]
Event: 44.571 Thread 0x00000237bc10b720 7921  s    4       jdk.nio.zipfs.ZipDirectoryStream::close (6 bytes)
Event: 44.572 Thread 0x00000237bc10b720 nmethod 7921 0x00000237ad14c810 code [0x00000237ad14c9a0, 0x00000237ad14cb58]
Event: 44.613 Thread 0x00000237bc10b720 7922   !   4       java.nio.file.FileTreeWalker::next (144 bytes)
Event: 44.650 Thread 0x00000237bc10b720 nmethod 7922 0x00000237ad14cc10 code [0x00000237ad14cf40, 0x00000237ad14ed70]
Event: 44.650 Thread 0x00000237bc10b720 7923   !   4       java.nio.file.FileTreeWalker::visit (204 bytes)
Event: 44.651 Thread 0x00000237bc10c120 7925       3       jdk.nio.zipfs.ZipCoder$UTF8::getBytes (40 bytes)
Event: 44.652 Thread 0x00000237bc10c120 nmethod 7925 0x00000237a605b810 code [0x00000237a605ba60, 0x00000237a605c3b8]
Event: 44.660 Thread 0x00000237bc10c120 7927       3       java.util.Collections$SingletonMap::containsKey (9 bytes)
Event: 44.660 Thread 0x00000237bc10c120 nmethod 7927 0x00000237a605c790 code [0x00000237a605c940, 0x00000237a605cc28]
Event: 44.665 Thread 0x00000237bc10b720 nmethod 7923 0x00000237ad14ff90 code [0x00000237ad150200, 0x00000237ad150f90]
Event: 44.666 Thread 0x00000237bc10b720 7924   !   4       java.nio.file.FileTreeWalker::getAttributes (94 bytes)
Event: 44.669 Thread 0x00000237bc10b720 nmethod 7924 0x00000237ad151910 code [0x00000237ad151ae0, 0x00000237ad151db8]
Event: 44.669 Thread 0x00000237bc10b720 7926       4       jdk.nio.zipfs.ZipPath::toString (12 bytes)
Event: 44.673 Thread 0x00000237bc10b720 nmethod 7926 0x00000237ad152090 code [0x00000237ad152240, 0x00000237ad1524e8]
Event: 44.673 Thread 0x00000237bc10b720 7928       4       sun.nio.ch.IOUtil::read (14 bytes)
Event: 44.699 Thread 0x00000237bc10b720 nmethod 7928 0x00000237ad152710 code [0x00000237ad1529c0, 0x00000237ad153e28]
Event: 44.704 Thread 0x00000237bc10b720 7929       4       sun.nio.fs.WindowsPath::compareTo (118 bytes)
Event: 44.723 Thread 0x00000237bc10b720 nmethod 7929 0x00000237ad155310 code [0x00000237ad1554c0, 0x00000237ad155e18]

GC Heap History (20 events):
Event: 41.313 GC heap after
{Heap after GC invocations=29 (full 0):
 garbage-first heap   total 50176K, used 23833K [0x0000000083600000, 0x0000000100000000)
  region size 1024K, 1 young (1024K), 1 survivors (1024K)
 Metaspace       used 28883K, committed 29248K, reserved 1114112K
  class space    used 3273K, committed 3456K, reserved 1048576K
}
Event: 41.858 GC heap before
{Heap before GC invocations=30 (full 0):
 garbage-first heap   total 50176K, used 31001K [0x0000000083600000, 0x0000000100000000)
  region size 1024K, 8 young (8192K), 1 survivors (1024K)
 Metaspace       used 33381K, committed 33728K, reserved 1114112K
  class space    used 3838K, committed 3968K, reserved 1048576K
}
Event: 41.867 GC heap after
{Heap after GC invocations=31 (full 0):
 garbage-first heap   total 50176K, used 27680K [0x0000000083600000, 0x0000000100000000)
  region size 1024K, 3 young (3072K), 3 survivors (3072K)
 Metaspace       used 33381K, committed 33728K, reserved 1114112K
  class space    used 3838K, committed 3968K, reserved 1048576K
}
Event: 42.317 GC heap before
{Heap before GC invocations=32 (full 0):
 garbage-first heap   total 55296K, used 35872K [0x0000000083600000, 0x0000000100000000)
  region size 1024K, 11 young (11264K), 3 survivors (3072K)
 Metaspace       used 34140K, committed 34432K, reserved 1114112K
  class space    used 3902K, committed 4032K, reserved 1048576K
}
Event: 42.326 GC heap after
{Heap after GC invocations=33 (full 0):
 garbage-first heap   total 55296K, used 32265K [0x0000000083600000, 0x0000000100000000)
  region size 1024K, 2 young (2048K), 2 survivors (2048K)
 Metaspace       used 34140K, committed 34432K, reserved 1114112K
  class space    used 3902K, committed 4032K, reserved 1048576K
}
Event: 42.599 GC heap before
{Heap before GC invocations=34 (full 0):
 garbage-first heap   total 58368K, used 41481K [0x0000000083600000, 0x0000000100000000)
  region size 1024K, 10 young (10240K), 2 survivors (2048K)
 Metaspace       used 34191K, committed 34496K, reserved 1114112K
  class space    used 3904K, committed 4032K, reserved 1048576K
}
Event: 42.603 GC heap after
{Heap after GC invocations=35 (full 0):
 garbage-first heap   total 58368K, used 35039K [0x0000000083600000, 0x0000000100000000)
  region size 1024K, 2 young (2048K), 2 survivors (2048K)
 Metaspace       used 34191K, committed 34496K, reserved 1114112K
  class space    used 3904K, committed 4032K, reserved 1048576K
}
Event: 43.066 GC heap before
{Heap before GC invocations=35 (full 0):
 garbage-first heap   total 58368K, used 42207K [0x0000000083600000, 0x0000000100000000)
  region size 1024K, 9 young (9216K), 2 survivors (2048K)
 Metaspace       used 34201K, committed 34496K, reserved 1114112K
  class space    used 3904K, committed 4032K, reserved 1048576K
}
Event: 43.073 GC heap after
{Heap after GC invocations=36 (full 0):
 garbage-first heap   total 77824K, used 37234K [0x0000000083600000, 0x0000000100000000)
  region size 1024K, 2 young (2048K), 2 survivors (2048K)
 Metaspace       used 34201K, committed 34496K, reserved 1114112K
  class space    used 3904K, committed 4032K, reserved 1048576K
}
Event: 43.390 GC heap before
{Heap before GC invocations=37 (full 0):
 garbage-first heap   total 77824K, used 51570K [0x0000000083600000, 0x0000000100000000)
  region size 1024K, 16 young (16384K), 2 survivors (2048K)
 Metaspace       used 34389K, committed 34752K, reserved 1114112K
  class space    used 3929K, committed 4096K, reserved 1048576K
}
Event: 43.399 GC heap after
{Heap after GC invocations=38 (full 0):
 garbage-first heap   total 77824K, used 41644K [0x0000000083600000, 0x0000000100000000)
  region size 1024K, 2 young (2048K), 2 survivors (2048K)
 Metaspace       used 34389K, committed 34752K, reserved 1114112K
  class space    used 3929K, committed 4096K, reserved 1048576K
}
Event: 43.839 GC heap before
{Heap before GC invocations=38 (full 0):
 garbage-first heap   total 77824K, used 49836K [0x0000000083600000, 0x0000000100000000)
  region size 1024K, 11 young (11264K), 2 survivors (2048K)
 Metaspace       used 35327K, committed 35648K, reserved 1114112K
  class space    used 4048K, committed 4224K, reserved 1048576K
}
Event: 43.851 GC heap after
{Heap after GC invocations=39 (full 0):
 garbage-first heap   total 77824K, used 41694K [0x0000000083600000, 0x0000000100000000)
  region size 1024K, 2 young (2048K), 2 survivors (2048K)
 Metaspace       used 35327K, committed 35648K, reserved 1114112K
  class space    used 4048K, committed 4224K, reserved 1048576K
}
Event: 44.275 GC heap before
{Heap before GC invocations=40 (full 0):
 garbage-first heap   total 77824K, used 59102K [0x0000000083600000, 0x0000000100000000)
  region size 1024K, 16 young (16384K), 2 survivors (2048K)
 Metaspace       used 35347K, committed 35712K, reserved 1114112K
  class space    used 4049K, committed 4224K, reserved 1048576K
}
Event: 44.286 GC heap after
{Heap after GC invocations=41 (full 0):
 garbage-first heap   total 77824K, used 47530K [0x0000000083600000, 0x0000000100000000)
  region size 1024K, 2 young (2048K), 2 survivors (2048K)
 Metaspace       used 35347K, committed 35712K, reserved 1114112K
  class space    used 4049K, committed 4224K, reserved 1048576K
}
Event: 44.307 GC heap before
{Heap before GC invocations=41 (full 0):
 garbage-first heap   total 77824K, used 49578K [0x0000000083600000, 0x0000000100000000)
  region size 1024K, 3 young (3072K), 2 survivors (2048K)
 Metaspace       used 35347K, committed 35712K, reserved 1114112K
  class space    used 4049K, committed 4224K, reserved 1048576K
}
Event: 44.313 GC heap after
{Heap after GC invocations=42 (full 0):
 garbage-first heap   total 77824K, used 41473K [0x0000000083600000, 0x0000000100000000)
  region size 1024K, 1 young (1024K), 1 survivors (1024K)
 Metaspace       used 35347K, committed 35712K, reserved 1114112K
  class space    used 4049K, committed 4224K, reserved 1048576K
}
Event: 44.457 GC heap before
{Heap before GC invocations=42 (full 0):
 garbage-first heap   total 77824K, used 46593K [0x0000000083600000, 0x0000000100000000)
  region size 1024K, 7 young (7168K), 1 survivors (1024K)
 Metaspace       used 35383K, committed 35712K, reserved 1114112K
  class space    used 4049K, committed 4224K, reserved 1048576K
}
Event: 44.467 GC heap after
{Heap after GC invocations=43 (full 0):
 garbage-first heap   total 77824K, used 44783K [0x0000000083600000, 0x0000000100000000)
  region size 1024K, 2 young (2048K), 2 survivors (2048K)
 Metaspace       used 35383K, committed 35712K, reserved 1114112K
  class space    used 4049K, committed 4224K, reserved 1048576K
}
Event: 44.746 GC heap before
{Heap before GC invocations=44 (full 0):
 garbage-first heap   total 77824K, used 55023K [0x0000000083600000, 0x0000000100000000)
  region size 1024K, 13 young (13312K), 2 survivors (2048K)
 Metaspace       used 35385K, committed 35712K, reserved 1114112K
  class space    used 4049K, committed 4224K, reserved 1048576K
}

Dll operation events (10 events):
Event: 0.011 Loaded shared library C:\Program Files\Eclipse Adoptium\jdk-17.0.20.8-hotspot\bin\java.dll
Event: 0.035 Loaded shared library C:\Program Files\Eclipse Adoptium\jdk-17.0.20.8-hotspot\bin\jsvml.dll
Event: 0.075 Loaded shared library C:\Program Files\Eclipse Adoptium\jdk-17.0.20.8-hotspot\bin\net.dll
Event: 0.077 Loaded shared library C:\Program Files\Eclipse Adoptium\jdk-17.0.20.8-hotspot\bin\nio.dll
Event: 0.083 Loaded shared library C:\Program Files\Eclipse Adoptium\jdk-17.0.20.8-hotspot\bin\zip.dll
Event: 0.365 Loaded shared library C:\Program Files\Eclipse Adoptium\jdk-17.0.20.8-hotspot\bin\jimage.dll
Event: 0.369 Loaded shared library C:\Program Files\Apache\Maven\apache-maven-3.9.11\lib\jansi-native\Windows\x86_64\jansi.dll
Event: 0.395 Loaded shared library C:\Program Files\Eclipse Adoptium\jdk-17.0.20.8-hotspot\bin\verify.dll
Event: 3.505 Loaded shared library C:\Program Files\Eclipse Adoptium\jdk-17.0.20.8-hotspot\bin\extnet.dll
Event: 3.745 Loaded shared library C:\Program Files\Eclipse Adoptium\jdk-17.0.20.8-hotspot\bin\sunmscapi.dll

Deoptimization events (20 events):
Event: 43.794 Thread 0x000002379c0a17d0 Uncommon trap: trap_request=0xffffff45 fr.pc=0x00000237acdec8f8 relative=0x0000000000000318
Event: 43.794 Thread 0x000002379c0a17d0 Uncommon trap: reason=unstable_if action=reinterpret pc=0x00000237acdec8f8 method=sun.nio.fs.NativeBuffers.releaseNativeBuffer(Lsun/nio/fs/NativeBuffer;)V @ 35 c2
Event: 43.794 Thread 0x000002379c0a17d0 DEOPT PACKING pc=0x00000237acdec8f8 sp=0x000000cc57ffd690
Event: 43.794 Thread 0x000002379c0a17d0 DEOPT UNPACKING pc=0x00000237ac7ba1a3 sp=0x000000cc57ffd648 mode 2
Event: 43.812 Thread 0x000002379c0a17d0 DEOPT PACKING pc=0x00000237a531b55c sp=0x000000cc57ffc9a0
Event: 43.812 Thread 0x000002379c0a17d0 DEOPT UNPACKING pc=0x00000237ac7bace3 sp=0x000000cc57ffbf20 mode 0
Event: 43.854 Thread 0x000002379c0a17d0 DEOPT PACKING pc=0x00000237a586910a sp=0x000000cc57ffc6e0
Event: 43.854 Thread 0x000002379c0a17d0 DEOPT UNPACKING pc=0x00000237ac7bace3 sp=0x000000cc57ffbc60 mode 0
Event: 44.017 Thread 0x000002379c0a17d0 DEOPT PACKING pc=0x00000237a586910a sp=0x000000cc57ffc6e0
Event: 44.017 Thread 0x000002379c0a17d0 DEOPT UNPACKING pc=0x00000237ac7bace3 sp=0x000000cc57ffbc60 mode 0
Event: 44.077 Thread 0x000002379c0a17d0 DEOPT PACKING pc=0x00000237a531b55c sp=0x000000cc57ffc560
Event: 44.077 Thread 0x000002379c0a17d0 DEOPT UNPACKING pc=0x00000237ac7bace3 sp=0x000000cc57ffbae0 mode 0
Event: 44.095 Thread 0x000002379c0a17d0 DEOPT PACKING pc=0x00000237a586910a sp=0x000000cc57ffc6e0
Event: 44.095 Thread 0x000002379c0a17d0 DEOPT UNPACKING pc=0x00000237ac7bace3 sp=0x000000cc57ffbc60 mode 0
Event: 44.210 Thread 0x000002379c0a17d0 Uncommon trap: trap_request=0xffffffde fr.pc=0x00000237acf44578 relative=0x0000000000000158
Event: 44.210 Thread 0x000002379c0a17d0 Uncommon trap: reason=class_check action=maybe_recompile pc=0x00000237acf44578 method=java.util.stream.StreamOpFlag.fromCharacteristics(Ljava/util/Spliterator;)I @ 14 c2
Event: 44.210 Thread 0x000002379c0a17d0 DEOPT PACKING pc=0x00000237acf44578 sp=0x000000cc57ffd0e0
Event: 44.210 Thread 0x000002379c0a17d0 DEOPT UNPACKING pc=0x00000237ac7ba1a3 sp=0x000000cc57ffd030 mode 2
Event: 44.340 Thread 0x000002379c0a17d0 DEOPT PACKING pc=0x00000237a531b55c sp=0x000000cc57ffc310
Event: 44.340 Thread 0x000002379c0a17d0 DEOPT UNPACKING pc=0x00000237ac7bace3 sp=0x000000cc57ffb890 mode 0

Classes loaded (20 events):
Event: 43.367 Loading class java/util/stream/SpinedBuffer done
Event: 43.367 Loading class java/util/stream/Nodes$SpinedNodeBuilder done
Event: 43.370 Loading class java/util/stream/StreamSpliterators
Event: 43.370 Loading class java/util/stream/StreamSpliterators done
Event: 43.371 Loading class java/util/function/BooleanSupplier
Event: 43.371 Loading class java/util/function/BooleanSupplier done
Event: 43.414 Loading class java/nio/file/FileTreeWalker$1
Event: 43.414 Loading class java/nio/file/FileTreeWalker$1 done
Event: 43.485 Loading class jdk/internal/jimage/ImageReader$LinkNode
Event: 43.485 Loading class jdk/internal/jimage/ImageReader$LinkNode done
Event: 43.648 Loading class java/util/EnumMap$Values
Event: 43.649 Loading class java/util/EnumMap$Values done
Event: 43.649 Loading class java/util/EnumMap$ValueIterator
Event: 43.649 Loading class java/util/EnumMap$EnumMapIterator
Event: 43.649 Loading class java/util/EnumMap$EnumMapIterator done
Event: 43.649 Loading class java/util/EnumMap$ValueIterator done
Event: 43.652 Loading class java/util/WeakHashMap$KeyIterator
Event: 43.653 Loading class java/util/WeakHashMap$HashIterator
Event: 43.653 Loading class java/util/WeakHashMap$HashIterator done
Event: 43.654 Loading class java/util/WeakHashMap$KeyIterator done

Classes unloaded (0 events):
No events

Classes redefined (0 events):
No events

Internal exceptions (20 events):
Event: 43.547 Thread 0x000002379c0a17d0 Exception <a 'sun/nio/fs/WindowsException'{0x000000008889ccb0}> (0x000000008889ccb0) 
thrown [s\src\hotspot\share\prims\jni.cpp, line 516]
Event: 43.547 Thread 0x000002379c0a17d0 Exception <a 'sun/nio/fs/WindowsException'{0x00000000888c8a90}> (0x00000000888c8a90) 
thrown [s\src\hotspot\share\prims\jni.cpp, line 516]
Event: 43.547 Thread 0x000002379c0a17d0 Exception <a 'sun/nio/fs/WindowsException'{0x00000000888c9720}> (0x00000000888c9720) 
thrown [s\src\hotspot\share\prims\jni.cpp, line 516]
Event: 43.602 Thread 0x000002379c0a17d0 Exception <a 'sun/nio/fs/WindowsException'{0x000000008868d4e8}> (0x000000008868d4e8) 
thrown [s\src\hotspot\share\prims\jni.cpp, line 516]
Event: 43.603 Thread 0x000002379c0a17d0 Exception <a 'sun/nio/fs/WindowsException'{0x0000000088694828}> (0x0000000088694828) 
thrown [s\src\hotspot\share\prims\jni.cpp, line 516]
Event: 43.604 Thread 0x000002379c0a17d0 Exception <a 'sun/nio/fs/WindowsException'{0x00000000886a3d70}> (0x00000000886a3d70) 
thrown [s\src\hotspot\share\prims\jni.cpp, line 516]
Event: 43.604 Thread 0x000002379c0a17d0 Exception <a 'sun/nio/fs/WindowsException'{0x00000000886a49d0}> (0x00000000886a49d0) 
thrown [s\src\hotspot\share\prims\jni.cpp, line 516]
Event: 43.642 Thread 0x000002379c0a17d0 Exception <a 'sun/nio/fs/WindowsException'{0x00000000886cd790}> (0x00000000886cd790) 
thrown [s\src\hotspot\share\prims\jni.cpp, line 516]
Event: 43.642 Thread 0x000002379c0a17d0 Exception <a 'sun/nio/fs/WindowsException'{0x00000000886cde98}> (0x00000000886cde98) 
thrown [s\src\hotspot\share\prims\jni.cpp, line 516]
Event: 43.643 Thread 0x000002379c0a17d0 Exception <a 'sun/nio/fs/WindowsException'{0x00000000886ce548}> (0x00000000886ce548) 
thrown [s\src\hotspot\share\prims\jni.cpp, line 516]
Event: 43.643 Thread 0x000002379c0a17d0 Exception <a 'sun/nio/fs/WindowsException'{0x00000000886cec10}> (0x00000000886cec10) 
thrown [s\src\hotspot\share\prims\jni.cpp, line 516]
Event: 43.643 Thread 0x000002379c0a17d0 Exception <a 'sun/nio/fs/WindowsException'{0x00000000886cf2d0}> (0x00000000886cf2d0) 
thrown [s\src\hotspot\share\prims\jni.cpp, line 516]
Event: 43.791 Thread 0x000002379c0a17d0 Exception <a 'sun/nio/fs/WindowsException'{0x00000000879651a0}> (0x00000000879651a0) 
thrown [s\src\hotspot\share\prims\jni.cpp, line 516]
Event: 43.791 Thread 0x000002379c0a17d0 Exception <a 'sun/nio/fs/WindowsException'{0x0000000087965800}> (0x0000000087965800) 
thrown [s\src\hotspot\share\prims\jni.cpp, line 516]
Event: 43.801 Thread 0x000002379c0a17d0 Exception <a 'sun/nio/fs/WindowsException'{0x0000000087979048}> (0x0000000087979048) 
thrown [s\src\hotspot\share\prims\jni.cpp, line 516]
Event: 44.240 Thread 0x000002379c0a17d0 Exception <a 'sun/nio/fs/WindowsException'{0x00000000873b0d80}> (0x00000000873b0d80) 
thrown [s\src\hotspot\share\prims\jni.cpp, line 516]
Event: 44.244 Thread 0x000002379c0a17d0 Exception <a 'sun/nio/fs/WindowsException'{0x000000008723e280}> (0x000000008723e280) 
thrown [s\src\hotspot\share\prims\jni.cpp, line 516]
Event: 44.369 Thread 0x000002379c0a17d0 Exception <a 'sun/nio/fs/WindowsException'{0x0000000088889f20}> (0x0000000088889f20) 
thrown [s\src\hotspot\share\prims\jni.cpp, line 516]
Event: 44.370 Thread 0x000002379c0a17d0 Exception <a 'sun/nio/fs/WindowsException'{0x000000008888a9f8}> (0x000000008888a9f8) 
thrown [s\src\hotspot\share\prims\jni.cpp, line 516]
Event: 44.370 Thread 0x000002379c0a17d0 Exception <a 'sun/nio/fs/WindowsException'{0x000000008888b570}> (0x000000008888b570) 
thrown [s\src\hotspot\share\prims\jni.cpp, line 516]

VM Operations (20 events):
Event: 43.399 Executing VM operation: G1CollectForAllocation done
Event: 43.487 Executing VM operation: HandshakeAllThreads
Event: 43.487 Executing VM operation: HandshakeAllThreads done
Event: 43.838 Executing VM operation: G1TryInitiateConcMark
Event: 43.851 Executing VM operation: G1TryInitiateConcMark done
Event: 43.885 Executing VM operation: G1PauseRemark
Event: 43.894 Executing VM operation: G1PauseRemark done
Event: 43.907 Executing VM operation: G1PauseCleanup
Event: 43.907 Executing VM operation: G1PauseCleanup done
Event: 44.275 Executing VM operation: G1CollectForAllocation
Event: 44.286 Executing VM operation: G1CollectForAllocation done
Event: 44.307 Executing VM operation: G1CollectForAllocation
Event: 44.313 Executing VM operation: G1CollectForAllocation done
Event: 44.456 Executing VM operation: G1TryInitiateConcMark
Event: 44.467 Executing VM operation: G1TryInitiateConcMark done
Event: 44.518 Executing VM operation: G1PauseRemark
Event: 44.539 Executing VM operation: G1PauseRemark done
Event: 44.560 Executing VM operation: G1PauseCleanup
Event: 44.561 Executing VM operation: G1PauseCleanup done
Event: 44.746 Executing VM operation: G1CollectForAllocation

Memory protections (0 events):
No events

Nmethod flushes (20 events):
Event: 26.560 Thread 0x00000237bc130df0 flushing  nmethod 0x00000237a5d22390
Event: 26.560 Thread 0x00000237bc130df0 flushing  nmethod 0x00000237a5d24d90
Event: 26.560 Thread 0x00000237bc130df0 flushing  nmethod 0x00000237a5d25710
Event: 26.560 Thread 0x00000237bc130df0 flushing  nmethod 0x00000237a5d26d90
Event: 26.560 Thread 0x00000237bc130df0 flushing  nmethod 0x00000237a5d27d10
Event: 26.560 Thread 0x00000237bc130df0 flushing  nmethod 0x00000237a5d30490
Event: 26.560 Thread 0x00000237bc130df0 flushing  nmethod 0x00000237a5d32410
Event: 26.561 Thread 0x00000237bc130df0 flushing  nmethod 0x00000237a5d6be10
Event: 26.561 Thread 0x00000237bc130df0 flushing  nmethod 0x00000237a5d6c390
Event: 26.561 Thread 0x00000237bc130df0 flushing  nmethod 0x00000237a5d70790
Event: 26.561 Thread 0x00000237bc130df0 flushing  nmethod 0x00000237a5dc9b10
Event: 26.562 Thread 0x00000237bc130df0 flushing  nmethod 0x00000237a5ef4110
Event: 43.287 Thread 0x00000237bc130df0 flushing  nmethod 0x00000237a5812090
Event: 43.287 Thread 0x00000237bc130df0 flushing  nmethod 0x00000237a5820f90
Event: 43.287 Thread 0x00000237bc130df0 flushing  nmethod 0x00000237a582ab90
Event: 43.287 Thread 0x00000237bc130df0 flushing  nmethod 0x00000237a5832d10
Event: 43.287 Thread 0x00000237bc130df0 flushing  nmethod 0x00000237a5833810
Event: 43.288 Thread 0x00000237bc130df0 flushing  nmethod 0x00000237a5952b90
Event: 43.291 Thread 0x00000237bc130df0 flushing  nmethod 0x00000237a5dd1490
Event: 43.291 Thread 0x00000237bc130df0 flushing  nmethod 0x00000237a5ef3c90

Events (20 events):
Event: 34.720 Thread 0x0000023784052460 Thread exited: 0x0000023784052460
Event: 34.721 Thread 0x0000023784051530 Thread exited: 0x0000023784051530
Event: 34.721 Thread 0x00000237840538a0 Thread exited: 0x00000237840538a0
Event: 34.722 Thread 0x0000023784051f50 Thread exited: 0x0000023784051f50
Event: 36.344 Thread 0x000002379c0a17d0 Thread added: 0x00000237bc131d20
Event: 36.345 Thread 0x000002379c0a17d0 Thread added: 0x00000237bc132230
Event: 36.345 Thread 0x000002379c0a17d0 Thread added: 0x00000237bc479ec0
Event: 36.447 Thread 0x00000237bc479ec0 Thread exited: 0x00000237bc479ec0
Event: 36.447 Thread 0x00000237bc132230 Thread exited: 0x00000237bc132230
Event: 36.447 Thread 0x00000237bc131d20 Thread exited: 0x00000237bc131d20
Event: 38.108 Thread 0x00000237bc10b720 Thread added: 0x00000237bc3a5e90
Event: 38.595 Thread 0x00000237bc3a5e90 Thread exited: 0x00000237bc3a5e90
Event: 41.262 Thread 0x00000237bc10b720 Thread added: 0x00000237bc3a5e90
Event: 41.264 Thread 0x00000237bc3a5e90 Thread added: 0x00000237fe0c5260
Event: 41.400 Thread 0x00000237fe0c5260 Thread exited: 0x00000237fe0c5260
Event: 42.415 Thread 0x00000237bc3a5e90 Thread exited: 0x00000237bc3a5e90
Event: 42.518 Thread 0x00000237bc10c120 Thread added: 0x00000237bc3a5e90
Event: 42.916 Thread 0x00000237bc3a5e90 Thread added: 0x0000023784a6e490
Event: 43.334 Thread 0x0000023784a6e490 Thread exited: 0x0000023784a6e490
Event: 44.209 Thread 0x00000237bc3a5e90 Thread exited: 0x00000237bc3a5e90


Dynamic libraries:
0x00007ff785c70000 - 0x00007ff785c7e000 	C:\Program Files\Eclipse Adoptium\jdk-17.0.20.8-hotspot\bin\java.exe
0x00007ff954900000 - 0x00007ff954b67000 	C:\WINDOWS\SYSTEM32\ntdll.dll
0x00007ff8c05a0000 - 0x00007ff8c05c1000 	C:\Program Files\Norton\Suite\aswhook.dll
0x00007ff9538f0000 - 0x00007ff9539b9000 	C:\WINDOWS\System32\KERNEL32.DLL
0x00007ff951530000 - 0x00007ff951927000 	C:\WINDOWS\System32\KERNELBASE.dll
0x00007ff952530000 - 0x00007ff95267b000 	C:\WINDOWS\System32\ucrtbase.dll
0x00007ff924360000 - 0x00007ff92437e000 	C:\Program Files\Eclipse Adoptium\jdk-17.0.20.8-hotspot\bin\VCRUNTIME140.dll
0x00007ff923d40000 - 0x00007ff923d58000 	C:\Program Files\Eclipse Adoptium\jdk-17.0.20.8-hotspot\bin\jli.dll
0x00007ff953bb0000 - 0x00007ff953d76000 	C:\WINDOWS\System32\USER32.dll
0x00007ff930120000 - 0x00007ff9303b2000 	C:\WINDOWS\WinSxS\amd64_microsoft.windows.common-controls_6595b64144ccf1df_6.0.26100.8457_none_3e0b2faee331e92d\COMCTL32.dll
0x00007ff9522d0000 - 0x00007ff9522f7000 	C:\WINDOWS\System32\win32u.dll
0x00007ff9528b0000 - 0x00007ff952959000 	C:\WINDOWS\System32\msvcrt.dll
0x00007ff953a60000 - 0x00007ff953a8b000 	C:\WINDOWS\System32\GDI32.dll
0x00007ff951930000 - 0x00007ff951a5c000 	C:\WINDOWS\System32\gdi32full.dll
0x00007ff952480000 - 0x00007ff952523000 	C:\WINDOWS\System32\msvcp_win.dll
0x00007ff9546d0000 - 0x00007ff954702000 	C:\WINDOWS\System32\IMM32.DLL
0x00007ff93d250000 - 0x00007ff93d25c000 	C:\Program Files\Eclipse Adoptium\jdk-17.0.20.8-hotspot\bin\vcruntime140_1.dll
0x00007ff914850000 - 0x00007ff9148dd000 	C:\Program Files\Eclipse Adoptium\jdk-17.0.20.8-hotspot\bin\msvcp140.dll
0x00007ff8d2290000 - 0x00007ff8d2efc000 	C:\Program Files\Eclipse Adoptium\jdk-17.0.20.8-hotspot\bin\server\jvm.dll
0x00007ff952b40000 - 0x00007ff952bf6000 	C:\WINDOWS\System32\ADVAPI32.dll
0x00007ff952760000 - 0x00007ff952807000 	C:\WINDOWS\System32\sechost.dll
0x00007ff952a20000 - 0x00007ff952b38000 	C:\WINDOWS\System32\RPCRT4.dll
0x00007ff953a90000 - 0x00007ff953b10000 	C:\WINDOWS\System32\WS2_32.dll
0x00007ff951190000 - 0x00007ff9511ee000 	C:\WINDOWS\SYSTEM32\POWRPROF.dll
0x00007ff941340000 - 0x00007ff94134b000 	C:\WINDOWS\SYSTEM32\VERSION.dll
0x00007ff948f20000 - 0x00007ff948f56000 	C:\WINDOWS\SYSTEM32\WINMM.dll
0x00007ff951170000 - 0x00007ff951184000 	C:\WINDOWS\SYSTEM32\UMPDC.dll
0x00007ff9500c0000 - 0x00007ff9500db000 	C:\WINDOWS\SYSTEM32\kernel.appcore.dll
0x00007ff93b710000 - 0x00007ff93b71a000 	C:\Program Files\Eclipse Adoptium\jdk-17.0.20.8-hotspot\bin\jimage.dll
0x00007ff94efe0000 - 0x00007ff94f222000 	C:\WINDOWS\SYSTEM32\DBGHELP.DLL
0x00007ff9532f0000 - 0x00007ff953673000 	C:\WINDOWS\System32\combase.dll
0x00007ff952680000 - 0x00007ff952759000 	C:\WINDOWS\System32\OLEAUT32.dll
0x00007ff9403b0000 - 0x00007ff9403eb000 	C:\WINDOWS\SYSTEM32\dbgcore.DLL
0x00007ff951330000 - 0x00007ff9513d8000 	C:\WINDOWS\System32\bcryptPrimitives.dll
0x00007ff922600000 - 0x00007ff922625000 	C:\Program Files\Eclipse Adoptium\jdk-17.0.20.8-hotspot\bin\java.dll
0x00007ff8ee8e0000 - 0x00007ff8ee9b7000 	C:\Program Files\Eclipse Adoptium\jdk-17.0.20.8-hotspot\bin\jsvml.dll
0x00007ff953ed0000 - 0x00007ff95463e000 	C:\WINDOWS\System32\SHELL32.dll
0x00007ff951a60000 - 0x00007ff9522cc000 	C:\WINDOWS\System32\windows.storage.dll
0x00007ff953690000 - 0x00007ff953786000 	C:\WINDOWS\System32\SHCORE.dll
0x00007ff952810000 - 0x00007ff952876000 	C:\WINDOWS\System32\shlwapi.dll
0x00007ff951250000 - 0x00007ff951279000 	C:\WINDOWS\SYSTEM32\profapi.dll
0x00007ff9238f0000 - 0x00007ff92390a000 	C:\Program Files\Eclipse Adoptium\jdk-17.0.20.8-hotspot\bin\net.dll
0x00007ff944970000 - 0x00007ff944a99000 	C:\WINDOWS\SYSTEM32\WINHTTP.dll
0x00007ff950630000 - 0x00007ff95069c000 	C:\WINDOWS\system32\mswsock.dll
0x00007ff922a30000 - 0x00007ff922a46000 	C:\Program Files\Eclipse Adoptium\jdk-17.0.20.8-hotspot\bin\nio.dll
0x00007ff921e80000 - 0x00007ff921e98000 	C:\Program Files\Eclipse Adoptium\jdk-17.0.20.8-hotspot\bin\zip.dll
0x00007ff921810000 - 0x00007ff921834000 	C:\Program Files\Apache\Maven\apache-maven-3.9.11\lib\jansi-native\Windows\x86_64\jansi.dll
0x00007ff93af80000 - 0x00007ff93af90000 	C:\Program Files\Eclipse Adoptium\jdk-17.0.20.8-hotspot\bin\verify.dll
0x00007ff950920000 - 0x00007ff95093b000 	C:\WINDOWS\SYSTEM32\CRYPTSP.dll
0x00007ff950020000 - 0x00007ff950059000 	C:\WINDOWS\system32\rsaenh.dll
0x00007ff9506e0000 - 0x00007ff950713000 	C:\WINDOWS\SYSTEM32\USERENV.dll
0x00007ff951220000 - 0x00007ff95124a000 	C:\WINDOWS\SYSTEM32\bcrypt.dll
0x00007ff950910000 - 0x00007ff95091c000 	C:\WINDOWS\SYSTEM32\CRYPTBASE.dll
0x00007ff94fb60000 - 0x00007ff94fb92000 	C:\WINDOWS\SYSTEM32\IPHLPAPI.DLL
0x00007ff953680000 - 0x00007ff95368a000 	C:\WINDOWS\System32\NSI.dll
0x00007ff94b8a0000 - 0x00007ff94b8bd000 	C:\WINDOWS\SYSTEM32\dhcpcsvc6.DLL
0x00007ff94b850000 - 0x00007ff94b875000 	C:\WINDOWS\SYSTEM32\dhcpcsvc.DLL
0x00007ff94fc40000 - 0x00007ff94fd72000 	C:\WINDOWS\SYSTEM32\DNSAPI.dll
0x00007ff943520000 - 0x00007ff94352b000 	C:\Windows\System32\rasadhlp.dll
0x00007ff94ba10000 - 0x00007ff94ba96000 	C:\WINDOWS\System32\fwpuclnt.dll
0x00007ff927dc0000 - 0x00007ff927dc9000 	C:\Program Files\Eclipse Adoptium\jdk-17.0.20.8-hotspot\bin\extnet.dll
0x00007ff92a760000 - 0x00007ff92a76e000 	C:\Program Files\Eclipse Adoptium\jdk-17.0.20.8-hotspot\bin\sunmscapi.dll
0x00007ff952300000 - 0x00007ff952478000 	C:\WINDOWS\System32\CRYPT32.dll
0x00007ff950b30000 - 0x00007ff950b60000 	C:\WINDOWS\SYSTEM32\ncrypt.dll
0x00007ff950ae0000 - 0x00007ff950b1f000 	C:\WINDOWS\SYSTEM32\NTASN1.dll

dbghelp: loaded successfully - version: 4.0.5 - missing functions: none
symbol engine: initialized successfully - sym options: 0x614 - pdb path: .;C:\Program Files\Eclipse Adoptium\jdk-17.0.20.8-hotspot\bin;C:\WINDOWS\SYSTEM32;C:\Program Files\Norton\Suite;C:\WINDOWS\WinSxS\amd64_microsoft.windows.common-controls_6595b64144ccf1df_6.0.26100.8457_none_3e0b2faee331e92d;C:\Program Files\Eclipse Adoptium\jdk-17.0.20.8-hotspot\bin\server;C:\Program Files\Apache\Maven\apache-maven-3.9.11\lib\jansi-native\Windows\x86_64

VM Arguments:
jvm_args: --enable-native-access=ALL-UNNAMED -Dclassworlds.conf=C:\Program Files\Apache\Maven\apache-maven-3.9.11\bin\m2.conf -Dmaven.home=C:\Program Files\Apache\Maven\apache-maven-3.9.11 -Dlibrary.jansi.path=C:\Program Files\Apache\Maven\apache-maven-3.9.11\lib\jansi-native -Dmaven.multiModuleProjectDirectory=D:\Scalable1\gateway\api-gateway 
java_command: org.codehaus.plexus.classworlds.launcher.Launcher spring-boot:run
java_class_path (initial): C:\Program Files\Apache\Maven\apache-maven-3.9.11\boot\plexus-classworlds-2.9.0.jar
Launcher Type: SUN_STANDARD

[Global flags]
     intx CICompilerCount                          = 4                                         {product} {ergonomic}
     uint ConcGCThreads                            = 2                                         {product} {ergonomic}
     uint G1ConcRefinementThreads                  = 8                                         {product} {ergonomic}
   size_t G1HeapRegionSize                         = 1048576                                   {product} {ergonomic}
    uintx GCDrainStackTargetSize                   = 64                                        {product} {ergonomic}
   size_t InitialHeapSize                          = 132120576                                 {product} {ergonomic}
   size_t MarkStackSize                            = 4194304                                   {product} {ergonomic}
   size_t MaxHeapSize                              = 2090860544                                {product} {ergonomic}
   size_t MaxNewSize                               = 1254096896                                {product} {ergonomic}
   size_t MinHeapDeltaBytes                        = 1048576                                   {product} {ergonomic}
   size_t MinHeapSize                              = 8388608                                   {product} {ergonomic}
    uintx NonNMethodCodeHeapSize                   = 5839372                                {pd product} {ergonomic}
    uintx NonProfiledCodeHeapSize                  = 122909434                              {pd product} {ergonomic}
    uintx ProfiledCodeHeapSize                     = 122909434                              {pd product} {ergonomic}
    uintx ReservedCodeCacheSize                    = 251658240                              {pd product} {ergonomic}
     bool SegmentedCodeCache                       = true                                      {product} {ergonomic}
   size_t SoftMaxHeapSize                          = 2090860544                             {manageable} {ergonomic}
     bool UseCompressedClassPointers               = true                           {product lp64_product} {ergonomic}
     bool UseCompressedOops                        = true                           {product lp64_product} {ergonomic}
     bool UseG1GC                                  = true                                      {product} {ergonomic}
     bool UseLargePagesIndividualAllocation        = false                                  {pd product} {ergonomic}

Logging:
Log output configuration:
 #0: stdout all=warning uptime,level,tags
 #1: stderr all=off uptime,level,tags

Environment Variables:
JAVA_HOME=C:\Program Files\Eclipse Adoptium\jdk-17.0.20.8-hotspot
PATH=C:\Program Files\Eclipse Adoptium\jdk-17.0.20.8-hotspot\bin;C:\Program Files (x86)\Common Files\Oracle\Java\java8path;C:\Program Files (x86)\Common Files\Oracle\Java\javapath;D:\User1\dbhomeXE\bin;C:\Windows\system32;C:\Windows;C:\Windows\System32\Wbem;C:\Windows\System32\WindowsPowerShell\v1.0\;C:\Windows\System32\OpenSSH\;C:\Program Files (x86)\NVIDIA Corporation\PhysX\Common;C:\Program Files\NVIDIA Corporation\NVIDIA NvDLISR;C:\WINDOWS\system32;C:\WINDOWS;C:\WINDOWS\System32\Wbem;C:\WINDOWS\System32\WindowsPowerShell\v1.0\;C:\WINDOWS\System32\OpenSSH\;C:\Program Files\dotnet\;C:\MinGW\bin;C:\Program Files\Java\jdk1.8.0_202\bin;C:\Users\leemi\AppData\Local\Programs\Python\Launcher\;C:\Users\leemi\AppData\Local\Microsoft\WindowsApps;C:\Users\leemi\.dotnet\tools;C:\Users\leemi\AppData\Local\Programs\Microsoft VS Code\bin;C:\Users\leemi\AppData\Local\GitHubDesktop\bin;C:\Users\leemi\AppData\Roaming\npm;C:\Program Files\JetBrains\IntelliJ IDEA 2024.3.5\bin;C:\Program Files\MySQL\MySQL Server 8.0\bin;C:\Users\leemi\Downloads\apache-maven-3.9.9-bin\apache-maven-3.9.9\bin;C:\Program Files\Python312\;C:\Program Files\Python312\Scripts\;C:\Users\leemi\AppData\Roaming\Python\Python312\Scripts\;C:\Program Files\MongoDB\Server\8.0\bin;D:\develop\flutter\bin;D:\sdk\cmdline-tools\latest\bin;D:\sdk\platform-tools;C:\Gradle\gradle-8.11.1\bin;C:\Program Files\Apache\Maven\apache-maven-3.9.11\bin;D:\FlutterCache\.pub-cache\bin;C:\Program Files (x86)\Windows Kits\10\Windows Performance Toolkit\;C:\Program Files\swipl\bin;C:\Program Files\Docker\Docker\resources\bin;C:\Program Files\Git\cmd;D:\Java\jdk-17\bin;C:\Users\leemi\AppData\Local\Programs\Python\Launcher\;C:\Users\leemi\AppData\Local\Microsoft\WindowsApps;C:\Users\leemi\.dotnet\tools;C:\Users\leemi\AppData\Local\Programs\Microsoft VS Code\bin;C:\Users\leemi\AppData\Local\GitHubDesktop\bin;C:\Program Files\Java\jdk1.8.0_202\bin;C:\Program Files\JetBrains\IntelliJ IDEA 2024.3.5\bin;
USERNAME=leemi
LANG=en_US.UTF-8
OS=Windows_NT
PROCESSOR_IDENTIFIER=Intel64 Family 6 Model 140 Stepping 2, GenuineIntel
TMP=D:\TempFlutter
TEMP=D:\TempFlutter



Periodic native trim disabled


---------------  S Y S T E M  ---------------

OS:
 Windows 11 , 64 bit Build 26100 (10.0.26100.8328)
OS uptime: 0 days 14:58 hours
Hyper-V role detected

CPU: total 8 (initial active 8) (4 cores per cpu, 2 threads per core) family 6 model 140 stepping 2 microcode 0x26, cx8, cmov, fxsr, ht, mmx, 3dnowpref, sse, sse2, sse3, ssse3, sse4.1, sse4.2, popcnt, lzcnt, tsc, tscinvbit, avx, avx2, aes, erms, clmul, bmi1, bmi2, adx, avx512f, avx512dq, avx512cd, avx512bw, avx512vl, sha, fma, vzeroupper, avx512_vpopcntdq, avx512_vpclmulqdq, avx512_vaes, avx512_vnni, clflush, clflushopt, clwb, avx512_vbmi2, avx512_vbmi, hv
Processor Information for all 8 processors :
  Max Mhz: 3187, Current Mhz: 3187, Mhz Limit: 3187

Memory: 4k page, system-wide physical 7975M (535M free)
TotalPageFile size 17949M (AvailPageFile size 26M)
current process WorkingSet (physical memory assigned to process): 199M, peak: 201M
current process commit charge ("private bytes"): 267M, peak: 306M

vm_info: OpenJDK 64-Bit Server VM (17.0.20+8) for windows-amd64 JRE (17.0.20+8), built on Jul 22 2026 00:41:45 by "admin" with MS VC++ 17.12 (VS2022)

END.
