#
# There is insufficient memory for the Java Runtime Environment to continue.
# Native memory allocation (malloc) failed to allocate 119856 bytes. Error detail: Chunk::new
# Possible reasons:
#   The system is out of physical RAM or swap space
#   This process is running with CompressedOops enabled, and the Java Heap may be blocking the growth of the native heap
# Possible solutions:
#   Reduce memory load on the system
#   Increase physical memory or swap space
#   Check if swap backing store is full
#   Decrease Java heap size (-Xmx/-Xms)
#   Decrease number of Java threads
#   Decrease Java thread stack sizes (-Xss)
#   Set larger code cache with -XX:ReservedCodeCacheSize=
#   JVM is running with Unscaled Compressed Oops mode in which the Java heap is
#     placed in the first 4GB address space. The Java Heap base address is the
#     maximum limit for the native heap growth. Please use -XX:HeapBaseMinAddress
#     to set the Java Heap base and to place the Java Heap above 4GB virtual address.
# This output file may be truncated or incomplete.
#
#  Out of Memory Error (arena.cpp:168), pid=27396, tid=13968
#
# JRE version: OpenJDK Runtime Environment Temurin-21.0.11+10 (21.0.11+10) (build 21.0.11+10-LTS)
# Java VM: OpenJDK 64-Bit Server VM Temurin-21.0.11+10 (21.0.11+10-LTS, mixed mode, sharing, tiered, compressed oops, compressed class ptrs, parallel gc, windows-amd64)
# No core dump will be written. Minidumps are not enabled by default on client versions of Windows
#

---------------  S U M M A R Y ------------

Command Line: --add-modules=ALL-SYSTEM --add-opens=java.base/java.util=ALL-UNNAMED --add-opens=java.base/java.lang=ALL-UNNAMED --add-opens=java.base/sun.nio.fs=ALL-UNNAMED -Declipse.application=org.eclipse.jdt.ls.core.id1 -Dosgi.bundles.defaultStartLevel=4 -Declipse.product=org.eclipse.jdt.ls.core.product -Djava.import.generatesMetadataFilesAtProjectRoot=false -DDetectVMInstallationsJob.disabled=true -Dfile.encoding=utf8 -XX:+UseParallelGC -XX:GCTimeRatio=4 -XX:AdaptiveSizePolicyWeight=90 -Dsun.zip.disableMemoryMapping=true -Xmx2G -Xms100m -Xlog:disable -javaagent:c:\Users\leemi\.vscode\extensions\redhat.java-1.55.0-win32-x64\lombok\lombok-1.18.39-4050.jar -XX:+HeapDumpOnOutOfMemoryError -XX:HeapDumpPath=c:\Users\leemi\AppData\Roaming\Code\User\workspaceStorage\60808daadfc41e5d092c2bd725f444cb\redhat.java -Daether.dependencyCollector.impl=bf c:\Users\leemi\.vscode\extensions\redhat.java-1.55.0-win32-x64\server\plugins\org.eclipse.equinox.launcher_1.7.200.v20260619-2039.jar -configuration c:\Users\leemi\AppData\Roaming\Code\User\globalStorage\redhat.java\1.55.0\config_win -data c:\Users\leemi\AppData\Roaming\Code\User\workspaceStorage\60808daadfc41e5d092c2bd725f444cb\redhat.java\jdt_ws --pipe=\\.\pipe\lsp-8027a509a522a6072d5bb0202c609b59-sock

Host: 11th Gen Intel(R) Core(TM) i5-11320H @ 3.20GHz, 8 cores, 7G,  Windows 11 , 64 bit Build 26100 (10.0.26100.8328)
Time: Fri Aug  7 14:35:48 2026 India Standard Time elapsed time: 0.518783 seconds (0d 0h 0m 0s)

---------------  T H R E A D  ---------------

Current thread (0x000001f737709a60):  JavaThread "C2 CompilerThread0" daemon [_thread_in_native, id=13968, stack(0x000000d12a600000,0x000000d12a700000) (1024K)]


Current CompileTask:
C2:518  165       4       java.util.HashMap::putVal (300 bytes)

Stack: [0x000000d12a600000,0x000000d12a700000]
Native frames: (J=compiled Java code, j=interpreted, Vv=VM code, C=native code)
V  [vcruntime140_1.dll+0x6d7e19]
V  [jvm.dll+0x8b5096]
V  [jvm.dll+0x8b764e]
V  [jvm.dll+0x8b7d33]
V  [jvm.dll+0x284596]
V  [jvm.dll+0xc685d]
V  [jvm.dll+0xc6da1]
V  [jvm.dll+0x3bed31]
V  [jvm.dll+0x38b2b2]
V  [jvm.dll+0x38a6fa]
V  [jvm.dll+0x24c700]
V  [jvm.dll+0x24bce0]
V  [jvm.dll+0x1cb4ae]
V  [jvm.dll+0x25baad]
V  [jvm.dll+0x25a03a]
V  [jvm.dll+0x3f868e]
V  [jvm.dll+0x85fb0d]
V  [jvm.dll+0x6d664d]
C  [ucrtbase.dll+0x37b0]
C  [KERNEL32.DLL+0x2e957]
C  [ntdll.dll+0x427c]


---------------  P R O C E S S  ---------------

Threads class SMR info:
_java_thread_list=0x000001f790c5d150, length=10, elements={
0x000001f737788ae0, 0x000001f73783e900, 0x000001f7376fa220, 0x000001f7376ff800,
0x000001f737702980, 0x000001f7377033e0, 0x000001f737703e40, 0x000001f737709a60,
0x000001f790ab0110, 0x000001f790ca90f0
}

Java Threads: ( => current thread )
  0x000001f737788ae0 JavaThread "main"                              [_thread_in_native, id=27500, stack(0x000000d129c00000,0x000000d129d00000) (1024K)]
  0x000001f73783e900 JavaThread "Reference Handler"          daemon [_thread_blocked, id=27544, stack(0x000000d12a000000,0x000000d12a100000) (1024K)]
  0x000001f7376fa220 JavaThread "Finalizer"                  daemon [_thread_blocked, id=23320, stack(0x000000d12a100000,0x000000d12a200000) (1024K)]
  0x000001f7376ff800 JavaThread "Signal Dispatcher"          daemon [_thread_blocked, id=26352, stack(0x000000d12a200000,0x000000d12a300000) (1024K)]
  0x000001f737702980 JavaThread "Attach Listener"            daemon [_thread_blocked, id=16288, stack(0x000000d12a300000,0x000000d12a400000) (1024K)]
  0x000001f7377033e0 JavaThread "Service Thread"             daemon [_thread_blocked, id=27288, stack(0x000000d12a400000,0x000000d12a500000) (1024K)]
  0x000001f737703e40 JavaThread "Monitor Deflation Thread"   daemon [_thread_blocked, id=16316, stack(0x000000d12a500000,0x000000d12a600000) (1024K)]
=>0x000001f737709a60 JavaThread "C2 CompilerThread0"         daemon [_thread_in_native, id=13968, stack(0x000000d12a600000,0x000000d12a700000) (1024K)]
  0x000001f790ab0110 JavaThread "C1 CompilerThread0"         daemon [_thread_blocked, id=27296, stack(0x000000d12a700000,0x000000d12a800000) (1024K)]
  0x000001f790ca90f0 JavaThread "Common-Cleaner"             daemon [_thread_blocked, id=27528, stack(0x000000d12a800000,0x000000d12a900000) (1024K)]
Total: 10

Other Threads:
  0x000001f7376f35f0 VMThread "VM Thread"                           [id=27536, stack(0x000000d129f00000,0x000000d12a000000) (1024K)]
  0x000001f7377f42c0 WatcherThread "VM Periodic Task Thread"        [id=27540, stack(0x000000d129e00000,0x000000d129f00000) (1024K)]
  0x000001f7377a7460 WorkerThread "GC Thread#0"                     [id=27504, stack(0x000000d129d00000,0x000000d129e00000) (1024K)]
Total: 3

Threads with active compile tasks:
C2 CompilerThread0  573  165       4       java.util.HashMap::putVal (300 bytes)
Total: 1

VM state: not at safepoint (normal execution)

VM Mutex/Monitor currently owned by a thread: None

Heap address: 0x0000000080000000, size: 2048 MB, Compressed Oops mode: 32-bit

CDS archive(s) mapped at: [0x000001f74f000000-0x000001f74fba0000-0x000001f74fba0000), size 12189696, SharedBaseAddress: 0x000001f74f000000, ArchiveRelocationMode: 1.
Compressed class space mapped at: 0x000001f750000000-0x000001f790000000, reserved size: 1073741824
Narrow klass base: 0x000001f74f000000, Narrow klass shift: 0, Narrow klass range: 0x100000000

GC Precious Log:
 CardTable entry size: 512
 CPUs: 8 total, 8 available
 Memory: 7975M
 Large Page Support: Disabled
 NUMA Support: Disabled
 Compressed Oops: Enabled (32-bit)
 Alignments: Space 512K, Generation 512K, Heap 2M
 Heap Min Capacity: 100M
 Heap Initial Capacity: 100M
 Heap Max Capacity: 2G
 Pre-touch: Disabled
 Parallel Workers: 8

Heap:
 PSYoungGen      total 29696K, used 3584K [0x00000000d5580000, 0x00000000d7680000, 0x0000000100000000)
  eden space 25600K, 14% used [0x00000000d5580000,0x00000000d5900258,0x00000000d6e80000)
  from space 4096K, 0% used [0x00000000d7280000,0x00000000d7280000,0x00000000d7680000)
  to   space 4096K, 0% used [0x00000000d6e80000,0x00000000d6e80000,0x00000000d7280000)
 ParOldGen       total 68608K, used 0K [0x0000000080000000, 0x0000000084300000, 0x00000000d5580000)
  object space 68608K, 0% used [0x0000000080000000,0x0000000080000000,0x0000000084300000)
 Metaspace       used 315K, committed 512K, reserved 1114112K
  class space    used 18K, committed 128K, reserved 1048576K

Card table byte_map: [0x000001f737120000,0x000001f737530000] _byte_map_base: 0x000001f736d20000

Marking Bits: (ParMarkBitMap*) 0x00007ff8b38c4460
 Begin Bits: [0x000001f749c30000, 0x000001f74bc30000)
 End Bits:   [0x000001f74bc30000, 0x000001f74dc30000)

Polling page: 0x000001f735610000

Metaspace:

Usage:
  Non-class:    297.24 KB used.
      Class:     18.59 KB used.
       Both:    315.84 KB used.

Virtual space:
  Non-class space:       64.00 MB reserved,     384.00 KB ( <1%) committed,  1 nodes.
      Class space:        1.00 GB reserved,     128.00 KB ( <1%) committed,  1 nodes.
             Both:        1.06 GB reserved,     512.00 KB ( <1%) committed. 

Chunk freelists:
   Non-Class:  11.99 MB
       Class:  15.75 MB
        Both:  27.74 MB

MaxMetaspaceSize: unlimited
CompressedClassSpaceSize: 1.00 GB
Initial GC threshold: 21.00 MB
Current GC threshold: 21.00 MB
CDS: on
 - commit_granule_bytes: 65536.
 - commit_granule_words: 8192.
 - virtual_space_node_default_size: 8388608.
 - enlarge_chunks_in_place: 1.
 - use_allocation_guard: 0.


Internal statistics:

num_allocs_failed_limit: 0.
num_arena_births: 8.
num_arena_deaths: 0.
num_vsnodes_births: 2.
num_vsnodes_deaths: 0.
num_space_committed: 8.
num_space_uncommitted: 0.
num_chunks_returned_to_freelist: 0.
num_chunks_taken_from_freelist: 9.
num_chunk_merges: 0.
num_chunk_splits: 6.
num_chunks_enlarged: 3.
num_inconsistent_stats: 0.

CodeHeap 'non-profiled nmethods': size=120000Kb used=59Kb max_used=59Kb free=119940Kb
 bounds [0x000001f742450000, 0x000001f7426c0000, 0x000001f749980000]
CodeHeap 'profiled nmethods': size=120000Kb used=231Kb max_used=231Kb free=119768Kb
 bounds [0x000001f73a980000, 0x000001f73abf0000, 0x000001f741eb0000]
CodeHeap 'non-nmethods': size=5760Kb used=1144Kb max_used=1144Kb free=4615Kb
 bounds [0x000001f741eb0000, 0x000001f742120000, 0x000001f742450000]
CodeCache: size=245760Kb, used=1434Kb, max_used=1434Kb, free=244323Kb
 total_blobs=577, nmethods=201, adapters=283, full_count=0
Compilation: enabled, stopped_count=0, restarted_count=0

Compilation events (20 events):
Event: 0.512 Thread 0x000001f790ab0110 nmethod 177 0x000001f74245cd10 code [0x000001f74245cea0, 0x000001f74245cf68]
Event: 0.512 Thread 0x000001f790ab0110  178       3       java.lang.AbstractStringBuilder::isLatin1 (19 bytes)
Event: 0.513 Thread 0x000001f790ab0110 nmethod 178 0x000001f73a9b0110 code [0x000001f73a9b02c0, 0x000001f73a9b0430]
Event: 0.513 Thread 0x000001f790ab0110  179       3       java.util.HashSet::<init> (16 bytes)
Event: 0.513 Thread 0x000001f790ab0110 nmethod 179 0x000001f73a9b0490 code [0x000001f73a9b0660, 0x000001f73a9b0a28]
Event: 0.513 Thread 0x000001f790ab0110  180       3       java.util.AbstractMap::<init> (5 bytes)
Event: 0.514 Thread 0x000001f790ab0110 nmethod 180 0x000001f73a9b0b90 code [0x000001f73a9b0d40, 0x000001f73a9b0ea8]
Event: 0.514 Thread 0x000001f790ab0110  183       3       java.lang.module.ResolvedModule::name (11 bytes)
Event: 0.514 Thread 0x000001f790ab0110 nmethod 183 0x000001f73a9b0f90 code [0x000001f73a9b1140, 0x000001f73a9b12a0]
Event: 0.514 Thread 0x000001f790ab0110  184       1       java.lang.module.ResolvedModule::configuration (5 bytes)
Event: 0.514 Thread 0x000001f790ab0110 nmethod 184 0x000001f74245dc90 code [0x000001f74245de20, 0x000001f74245dee8]
Event: 0.514 Thread 0x000001f790ab0110  186       1       java.lang.module.ModuleDescriptor::isOpen (5 bytes)
Event: 0.515 Thread 0x000001f790ab0110 nmethod 186 0x000001f74245df90 code [0x000001f74245e120, 0x000001f74245e1f0]
Event: 0.515 Thread 0x000001f790ab0110  187       3       java.util.HashMap::isEmpty (13 bytes)
Event: 0.515 Thread 0x000001f790ab0110 nmethod 187 0x000001f73a9b1390 code [0x000001f73a9b1520, 0x000001f73a9b1680]
Event: 0.515 Thread 0x000001f790ab0110  188       1       java.util.HashMap::size (5 bytes)
Event: 0.515 Thread 0x000001f790ab0110 nmethod 188 0x000001f74245e290 code [0x000001f74245e420, 0x000001f74245e4e8]
Event: 0.515 Thread 0x000001f790ab0110  189       1       java.lang.module.ModuleDescriptor$Provides::service (5 bytes)
Event: 0.515 Thread 0x000001f790ab0110 nmethod 189 0x000001f74245e590 code [0x000001f74245e720, 0x000001f74245e7e8]
Event: 0.516 Thread 0x000001f790ab0110  190       3       java.lang.invoke.MethodType::methodType (69 bytes)

GC Heap History (0 events):
No events

Dll operation events (2 events):
Event: 0.049 Loaded shared library c:\Users\leemi\.vscode\extensions\redhat.java-1.55.0-win32-x64\jre\21.0.11-win32-x86_64\bin\java.dll
Event: 0.501 Loaded shared library c:\Users\leemi\.vscode\extensions\redhat.java-1.55.0-win32-x64\jre\21.0.11-win32-x86_64\bin\zip.dll

Deoptimization events (0 events):
No events

Classes loaded (2 events):
Event: 0.499 Loading class jdk/internal/module/ModuleReferenceImpl$CachedHash
Event: 0.502 Loading class jdk/internal/module/ModuleReferenceImpl$CachedHash done

Classes unloaded (0 events):
No events

Classes redefined (0 events):
No events

Internal exceptions (1 events):
Event: 0.483 Thread 0x000001f737788ae0 Exception <a 'java/lang/NoSuchMethodError'{0x00000000d57a9550}: 'void java.lang.invoke.DirectMethodHandle$Holder.invokeStatic(java.lang.Object, java.lang.Object, java.lang.Object)'> (0x00000000d57a9550) 
thrown [s\src\hotspot\share\interpreter\linkResolver.cpp, line 773]

ZGC Phase Switch (0 events):
No events

VM Operations (2 events):
Event: 0.498 Executing non-safepoint VM operation: HandshakeAllThreads (Deoptimize)
Event: 0.498 Executing non-safepoint VM operation: HandshakeAllThreads (Deoptimize) done

Memory protections (0 events):
No events

Nmethod flushes (0 events):
No events

Events (9 events):
Event: 0.111 Thread 0x000001f737788ae0 Thread added: 0x000001f737788ae0
Event: 0.197 Thread 0x000001f737788ae0 Thread added: 0x000001f73783e900
Event: 0.199 Thread 0x000001f737788ae0 Thread added: 0x000001f7376fa220
Event: 0.200 Thread 0x000001f737788ae0 Thread added: 0x000001f7376ff800
Event: 0.201 Thread 0x000001f737788ae0 Thread added: 0x000001f737702980
Event: 0.201 Thread 0x000001f737788ae0 Thread added: 0x000001f7377033e0
Event: 0.201 Thread 0x000001f737788ae0 Thread added: 0x000001f737703e40
Event: 0.201 Thread 0x000001f737788ae0 Thread added: 0x000001f737709a60
Event: 0.204 Thread 0x000001f737788ae0 Thread added: 0x000001f790ab0110


Dynamic libraries:
0x00007ff65a8b0000 - 0x00007ff65a8be000 	c:\Users\leemi\.vscode\extensions\redhat.java-1.55.0-win32-x64\jre\21.0.11-win32-x86_64\bin\java.exe
0x00007ff954900000 - 0x00007ff954b67000 	C:\WINDOWS\SYSTEM32\ntdll.dll
0x00007ff8c05a0000 - 0x00007ff8c05c1000 	C:\Program Files\Norton\Suite\aswhook.dll
0x00007ff9538f0000 - 0x00007ff9539b9000 	C:\WINDOWS\System32\KERNEL32.DLL
0x00007ff951530000 - 0x00007ff951927000 	C:\WINDOWS\System32\KERNELBASE.dll
0x00007ff952530000 - 0x00007ff95267b000 	C:\WINDOWS\System32\ucrtbase.dll
0x00007ff8c2930000 - 0x00007ff8c2948000 	c:\Users\leemi\.vscode\extensions\redhat.java-1.55.0-win32-x64\jre\21.0.11-win32-x86_64\bin\jli.dll
0x00007ff953bb0000 - 0x00007ff953d76000 	C:\WINDOWS\System32\USER32.dll
0x00007ff9522d0000 - 0x00007ff9522f7000 	C:\WINDOWS\System32\win32u.dll
0x00007ff953a60000 - 0x00007ff953a8b000 	C:\WINDOWS\System32\GDI32.dll
0x00007ff951930000 - 0x00007ff951a5c000 	C:\WINDOWS\System32\gdi32full.dll
0x00007ff952480000 - 0x00007ff952523000 	C:\WINDOWS\System32\msvcp_win.dll
0x00007ff8c1a40000 - 0x00007ff8c1a5e000 	c:\Users\leemi\.vscode\extensions\redhat.java-1.55.0-win32-x64\jre\21.0.11-win32-x86_64\bin\VCRUNTIME140.dll
0x00007ff930120000 - 0x00007ff9303b2000 	C:\WINDOWS\WinSxS\amd64_microsoft.windows.common-controls_6595b64144ccf1df_6.0.26100.8457_none_3e0b2faee331e92d\COMCTL32.dll
0x00007ff9528b0000 - 0x00007ff952959000 	C:\WINDOWS\System32\msvcrt.dll
0x00007ff9546d0000 - 0x00007ff954702000 	C:\WINDOWS\System32\IMM32.DLL
0x00007ff92a7a0000 - 0x00007ff92a7ac000 	c:\Users\leemi\.vscode\extensions\redhat.java-1.55.0-win32-x64\jre\21.0.11-win32-x86_64\bin\vcruntime140_1.dll
0x00007ff8b39b0000 - 0x00007ff8b3a3d000 	c:\Users\leemi\.vscode\extensions\redhat.java-1.55.0-win32-x64\jre\21.0.11-win32-x86_64\bin\msvcp140.dll
0x00007ff8b2c00000 - 0x00007ff8b39a2000 	c:\Users\leemi\.vscode\extensions\redhat.java-1.55.0-win32-x64\jre\21.0.11-win32-x86_64\bin\server\jvm.dll
0x00007ff952b40000 - 0x00007ff952bf6000 	C:\WINDOWS\System32\ADVAPI32.dll
0x00007ff952760000 - 0x00007ff952807000 	C:\WINDOWS\System32\sechost.dll
0x00007ff952a20000 - 0x00007ff952b38000 	C:\WINDOWS\System32\RPCRT4.dll
0x00007ff953a90000 - 0x00007ff953b10000 	C:\WINDOWS\System32\WS2_32.dll
0x00007ff951190000 - 0x00007ff9511ee000 	C:\WINDOWS\SYSTEM32\POWRPROF.dll
0x00007ff948f20000 - 0x00007ff948f56000 	C:\WINDOWS\SYSTEM32\WINMM.dll
0x00007ff941340000 - 0x00007ff94134b000 	C:\WINDOWS\SYSTEM32\VERSION.dll
0x00007ff951170000 - 0x00007ff951184000 	C:\WINDOWS\SYSTEM32\UMPDC.dll
0x00007ff9500c0000 - 0x00007ff9500db000 	C:\WINDOWS\SYSTEM32\kernel.appcore.dll
0x00007ff924f70000 - 0x00007ff924f7a000 	c:\Users\leemi\.vscode\extensions\redhat.java-1.55.0-win32-x64\jre\21.0.11-win32-x86_64\bin\jimage.dll
0x00007ff94efe0000 - 0x00007ff94f222000 	C:\WINDOWS\SYSTEM32\DBGHELP.DLL
0x00007ff9532f0000 - 0x00007ff953673000 	C:\WINDOWS\System32\combase.dll
0x00007ff952680000 - 0x00007ff952759000 	C:\WINDOWS\System32\OLEAUT32.dll
0x00007ff9403b0000 - 0x00007ff9403eb000 	C:\WINDOWS\SYSTEM32\dbgcore.DLL
0x00007ff951330000 - 0x00007ff9513d8000 	C:\WINDOWS\System32\bcryptPrimitives.dll
0x00007ff922640000 - 0x00007ff92264f000 	c:\Users\leemi\.vscode\extensions\redhat.java-1.55.0-win32-x64\jre\21.0.11-win32-x86_64\bin\instrument.dll
0x00007ff8c0730000 - 0x00007ff8c0750000 	c:\Users\leemi\.vscode\extensions\redhat.java-1.55.0-win32-x64\jre\21.0.11-win32-x86_64\bin\java.dll
0x00007ff953ed0000 - 0x00007ff95463e000 	C:\WINDOWS\System32\SHELL32.dll
0x00007ff951a60000 - 0x00007ff9522cc000 	C:\WINDOWS\System32\windows.storage.dll
0x00007ff953690000 - 0x00007ff953786000 	C:\WINDOWS\System32\SHCORE.dll
0x00007ff952810000 - 0x00007ff952876000 	C:\WINDOWS\System32\shlwapi.dll
0x00007ff951250000 - 0x00007ff951279000 	C:\WINDOWS\SYSTEM32\profapi.dll
0x00007ff8bf420000 - 0x00007ff8bf438000 	c:\Users\leemi\.vscode\extensions\redhat.java-1.55.0-win32-x64\jre\21.0.11-win32-x86_64\bin\zip.dll
0x00007ff916190000 - 0x00007ff9161a0000 	C:\Users\leemi\.vscode\extensions\redhat.java-1.55.0-win32-x64\jre\21.0.11-win32-x86_64\bin\net.dll
0x00007ff944970000 - 0x00007ff944a99000 	C:\WINDOWS\SYSTEM32\WINHTTP.dll
0x00007ff950630000 - 0x00007ff95069c000 	C:\WINDOWS\system32\mswsock.dll

JVMTI agents:
c:\Users\leemi\.vscode\extensions\redhat.java-1.55.0-win32-x64\lombok\lombok-1.18.39-4050.jar path:c:\Users\leemi\.vscode\extensions\redhat.java-1.55.0-win32-x64\jre\21.0.11-win32-x86_64\bin\instrument.dll, loaded, initialized, instrumentlib options:none

dbghelp: loaded successfully - version: 4.0.5 - missing functions: none
symbol engine: initialized successfully - sym options: 0x614 - pdb path: .;c:\Users\leemi\.vscode\extensions\redhat.java-1.55.0-win32-x64\jre\21.0.11-win32-x86_64\bin;C:\WINDOWS\SYSTEM32;C:\Program Files\Norton\Suite;C:\WINDOWS\WinSxS\amd64_microsoft.windows.common-controls_6595b64144ccf1df_6.0.26100.8457_none_3e0b2faee331e92d;c:\Users\leemi\.vscode\extensions\redhat.java-1.55.0-win32-x64\jre\21.0.11-win32-x86_64\bin\server

VM Arguments:
jvm_args: --add-modules=ALL-SYSTEM --add-opens=java.base/java.util=ALL-UNNAMED --add-opens=java.base/java.lang=ALL-UNNAMED --add-opens=java.base/sun.nio.fs=ALL-UNNAMED -Declipse.application=org.eclipse.jdt.ls.core.id1 -Dosgi.bundles.defaultStartLevel=4 -Declipse.product=org.eclipse.jdt.ls.core.product -Djava.import.generatesMetadataFilesAtProjectRoot=false -DDetectVMInstallationsJob.disabled=true -Dfile.encoding=utf8 -XX:+UseParallelGC -XX:GCTimeRatio=4 -XX:AdaptiveSizePolicyWeight=90 -Dsun.zip.disableMemoryMapping=true -Xmx2G -Xms100m -Xlog:disable -javaagent:c:\Users\leemi\.vscode\extensions\redhat.java-1.55.0-win32-x64\lombok\lombok-1.18.39-4050.jar -XX:+HeapDumpOnOutOfMemoryError -XX:HeapDumpPath=c:\Users\leemi\AppData\Roaming\Code\User\workspaceStorage\60808daadfc41e5d092c2bd725f444cb\redhat.java -Daether.dependencyCollector.impl=bf 
java_command: c:\Users\leemi\.vscode\extensions\redhat.java-1.55.0-win32-x64\server\plugins\org.eclipse.equinox.launcher_1.7.200.v20260619-2039.jar -configuration c:\Users\leemi\AppData\Roaming\Code\User\globalStorage\redhat.java\1.55.0\config_win -data c:\Users\leemi\AppData\Roaming\Code\User\workspaceStorage\60808daadfc41e5d092c2bd725f444cb\redhat.java\jdt_ws --pipe=\\.\pipe\lsp-8027a509a522a6072d5bb0202c609b59-sock
java_class_path (initial): c:\Users\leemi\.vscode\extensions\redhat.java-1.55.0-win32-x64\server\plugins\org.eclipse.equinox.launcher_1.7.200.v20260619-2039.jar
Launcher Type: SUN_STANDARD

[Global flags]
    uintx AdaptiveSizePolicyWeight                 = 90                                        {product} {command line}
     intx CICompilerCount                          = 4                                         {product} {ergonomic}
    uintx GCTimeRatio                              = 4                                         {product} {command line}
     bool HeapDumpOnOutOfMemoryError               = true                                   {manageable} {command line}
    ccstr HeapDumpPath                             = c:\Users\leemi\AppData\Roaming\Code\User\workspaceStorage\60808daadfc41e5d092c2bd725f444cb\redhat.java         {manageable} {command line}
   size_t InitialHeapSize                          = 104857600                                 {product} {command line}
   size_t MaxHeapSize                              = 2147483648                                {product} {command line}
   size_t MaxNewSize                               = 715653120                                 {product} {ergonomic}
   size_t MinHeapDeltaBytes                        = 524288                                    {product} {ergonomic}
   size_t MinHeapSize                              = 104857600                                 {product} {command line}
   size_t NewSize                                  = 34603008                                  {product} {ergonomic}
    uintx NonNMethodCodeHeapSize                   = 5839372                                {pd product} {ergonomic}
    uintx NonProfiledCodeHeapSize                  = 122909434                              {pd product} {ergonomic}
   size_t OldSize                                  = 70254592                                  {product} {ergonomic}
    uintx ProfiledCodeHeapSize                     = 122909434                              {pd product} {ergonomic}
    uintx ReservedCodeCacheSize                    = 251658240                              {pd product} {ergonomic}
     bool SegmentedCodeCache                       = true                                      {product} {ergonomic}
   size_t SoftMaxHeapSize                          = 2147483648                             {manageable} {ergonomic}
     bool UseCompressedOops                        = true                           {product lp64_product} {ergonomic}
     bool UseLargePagesIndividualAllocation        = false                                  {pd product} {ergonomic}
     bool UseParallelGC                            = true                                      {product} {command line}

Logging:
Log output configuration:
 #0: stdout all=off uptime,level,tags foldmultilines=false
 #1: stderr all=off uptime,level,tags foldmultilines=false

Release file:
<release file has not been read>
Environment Variables:
JAVA_HOME=C:\Program Files\Eclipse Adoptium\jdk-17.0.20.8-hotspot
PATH=C:\Program Files\Eclipse Adoptium\jdk-17.0.20.8-hotspot\bin;C:\Program Files (x86)\Common Files\Oracle\Java\java8path;C:\Program Files (x86)\Common Files\Oracle\Java\javapath;D:\User1\dbhomeXE\bin;C:\Windows\system32;C:\Windows;C:\Windows\System32\Wbem;C:\Windows\System32\WindowsPowerShell\v1.0\;C:\Windows\System32\OpenSSH\;C:\Program Files (x86)\NVIDIA Corporation\PhysX\Common;C:\Program Files\NVIDIA Corporation\NVIDIA NvDLISR;C:\WINDOWS\system32;C:\WINDOWS;C:\WINDOWS\System32\Wbem;C:\WINDOWS\System32\WindowsPowerShell\v1.0\;C:\WINDOWS\System32\OpenSSH\;C:\Program Files\dotnet\;C:\MinGW\bin;C:\Program Files\Java\jdk1.8.0_202\bin;C:\Users\leemi\AppData\Local\Programs\Python\Launcher\;C:\Users\leemi\AppData\Local\Microsoft\WindowsApps;C:\Users\leemi\.dotnet\tools;C:\Users\leemi\AppData\Local\Programs\Microsoft VS Code\bin;C:\Users\leemi\AppData\Local\GitHubDesktop\bin;C:\Users\leemi\AppData\Roaming\npm;C:\Program Files\JetBrains\IntelliJ IDEA 2024.3.5\bin;C:\Program Files\MySQL\MySQL Server 8.0\bin;C:\Users\leemi\Downloads\apache-maven-3.9.9-bin\apache-maven-3.9.9\bin;C:\Users\leemi\AppData\Roaming\Python\Python312\Scripts\;C:\Program Files\MongoDB\Server\8.0\bin;D:\develop\flutter\bin;D:\sdk\cmdline-tools\latest\bin;D:\sdk\platform-tools;C:\Gradle\gradle-8.11.1\bin;C:\Program Files\Apache\Maven\apache-maven-3.9.11\bin;D:\FlutterCache\.pub-cache\bin;C:\Program Files (x86)\Windows Kits\10\Windows Performance Toolkit\;C:\Program Files\swipl\bin;C:\Program Files\Docker\Docker\resources\bin;C:\Program Files\Git\cmd;D:\Java\jdk-17\bin;C:\Users\leemi\AppData\Local\Microsoft\WindowsApps;C:\Users\leemi\.dotnet\tools;C:\Users\leemi\AppData\Local\Programs\Microsoft VS Code\bin;C:\Users\leemi\AppData\Local\GitHubDesktop\bin;C:\Program Files\Java\jdk1.8.0_202\bin;C:\Program Files\JetBrains\IntelliJ IDEA 2024.3.5\bin;
USERNAME=leemi
OS=Windows_NT
PROCESSOR_IDENTIFIER=Intel64 Family 6 Model 140 Stepping 2, GenuineIntel
TMP=D:\TempFlutter
TEMP=D:\TempFlutter




Periodic native trim disabled

---------------  S Y S T E M  ---------------

OS:
 Windows 11 , 64 bit Build 26100 (10.0.26100.8328)
OS uptime: 2 days 6:17 hours
Hyper-V role detected

CPU: total 8 (initial active 8) (4 cores per cpu, 2 threads per core) family 6 model 140 stepping 2 microcode 0x26, cx8, cmov, fxsr, ht, mmx, 3dnowpref, sse, sse2, sse3, ssse3, sse4.1, sse4.2, popcnt, lzcnt, tsc, tscinvbit, avx, avx2, aes, erms, clmul, bmi1, bmi2, adx, avx512f, avx512dq, avx512cd, avx512bw, avx512vl, sha, fma, vzeroupper, avx512_vpopcntdq, avx512_vpclmulqdq, avx512_vaes, avx512_vnni, clflush, clflushopt, clwb, avx512_vbmi2, avx512_vbmi, hv, rdtscp, rdpid, fsrm, gfni, avx512_bitalg, f16c, cet_ibt, cet_ss, avx512_ifma
Processor Information for the first 8 processors :
  Max Mhz: 3187, Current Mhz: 3187, Mhz Limit: 3187

Memory: 4k page, system-wide physical 7975M (69M free)
TotalPageFile size 23892M (AvailPageFile size 1M)
current process WorkingSet (physical memory assigned to process): 39M, peak: 39M
current process commit charge ("private bytes"): 222M, peak: 222M

vm_info: OpenJDK 64-Bit Server VM (21.0.11+10-LTS) for windows-amd64 JRE (21.0.11+10-LTS), built on 2026-04-21T00:00:00Z by "admin" with MS VC++ 17.12 (VS2022)

END.
