#
# There is insufficient memory for the Java Runtime Environment to continue.
# Native memory allocation (malloc) failed to allocate 1048576 bytes. Error detail: AllocateHeap
# Possible reasons:
#   The system is out of physical RAM or swap space
#   This process is running with CompressedOops enabled, and the Java Heap may be blocking the growth of the native heap
# Possible solutions:
#   Reduce memory load on the system
#   Increase physical memory or swap space
#   Check if swap backing store is full
#   Decrease Java heap size (-Xmx/-Xms)
#   Decrease number of Java threads
#   Decrease Java thread stack sizes (-Xss)
#   Set larger code cache with -XX:ReservedCodeCacheSize=
#   JVM is running with Unscaled Compressed Oops mode in which the Java heap is
#     placed in the first 4GB address space. The Java Heap base address is the
#     maximum limit for the native heap growth. Please use -XX:HeapBaseMinAddress
#     to set the Java Heap base and to place the Java Heap above 4GB virtual address.
# This output file may be truncated or incomplete.
#
#  Out of Memory Error (allocation.cpp:44), pid=25180, tid=19404
#
# JRE version: OpenJDK Runtime Environment Temurin-21.0.11+10 (21.0.11+10) (build 21.0.11+10-LTS)
# Java VM: OpenJDK 64-Bit Server VM Temurin-21.0.11+10 (21.0.11+10-LTS, mixed mode, sharing, tiered, compressed oops, compressed class ptrs, parallel gc, windows-amd64)
# No core dump will be written. Minidumps are not enabled by default on client versions of Windows
#

---------------  S U M M A R Y ------------

Command Line: --add-modules=ALL-SYSTEM --add-opens=java.base/java.util=ALL-UNNAMED --add-opens=java.base/java.lang=ALL-UNNAMED --add-opens=java.base/sun.nio.fs=ALL-UNNAMED -Declipse.application=org.eclipse.jdt.ls.core.id1 -Dosgi.bundles.defaultStartLevel=4 -Declipse.product=org.eclipse.jdt.ls.core.product -Djava.import.generatesMetadataFilesAtProjectRoot=false -DDetectVMInstallationsJob.disabled=true -Dfile.encoding=utf8 -XX:+UseParallelGC -XX:GCTimeRatio=4 -XX:AdaptiveSizePolicyWeight=90 -Dsun.zip.disableMemoryMapping=true -Xmx2G -Xms100m -Xlog:disable -javaagent:c:\Users\leemi\.vscode\extensions\redhat.java-1.55.0-win32-x64\lombok\lombok-1.18.39-4050.jar -XX:+HeapDumpOnOutOfMemoryError -XX:HeapDumpPath=c:\Users\leemi\AppData\Roaming\Code\User\workspaceStorage\60808daadfc41e5d092c2bd725f444cb\redhat.java -Daether.dependencyCollector.impl=bf c:\Users\leemi\.vscode\extensions\redhat.java-1.55.0-win32-x64\server\plugins\org.eclipse.equinox.launcher_1.7.200.v20260619-2039.jar -configuration c:\Users\leemi\AppData\Roaming\Code\User\globalStorage\redhat.java\1.55.0\config_win -data c:\Users\leemi\AppData\Roaming\Code\User\workspaceStorage\60808daadfc41e5d092c2bd725f444cb\redhat.java\jdt_ws --pipe=\\.\pipe\lsp-469ddb447716125c38853c5c4c0cbfb6-sock

Host: 11th Gen Intel(R) Core(TM) i5-11320H @ 3.20GHz, 8 cores, 7G,  Windows 11 , 64 bit Build 26100 (10.0.26100.8328)
Time: Fri Aug  7 14:35:46 2026 India Standard Time elapsed time: 611.849171 seconds (0d 0h 10m 11s)

---------------  T H R E A D  ---------------

Current thread (0x000002066c3f2f80):  JavaThread "Attach Listener" daemon [_thread_in_vm, id=19404, stack(0x000000b943600000,0x000000b943700000) (1024K)]

Stack: [0x000000b943600000,0x000000b943700000]
Native frames: (J=compiled Java code, j=interpreted, Vv=VM code, C=native code)
V  [jvm.dll+0x6d7e19]
V  [jvm.dll+0x8b5096]
V  [jvm.dll+0x8b764e]
V  [jvm.dll+0x8b7d33]
V  [jvm.dll+0x284596]
V  [jvm.dll+0xc13c7]
V  [jvm.dll+0x6d86c9]
V  [jvm.dll+0x133616]
V  [jvm.dll+0x3f868e]
V  [jvm.dll+0x85fb0d]
V  [jvm.dll+0x6d664d]
C  [ucrtbase.dll+0x37b0]
C  [KERNEL32.DLL+0x2e957]
C  [ntdll.dll+0x427c]


---------------  P R O C E S S  ---------------

Threads class SMR info:
_java_thread_list=0x00000206761a4410, length=40, elements={
0x0000020655976e60, 0x000002066c3e7f80, 0x000002066c3ea2d0, 0x000002066c3eecb0,
0x000002066c3f2f80, 0x000002066c3f59f0, 0x000002066c3f6450, 0x000002066c3ff8b0,
0x0000020672008120, 0x00000206722b1690, 0x00000206723241c0, 0x0000020672b467f0,
0x0000020672962b20, 0x0000020672b20ca0, 0x0000020672b2e680, 0x00000206731720c0,
0x0000020673300d00, 0x00000206725ff220, 0x000002067353cc00, 0x000002067353e640,
0x000002067353b850, 0x000002067353bee0, 0x0000020675d780b0, 0x0000020675d75fe0,
0x0000020675d76d00, 0x0000020675d76670, 0x0000020675d78740, 0x0000020675d77390,
0x0000020675d77a20, 0x0000020675d78dd0, 0x0000020675d75950, 0x0000020675d7b530,
0x0000020675d7c8e0, 0x0000020675d79460, 0x0000020675d7cf70, 0x0000020675d79af0,
0x0000020675d7aea0, 0x0000020675d7bbc0, 0x0000020675d7a810, 0x0000020675d693f0
}

Java Threads: ( => current thread )
  0x0000020655976e60 JavaThread "main"                              [_thread_blocked, id=18024, stack(0x000000b942f00000,0x000000b943000000) (1024K)]
  0x000002066c3e7f80 JavaThread "Reference Handler"          daemon [_thread_blocked, id=19936, stack(0x000000b943300000,0x000000b943400000) (1024K)]
  0x000002066c3ea2d0 JavaThread "Finalizer"                  daemon [_thread_blocked, id=8360, stack(0x000000b943400000,0x000000b943500000) (1024K)]
  0x000002066c3eecb0 JavaThread "Signal Dispatcher"          daemon [_thread_blocked, id=15852, stack(0x000000b943500000,0x000000b943600000) (1024K)]
=>0x000002066c3f2f80 JavaThread "Attach Listener"            daemon [_thread_in_vm, id=19404, stack(0x000000b943600000,0x000000b943700000) (1024K)]
  0x000002066c3f59f0 JavaThread "Service Thread"             daemon [_thread_blocked, id=14016, stack(0x000000b943700000,0x000000b943800000) (1024K)]
  0x000002066c3f6450 JavaThread "Monitor Deflation Thread"   daemon [_thread_blocked, id=4596, stack(0x000000b943800000,0x000000b943900000) (1024K)]
  0x000002066c3ff8b0 JavaThread "C2 CompilerThread0"         daemon [_thread_blocked, id=24188, stack(0x000000b943900000,0x000000b943a00000) (1024K)]
  0x0000020672008120 JavaThread "C1 CompilerThread0"         daemon [_thread_blocked, id=22348, stack(0x000000b943a00000,0x000000b943b00000) (1024K)]
  0x00000206722b1690 JavaThread "Common-Cleaner"             daemon [_thread_blocked, id=19332, stack(0x000000b943b00000,0x000000b943c00000) (1024K)]
  0x00000206723241c0 JavaThread "Notification Thread"        daemon [_thread_blocked, id=24712, stack(0x000000b943d00000,0x000000b943e00000) (1024K)]
  0x0000020672b467f0 JavaThread "Active Thread: Equinox Container: 00e92d96-11c4-474f-8515-4ced009272ad"        [_thread_blocked, id=14192, stack(0x000000b943c00000,0x000000b943d00000) (1024K)]
  0x0000020672962b20 JavaThread "Refresh Thread: Equinox Container: 00e92d96-11c4-474f-8515-4ced009272ad" daemon [_thread_blocked, id=7408, stack(0x000000b944500000,0x000000b944600000) (1024K)]
  0x0000020672b20ca0 JavaThread "Framework Event Dispatcher: Equinox Container: 00e92d96-11c4-474f-8515-4ced009272ad" daemon [_thread_blocked, id=13624, stack(0x000000b944600000,0x000000b944700000) (1024K)]
  0x0000020672b2e680 JavaThread "Start Level: Equinox Container: 00e92d96-11c4-474f-8515-4ced009272ad" daemon [_thread_blocked, id=20420, stack(0x000000b944700000,0x000000b944800000) (1024K)]
  0x00000206731720c0 JavaThread "Bundle File Closer"         daemon [_thread_blocked, id=25572, stack(0x000000b944a00000,0x000000b944b00000) (1024K)]
  0x0000020673300d00 JavaThread "SCR Component Actor"        daemon [_thread_blocked, id=15648, stack(0x000000b944800000,0x000000b944900000) (1024K)]
  0x00000206725ff220 JavaThread "Worker-JM"                         [_thread_blocked, id=15632, stack(0x000000b944900000,0x000000b944a00000) (1024K)]
  0x000002067353cc00 JavaThread "JNA Cleaner"                daemon [_thread_blocked, id=1624, stack(0x000000b944b00000,0x000000b944c00000) (1024K)]
  0x000002067353e640 JavaThread "Java indexing"              daemon [_thread_blocked, id=17752, stack(0x000000b944f00000,0x000000b945000000) (1024K)]
  0x000002067353b850 JavaThread "Worker-3"                          [_thread_blocked, id=19080, stack(0x000000b945200000,0x000000b945300000) (1024K)]
  0x000002067353bee0 JavaThread "Worker-4"                          [_thread_blocked, id=19904, stack(0x000000b945400000,0x000000b945500000) (1024K)]
  0x0000020675d780b0 JavaThread "Thread-1"                   daemon [_thread_in_native, id=18756, stack(0x000000b945500000,0x000000b945600000) (1024K)]
  0x0000020675d75fe0 JavaThread "Thread-2"                   daemon [_thread_in_native, id=14476, stack(0x000000b945600000,0x000000b945700000) (1024K)]
  0x0000020675d76d00 JavaThread "Thread-3"                   daemon [_thread_in_native, id=17668, stack(0x000000b945700000,0x000000b945800000) (1024K)]
  0x0000020675d76670 JavaThread "Thread-4"                   daemon [_thread_in_native, id=18992, stack(0x000000b945800000,0x000000b945900000) (1024K)]
  0x0000020675d78740 JavaThread "Thread-5"                   daemon [_thread_in_native, id=7144, stack(0x000000b945900000,0x000000b945a00000) (1024K)]
  0x0000020675d77390 JavaThread "Thread-6"                   daemon [_thread_in_native, id=6364, stack(0x000000b945a00000,0x000000b945b00000) (1024K)]
  0x0000020675d77a20 JavaThread "Thread-7"                   daemon [_thread_in_native, id=12888, stack(0x000000b945b00000,0x000000b945c00000) (1024K)]
  0x0000020675d78dd0 JavaThread "Thread-8"                   daemon [_thread_in_native, id=19028, stack(0x000000b945c00000,0x000000b945d00000) (1024K)]
  0x0000020675d75950 JavaThread "Thread-9"                   daemon [_thread_in_native, id=17860, stack(0x000000b945d00000,0x000000b945e00000) (1024K)]
  0x0000020675d7b530 JavaThread "pool-2-thread-1"                   [_thread_blocked, id=19316, stack(0x000000b945e00000,0x000000b945f00000) (1024K)]
  0x0000020675d7c8e0 JavaThread "WorkspaceEventsHandler"            [_thread_blocked, id=22556, stack(0x000000b946000000,0x000000b946100000) (1024K)]
  0x0000020675d79460 JavaThread "pool-1-thread-1"                   [_thread_blocked, id=8804, stack(0x000000b946100000,0x000000b946200000) (1024K)]
  0x0000020675d7cf70 JavaThread "PatternSearchJob-worker-1"  daemon [_thread_blocked, id=2780, stack(0x000000b946200000,0x000000b946300000) (1024K)]
  0x0000020675d79af0 JavaThread "PatternSearchJob-worker-2"  daemon [_thread_blocked, id=15796, stack(0x000000b946300000,0x000000b946400000) (1024K)]
  0x0000020675d7aea0 JavaThread "PatternSearchJob-worker-3"  daemon [_thread_blocked, id=2236, stack(0x000000b945f00000,0x000000b946000000) (1024K)]
  0x0000020675d7bbc0 JavaThread "PatternSearchJob-worker-4"  daemon [_thread_blocked, id=11748, stack(0x000000b946400000,0x000000b946500000) (1024K)]
  0x0000020675d7a810 JavaThread "PatternSearchJob-worker-6"  daemon [_thread_blocked, id=1404, stack(0x000000b946600000,0x000000b946700000) (1024K)]
  0x0000020675d693f0 JavaThread "PatternSearchJob-worker-7"  daemon [_thread_blocked, id=15080, stack(0x000000b946800000,0x000000b946900000) (1024K)]
Total: 40

Other Threads:
  0x000002066c3e39f0 VMThread "VM Thread"                           [id=13992, stack(0x000000b943200000,0x000000b943300000) (1024K)]
  0x00000206559e46b0 WatcherThread "VM Periodic Task Thread"        [id=17988, stack(0x000000b943100000,0x000000b943200000) (1024K)]
  0x0000020655996750 WorkerThread "GC Thread#0"                     [id=24332, stack(0x000000b943000000,0x000000b943100000) (1024K)]
  0x000002067291d3d0 WorkerThread "GC Thread#1"                     [id=18144, stack(0x000000b943e00000,0x000000b943f00000) (1024K)]
  0x0000020672712a30 WorkerThread "GC Thread#2"                     [id=4864, stack(0x000000b943f00000,0x000000b944000000) (1024K)]
  0x00000206729e26b0 WorkerThread "GC Thread#3"                     [id=3224, stack(0x000000b944000000,0x000000b944100000) (1024K)]
  0x0000020672b8aae0 WorkerThread "GC Thread#4"                     [id=4644, stack(0x000000b944100000,0x000000b944200000) (1024K)]
  0x0000020672773970 WorkerThread "GC Thread#5"                     [id=18328, stack(0x000000b944200000,0x000000b944300000) (1024K)]
  0x0000020672772350 WorkerThread "GC Thread#6"                     [id=7212, stack(0x000000b944300000,0x000000b944400000) (1024K)]
  0x0000020672773210 WorkerThread "GC Thread#7"                     [id=7020, stack(0x000000b944400000,0x000000b944500000) (1024K)]
Total: 10

Threads with active compile tasks:
Total: 0

VM state: not at safepoint (normal execution)

VM Mutex/Monitor currently owned by a thread: None

Heap address: 0x0000000080000000, size: 2048 MB, Compressed Oops mode: 32-bit

CDS archive(s) mapped at: [0x0000020600000000-0x0000020600ba0000-0x0000020600ba0000), size 12189696, SharedBaseAddress: 0x0000020600000000, ArchiveRelocationMode: 1.
Compressed class space mapped at: 0x0000020601000000-0x0000020641000000, reserved size: 1073741824
Narrow klass base: 0x0000020600000000, Narrow klass shift: 0, Narrow klass range: 0x100000000

GC Precious Log:
 CardTable entry size: 512
 CPUs: 8 total, 8 available
 Memory: 7975M
 Large Page Support: Disabled
 NUMA Support: Disabled
 Compressed Oops: Enabled (32-bit)
 Alignments: Space 512K, Generation 512K, Heap 2M
 Heap Min Capacity: 100M
 Heap Initial Capacity: 100M
 Heap Max Capacity: 2G
 Pre-touch: Disabled
 Parallel Workers: 8

Heap:
 PSYoungGen      total 18944K, used 15931K [0x00000000d5580000, 0x00000000d6b00000, 0x0000000100000000)
  eden space 17408K, 86% used [0x00000000d5580000,0x00000000d6440a40,0x00000000d6680000)
  from space 1536K, 53% used [0x00000000d6800000,0x00000000d68ce568,0x00000000d6980000)
  to   space 1536K, 0% used [0x00000000d6980000,0x00000000d6980000,0x00000000d6b00000)
 ParOldGen       total 68608K, used 66207K [0x0000000080000000, 0x0000000084300000, 0x00000000d5580000)
  object space 68608K, 96% used [0x0000000080000000,0x00000000840a7df0,0x0000000084300000)
 Metaspace       used 65249K, committed 66752K, reserved 1114112K
  class space    used 7073K, committed 7680K, reserved 1048576K

Card table byte_map: [0x0000020655320000,0x0000020655730000] _byte_map_base: 0x0000020654f20000

Marking Bits: (ParMarkBitMap*) 0x00007ff8b38c4460
 Begin Bits: [0x0000020667e20000, 0x0000020669e20000)
 End Bits:   [0x0000020669e20000, 0x000002066be20000)

Polling page: 0x0000020653be0000

Metaspace:

Usage:
  Non-class:     56.81 MB used.
      Class:      6.91 MB used.
       Both:     63.72 MB used.

Virtual space:
  Non-class space:       64.00 MB reserved,      57.69 MB ( 90%) committed,  1 nodes.
      Class space:        1.00 GB reserved,       7.50 MB ( <1%) committed,  1 nodes.
             Both:        1.06 GB reserved,      65.19 MB (  6%) committed. 

Chunk freelists:
   Non-Class:  5.92 MB
       Class:  8.51 MB
        Both:  14.43 MB

MaxMetaspaceSize: unlimited
CompressedClassSpaceSize: 1.00 GB
Initial GC threshold: 21.00 MB
Current GC threshold: 97.31 MB
CDS: on
 - commit_granule_bytes: 65536.
 - commit_granule_words: 8192.
 - virtual_space_node_default_size: 8388608.
 - enlarge_chunks_in_place: 1.
 - use_allocation_guard: 0.


Internal statistics:

num_allocs_failed_limit: 9.
num_arena_births: 1166.
num_arena_deaths: 14.
num_vsnodes_births: 2.
num_vsnodes_deaths: 0.
num_space_committed: 1043.
num_space_uncommitted: 0.
num_chunks_returned_to_freelist: 23.
num_chunks_taken_from_freelist: 4096.
num_chunk_merges: 14.
num_chunk_splits: 2508.
num_chunks_enlarged: 1362.
num_inconsistent_stats: 0.

CodeHeap 'non-profiled nmethods': size=120000Kb used=6426Kb max_used=6426Kb free=113573Kb
 bounds [0x0000020660640000, 0x0000020660c90000, 0x0000020667b70000]
CodeHeap 'profiled nmethods': size=120000Kb used=21608Kb max_used=21608Kb free=98391Kb
 bounds [0x0000020658b70000, 0x000002065a090000, 0x00000206600a0000]
CodeHeap 'non-nmethods': size=5760Kb used=1462Kb max_used=1518Kb free=4297Kb
 bounds [0x00000206600a0000, 0x0000020660310000, 0x0000020660640000]
CodeCache: size=245760Kb, used=29496Kb, max_used=29552Kb, free=216261Kb
 total_blobs=10427, nmethods=9664, adapters=669, full_count=0
Compilation: enabled, stopped_count=0, restarted_count=0

Compilation events (20 events):
Event: 552.295 Thread 0x0000020672008120 10474       3       java.io.PrintWriter::ensureOpen (18 bytes)
Event: 552.306 Thread 0x0000020672008120 nmethod 10474 0x000002065a086c90 code [0x000002065a086e40, 0x000002065a087048]
Event: 552.364 Thread 0x0000020672008120 10475       3       java.io.PrintWriter::print (9 bytes)
Event: 552.372 Thread 0x0000020672008120 nmethod 10475 0x000002065a087110 code [0x000002065a087300, 0x000002065a0876f0]
Event: 552.373 Thread 0x0000020672008120 10476       3       java.io.PrintWriter::write (11 bytes)
Event: 552.373 Thread 0x0000020672008120 nmethod 10476 0x000002065a087910 code [0x000002065a087ae0, 0x000002065a087d48]
Event: 552.373 Thread 0x0000020672008120 10477   !   3       java.io.PrintWriter::write (82 bytes)
Event: 552.421 Thread 0x0000020672008120 nmethod 10477 0x000002065a087e90 code [0x000002065a088140, 0x000002065a088fb8]
Event: 552.614 Thread 0x0000020672008120 10478       3       java.lang.StackTraceElement::length (13 bytes)
Event: 552.617 Thread 0x0000020672008120 nmethod 10478 0x000002065a089490 code [0x000002065a089640, 0x000002065a089890]
Event: 553.189 Thread 0x000002066c3ff8b0 10479       4       java.lang.invoke.DelegatingMethodHandle::makeReinvokerForm (326 bytes)
Event: 553.204 Thread 0x0000020672008120 10480       3       java.lang.StringUTF16::charAt (11 bytes)
Event: 553.209 Thread 0x0000020672008120 nmethod 10480 0x000002065a089990 code [0x000002065a089b40, 0x000002065a089da8]
Event: 553.522 Thread 0x000002066c3ff8b0 nmethod 10479 0x0000020660c81b90 code [0x0000020660c81ee0, 0x0000020660c83588]
Event: 553.524 Thread 0x000002066c3ff8b0 10481 %     4       com.google.gson.stream.JsonWriter::string @ 37 (171 bytes)
Event: 553.586 Thread 0x000002066c3ff8b0 nmethod 10481% 0x0000020660c84690 code [0x0000020660c84960, 0x0000020660c85c00]
Event: 553.587 Thread 0x000002066c3ff8b0 10482       4       java.lang.StringUTF16::checkIndex (9 bytes)
Event: 553.588 Thread 0x000002066c3ff8b0 nmethod 10482 0x0000020660c86810 code [0x0000020660c869a0, 0x0000020660c86a40]
Event: 564.025 Thread 0x0000020672008120 10483       3       java.util.concurrent.ScheduledThreadPoolExecutor::canRunInCurrentRunState (61 bytes)
Event: 564.101 Thread 0x0000020672008120 nmethod 10483 0x000002065a089f10 code [0x000002065a08a120, 0x000002065a08a8d0]

GC Heap History (20 events):
Event: 33.947 GC heap before
{Heap before GC invocations=45 (full 3):
 PSYoungGen      total 18432K, used 17984K [0x00000000d5580000, 0x00000000d6b00000, 0x0000000100000000)
  eden space 17408K, 100% used [0x00000000d5580000,0x00000000d6680000,0x00000000d6680000)
  from space 1024K, 56% used [0x00000000d6980000,0x00000000d6a10000,0x00000000d6a80000)
  to   space 512K, 0% used [0x00000000d6a80000,0x00000000d6a80000,0x00000000d6b00000)
 ParOldGen       total 68608K, used 53953K [0x0000000080000000, 0x0000000084300000, 0x00000000d5580000)
  object space 68608K, 78% used [0x0000000080000000,0x00000000834b0508,0x0000000084300000)
 Metaspace       used 60560K, committed 62016K, reserved 1114112K
  class space    used 6663K, committed 7232K, reserved 1048576K
}
Event: 33.949 GC heap after
{Heap after GC invocations=45 (full 3):
 PSYoungGen      total 17920K, used 506K [0x00000000d5580000, 0x00000000d6b00000, 0x0000000100000000)
  eden space 17408K, 0% used [0x00000000d5580000,0x00000000d5580000,0x00000000d6680000)
  from space 512K, 98% used [0x00000000d6a80000,0x00000000d6afe9b0,0x00000000d6b00000)
  to   space 1536K, 0% used [0x00000000d6800000,0x00000000d6800000,0x00000000d6980000)
 ParOldGen       total 68608K, used 54516K [0x0000000080000000, 0x0000000084300000, 0x00000000d5580000)
  object space 68608K, 79% used [0x0000000080000000,0x000000008353d388,0x0000000084300000)
 Metaspace       used 60560K, committed 62016K, reserved 1114112K
  class space    used 6663K, committed 7232K, reserved 1048576K
}
Event: 34.002 GC heap before
{Heap before GC invocations=46 (full 3):
 PSYoungGen      total 17920K, used 17914K [0x00000000d5580000, 0x00000000d6b00000, 0x0000000100000000)
  eden space 17408K, 100% used [0x00000000d5580000,0x00000000d6680000,0x00000000d6680000)
  from space 512K, 98% used [0x00000000d6a80000,0x00000000d6afe9b0,0x00000000d6b00000)
  to   space 1536K, 0% used [0x00000000d6800000,0x00000000d6800000,0x00000000d6980000)
 ParOldGen       total 68608K, used 54516K [0x0000000080000000, 0x0000000084300000, 0x00000000d5580000)
  object space 68608K, 79% used [0x0000000080000000,0x000000008353d388,0x0000000084300000)
 Metaspace       used 60570K, committed 62016K, reserved 1114112K
  class space    used 6663K, committed 7232K, reserved 1048576K
}
Event: 34.004 GC heap after
{Heap after GC invocations=46 (full 3):
 PSYoungGen      total 18944K, used 1015K [0x00000000d5580000, 0x00000000d6b00000, 0x0000000100000000)
  eden space 17408K, 0% used [0x00000000d5580000,0x00000000d5580000,0x00000000d6680000)
  from space 1536K, 66% used [0x00000000d6800000,0x00000000d68fde08,0x00000000d6980000)
  to   space 1536K, 0% used [0x00000000d6980000,0x00000000d6980000,0x00000000d6b00000)
 ParOldGen       total 68608K, used 55032K [0x0000000080000000, 0x0000000084300000, 0x00000000d5580000)
  object space 68608K, 80% used [0x0000000080000000,0x00000000835be038,0x0000000084300000)
 Metaspace       used 60570K, committed 62016K, reserved 1114112K
  class space    used 6663K, committed 7232K, reserved 1048576K
}
Event: 34.109 GC heap before
{Heap before GC invocations=47 (full 3):
 PSYoungGen      total 18944K, used 18423K [0x00000000d5580000, 0x00000000d6b00000, 0x0000000100000000)
  eden space 17408K, 100% used [0x00000000d5580000,0x00000000d6680000,0x00000000d6680000)
  from space 1536K, 66% used [0x00000000d6800000,0x00000000d68fde08,0x00000000d6980000)
  to   space 1536K, 0% used [0x00000000d6980000,0x00000000d6980000,0x00000000d6b00000)
 ParOldGen       total 68608K, used 55032K [0x0000000080000000, 0x0000000084300000, 0x00000000d5580000)
  object space 68608K, 80% used [0x0000000080000000,0x00000000835be038,0x0000000084300000)
 Metaspace       used 60611K, committed 62016K, reserved 1114112K
  class space    used 6663K, committed 7232K, reserved 1048576K
}
Event: 34.111 GC heap after
{Heap after GC invocations=47 (full 3):
 PSYoungGen      total 18944K, used 1211K [0x00000000d5580000, 0x00000000d6b00000, 0x0000000100000000)
  eden space 17408K, 0% used [0x00000000d5580000,0x00000000d5580000,0x00000000d6680000)
  from space 1536K, 78% used [0x00000000d6980000,0x00000000d6aaed78,0x00000000d6b00000)
  to   space 1536K, 0% used [0x00000000d6800000,0x00000000d6800000,0x00000000d6980000)
 ParOldGen       total 68608K, used 55950K [0x0000000080000000, 0x0000000084300000, 0x00000000d5580000)
  object space 68608K, 81% used [0x0000000080000000,0x00000000836a3828,0x0000000084300000)
 Metaspace       used 60611K, committed 62016K, reserved 1114112K
  class space    used 6663K, committed 7232K, reserved 1048576K
}
Event: 34.437 GC heap before
{Heap before GC invocations=48 (full 3):
 PSYoungGen      total 18944K, used 18619K [0x00000000d5580000, 0x00000000d6b00000, 0x0000000100000000)
  eden space 17408K, 100% used [0x00000000d5580000,0x00000000d6680000,0x00000000d6680000)
  from space 1536K, 78% used [0x00000000d6980000,0x00000000d6aaed78,0x00000000d6b00000)
  to   space 1536K, 0% used [0x00000000d6800000,0x00000000d6800000,0x00000000d6980000)
 ParOldGen       total 68608K, used 55950K [0x0000000080000000, 0x0000000084300000, 0x00000000d5580000)
  object space 68608K, 81% used [0x0000000080000000,0x00000000836a3828,0x0000000084300000)
 Metaspace       used 61575K, committed 62976K, reserved 1114112K
  class space    used 6764K, committed 7360K, reserved 1048576K
}
Event: 34.442 GC heap after
{Heap after GC invocations=48 (full 3):
 PSYoungGen      total 18944K, used 1523K [0x00000000d5580000, 0x00000000d6d80000, 0x0000000100000000)
  eden space 17408K, 0% used [0x00000000d5580000,0x00000000d5580000,0x00000000d6680000)
  from space 1536K, 99% used [0x00000000d6800000,0x00000000d697cd90,0x00000000d6980000)
  to   space 3584K, 0% used [0x00000000d6a00000,0x00000000d6a00000,0x00000000d6d80000)
 ParOldGen       total 68608K, used 57461K [0x0000000080000000, 0x0000000084300000, 0x00000000d5580000)
  object space 68608K, 83% used [0x0000000080000000,0x000000008381d708,0x0000000084300000)
 Metaspace       used 61575K, committed 62976K, reserved 1114112K
  class space    used 6764K, committed 7360K, reserved 1048576K
}
Event: 35.313 GC heap before
{Heap before GC invocations=49 (full 3):
 PSYoungGen      total 18944K, used 18927K [0x00000000d5580000, 0x00000000d6d80000, 0x0000000100000000)
  eden space 17408K, 99% used [0x00000000d5580000,0x00000000d667f180,0x00000000d6680000)
  from space 1536K, 99% used [0x00000000d6800000,0x00000000d697cd90,0x00000000d6980000)
  to   space 3584K, 0% used [0x00000000d6a00000,0x00000000d6a00000,0x00000000d6d80000)
 ParOldGen       total 68608K, used 57461K [0x0000000080000000, 0x0000000084300000, 0x00000000d5580000)
  object space 68608K, 83% used [0x0000000080000000,0x000000008381d708,0x0000000084300000)
 Metaspace       used 63056K, committed 64512K, reserved 1114112K
  class space    used 6882K, committed 7488K, reserved 1048576K
}
Event: 35.320 GC heap after
{Heap after GC invocations=49 (full 3):
 PSYoungGen      total 18944K, used 1496K [0x00000000d5580000, 0x00000000d6b80000, 0x0000000100000000)
  eden space 17408K, 0% used [0x00000000d5580000,0x00000000d5580000,0x00000000d6680000)
  from space 1536K, 97% used [0x00000000d6a00000,0x00000000d6b760c8,0x00000000d6b80000)
  to   space 2048K, 0% used [0x00000000d6780000,0x00000000d6780000,0x00000000d6980000)
 ParOldGen       total 68608K, used 58886K [0x0000000080000000, 0x0000000084300000, 0x00000000d5580000)
  object space 68608K, 85% used [0x0000000080000000,0x00000000839818a8,0x0000000084300000)
 Metaspace       used 63056K, committed 64512K, reserved 1114112K
  class space    used 6882K, committed 7488K, reserved 1048576K
}
Event: 35.658 GC heap before
{Heap before GC invocations=50 (full 3):
 PSYoungGen      total 18944K, used 18904K [0x00000000d5580000, 0x00000000d6b80000, 0x0000000100000000)
  eden space 17408K, 100% used [0x00000000d5580000,0x00000000d6680000,0x00000000d6680000)
  from space 1536K, 97% used [0x00000000d6a00000,0x00000000d6b760c8,0x00000000d6b80000)
  to   space 2048K, 0% used [0x00000000d6780000,0x00000000d6780000,0x00000000d6980000)
 ParOldGen       total 68608K, used 58886K [0x0000000080000000, 0x0000000084300000, 0x00000000d5580000)
  object space 68608K, 85% used [0x0000000080000000,0x00000000839818a8,0x0000000084300000)
 Metaspace       used 63486K, committed 64896K, reserved 1114112K
  class space    used 6908K, committed 7488K, reserved 1048576K
}
Event: 35.660 GC heap after
{Heap after GC invocations=50 (full 3):
 PSYoungGen      total 19456K, used 2045K [0x00000000d5580000, 0x00000000d7180000, 0x0000000100000000)
  eden space 17408K, 0% used [0x00000000d5580000,0x00000000d5580000,0x00000000d6680000)
  from space 2048K, 99% used [0x00000000d6780000,0x00000000d697f5c8,0x00000000d6980000)
  to   space 5632K, 0% used [0x00000000d6c00000,0x00000000d6c00000,0x00000000d7180000)
 ParOldGen       total 68608K, used 61626K [0x0000000080000000, 0x0000000084300000, 0x00000000d5580000)
  object space 68608K, 89% used [0x0000000080000000,0x0000000083c2e900,0x0000000084300000)
 Metaspace       used 63486K, committed 64896K, reserved 1114112K
  class space    used 6908K, committed 7488K, reserved 1048576K
}
Event: 36.357 GC heap before
{Heap before GC invocations=51 (full 3):
 PSYoungGen      total 19456K, used 19453K [0x00000000d5580000, 0x00000000d7180000, 0x0000000100000000)
  eden space 17408K, 100% used [0x00000000d5580000,0x00000000d6680000,0x00000000d6680000)
  from space 2048K, 99% used [0x00000000d6780000,0x00000000d697f5c8,0x00000000d6980000)
  to   space 5632K, 0% used [0x00000000d6c00000,0x00000000d6c00000,0x00000000d7180000)
 ParOldGen       total 68608K, used 61626K [0x0000000080000000, 0x0000000084300000, 0x00000000d5580000)
  object space 68608K, 89% used [0x0000000080000000,0x0000000083c2e900,0x0000000084300000)
 Metaspace       used 63846K, committed 65344K, reserved 1114112K
  class space    used 6955K, committed 7552K, reserved 1048576K
}
Event: 36.362 GC heap after
{Heap after GC invocations=51 (full 3):
 PSYoungGen      total 19456K, used 1984K [0x00000000d5580000, 0x00000000d6e00000, 0x0000000100000000)
  eden space 17408K, 0% used [0x00000000d5580000,0x00000000d5580000,0x00000000d6680000)
  from space 2048K, 96% used [0x00000000d6c00000,0x00000000d6df0000,0x00000000d6e00000)
  to   space 3072K, 0% used [0x00000000d6800000,0x00000000d6800000,0x00000000d6b00000)
 ParOldGen       total 68608K, used 62033K [0x0000000080000000, 0x0000000084300000, 0x00000000d5580000)
  object space 68608K, 90% used [0x0000000080000000,0x0000000083c94680,0x0000000084300000)
 Metaspace       used 63846K, committed 65344K, reserved 1114112K
  class space    used 6955K, committed 7552K, reserved 1048576K
}
Event: 37.624 GC heap before
{Heap before GC invocations=52 (full 3):
 PSYoungGen      total 19456K, used 19392K [0x00000000d5580000, 0x00000000d6e00000, 0x0000000100000000)
  eden space 17408K, 100% used [0x00000000d5580000,0x00000000d6680000,0x00000000d6680000)
  from space 2048K, 96% used [0x00000000d6c00000,0x00000000d6df0000,0x00000000d6e00000)
  to   space 3072K, 0% used [0x00000000d6800000,0x00000000d6800000,0x00000000d6b00000)
 ParOldGen       total 68608K, used 62033K [0x0000000080000000, 0x0000000084300000, 0x00000000d5580000)
  object space 68608K, 90% used [0x0000000080000000,0x0000000083c94680,0x0000000084300000)
 Metaspace       used 64145K, committed 65536K, reserved 1114112K
  class space    used 6993K, committed 7552K, reserved 1048576K
}
Event: 37.630 GC heap after
{Heap after GC invocations=52 (full 3):
 PSYoungGen      total 18944K, used 1536K [0x00000000d5580000, 0x00000000d6c80000, 0x0000000100000000)
  eden space 17408K, 0% used [0x00000000d5580000,0x00000000d5580000,0x00000000d6680000)
  from space 1536K, 100% used [0x00000000d6800000,0x00000000d6980000,0x00000000d6980000)
  to   space 2048K, 0% used [0x00000000d6a80000,0x00000000d6a80000,0x00000000d6c80000)
 ParOldGen       total 68608K, used 63829K [0x0000000080000000, 0x0000000084300000, 0x00000000d5580000)
  object space 68608K, 93% used [0x0000000080000000,0x0000000083e55480,0x0000000084300000)
 Metaspace       used 64145K, committed 65536K, reserved 1114112K
  class space    used 6993K, committed 7552K, reserved 1048576K
}
Event: 37.869 GC heap before
{Heap before GC invocations=53 (full 3):
 PSYoungGen      total 18944K, used 18944K [0x00000000d5580000, 0x00000000d6c80000, 0x0000000100000000)
  eden space 17408K, 100% used [0x00000000d5580000,0x00000000d6680000,0x00000000d6680000)
  from space 1536K, 100% used [0x00000000d6800000,0x00000000d6980000,0x00000000d6980000)
  to   space 2048K, 0% used [0x00000000d6a80000,0x00000000d6a80000,0x00000000d6c80000)
 ParOldGen       total 68608K, used 63829K [0x0000000080000000, 0x0000000084300000, 0x00000000d5580000)
  object space 68608K, 93% used [0x0000000080000000,0x0000000083e55480,0x0000000084300000)
 Metaspace       used 64375K, committed 65792K, reserved 1114112K
  class space    used 6996K, committed 7552K, reserved 1048576K
}
Event: 37.872 GC heap after
{Heap after GC invocations=53 (full 3):
 PSYoungGen      total 18944K, used 1424K [0x00000000d5580000, 0x00000000d6c00000, 0x0000000100000000)
  eden space 17408K, 0% used [0x00000000d5580000,0x00000000d5580000,0x00000000d6680000)
  from space 1536K, 92% used [0x00000000d6a80000,0x00000000d6be4010,0x00000000d6c00000)
  to   space 1536K, 0% used [0x00000000d6800000,0x00000000d6800000,0x00000000d6980000)
 ParOldGen       total 68608K, used 65215K [0x0000000080000000, 0x0000000084300000, 0x00000000d5580000)
  object space 68608K, 95% used [0x0000000080000000,0x0000000083fafdf0,0x0000000084300000)
 Metaspace       used 64375K, committed 65792K, reserved 1114112K
  class space    used 6996K, committed 7552K, reserved 1048576K
}
Event: 39.677 GC heap before
{Heap before GC invocations=54 (full 3):
 PSYoungGen      total 18944K, used 18748K [0x00000000d5580000, 0x00000000d6c00000, 0x0000000100000000)
  eden space 17408K, 99% used [0x00000000d5580000,0x00000000d666b058,0x00000000d6680000)
  from space 1536K, 92% used [0x00000000d6a80000,0x00000000d6be4010,0x00000000d6c00000)
  to   space 1536K, 0% used [0x00000000d6800000,0x00000000d6800000,0x00000000d6980000)
 ParOldGen       total 68608K, used 65215K [0x0000000080000000, 0x0000000084300000, 0x00000000d5580000)
  object space 68608K, 95% used [0x0000000080000000,0x0000000083fafdf0,0x0000000084300000)
 Metaspace       used 64864K, committed 66304K, reserved 1114112K
  class space    used 7042K, committed 7616K, reserved 1048576K
}
Event: 39.680 GC heap after
{Heap after GC invocations=54 (full 3):
 PSYoungGen      total 18944K, used 825K [0x00000000d5580000, 0x00000000d6b00000, 0x0000000100000000)
  eden space 17408K, 0% used [0x00000000d5580000,0x00000000d5580000,0x00000000d6680000)
  from space 1536K, 53% used [0x00000000d6800000,0x00000000d68ce568,0x00000000d6980000)
  to   space 1536K, 0% used [0x00000000d6980000,0x00000000d6980000,0x00000000d6b00000)
 ParOldGen       total 68608K, used 66207K [0x0000000080000000, 0x0000000084300000, 0x00000000d5580000)
  object space 68608K, 96% used [0x0000000080000000,0x00000000840a7df0,0x0000000084300000)
 Metaspace       used 64864K, committed 66304K, reserved 1114112K
  class space    used 7042K, committed 7616K, reserved 1048576K
}

Dll operation events (12 events):
Event: 0.020 Loaded shared library c:\Users\leemi\.vscode\extensions\redhat.java-1.55.0-win32-x64\jre\21.0.11-win32-x86_64\bin\java.dll
Event: 0.142 Loaded shared library c:\Users\leemi\.vscode\extensions\redhat.java-1.55.0-win32-x64\jre\21.0.11-win32-x86_64\bin\zip.dll
Event: 0.177 Loaded shared library C:\Users\leemi\.vscode\extensions\redhat.java-1.55.0-win32-x64\jre\21.0.11-win32-x86_64\bin\instrument.dll
Event: 0.186 Loaded shared library C:\Users\leemi\.vscode\extensions\redhat.java-1.55.0-win32-x64\jre\21.0.11-win32-x86_64\bin\net.dll
Event: 0.191 Loaded shared library C:\Users\leemi\.vscode\extensions\redhat.java-1.55.0-win32-x64\jre\21.0.11-win32-x86_64\bin\nio.dll
Event: 0.195 Loaded shared library C:\Users\leemi\.vscode\extensions\redhat.java-1.55.0-win32-x64\jre\21.0.11-win32-x86_64\bin\zip.dll
Event: 0.238 Loaded shared library C:\Users\leemi\.vscode\extensions\redhat.java-1.55.0-win32-x64\jre\21.0.11-win32-x86_64\bin\jimage.dll
Event: 0.332 Loaded shared library c:\Users\leemi\.vscode\extensions\redhat.java-1.55.0-win32-x64\jre\21.0.11-win32-x86_64\bin\verify.dll
Event: 2.963 Loaded shared library C:\Users\leemi\AppData\Roaming\Code\User\globalStorage\redhat.java\1.55.0\config_win\org.eclipse.equinox.launcher\org.eclipse.equinox.launcher.win32.win32.x86_64_1.3.100.v20260613-0559\eclipse_11924.dll
Event: 11.974 Loaded shared library D:\TempFlutter\jna-102849704\jna3639333021130994682.dll
Event: 22.269 Loaded shared library C:\Users\leemi\.vscode\extensions\redhat.java-1.55.0-win32-x64\jre\21.0.11-win32-x86_64\bin\sunmscapi.dll
Event: 23.031 Loaded shared library C:\Users\leemi\.vscode\extensions\redhat.java-1.55.0-win32-x64\jre\21.0.11-win32-x86_64\bin\extnet.dll

Deoptimization events (20 events):
Event: 453.899 Thread 0x0000020675d6a110 Uncommon trap: trap_request=0xffffff45 fr.pc=0x0000020660b6dc90 relative=0x0000000000000350
Event: 453.902 Thread 0x0000020675d6a110 Uncommon trap: reason=unstable_if action=reinterpret pc=0x0000020660b6dc90 method=org.eclipse.core.runtime.Path.equals(Ljava/lang/Object;)Z @ 36 c2
Event: 453.903 Thread 0x0000020675d6a110 DEOPT PACKING pc=0x0000020660b6dc90 sp=0x000000b942efee00
Event: 453.905 Thread 0x0000020675d6a110 DEOPT UNPACKING pc=0x00000206600f6da2 sp=0x000000b942efed88 mode 2
Event: 552.919 Thread 0x000002067353b850 Uncommon trap: trap_request=0xffffff45 fr.pc=0x0000020660952314 relative=0x0000000000000074
Event: 552.921 Thread 0x000002067353b850 Uncommon trap: reason=unstable_if action=reinterpret pc=0x0000020660952314 method=java.lang.StringConcatHelper.mix(JLjava/lang/String;)J @ 13 c2
Event: 552.921 Thread 0x000002067353b850 DEOPT PACKING pc=0x0000020660952314 sp=0x000000b9452fe420
Event: 552.922 Thread 0x000002067353b850 DEOPT UNPACKING pc=0x00000206600f6da2 sp=0x000000b9452fe3a0 mode 2
Event: 552.927 Thread 0x000002067353b850 Uncommon trap: trap_request=0xffffff45 fr.pc=0x00000206607bfdf0 relative=0x0000000000000150
Event: 552.928 Thread 0x000002067353b850 Uncommon trap: reason=unstable_if action=reinterpret pc=0x00000206607bfdf0 method=java.lang.StringConcatHelper.prepend(J[BLjava/lang/String;)J @ 13 c2
Event: 552.928 Thread 0x000002067353b850 DEOPT PACKING pc=0x00000206607bfdf0 sp=0x000000b9452fe330
Event: 552.928 Thread 0x000002067353b850 DEOPT UNPACKING pc=0x00000206600f6da2 sp=0x000000b9452fe2e0 mode 2
Event: 552.929 Thread 0x000002067353b850 Uncommon trap: trap_request=0xffffff45 fr.pc=0x00000206607d7660 relative=0x00000000000000c0
Event: 552.929 Thread 0x000002067353b850 Uncommon trap: reason=unstable_if action=reinterpret pc=0x00000206607d7660 method=java.lang.StringConcatHelper.newString([BJ)Ljava/lang/String; @ 3 c2
Event: 552.929 Thread 0x000002067353b850 DEOPT PACKING pc=0x00000206607d7660 sp=0x000000b9452fe470
Event: 552.930 Thread 0x000002067353b850 DEOPT UNPACKING pc=0x00000206600f6da2 sp=0x000000b9452fe3f8 mode 2
Event: 553.237 Thread 0x000002067353b850 Uncommon trap: trap_request=0xffffffde fr.pc=0x0000020660ad3cec relative=0x000000000000048c
Event: 553.241 Thread 0x000002067353b850 Uncommon trap: reason=class_check action=maybe_recompile pc=0x0000020660ad3cec method=java.util.AbstractMap.hashCode()I @ 3 c2
Event: 553.245 Thread 0x000002067353b850 DEOPT PACKING pc=0x0000020660ad3cec sp=0x000000b9452fe520
Event: 553.245 Thread 0x000002067353b850 DEOPT UNPACKING pc=0x00000206600f6da2 sp=0x000000b9452fe4c8 mode 2

Classes loaded (20 events):
Event: 36.060 Loading class java/util/stream/DistinctOps
Event: 36.061 Loading class java/util/stream/DistinctOps done
Event: 36.061 Loading class java/util/stream/DistinctOps$1
Event: 36.062 Loading class java/util/stream/DistinctOps$1 done
Event: 36.063 Loading class java/util/stream/DistinctOps$1$2
Event: 36.064 Loading class java/util/stream/DistinctOps$1$2 done
Event: 37.851 Loading class sun/nio/cs/ISO_8859_1$Decoder
Event: 37.851 Loading class sun/nio/cs/ISO_8859_1$Decoder done
Event: 39.169 Loading class java/lang/invoke/MethodHandleImpl$CountingWrapper$1
Event: 39.197 Loading class java/lang/invoke/MethodHandleImpl$CountingWrapper$1 done
Event: 42.583 Loading class java/util/AbstractList$RandomAccessSubList
Event: 42.583 Loading class java/util/AbstractList$SubList
Event: 42.694 Loading class java/util/AbstractList$SubList done
Event: 42.694 Loading class java/util/AbstractList$RandomAccessSubList done
Event: 42.694 Loading class java/util/AbstractList$SubList$1
Event: 42.694 Loading class java/util/AbstractList$SubList$1 done
Event: 551.796 Loading class java/lang/Throwable$WrappedPrintWriter
Event: 552.062 Loading class java/lang/Throwable$PrintStreamOrWriter
Event: 552.111 Loading class java/lang/Throwable$PrintStreamOrWriter done
Event: 552.114 Loading class java/lang/Throwable$WrappedPrintWriter done

Classes unloaded (7 events):
Event: 13.353 Thread 0x000002066c3e39f0 Unloading class 0x00000206011a8c00 'java/lang/invoke/LambdaForm$MH+0x00000206011a8c00'
Event: 13.354 Thread 0x000002066c3e39f0 Unloading class 0x00000206011a8800 'java/lang/invoke/LambdaForm$MH+0x00000206011a8800'
Event: 13.354 Thread 0x000002066c3e39f0 Unloading class 0x00000206011a8400 'java/lang/invoke/LambdaForm$MH+0x00000206011a8400'
Event: 13.354 Thread 0x000002066c3e39f0 Unloading class 0x00000206011a8000 'java/lang/invoke/LambdaForm$MH+0x00000206011a8000'
Event: 13.354 Thread 0x000002066c3e39f0 Unloading class 0x00000206011a7c00 'java/lang/invoke/LambdaForm$BMH+0x00000206011a7c00'
Event: 13.354 Thread 0x000002066c3e39f0 Unloading class 0x00000206011a7800 'java/lang/invoke/LambdaForm$DMH+0x00000206011a7800'
Event: 13.354 Thread 0x000002066c3e39f0 Unloading class 0x00000206011a6400 'java/lang/invoke/LambdaForm$DMH+0x00000206011a6400'

Classes redefined (0 events):
No events

Internal exceptions (20 events):
Event: 34.233 Thread 0x000002067353d290 Exception <a 'java/lang/NoSuchMethodError'{0x00000000d5bc65b8}: 'int java.lang.invoke.DirectMethodHandle$Holder.invokeSpecialIFC(java.lang.Object, java.lang.Object, java.lang.Object)'> (0x00000000d5bc65b8) 
thrown [s\src\hotspot\share\interpreter\linkResolver.cpp, line 773]
Event: 34.723 Thread 0x000002067353d290 Exception <a 'java/lang/NoSuchMethodError'{0x00000000d59ee9b8}: 'void java.lang.invoke.DirectMethodHandle$Holder.invokeStatic(java.lang.Object, int, java.lang.Object)'> (0x00000000d59ee9b8) 
thrown [s\src\hotspot\share\interpreter\linkResolver.cpp, line 773]
Event: 34.806 Thread 0x000002067353d290 Exception <a 'java/io/FileNotFoundException'{0x00000000d5baf060}> (0x00000000d5baf060) 
thrown [s\src\hotspot\share\prims\jni.cpp, line 520]
Event: 34.806 Thread 0x000002067353d290 Exception <a 'java/io/FileNotFoundException'{0x00000000d5bb0148}> (0x00000000d5bb0148) 
thrown [s\src\hotspot\share\prims\jni.cpp, line 520]
Event: 34.806 Thread 0x000002067353d290 Exception <a 'java/io/FileNotFoundException'{0x00000000d5bb0eb0}> (0x00000000d5bb0eb0) 
thrown [s\src\hotspot\share\prims\jni.cpp, line 520]
Event: 35.508 Thread 0x0000020675d6a110 Exception <a 'java/lang/IncompatibleClassChangeError'{0x00000000d58f0ff0}: Found class java.lang.Object, but interface was expected> (0x00000000d58f0ff0) 
thrown [s\src\hotspot\share\interpreter\linkResolver.cpp, line 840]
Event: 36.331 Thread 0x0000020675d6a110 Exception <a 'java/lang/NoSuchMethodError'{0x00000000d6579f48}: 'java.lang.Object java.lang.invoke.DirectMethodHandle$Holder.invokeStaticInit(java.lang.Object, java.lang.Object, java.lang.Object)'> (0x00000000d6579f48) 
thrown [s\src\hotspot\share\interpreter\linkResolver.cpp, line 773]
Event: 37.133 Thread 0x000002067353d920 Exception <a 'java/lang/NoSuchMethodError'{0x00000000d604a330}: 'void java.lang.invoke.DirectMethodHandle$Holder.invokeInterface(java.lang.Object, java.lang.Object)'> (0x00000000d604a330) 
thrown [s\src\hotspot\share\interpreter\linkResolver.cpp, line 773]
Event: 38.054 Thread 0x000002067353d920 Implicit null exception at 0x0000020660ad032f to 0x0000020660ad04e0
Event: 38.054 Thread 0x000002067353d920 Implicit null exception at 0x0000020660acfc10 to 0x0000020660acfd60
Event: 38.216 Thread 0x000002067353d920 Exception <a 'sun/nio/fs/WindowsException'{0x00000000d5d817e0}> (0x00000000d5d817e0) 
thrown [s\src\hotspot\share\prims\jni.cpp, line 520]
Event: 38.216 Thread 0x000002067353d920 Exception <a 'sun/nio/fs/WindowsException'{0x00000000d5d81ef8}> (0x00000000d5d81ef8) 
thrown [s\src\hotspot\share\prims\jni.cpp, line 520]
Event: 39.615 Thread 0x0000020675d68d60 Exception <a 'sun/nio/fs/WindowsException'{0x00000000d6405170}> (0x00000000d6405170) 
thrown [s\src\hotspot\share\prims\jni.cpp, line 520]
Event: 39.615 Thread 0x0000020675d68d60 Exception <a 'sun/nio/fs/WindowsException'{0x00000000d6405b38}> (0x00000000d6405b38) 
thrown [s\src\hotspot\share\prims\jni.cpp, line 520]
Event: 39.616 Thread 0x0000020675d68d60 Exception <a 'sun/nio/fs/WindowsException'{0x00000000d643d690}> (0x00000000d643d690) 
thrown [s\src\hotspot\share\prims\jni.cpp, line 520]
Event: 39.616 Thread 0x0000020675d68d60 Exception <a 'sun/nio/fs/WindowsException'{0x00000000d643e058}> (0x00000000d643e058) 
thrown [s\src\hotspot\share\prims\jni.cpp, line 520]
Event: 39.616 Thread 0x0000020675d68d60 Exception <a 'sun/nio/fs/WindowsException'{0x00000000d643fd68}> (0x00000000d643fd68) 
thrown [s\src\hotspot\share\prims\jni.cpp, line 520]
Event: 39.617 Thread 0x0000020675d68d60 Exception <a 'sun/nio/fs/WindowsException'{0x00000000d6440990}> (0x00000000d6440990) 
thrown [s\src\hotspot\share\prims\jni.cpp, line 520]
Event: 39.628 Thread 0x0000020675d68d60 Exception <a 'sun/nio/fs/WindowsException'{0x00000000d647c4c8}> (0x00000000d647c4c8) 
thrown [s\src\hotspot\share\prims\jni.cpp, line 520]
Event: 39.629 Thread 0x0000020675d68d60 Exception <a 'sun/nio/fs/WindowsException'{0x00000000d647ce90}> (0x00000000d647ce90) 
thrown [s\src\hotspot\share\prims\jni.cpp, line 520]

ZGC Phase Switch (0 events):
No events

VM Operations (20 events):
Event: 300.843 Executing non-safepoint VM operation: RendezvousGCThreads
Event: 300.843 Executing non-safepoint VM operation: RendezvousGCThreads done
Event: 306.906 Executing safepoint VM operation: Cleanup
Event: 306.910 Executing safepoint VM operation: Cleanup done
Event: 312.950 Executing safepoint VM operation: Cleanup
Event: 313.061 Executing safepoint VM operation: Cleanup done
Event: 361.109 Executing non-safepoint VM operation: HandshakeAllThreads (HandshakeForDeflation)
Event: 361.348 Executing non-safepoint VM operation: HandshakeAllThreads (HandshakeForDeflation) done
Event: 361.366 Executing non-safepoint VM operation: RendezvousGCThreads
Event: 361.366 Executing non-safepoint VM operation: RendezvousGCThreads done
Event: 452.942 Executing safepoint VM operation: Cleanup
Event: 452.968 Executing safepoint VM operation: Cleanup done
Event: 453.976 Executing safepoint VM operation: Cleanup
Event: 454.087 Executing safepoint VM operation: Cleanup done
Event: 455.099 Executing safepoint VM operation: Cleanup
Event: 455.121 Executing safepoint VM operation: Cleanup done
Event: 456.123 Executing safepoint VM operation: Cleanup
Event: 456.123 Executing safepoint VM operation: Cleanup done
Event: 551.720 Executing safepoint VM operation: Cleanup
Event: 551.729 Executing safepoint VM operation: Cleanup done

Memory protections (0 events):
No events

Nmethod flushes (20 events):
Event: 31.381 Thread 0x000002066c3e39f0 flushing  nmethod 0x0000020659442e90
Event: 31.381 Thread 0x000002066c3e39f0 flushing  nmethod 0x0000020659453b90
Event: 31.381 Thread 0x000002066c3e39f0 flushing  nmethod 0x0000020659455890
Event: 31.381 Thread 0x000002066c3e39f0 flushing  nmethod 0x0000020659456e10
Event: 31.381 Thread 0x000002066c3e39f0 flushing  nmethod 0x0000020659459b90
Event: 31.381 Thread 0x000002066c3e39f0 flushing osr nmethod 0x000002065945f510
Event: 31.381 Thread 0x000002066c3e39f0 flushing  nmethod 0x000002065949eb90
Event: 31.381 Thread 0x000002066c3e39f0 flushing  nmethod 0x000002065949fc10
Event: 31.381 Thread 0x000002066c3e39f0 flushing  nmethod 0x00000206594a0510
Event: 31.381 Thread 0x000002066c3e39f0 flushing  nmethod 0x00000206594a0c90
Event: 31.381 Thread 0x000002066c3e39f0 flushing  nmethod 0x00000206594a1610
Event: 31.381 Thread 0x000002066c3e39f0 flushing osr nmethod 0x00000206594a3d10
Event: 31.381 Thread 0x000002066c3e39f0 flushing  nmethod 0x00000206594b9090
Event: 31.381 Thread 0x000002066c3e39f0 flushing  nmethod 0x00000206594bf910
Event: 31.381 Thread 0x000002066c3e39f0 flushing  nmethod 0x00000206594ea010
Event: 31.381 Thread 0x000002066c3e39f0 flushing  nmethod 0x00000206594ed810
Event: 31.381 Thread 0x000002066c3e39f0 flushing  nmethod 0x000002065950da90
Event: 31.381 Thread 0x000002066c3e39f0 flushing  nmethod 0x0000020659510d90
Event: 31.381 Thread 0x000002066c3e39f0 flushing  nmethod 0x000002065951db10
Event: 31.381 Thread 0x000002066c3e39f0 flushing  nmethod 0x0000020659558690

Events (20 events):
Event: 37.353 Thread 0x000002067353d920 Thread added: 0x0000020675d6dc20
Event: 37.357 Thread 0x000002067353d920 Thread added: 0x0000020675d6e2b0
Event: 37.404 Thread 0x000002067353d920 Thread added: 0x0000020675d6e940
Event: 37.409 Thread 0x000002067353d920 Thread added: 0x0000020675d6c1e0
Event: 38.047 Thread 0x0000020675d6dc20 Thread exited: 0x0000020675d6dc20
Event: 38.047 Thread 0x0000020675d6bb50 Thread exited: 0x0000020675d6bb50
Event: 38.047 Thread 0x0000020675d6c1e0 Thread exited: 0x0000020675d6c1e0
Event: 38.049 Thread 0x0000020675d6e940 Thread exited: 0x0000020675d6e940
Event: 38.051 Thread 0x0000020675d6e2b0 Thread exited: 0x0000020675d6e2b0
Event: 104.261 Thread 0x0000020675d6a110 Thread exited: 0x0000020675d6a110
Event: 164.532 Thread 0x0000020675d68d60 Thread exited: 0x0000020675d68d60
Event: 164.553 Thread 0x000002067353d920 Thread exited: 0x000002067353d920
Event: 224.156 Thread 0x0000020675d6ae30 Thread exited: 0x0000020675d6ae30
Event: 284.435 Thread 0x0000020675d68040 Thread exited: 0x0000020675d68040
Event: 315.971 Thread 0x000002067353d290 Thread exited: 0x000002067353d290
Event: 335.335 Thread 0x0000020675d7a180 Thread exited: 0x0000020675d7a180
Event: 344.605 Thread 0x0000020675d69a80 Thread exited: 0x0000020675d69a80
Event: 451.008 Thread 0x0000020675d79460 Thread added: 0x0000020675d6a110
Event: 525.965 Thread 0x0000020675d6a110 Thread exited: 0x0000020675d6a110
Event: 555.643 Thread 0x000002067353dfb0 Thread exited: 0x000002067353dfb0


Dynamic libraries:
0x00007ff65a8b0000 - 0x00007ff65a8be000 	c:\Users\leemi\.vscode\extensions\redhat.java-1.55.0-win32-x64\jre\21.0.11-win32-x86_64\bin\java.exe
0x00007ff954900000 - 0x00007ff954b67000 	C:\WINDOWS\SYSTEM32\ntdll.dll
0x00007ff8c05a0000 - 0x00007ff8c05c1000 	C:\Program Files\Norton\Suite\aswhook.dll
0x00007ff9538f0000 - 0x00007ff9539b9000 	C:\WINDOWS\System32\KERNEL32.DLL
0x00007ff951530000 - 0x00007ff951927000 	C:\WINDOWS\System32\KERNELBASE.dll
0x00007ff952530000 - 0x00007ff95267b000 	C:\WINDOWS\System32\ucrtbase.dll
0x00007ff8c2930000 - 0x00007ff8c2948000 	c:\Users\leemi\.vscode\extensions\redhat.java-1.55.0-win32-x64\jre\21.0.11-win32-x86_64\bin\jli.dll
0x00007ff8c1a40000 - 0x00007ff8c1a5e000 	c:\Users\leemi\.vscode\extensions\redhat.java-1.55.0-win32-x64\jre\21.0.11-win32-x86_64\bin\VCRUNTIME140.dll
0x00007ff953bb0000 - 0x00007ff953d76000 	C:\WINDOWS\System32\USER32.dll
0x00007ff9522d0000 - 0x00007ff9522f7000 	C:\WINDOWS\System32\win32u.dll
0x00007ff930120000 - 0x00007ff9303b2000 	C:\WINDOWS\WinSxS\amd64_microsoft.windows.common-controls_6595b64144ccf1df_6.0.26100.8457_none_3e0b2faee331e92d\COMCTL32.dll
0x00007ff953a60000 - 0x00007ff953a8b000 	C:\WINDOWS\System32\GDI32.dll
0x00007ff9528b0000 - 0x00007ff952959000 	C:\WINDOWS\System32\msvcrt.dll
0x00007ff951930000 - 0x00007ff951a5c000 	C:\WINDOWS\System32\gdi32full.dll
0x00007ff952480000 - 0x00007ff952523000 	C:\WINDOWS\System32\msvcp_win.dll
0x00007ff9546d0000 - 0x00007ff954702000 	C:\WINDOWS\System32\IMM32.DLL
0x00007ff92a7a0000 - 0x00007ff92a7ac000 	c:\Users\leemi\.vscode\extensions\redhat.java-1.55.0-win32-x64\jre\21.0.11-win32-x86_64\bin\vcruntime140_1.dll
0x00007ff8b39b0000 - 0x00007ff8b3a3d000 	c:\Users\leemi\.vscode\extensions\redhat.java-1.55.0-win32-x64\jre\21.0.11-win32-x86_64\bin\msvcp140.dll
0x00007ff8b2c00000 - 0x00007ff8b39a2000 	c:\Users\leemi\.vscode\extensions\redhat.java-1.55.0-win32-x64\jre\21.0.11-win32-x86_64\bin\server\jvm.dll
0x00007ff952b40000 - 0x00007ff952bf6000 	C:\WINDOWS\System32\ADVAPI32.dll
0x00007ff952760000 - 0x00007ff952807000 	C:\WINDOWS\System32\sechost.dll
0x00007ff952a20000 - 0x00007ff952b38000 	C:\WINDOWS\System32\RPCRT4.dll
0x00007ff953a90000 - 0x00007ff953b10000 	C:\WINDOWS\System32\WS2_32.dll
0x00007ff951190000 - 0x00007ff9511ee000 	C:\WINDOWS\SYSTEM32\POWRPROF.dll
0x00007ff948f20000 - 0x00007ff948f56000 	C:\WINDOWS\SYSTEM32\WINMM.dll
0x00007ff941340000 - 0x00007ff94134b000 	C:\WINDOWS\SYSTEM32\VERSION.dll
0x00007ff951170000 - 0x00007ff951184000 	C:\WINDOWS\SYSTEM32\UMPDC.dll
0x00007ff9500c0000 - 0x00007ff9500db000 	C:\WINDOWS\SYSTEM32\kernel.appcore.dll
0x00007ff924f70000 - 0x00007ff924f7a000 	c:\Users\leemi\.vscode\extensions\redhat.java-1.55.0-win32-x64\jre\21.0.11-win32-x86_64\bin\jimage.dll
0x00007ff94efe0000 - 0x00007ff94f222000 	C:\WINDOWS\SYSTEM32\DBGHELP.DLL
0x00007ff9532f0000 - 0x00007ff953673000 	C:\WINDOWS\System32\combase.dll
0x00007ff952680000 - 0x00007ff952759000 	C:\WINDOWS\System32\OLEAUT32.dll
0x00007ff9403b0000 - 0x00007ff9403eb000 	C:\WINDOWS\SYSTEM32\dbgcore.DLL
0x00007ff951330000 - 0x00007ff9513d8000 	C:\WINDOWS\System32\bcryptPrimitives.dll
0x00007ff922640000 - 0x00007ff92264f000 	c:\Users\leemi\.vscode\extensions\redhat.java-1.55.0-win32-x64\jre\21.0.11-win32-x86_64\bin\instrument.dll
0x00007ff8c0730000 - 0x00007ff8c0750000 	c:\Users\leemi\.vscode\extensions\redhat.java-1.55.0-win32-x64\jre\21.0.11-win32-x86_64\bin\java.dll
0x00007ff953ed0000 - 0x00007ff95463e000 	C:\WINDOWS\System32\SHELL32.dll
0x00007ff951a60000 - 0x00007ff9522cc000 	C:\WINDOWS\System32\windows.storage.dll
0x00007ff953690000 - 0x00007ff953786000 	C:\WINDOWS\System32\SHCORE.dll
0x00007ff952810000 - 0x00007ff952876000 	C:\WINDOWS\System32\shlwapi.dll
0x00007ff951250000 - 0x00007ff951279000 	C:\WINDOWS\SYSTEM32\profapi.dll
0x00007ff8bf420000 - 0x00007ff8bf438000 	c:\Users\leemi\.vscode\extensions\redhat.java-1.55.0-win32-x64\jre\21.0.11-win32-x86_64\bin\zip.dll
0x00007ff916190000 - 0x00007ff9161a0000 	C:\Users\leemi\.vscode\extensions\redhat.java-1.55.0-win32-x64\jre\21.0.11-win32-x86_64\bin\net.dll
0x00007ff944970000 - 0x00007ff944a99000 	C:\WINDOWS\SYSTEM32\WINHTTP.dll
0x00007ff950630000 - 0x00007ff95069c000 	C:\WINDOWS\system32\mswsock.dll
0x00007ff8bf400000 - 0x00007ff8bf416000 	C:\Users\leemi\.vscode\extensions\redhat.java-1.55.0-win32-x64\jre\21.0.11-win32-x86_64\bin\nio.dll
0x00007ff911540000 - 0x00007ff911550000 	c:\Users\leemi\.vscode\extensions\redhat.java-1.55.0-win32-x64\jre\21.0.11-win32-x86_64\bin\verify.dll
0x00007ff8b2b10000 - 0x00007ff8b2b55000 	C:\Users\leemi\AppData\Roaming\Code\User\globalStorage\redhat.java\1.55.0\config_win\org.eclipse.equinox.launcher\org.eclipse.equinox.launcher.win32.win32.x86_64_1.3.100.v20260613-0559\eclipse_11924.dll
0x00007ff954710000 - 0x00007ff9548a7000 	C:\WINDOWS\System32\ole32.dll
0x00007ff950920000 - 0x00007ff95093b000 	C:\WINDOWS\SYSTEM32\CRYPTSP.dll
0x00007ff950020000 - 0x00007ff950059000 	C:\WINDOWS\system32\rsaenh.dll
0x00007ff9506e0000 - 0x00007ff950713000 	C:\WINDOWS\SYSTEM32\USERENV.dll
0x00007ff951220000 - 0x00007ff95124a000 	C:\WINDOWS\SYSTEM32\bcrypt.dll
0x00007ff950910000 - 0x00007ff95091c000 	C:\WINDOWS\SYSTEM32\CRYPTBASE.dll
0x00007ff94fb60000 - 0x00007ff94fb92000 	C:\WINDOWS\SYSTEM32\IPHLPAPI.DLL
0x00007ff953680000 - 0x00007ff95368a000 	C:\WINDOWS\System32\NSI.dll
0x00007ff924e20000 - 0x00007ff924e69000 	D:\TempFlutter\jna-102849704\jna3639333021130994682.dll
0x00007ff9548b0000 - 0x00007ff9548b8000 	C:\WINDOWS\System32\PSAPI.DLL
0x00007ff94b8a0000 - 0x00007ff94b8bd000 	C:\WINDOWS\SYSTEM32\dhcpcsvc6.DLL
0x00007ff94b850000 - 0x00007ff94b875000 	C:\WINDOWS\SYSTEM32\dhcpcsvc.DLL
0x00007ff931420000 - 0x00007ff93142e000 	C:\Users\leemi\.vscode\extensions\redhat.java-1.55.0-win32-x64\jre\21.0.11-win32-x86_64\bin\sunmscapi.dll
0x00007ff952300000 - 0x00007ff952478000 	C:\WINDOWS\System32\CRYPT32.dll
0x00007ff950b30000 - 0x00007ff950b60000 	C:\WINDOWS\SYSTEM32\ncrypt.dll
0x00007ff950ae0000 - 0x00007ff950b1f000 	C:\WINDOWS\SYSTEM32\NTASN1.dll
0x00007ff94fc40000 - 0x00007ff94fd72000 	C:\WINDOWS\SYSTEM32\DNSAPI.dll
0x00007ff943520000 - 0x00007ff94352b000 	C:\Windows\System32\rasadhlp.dll
0x00007ff94ba10000 - 0x00007ff94ba96000 	C:\WINDOWS\System32\fwpuclnt.dll
0x00007ff926d00000 - 0x00007ff926d09000 	C:\Users\leemi\.vscode\extensions\redhat.java-1.55.0-win32-x64\jre\21.0.11-win32-x86_64\bin\extnet.dll

JVMTI agents:
c:\Users\leemi\.vscode\extensions\redhat.java-1.55.0-win32-x64\lombok\lombok-1.18.39-4050.jar path:c:\Users\leemi\.vscode\extensions\redhat.java-1.55.0-win32-x64\jre\21.0.11-win32-x86_64\bin\instrument.dll, loaded, initialized, instrumentlib options:none

dbghelp: loaded successfully - version: 4.0.5 - missing functions: none
symbol engine: initialized successfully - sym options: 0x614 - pdb path: .;c:\Users\leemi\.vscode\extensions\redhat.java-1.55.0-win32-x64\jre\21.0.11-win32-x86_64\bin;C:\WINDOWS\SYSTEM32;C:\Program Files\Norton\Suite;C:\WINDOWS\WinSxS\amd64_microsoft.windows.common-controls_6595b64144ccf1df_6.0.26100.8457_none_3e0b2faee331e92d;c:\Users\leemi\.vscode\extensions\redhat.java-1.55.0-win32-x64\jre\21.0.11-win32-x86_64\bin\server;C:\Users\leemi\AppData\Roaming\Code\User\globalStorage\redhat.java\1.55.0\config_win\org.eclipse.equinox.launcher\org.eclipse.equinox.launcher.win32.win32.x86_64_1.3.100.v20260613-0559;D:\TempFlutter\jna-102849704

VM Arguments:
jvm_args: --add-modules=ALL-SYSTEM --add-opens=java.base/java.util=ALL-UNNAMED --add-opens=java.base/java.lang=ALL-UNNAMED --add-opens=java.base/sun.nio.fs=ALL-UNNAMED -Declipse.application=org.eclipse.jdt.ls.core.id1 -Dosgi.bundles.defaultStartLevel=4 -Declipse.product=org.eclipse.jdt.ls.core.product -Djava.import.generatesMetadataFilesAtProjectRoot=false -DDetectVMInstallationsJob.disabled=true -Dfile.encoding=utf8 -XX:+UseParallelGC -XX:GCTimeRatio=4 -XX:AdaptiveSizePolicyWeight=90 -Dsun.zip.disableMemoryMapping=true -Xmx2G -Xms100m -Xlog:disable -javaagent:c:\Users\leemi\.vscode\extensions\redhat.java-1.55.0-win32-x64\lombok\lombok-1.18.39-4050.jar -XX:+HeapDumpOnOutOfMemoryError -XX:HeapDumpPath=c:\Users\leemi\AppData\Roaming\Code\User\workspaceStorage\60808daadfc41e5d092c2bd725f444cb\redhat.java -Daether.dependencyCollector.impl=bf 
java_command: c:\Users\leemi\.vscode\extensions\redhat.java-1.55.0-win32-x64\server\plugins\org.eclipse.equinox.launcher_1.7.200.v20260619-2039.jar -configuration c:\Users\leemi\AppData\Roaming\Code\User\globalStorage\redhat.java\1.55.0\config_win -data c:\Users\leemi\AppData\Roaming\Code\User\workspaceStorage\60808daadfc41e5d092c2bd725f444cb\redhat.java\jdt_ws --pipe=\\.\pipe\lsp-469ddb447716125c38853c5c4c0cbfb6-sock
java_class_path (initial): c:\Users\leemi\.vscode\extensions\redhat.java-1.55.0-win32-x64\server\plugins\org.eclipse.equinox.launcher_1.7.200.v20260619-2039.jar
Launcher Type: SUN_STANDARD

[Global flags]
    uintx AdaptiveSizePolicyWeight                 = 90                                        {product} {command line}
     intx CICompilerCount                          = 4                                         {product} {ergonomic}
    uintx GCTimeRatio                              = 4                                         {product} {command line}
     bool HeapDumpOnOutOfMemoryError               = true                                   {manageable} {command line}
    ccstr HeapDumpPath                             = c:\Users\leemi\AppData\Roaming\Code\User\workspaceStorage\60808daadfc41e5d092c2bd725f444cb\redhat.java         {manageable} {command line}
   size_t InitialHeapSize                          = 104857600                                 {product} {command line}
   size_t MaxHeapSize                              = 2147483648                                {product} {command line}
   size_t MaxNewSize                               = 715653120                                 {product} {ergonomic}
   size_t MinHeapDeltaBytes                        = 524288                                    {product} {ergonomic}
   size_t MinHeapSize                              = 104857600                                 {product} {command line}
   size_t NewSize                                  = 34603008                                  {product} {ergonomic}
    uintx NonNMethodCodeHeapSize                   = 5839372                                {pd product} {ergonomic}
    uintx NonProfiledCodeHeapSize                  = 122909434                              {pd product} {ergonomic}
   size_t OldSize                                  = 70254592                                  {product} {ergonomic}
    uintx ProfiledCodeHeapSize                     = 122909434                              {pd product} {ergonomic}
    uintx ReservedCodeCacheSize                    = 251658240                              {pd product} {ergonomic}
     bool SegmentedCodeCache                       = true                                      {product} {ergonomic}
   size_t SoftMaxHeapSize                          = 2147483648                             {manageable} {ergonomic}
     bool UseCompressedOops                        = true                           {product lp64_product} {ergonomic}
     bool UseLargePagesIndividualAllocation        = false                                  {pd product} {ergonomic}
     bool UseParallelGC                            = true                                      {product} {command line}

Logging:
Log output configuration:
 #0: stdout all=off uptime,level,tags foldmultilines=false
 #1: stderr all=off uptime,level,tags foldmultilines=false

Release file:
JAVA_VERSION="21.0.11" 
MODULES="java.base java.compiler java.datatransfer java.xml java.prefs java.desktop java.instrument java.logging java.management java.security.sasl java.naming java.rmi java.management.rmi java.net.http java.scripting java.security.jgss java.transaction.xa java.sql java.sql.rowset java.xml.crypto java.se java.smartcardio jdk.accessibility jdk.internal.jvmstat jdk.attach jdk.charsets jdk.internal.opt jdk.zipfs jdk.compiler jdk.crypto.ec jdk.crypto.cryptoki jdk.crypto.mscapi jdk.dynalink jdk.internal.ed jdk.editpad jdk.hotspot.agent jdk.httpserver jdk.internal.le jdk.internal.vm.ci jdk.internal.vm.compiler jdk.internal.vm.compiler.management jdk.jartool jdk.javadoc jdk.jcmd jdk.management jdk.management.agent jdk.jconsole jdk.jdeps jdk.jdwp.agent jdk.jdi jdk.jfr jdk.jshell jdk.jsobject jdk.jstatd jdk.localedata jdk.management.jfr jdk.naming.dns jdk.naming.rmi jdk.net jdk.nio.mapmode jdk.random jdk.sctp jdk.security.auth jdk.security.jgss jdk.unsupported jdk.unsupported.desktop jdk.xml.dom" 

Environment Variables:
JAVA_HOME=C:\Program Files\Eclipse Adoptium\jdk-17.0.20.8-hotspot
PATH=C:\Program Files\Eclipse Adoptium\jdk-17.0.20.8-hotspot\bin;C:\Program Files (x86)\Common Files\Oracle\Java\java8path;C:\Program Files (x86)\Common Files\Oracle\Java\javapath;D:\User1\dbhomeXE\bin;C:\Windows\system32;C:\Windows;C:\Windows\System32\Wbem;C:\Windows\System32\WindowsPowerShell\v1.0\;C:\Windows\System32\OpenSSH\;C:\Program Files (x86)\NVIDIA Corporation\PhysX\Common;C:\Program Files\NVIDIA Corporation\NVIDIA NvDLISR;C:\WINDOWS\system32;C:\WINDOWS;C:\WINDOWS\System32\Wbem;C:\WINDOWS\System32\WindowsPowerShell\v1.0\;C:\WINDOWS\System32\OpenSSH\;C:\Program Files\dotnet\;C:\MinGW\bin;C:\Program Files\Java\jdk1.8.0_202\bin;C:\Users\leemi\AppData\Local\Programs\Python\Launcher\;C:\Users\leemi\AppData\Local\Microsoft\WindowsApps;C:\Users\leemi\.dotnet\tools;C:\Users\leemi\AppData\Local\Programs\Microsoft VS Code\bin;C:\Users\leemi\AppData\Local\GitHubDesktop\bin;C:\Users\leemi\AppData\Roaming\npm;C:\Program Files\JetBrains\IntelliJ IDEA 2024.3.5\bin;C:\Program Files\MySQL\MySQL Server 8.0\bin;C:\Users\leemi\Downloads\apache-maven-3.9.9-bin\apache-maven-3.9.9\bin;C:\Users\leemi\AppData\Roaming\Python\Python312\Scripts\;C:\Program Files\MongoDB\Server\8.0\bin;D:\develop\flutter\bin;D:\sdk\cmdline-tools\latest\bin;D:\sdk\platform-tools;C:\Gradle\gradle-8.11.1\bin;C:\Program Files\Apache\Maven\apache-maven-3.9.11\bin;D:\FlutterCache\.pub-cache\bin;C:\Program Files (x86)\Windows Kits\10\Windows Performance Toolkit\;C:\Program Files\swipl\bin;C:\Program Files\Docker\Docker\resources\bin;C:\Program Files\Git\cmd;D:\Java\jdk-17\bin;C:\Users\leemi\AppData\Local\Microsoft\WindowsApps;C:\Users\leemi\.dotnet\tools;C:\Users\leemi\AppData\Local\Programs\Microsoft VS Code\bin;C:\Users\leemi\AppData\Local\GitHubDesktop\bin;C:\Program Files\Java\jdk1.8.0_202\bin;C:\Program Files\JetBrains\IntelliJ IDEA 2024.3.5\bin;
USERNAME=leemi
OS=Windows_NT
PROCESSOR_IDENTIFIER=Intel64 Family 6 Model 140 Stepping 2, GenuineIntel
TMP=D:\TempFlutter
TEMP=D:\TempFlutter




Periodic native trim disabled

---------------  S Y S T E M  ---------------

OS:
 Windows 11 , 64 bit Build 26100 (10.0.26100.8328)
OS uptime: 2 days 6:17 hours
Hyper-V role detected

CPU: total 8 (initial active 8) (4 cores per cpu, 2 threads per core) family 6 model 140 stepping 2 microcode 0x26, cx8, cmov, fxsr, ht, mmx, 3dnowpref, sse, sse2, sse3, ssse3, sse4.1, sse4.2, popcnt, lzcnt, tsc, tscinvbit, avx, avx2, aes, erms, clmul, bmi1, bmi2, adx, avx512f, avx512dq, avx512cd, avx512bw, avx512vl, sha, fma, vzeroupper, avx512_vpopcntdq, avx512_vpclmulqdq, avx512_vaes, avx512_vnni, clflush, clflushopt, clwb, avx512_vbmi2, avx512_vbmi, hv, rdtscp, rdpid, fsrm, gfni, avx512_bitalg, f16c, cet_ibt, cet_ss, avx512_ifma
Processor Information for the first 8 processors :
  Max Mhz: 3187, Current Mhz: 3187, Mhz Limit: 3187

Memory: 4k page, system-wide physical 7975M (240M free)
TotalPageFile size 23892M (AvailPageFile size 0M)
current process WorkingSet (physical memory assigned to process): 7M, peak: 248M
current process commit charge ("private bytes"): 338M, peak: 373M

vm_info: OpenJDK 64-Bit Server VM (21.0.11+10-LTS) for windows-amd64 JRE (21.0.11+10-LTS), built on 2026-04-21T00:00:00Z by "admin" with MS VC++ 17.12 (VS2022)

END.
