#
# There is insufficient memory for the Java Runtime Environment to continue.
# Native memory allocation (malloc) failed to allocate 131088 bytes. Error detail: Chunk::new
# Possible reasons:
#   The system is out of physical RAM or swap space
#   This process is running with CompressedOops enabled, and the Java Heap may be blocking the growth of the native heap
# Possible solutions:
#   Reduce memory load on the system
#   Increase physical memory or swap space
#   Check if swap backing store is full
#   Decrease Java heap size (-Xmx/-Xms)
#   Decrease number of Java threads
#   Decrease Java thread stack sizes (-Xss)
#   Set larger code cache with -XX:ReservedCodeCacheSize=
#   JVM is running with Unscaled Compressed Oops mode in which the Java heap is
#     placed in the first 4GB address space. The Java Heap base address is the
#     maximum limit for the native heap growth. Please use -XX:HeapBaseMinAddress
#     to set the Java Heap base and to place the Java Heap above 4GB virtual address.
# This output file may be truncated or incomplete.
#
#  Out of Memory Error (arena.cpp:168), pid=17656, tid=17112
#
# JRE version: OpenJDK Runtime Environment Temurin-21.0.11+10 (21.0.11+10) (build 21.0.11+10-LTS)
# Java VM: OpenJDK 64-Bit Server VM Temurin-21.0.11+10 (21.0.11+10-LTS, mixed mode, sharing, tiered, compressed oops, compressed class ptrs, parallel gc, windows-amd64)
# No core dump will be written. Minidumps are not enabled by default on client versions of Windows
#

---------------  S U M M A R Y ------------

Command Line: --add-modules=ALL-SYSTEM --add-opens=java.base/java.util=ALL-UNNAMED --add-opens=java.base/java.lang=ALL-UNNAMED --add-opens=java.base/sun.nio.fs=ALL-UNNAMED -Declipse.application=org.eclipse.jdt.ls.core.id1 -Dosgi.bundles.defaultStartLevel=4 -Declipse.product=org.eclipse.jdt.ls.core.product -Djava.import.generatesMetadataFilesAtProjectRoot=false -DDetectVMInstallationsJob.disabled=true -Dfile.encoding=utf8 -XX:+UseParallelGC -XX:GCTimeRatio=4 -XX:AdaptiveSizePolicyWeight=90 -Dsun.zip.disableMemoryMapping=true -Xmx2G -Xms100m -Xlog:disable -javaagent:c:\Users\leemi\.vscode\extensions\redhat.java-1.55.0-win32-x64\lombok\lombok-1.18.39-4050.jar c:\Users\leemi\.vscode\extensions\redhat.java-1.55.0-win32-x64\server\plugins\org.eclipse.equinox.launcher_1.7.200.v20260619-2039.jar -configuration c:\Users\leemi\AppData\Roaming\Code\User\globalStorage\redhat.java\1.55.0\config_ss_win -data c:\Users\leemi\AppData\Roaming\Code\User\workspaceStorage\22bba4b0459f031f16e20f539df400c8\redhat.java\ss_ws --pipe=\\.\pipe\lsp-9532e77a21b892089fff4afb60411bb1-sock

Host: 11th Gen Intel(R) Core(TM) i5-11320H @ 3.20GHz, 8 cores, 7G,  Windows 11 , 64 bit Build 26100 (10.0.26100.8328)
Time: Wed Aug  5 23:02:41 2026 India Standard Time elapsed time: 14.383313 seconds (0d 0h 0m 14s)

---------------  T H R E A D  ---------------

Current thread (0x000001abd794bb40):  JavaThread "C2 CompilerThread0" daemon [_thread_in_native, id=17112, stack(0x000000840e200000,0x000000840e300000) (1024K)]


Current CompileTask:
C2:14383 2651       4       java.lang.invoke.MethodType::makeImpl (109 bytes)

Stack: [0x000000840e200000,0x000000840e300000]
Native frames: (J=compiled Java code, j=interpreted, Vv=VM code, C=native code)
V  [jvm.dll+0x6d7e19]
V  [jvm.dll+0x8b5096]
V  [jvm.dll+0x8b764e]
V  [jvm.dll+0x8b7d33]
V  [jvm.dll+0x284596]
V  [jvm.dll+0xc685d]
V  [jvm.dll+0xc6da1]
V  [jvm.dll+0xc6985]
V  [jvm.dll+0x6b2edc]
V  [jvm.dll+0x5fe5ef]
V  [jvm.dll+0x255d67]
V  [jvm.dll+0x24e0f4]
V  [jvm.dll+0x24bbe6]
V  [jvm.dll+0x1cb4ae]
V  [jvm.dll+0x25baad]
V  [jvm.dll+0x25a03a]
V  [jvm.dll+0x3f868e]
V  [jvm.dll+0x85fb0d]
V  [jvm.dll+0x6d664d]
C  [ucrtbase.dll+0x37b0]
C  [KERNEL32.DLL+0x2e957]
C  [ntdll.dll+0x427c]


---------------  P R O C E S S  ---------------

Threads class SMR info:
_java_thread_list=0x000001ac1a95f310, length=21, elements={
0x000001abc0ec7120, 0x000001abd7938380, 0x000001abd7939de0, 0x000001abd7940020,
0x000001abd7941bf0, 0x000001abd7942f20, 0x000001abd7948260, 0x000001abd794bb40,
0x000001abd794cbf0, 0x000001ac1a4733b0, 0x000001ac1a579720, 0x000001ac1a6d1d50,
0x000001ac1f1d3fe0, 0x000001ac1a9ad7b0, 0x000001ac1a93df80, 0x000001ac1aceda10,
0x000001ac1a2ce5b0, 0x000001ac1a4f4430, 0x000001ac1a4c97e0, 0x000001ac1ad05ed0,
0x000001ac1a4c7da0
}

Java Threads: ( => current thread )
  0x000001abc0ec7120 JavaThread "main"                              [_thread_blocked, id=22156, stack(0x000000840d800000,0x000000840d900000) (1024K)]
  0x000001abd7938380 JavaThread "Reference Handler"          daemon [_thread_blocked, id=22404, stack(0x000000840dc00000,0x000000840dd00000) (1024K)]
  0x000001abd7939de0 JavaThread "Finalizer"                  daemon [_thread_blocked, id=22940, stack(0x000000840dd00000,0x000000840de00000) (1024K)]
  0x000001abd7940020 JavaThread "Signal Dispatcher"          daemon [_thread_blocked, id=13288, stack(0x000000840de00000,0x000000840df00000) (1024K)]
  0x000001abd7941bf0 JavaThread "Attach Listener"            daemon [_thread_blocked, id=18388, stack(0x000000840df00000,0x000000840e000000) (1024K)]
  0x000001abd7942f20 JavaThread "Service Thread"             daemon [_thread_blocked, id=524, stack(0x000000840e000000,0x000000840e100000) (1024K)]
  0x000001abd7948260 JavaThread "Monitor Deflation Thread"   daemon [_thread_blocked, id=17484, stack(0x000000840e100000,0x000000840e200000) (1024K)]
=>0x000001abd794bb40 JavaThread "C2 CompilerThread0"         daemon [_thread_in_native, id=17112, stack(0x000000840e200000,0x000000840e300000) (1024K)]
  0x000001abd794cbf0 JavaThread "C1 CompilerThread0"         daemon [_thread_blocked, id=13336, stack(0x000000840e300000,0x000000840e400000) (1024K)]
  0x000001ac1a4733b0 JavaThread "Common-Cleaner"             daemon [_thread_blocked, id=21780, stack(0x000000840e400000,0x000000840e500000) (1024K)]
  0x000001ac1a579720 JavaThread "Notification Thread"        daemon [_thread_blocked, id=20948, stack(0x000000840e500000,0x000000840e600000) (1024K)]
  0x000001ac1a6d1d50 JavaThread "Active Thread: Equinox Container: 8457ce9c-8e21-48ce-9737-9d383e7c4711"        [_thread_blocked, id=1000, stack(0x000000840ec00000,0x000000840ed00000) (1024K)]
  0x000001ac1f1d3fe0 JavaThread "Framework Event Dispatcher: Equinox Container: 8457ce9c-8e21-48ce-9737-9d383e7c4711" daemon [_thread_blocked, id=11704, stack(0x000000840ed00000,0x000000840ee00000) (1024K)]
  0x000001ac1a9ad7b0 JavaThread "Start Level: Equinox Container: 8457ce9c-8e21-48ce-9737-9d383e7c4711" daemon [_thread_in_vm, id=21528, stack(0x000000840ee00000,0x000000840ef00000) (1024K)]
  0x000001ac1a93df80 JavaThread "SCR Component Actor"        daemon [_thread_blocked, id=12248, stack(0x000000840f000000,0x000000840f100000) (1024K)]
  0x000001ac1aceda10 JavaThread "Worker-JM"                         [_thread_blocked, id=12204, stack(0x000000840f100000,0x000000840f200000) (1024K)]
  0x000001ac1a2ce5b0 JavaThread "JNA Cleaner"                daemon [_thread_blocked, id=22424, stack(0x000000840f200000,0x000000840f300000) (1024K)]
  0x000001ac1a4f4430 JavaThread "Worker-0: Refreshing workspace"        [_thread_in_vm, id=19096, stack(0x000000840f300000,0x000000840f400000) (1024K)]
  0x000001ac1a4c97e0 JavaThread "Worker-1"                          [_thread_blocked, id=22864, stack(0x000000840f400000,0x000000840f500000) (1024K)]
  0x000001ac1ad05ed0 JavaThread "C2 CompilerThread1"         daemon [_thread_blocked, id=13432, stack(0x000000840f500000,0x000000840f600000) (1024K)]
  0x000001ac1a4c7da0 JavaThread "Worker-2"                          [_thread_blocked, id=18724, stack(0x000000840f600000,0x000000840f700000) (1024K)]
Total: 21

Other Threads:
  0x000001abc0f66ab0 VMThread "VM Thread"                           [id=744, stack(0x000000840db00000,0x000000840dc00000) (1024K)]
  0x000001abc0f31fc0 WatcherThread "VM Periodic Task Thread"        [id=14136, stack(0x000000840da00000,0x000000840db00000) (1024K)]
  0x000001abc0ee5940 WorkerThread "GC Thread#0"                     [id=13976, stack(0x000000840d900000,0x000000840da00000) (1024K)]
  0x000001ac1a79d130 WorkerThread "GC Thread#1"                     [id=7260, stack(0x000000840e600000,0x000000840e700000) (1024K)]
  0x000001ac1a79d4e0 WorkerThread "GC Thread#2"                     [id=15732, stack(0x000000840e700000,0x000000840e800000) (1024K)]
  0x000001ac1a7f1730 WorkerThread "GC Thread#3"                     [id=8012, stack(0x000000840e800000,0x000000840e900000) (1024K)]
  0x000001ac1a7f1ae0 WorkerThread "GC Thread#4"                     [id=6268, stack(0x000000840e900000,0x000000840ea00000) (1024K)]
  0x000001ac1a7f1e90 WorkerThread "GC Thread#5"                     [id=9504, stack(0x000000840ea00000,0x000000840eb00000) (1024K)]
  0x000001ac1a6093c0 WorkerThread "GC Thread#6"                     [id=11076, stack(0x000000840eb00000,0x000000840ec00000) (1024K)]
  0x000001ac1a51a9f0 WorkerThread "GC Thread#7"                     [id=12692, stack(0x000000840ef00000,0x000000840f000000) (1024K)]
Total: 10

Threads with active compile tasks:
C2 CompilerThread0  14433 2651       4       java.lang.invoke.MethodType::makeImpl (109 bytes)
Total: 1

VM state: not at safepoint (normal execution)

VM Mutex/Monitor currently owned by a thread:  ([mutex/lock_event])
[0x00007ff8d883d4f0] Metaspace_lock - owner thread: 0x000001ac1a9ad7b0

Heap address: 0x0000000080000000, size: 2048 MB, Compressed Oops mode: 32-bit

CDS archive(s) mapped at: [0x000001abd8000000-0x000001abd8ba0000-0x000001abd8ba0000), size 12189696, SharedBaseAddress: 0x000001abd8000000, ArchiveRelocationMode: 1.
Compressed class space mapped at: 0x000001abd9000000-0x000001ac19000000, reserved size: 1073741824
Narrow klass base: 0x000001abd8000000, Narrow klass shift: 0, Narrow klass range: 0x100000000

GC Precious Log:
 CardTable entry size: 512
 CPUs: 8 total, 8 available
 Memory: 7975M
 Large Page Support: Disabled
 NUMA Support: Disabled
 Compressed Oops: Enabled (32-bit)
 Alignments: Space 512K, Generation 512K, Heap 2M
 Heap Min Capacity: 100M
 Heap Initial Capacity: 100M
 Heap Max Capacity: 2G
 Pre-touch: Disabled
 Parallel Workers: 8

Heap:
 PSYoungGen      total 29696K, used 29685K [0x00000000d5580000, 0x00000000d7680000, 0x0000000100000000)
  eden space 25600K, 99% used [0x00000000d5580000,0x00000000d6e7e218,0x00000000d6e80000)
  from space 4096K, 99% used [0x00000000d6e80000,0x00000000d727f3e8,0x00000000d7280000)
  to   space 4096K, 0% used [0x00000000d7280000,0x00000000d7280000,0x00000000d7680000)
 ParOldGen       total 68608K, used 2881K [0x0000000080000000, 0x0000000084300000, 0x00000000d5580000)
  object space 68608K, 4% used [0x0000000080000000,0x00000000802d0500,0x0000000084300000)
 Metaspace       used 16972K, committed 17600K, reserved 1114112K
  class space    used 1777K, committed 2048K, reserved 1048576K

Card table byte_map: [0x000001abc0860000,0x000001abc0c70000] _byte_map_base: 0x000001abc0460000

Marking Bits: (ParMarkBitMap*) 0x00007ff8d8844460
 Begin Bits: [0x000001abd3370000, 0x000001abd5370000)
 End Bits:   [0x000001abd5370000, 0x000001abd7370000)

Polling page: 0x000001abbeea0000

Metaspace:

Usage:
  Non-class:     14.84 MB used.
      Class:      1.74 MB used.
       Both:     16.57 MB used.

Virtual space:
  Non-class space:       64.00 MB reserved,      15.19 MB ( 24%) committed,  1 nodes.
      Class space:        1.00 GB reserved,       2.00 MB ( <1%) committed,  1 nodes.
             Both:        1.06 GB reserved,      17.19 MB (  2%) committed. 

Chunk freelists:
   Non-Class:  496.00 KB
       Class:  13.81 MB
        Both:  14.30 MB

MaxMetaspaceSize: unlimited
CompressedClassSpaceSize: 1.00 GB
Initial GC threshold: 21.00 MB
Current GC threshold: 21.00 MB
CDS: on
 - commit_granule_bytes: 65536.
 - commit_granule_words: 8192.
 - virtual_space_node_default_size: 8388608.
 - enlarge_chunks_in_place: 1.
 - use_allocation_guard: 0.


Internal statistics:

num_allocs_failed_limit: 0.
num_arena_births: 490.
num_arena_deaths: 0.
num_vsnodes_births: 2.
num_vsnodes_deaths: 0.
num_space_committed: 275.
num_space_uncommitted: 0.
num_chunks_returned_to_freelist: 0.
num_chunks_taken_from_freelist: 1112.
num_chunk_merges: 0.
num_chunk_splits: 707.
num_chunks_enlarged: 450.
num_inconsistent_stats: 0.

CodeHeap 'non-profiled nmethods': size=120000Kb used=1141Kb max_used=1141Kb free=118858Kb
 bounds [0x000001abcbb90000, 0x000001abcbe00000, 0x000001abd30c0000]
CodeHeap 'profiled nmethods': size=120000Kb used=5188Kb max_used=5188Kb free=114811Kb
 bounds [0x000001abc40c0000, 0x000001abc45e0000, 0x000001abcb5f0000]
CodeHeap 'non-nmethods': size=5760Kb used=1285Kb max_used=1301Kb free=4474Kb
 bounds [0x000001abcb5f0000, 0x000001abcb860000, 0x000001abcbb90000]
CodeCache: size=245760Kb, used=7614Kb, max_used=7630Kb, free=238143Kb
 total_blobs=3229, nmethods=2678, adapters=457, full_count=0
Compilation: enabled, stopped_count=0, restarted_count=0

Compilation events (20 events):
Event: 14.368 Thread 0x000001abd794cbf0 nmethod 2671 0x000001abc45cd390 code [0x000001abc45cd540, 0x000001abc45cd688]
Event: 14.368 Thread 0x000001abd794cbf0 2672       3       org.lombokweb.asm.ClassVisitor::visitMethod (24 bytes)
Event: 14.368 Thread 0x000001abd794cbf0 nmethod 2672 0x000001abc45cd710 code [0x000001abc45cd8c0, 0x000001abc45cdaf8]
Event: 14.369 Thread 0x000001abd794cbf0 2667       3       org.lombokweb.asm.MethodVisitor::<init> (79 bytes)
Event: 14.369 Thread 0x000001abd794cbf0 nmethod 2667 0x000001abc45cdc10 code [0x000001abc45cde60, 0x000001abc45ce710]
Event: 14.372 Thread 0x000001abd794cbf0 2673       3       java.util.HashSet::isEmpty (8 bytes)
Event: 14.372 Thread 0x000001abd794cbf0 nmethod 2673 0x000001abc45cea10 code [0x000001abc45cebc0, 0x000001abc45cee08]
Event: 14.373 Thread 0x000001abd794cbf0 2674       1       java.lang.invoke.MethodHandleImpl$IntrinsicMethodHandle::getTarget (5 bytes)
Event: 14.373 Thread 0x000001abd794cbf0 nmethod 2674 0x000001abcbcab410 code [0x000001abcbcab5a0, 0x000001abcbcab668]
Event: 14.377 Thread 0x000001abd794cbf0 2675       3       jdk.internal.reflect.MethodHandleObjectFieldAccessorImpl::<init> (12 bytes)
Event: 14.377 Thread 0x000001abd794cbf0 nmethod 2675 0x000001abc45cef10 code [0x000001abc45cf0c0, 0x000001abc45cf1f8]
Event: 14.377 Thread 0x000001abd794cbf0 2676       3       java.util.ResourceBundle::getObject (82 bytes)
Event: 14.378 Thread 0x000001abd794cbf0 nmethod 2676 0x000001abc45cf290 code [0x000001abc45cf560, 0x000001abc45d0078]
Event: 14.378 Thread 0x000001ac1ad05ed0 nmethod 2662 0x000001abcbcab710 code [0x000001abcbcab900, 0x000001abcbcac4b8]
Event: 14.378 Thread 0x000001ac1ad05ed0 2664       4       org.lombokweb.asm.ClassReader::readUTF8 (23 bytes)
Event: 14.379 Thread 0x000001ac1ad05ed0 nmethod 2664 0x000001abcbcaca90 code [0x000001abcbcacc20, 0x000001abcbcacd78]
Event: 14.379 Thread 0x000001ac1ad05ed0 2668       4       org.lombokweb.asm.ClassReader::readInt (52 bytes)
Event: 14.379 Thread 0x000001abd794cbf0 2677       3       org.eclipse.core.runtime.Path::segmentCount (6 bytes)
Event: 14.380 Thread 0x000001abd794cbf0 nmethod 2677 0x000001abc45d0490 code [0x000001abc45d0620, 0x000001abc45d0748]
Event: 14.380 Thread 0x000001ac1ad05ed0 nmethod 2668 0x000001abcbcacf10 code [0x000001abcbcad0a0, 0x000001abcbcad1c0]

GC Heap History (6 events):
Event: 3.608 GC heap before
{Heap before GC invocations=1 (full 0):
 PSYoungGen      total 29696K, used 25600K [0x00000000d5580000, 0x00000000d7680000, 0x0000000100000000)
  eden space 25600K, 100% used [0x00000000d5580000,0x00000000d6e80000,0x00000000d6e80000)
  from space 4096K, 0% used [0x00000000d7280000,0x00000000d7280000,0x00000000d7680000)
  to   space 4096K, 0% used [0x00000000d6e80000,0x00000000d6e80000,0x00000000d7280000)
 ParOldGen       total 68608K, used 0K [0x0000000080000000, 0x0000000084300000, 0x00000000d5580000)
  object space 68608K, 0% used [0x0000000080000000,0x0000000080000000,0x0000000084300000)
 Metaspace       used 4402K, committed 4608K, reserved 1114112K
  class space    used 476K, committed 576K, reserved 1048576K
}
Event: 3.698 GC heap after
{Heap after GC invocations=1 (full 0):
 PSYoungGen      total 29696K, used 3303K [0x00000000d5580000, 0x00000000d7680000, 0x0000000100000000)
  eden space 25600K, 0% used [0x00000000d5580000,0x00000000d5580000,0x00000000d6e80000)
  from space 4096K, 80% used [0x00000000d6e80000,0x00000000d71b9e98,0x00000000d7280000)
  to   space 4096K, 0% used [0x00000000d7280000,0x00000000d7280000,0x00000000d7680000)
 ParOldGen       total 68608K, used 8K [0x0000000080000000, 0x0000000084300000, 0x00000000d5580000)
  object space 68608K, 0% used [0x0000000080000000,0x0000000080002000,0x0000000084300000)
 Metaspace       used 4402K, committed 4608K, reserved 1114112K
  class space    used 476K, committed 576K, reserved 1048576K
}
Event: 8.250 GC heap before
{Heap before GC invocations=2 (full 0):
 PSYoungGen      total 29696K, used 28903K [0x00000000d5580000, 0x00000000d7680000, 0x0000000100000000)
  eden space 25600K, 100% used [0x00000000d5580000,0x00000000d6e80000,0x00000000d6e80000)
  from space 4096K, 80% used [0x00000000d6e80000,0x00000000d71b9e98,0x00000000d7280000)
  to   space 4096K, 0% used [0x00000000d7280000,0x00000000d7280000,0x00000000d7680000)
 ParOldGen       total 68608K, used 8K [0x0000000080000000, 0x0000000084300000, 0x00000000d5580000)
  object space 68608K, 0% used [0x0000000080000000,0x0000000080002000,0x0000000084300000)
 Metaspace       used 8202K, committed 8512K, reserved 1114112K
  class space    used 871K, committed 1024K, reserved 1048576K
}
Event: 8.259 GC heap after
{Heap after GC invocations=2 (full 0):
 PSYoungGen      total 29696K, used 4093K [0x00000000d5580000, 0x00000000d7680000, 0x0000000100000000)
  eden space 25600K, 0% used [0x00000000d5580000,0x00000000d5580000,0x00000000d6e80000)
  from space 4096K, 99% used [0x00000000d7280000,0x00000000d767f698,0x00000000d7680000)
  to   space 4096K, 0% used [0x00000000d6e80000,0x00000000d6e80000,0x00000000d7280000)
 ParOldGen       total 68608K, used 1046K [0x0000000080000000, 0x0000000084300000, 0x00000000d5580000)
  object space 68608K, 1% used [0x0000000080000000,0x0000000080105830,0x0000000084300000)
 Metaspace       used 8202K, committed 8512K, reserved 1114112K
  class space    used 871K, committed 1024K, reserved 1048576K
}
Event: 11.294 GC heap before
{Heap before GC invocations=3 (full 0):
 PSYoungGen      total 29696K, used 29693K [0x00000000d5580000, 0x00000000d7680000, 0x0000000100000000)
  eden space 25600K, 100% used [0x00000000d5580000,0x00000000d6e80000,0x00000000d6e80000)
  from space 4096K, 99% used [0x00000000d7280000,0x00000000d767f698,0x00000000d7680000)
  to   space 4096K, 0% used [0x00000000d6e80000,0x00000000d6e80000,0x00000000d7280000)
 ParOldGen       total 68608K, used 1046K [0x0000000080000000, 0x0000000084300000, 0x00000000d5580000)
  object space 68608K, 1% used [0x0000000080000000,0x0000000080105830,0x0000000084300000)
 Metaspace       used 13042K, committed 13568K, reserved 1114112K
  class space    used 1381K, committed 1600K, reserved 1048576K
}
Event: 11.302 GC heap after
{Heap after GC invocations=3 (full 0):
 PSYoungGen      total 29696K, used 4092K [0x00000000d5580000, 0x00000000d7680000, 0x0000000100000000)
  eden space 25600K, 0% used [0x00000000d5580000,0x00000000d5580000,0x00000000d6e80000)
  from space 4096K, 99% used [0x00000000d6e80000,0x00000000d727f3e8,0x00000000d7280000)
  to   space 4096K, 0% used [0x00000000d7280000,0x00000000d7280000,0x00000000d7680000)
 ParOldGen       total 68608K, used 2881K [0x0000000080000000, 0x0000000084300000, 0x00000000d5580000)
  object space 68608K, 4% used [0x0000000080000000,0x00000000802d0500,0x0000000084300000)
 Metaspace       used 13042K, committed 13568K, reserved 1114112K
  class space    used 1381K, committed 1600K, reserved 1048576K
}

Dll operation events (10 events):
Event: 0.060 Loaded shared library c:\Users\leemi\.vscode\extensions\redhat.java-1.55.0-win32-x64\jre\21.0.11-win32-x86_64\bin\java.dll
Event: 0.211 Loaded shared library c:\Users\leemi\.vscode\extensions\redhat.java-1.55.0-win32-x64\jre\21.0.11-win32-x86_64\bin\zip.dll
Event: 0.274 Loaded shared library C:\Users\leemi\.vscode\extensions\redhat.java-1.55.0-win32-x64\jre\21.0.11-win32-x86_64\bin\instrument.dll
Event: 0.292 Loaded shared library C:\Users\leemi\.vscode\extensions\redhat.java-1.55.0-win32-x64\jre\21.0.11-win32-x86_64\bin\net.dll
Event: 0.301 Loaded shared library C:\Users\leemi\.vscode\extensions\redhat.java-1.55.0-win32-x64\jre\21.0.11-win32-x86_64\bin\nio.dll
Event: 0.309 Loaded shared library C:\Users\leemi\.vscode\extensions\redhat.java-1.55.0-win32-x64\jre\21.0.11-win32-x86_64\bin\zip.dll
Event: 0.359 Loaded shared library C:\Users\leemi\.vscode\extensions\redhat.java-1.55.0-win32-x64\jre\21.0.11-win32-x86_64\bin\jimage.dll
Event: 0.532 Loaded shared library c:\Users\leemi\.vscode\extensions\redhat.java-1.55.0-win32-x64\jre\21.0.11-win32-x86_64\bin\verify.dll
Event: 7.981 Loaded shared library C:\Users\leemi\AppData\Roaming\Code\User\globalStorage\redhat.java\1.55.0\config_ss_win\org.eclipse.equinox.launcher\org.eclipse.equinox.launcher.win32.win32.x86_64_1.3.100.v20260613-0559\eclipse_11924.dll
Event: 13.793 Loaded shared library D:\TempFlutter\jna-102849704\jna2908857193355994897.dll

Deoptimization events (20 events):
Event: 14.337 Thread 0x000001ac1a9ad7b0 Uncommon trap: trap_request=0xffffffde fr.pc=0x000001abcbc87814 relative=0x00000000000003b4
Event: 14.337 Thread 0x000001ac1a9ad7b0 Uncommon trap: reason=class_check action=maybe_recompile pc=0x000001abcbc87814 method=java.util.regex.Pattern$BmpCharPropertyGreedy.match(Ljava/util/regex/Matcher;ILjava/lang/CharSequence;)Z @ 70 c2
Event: 14.337 Thread 0x000001ac1a9ad7b0 DEOPT PACKING pc=0x000001abcbc87814 sp=0x000000840eeef530
Event: 14.337 Thread 0x000001ac1a9ad7b0 DEOPT UNPACKING pc=0x000001abcb646da2 sp=0x000000840eeef4d8 mode 2
Event: 14.337 Thread 0x000001ac1a9ad7b0 Uncommon trap: trap_request=0xffffffde fr.pc=0x000001abcbc87814 relative=0x00000000000003b4
Event: 14.337 Thread 0x000001ac1a9ad7b0 Uncommon trap: reason=class_check action=maybe_recompile pc=0x000001abcbc87814 method=java.util.regex.Pattern$BmpCharPropertyGreedy.match(Ljava/util/regex/Matcher;ILjava/lang/CharSequence;)Z @ 70 c2
Event: 14.337 Thread 0x000001ac1a9ad7b0 DEOPT PACKING pc=0x000001abcbc87814 sp=0x000000840eeef380
Event: 14.337 Thread 0x000001ac1a9ad7b0 DEOPT UNPACKING pc=0x000001abcb646da2 sp=0x000000840eeef328 mode 2
Event: 14.337 Thread 0x000001ac1a9ad7b0 Uncommon trap: trap_request=0xffffffde fr.pc=0x000001abcbc8cec4 relative=0x00000000000005a4
Event: 14.337 Thread 0x000001ac1a9ad7b0 Uncommon trap: reason=class_check action=maybe_recompile pc=0x000001abcbc8cec4 method=java.util.regex.Matcher.search(I)Z @ 121 c2
Event: 14.337 Thread 0x000001ac1a9ad7b0 DEOPT PACKING pc=0x000001abcbc8cec4 sp=0x000000840eeef8c0
Event: 14.337 Thread 0x000001ac1a9ad7b0 DEOPT UNPACKING pc=0x000001abcb646da2 sp=0x000000840eeef8a0 mode 2
Event: 14.338 Thread 0x000001ac1a9ad7b0 Uncommon trap: trap_request=0xffffffde fr.pc=0x000001abcbc8cec4 relative=0x00000000000005a4
Event: 14.338 Thread 0x000001ac1a9ad7b0 Uncommon trap: reason=class_check action=maybe_recompile pc=0x000001abcbc8cec4 method=java.util.regex.Matcher.search(I)Z @ 121 c2
Event: 14.338 Thread 0x000001ac1a9ad7b0 DEOPT PACKING pc=0x000001abcbc8cec4 sp=0x000000840eeef8b0
Event: 14.338 Thread 0x000001ac1a9ad7b0 DEOPT UNPACKING pc=0x000001abcb646da2 sp=0x000000840eeef890 mode 2
Event: 14.338 Thread 0x000001ac1a9ad7b0 Uncommon trap: trap_request=0xffffffde fr.pc=0x000001abcbc8cec4 relative=0x00000000000005a4
Event: 14.338 Thread 0x000001ac1a9ad7b0 Uncommon trap: reason=class_check action=maybe_recompile pc=0x000001abcbc8cec4 method=java.util.regex.Matcher.search(I)Z @ 121 c2
Event: 14.338 Thread 0x000001ac1a9ad7b0 DEOPT PACKING pc=0x000001abcbc8cec4 sp=0x000000840eeef8b0
Event: 14.338 Thread 0x000001ac1a9ad7b0 DEOPT UNPACKING pc=0x000001abcb646da2 sp=0x000000840eeef890 mode 2

Classes loaded (20 events):
Event: 14.029 Loading class java/lang/ThreadDeath
Event: 14.031 Loading class java/lang/ThreadDeath done
Event: 14.069 Loading class java/util/stream/SortedOps$SizedRefSortingSink
Event: 14.069 Loading class java/util/stream/SortedOps$SizedRefSortingSink done
Event: 14.184 Loading class java/util/concurrent/atomic/Striped64$1
Event: 14.184 Loading class java/util/concurrent/atomic/Striped64$1 done
Event: 14.221 Loading class java/net/SocketAddress
Event: 14.221 Loading class java/net/SocketAddress done
Event: 14.221 Loading class java/net/InetSocketAddress
Event: 14.222 Loading class java/net/InetSocketAddress done
Event: 14.222 Loading class java/nio/channels/AsynchronousByteChannel
Event: 14.222 Loading class java/nio/channels/AsynchronousChannel
Event: 14.222 Loading class java/nio/channels/AsynchronousChannel done
Event: 14.222 Loading class java/nio/channels/AsynchronousByteChannel done
Event: 14.222 Loading class java/net/Authenticator
Event: 14.223 Loading class java/net/Authenticator done
Event: 14.270 Loading class java/util/Collections$UnmodifiableSortedSet
Event: 14.272 Loading class java/util/Collections$UnmodifiableSortedSet done
Event: 14.287 Loading class java/util/zip/GZIPOutputStream
Event: 14.288 Loading class java/util/zip/GZIPOutputStream done

Classes unloaded (0 events):
No events

Classes redefined (0 events):
No events

Internal exceptions (20 events):
Event: 13.872 Thread 0x000001ac1a9ad7b0 Exception <a 'java/lang/NoSuchMethodError'{0x00000000d64668a0}: 'int java.lang.invoke.Invokers$Holder.invokeExact_MT(java.lang.Object, java.lang.Object, java.lang.Object)'> (0x00000000d64668a0) 
thrown [s\src\hotspot\share\interpreter\linkResolver.cpp, line 773]
Event: 13.925 Thread 0x000001ac1a9ad7b0 Exception <a 'java/lang/NoSuchMethodError'{0x00000000d6530cb8}: method resolution failed> (0x00000000d6530cb8) 
thrown [s\src\hotspot\share\prims\methodHandles.cpp, line 1136]
Event: 13.950 Thread 0x000001ac1a9ad7b0 Exception <a 'java/lang/NoSuchMethodError'{0x00000000d659cc80}: 'void java.lang.invoke.Invokers$Holder.invokeExact_MT(java.lang.Object, java.lang.Object, int, java.lang.Object)'> (0x00000000d659cc80) 
thrown [s\src\hotspot\share\interpreter\linkResolver.cpp, line 773]
Event: 14.015 Thread 0x000001ac1a9ad7b0 Exception <a 'java/lang/NoSuchMethodError'{0x00000000d668a5c8}: 'java.lang.Object java.lang.invoke.DirectMethodHandle$Holder.invokeSpecial(java.lang.Object, java.lang.Object, java.lang.Object, long, java.lang.Object)'> (0x00000000d668a5c8) 
thrown [s\src\hotspot\share\interpreter\linkResolver.cpp, line 773]
Event: 14.016 Thread 0x000001ac1a9ad7b0 Exception <a 'java/lang/NoSuchMethodError'{0x00000000d6691e10}: 'java.lang.Object java.lang.invoke.DirectMethodHandle$Holder.newInvokeSpecial(java.lang.Object, java.lang.Object, java.lang.Object, long)'> (0x00000000d6691e10) 
thrown [s\src\hotspot\share\interpreter\linkResolver.cpp, line 773]
Event: 14.017 Thread 0x000001ac1a9ad7b0 Exception <a 'java/lang/NoSuchMethodError'{0x00000000d66961c0}: 'java.lang.Object java.lang.invoke.DirectMethodHandle$Holder.invokeSpecial(java.lang.Object, java.lang.Object, java.lang.Object, java.lang.Object, long)'> (0x00000000d66961c0) 
thrown [s\src\hotspot\share\interpreter\linkResolver.cpp, line 773]
Event: 14.018 Thread 0x000001ac1a9ad7b0 Exception <a 'java/lang/NoSuchMethodError'{0x00000000d6699de0}: 'java.lang.Object java.lang.invoke.Invokers$Holder.linkToTargetMethod(java.lang.Object, java.lang.Object, long, java.lang.Object)'> (0x00000000d6699de0) 
thrown [s\src\hotspot\share\interpreter\linkResolver.cpp, line 773]
Event: 14.063 Thread 0x000001ac1a9ad7b0 Exception <a 'java/lang/NoSuchMethodError'{0x00000000d66f2778}: 'int java.lang.invoke.DirectMethodHandle$Holder.invokeStaticInit(java.lang.Object, java.lang.Object, java.lang.Object)'> (0x00000000d66f2778) 
thrown [s\src\hotspot\share\interpreter\linkResolver.cpp, line 773]
Event: 14.108 Thread 0x000001ac1a9ad7b0 Exception <a 'java/lang/IncompatibleClassChangeError'{0x00000000d679a2b8}: Found class java.lang.Object, but interface was expected> (0x00000000d679a2b8) 
thrown [s\src\hotspot\share\interpreter\linkResolver.cpp, line 840]
Event: 14.134 Thread 0x000001ac1a9ad7b0 Exception <a 'java/lang/NoSuchMethodError'{0x00000000d67b0530}: 'java.lang.Object java.lang.invoke.DirectMethodHandle$Holder.invokeSpecial(java.lang.Object, java.lang.Object, java.lang.Object, int, java.lang.Object, java.lang.Object)'> (0x00000000d67b0530) 
thrown [s\src\hotspot\share\interpreter\linkResolver.cpp, line 773]
Event: 14.138 Thread 0x000001ac1a9ad7b0 Exception <a 'java/lang/NoSuchMethodError'{0x00000000d67b8080}: 'java.lang.Object java.lang.invoke.DirectMethodHandle$Holder.newInvokeSpecial(java.lang.Object, java.lang.Object, java.lang.Object, int, java.lang.Object)'> (0x00000000d67b8080) 
thrown [s\src\hotspot\share\interpreter\linkResolver.cpp, line 773]
Event: 14.140 Thread 0x000001ac1a9ad7b0 Exception <a 'java/lang/NoSuchMethodError'{0x00000000d67bc000}: 'java.lang.Object java.lang.invoke.DirectMethodHandle$Holder.invokeSpecial(java.lang.Object, java.lang.Object, java.lang.Object, java.lang.Object, int, java.lang.Object)'> (0x00000000d67bc000) 
thrown [s\src\hotspot\share\interpreter\linkResolver.cpp, line 773]
Event: 14.143 Thread 0x000001ac1a9ad7b0 Exception <a 'java/lang/NoSuchMethodError'{0x00000000d67bfb40}: 'java.lang.Object java.lang.invoke.Invokers$Holder.linkToTargetMethod(java.lang.Object, java.lang.Object, int, java.lang.Object, java.lang.Object)'> (0x00000000d67bfb40) 
thrown [s\src\hotspot\share\interpreter\linkResolver.cpp, line 773]
Event: 14.145 Thread 0x000001ac1a4f4430 Exception <a 'java/lang/NoSuchMethodError'{0x00000000d66fa250}: 'java.lang.Object java.lang.invoke.DirectMethodHandle$Holder.invokeSpecial(java.lang.Object, java.lang.Object, int, java.lang.Object, java.lang.Object)'> (0x00000000d66fa250) 
thrown [s\src\hotspot\share\interpreter\linkResolver.cpp, line 773]
Event: 14.147 Thread 0x000001ac1a4f4430 Exception <a 'java/lang/NoSuchMethodError'{0x00000000d6700f88}: 'java.lang.Object java.lang.invoke.DirectMethodHandle$Holder.newInvokeSpecial(java.lang.Object, java.lang.Object, int, java.lang.Object)'> (0x00000000d6700f88) 
thrown [s\src\hotspot\share\interpreter\linkResolver.cpp, line 773]
Event: 14.147 Thread 0x000001ac1a4f4430 Exception <a 'java/lang/NoSuchMethodError'{0x00000000d6704868}: 'java.lang.Object java.lang.invoke.DirectMethodHandle$Holder.invokeSpecial(java.lang.Object, java.lang.Object, java.lang.Object, int, java.lang.Object)'> (0x00000000d6704868) 
thrown [s\src\hotspot\share\interpreter\linkResolver.cpp, line 773]
Event: 14.192 Thread 0x000001ac1a9ad7b0 Exception <a 'java/lang/NoSuchMethodError'{0x00000000d68d2ac0}: 'void java.lang.invoke.DirectMethodHandle$Holder.invokeSpecial(java.lang.Object, java.lang.Object, java.lang.Object, java.lang.Object, java.lang.Object)'> (0x00000000d68d2ac0) 
thrown [s\src\hotspot\share\interpreter\linkResolver.cpp, line 773]
Event: 14.217 Thread 0x000001ac1a4f4430 Exception <a 'java/lang/NoSuchMethodError'{0x00000000d6932500}: 'java.lang.Object java.lang.invoke.DirectMethodHandle$Holder.newInvokeSpecial(java.lang.Object, java.lang.Object, java.lang.Object, java.lang.Object, java.lang.Object)'> (0x00000000d6932500) 
thrown [s\src\hotspot\share\interpreter\linkResolver.cpp, line 773]
Event: 14.266 Thread 0x000001ac1a9ad7b0 Exception <a 'java/lang/NoSuchMethodError'{0x00000000d6b9f800}: 'double java.lang.invoke.DirectMethodHandle$Holder.invokeStatic(java.lang.Object, java.lang.Object)'> (0x00000000d6b9f800) 
thrown [s\src\hotspot\share\interpreter\linkResolver.cpp, line 773]
Event: 14.267 Thread 0x000001ac1a9ad7b0 Exception <a 'java/lang/NoSuchMethodError'{0x00000000d6ba2ec0}: 'double java.lang.invoke.DirectMethodHandle$Holder.invokeStaticInit(java.lang.Object, java.lang.Object)'> (0x00000000d6ba2ec0) 
thrown [s\src\hotspot\share\interpreter\linkResolver.cpp, line 773]

ZGC Phase Switch (0 events):
No events

VM Operations (20 events):
Event: 9.271 Executing safepoint VM operation: Cleanup
Event: 9.272 Executing safepoint VM operation: Cleanup done
Event: 9.688 Executing non-safepoint VM operation: HandshakeAllThreads (Deoptimize)
Event: 9.689 Executing non-safepoint VM operation: HandshakeAllThreads (Deoptimize) done
Event: 10.698 Executing safepoint VM operation: Cleanup
Event: 10.698 Executing safepoint VM operation: Cleanup done
Event: 10.747 Executing non-safepoint VM operation: HandshakeAllThreads (Deoptimize)
Event: 10.747 Executing non-safepoint VM operation: HandshakeAllThreads (Deoptimize) done
Event: 11.294 Executing safepoint VM operation: ParallelGCFailedAllocation (Allocation Failure)
Event: 11.302 Executing safepoint VM operation: ParallelGCFailedAllocation (Allocation Failure) done
Event: 11.970 Executing non-safepoint VM operation: HandshakeAllThreads (Deoptimize)
Event: 11.970 Executing non-safepoint VM operation: HandshakeAllThreads (Deoptimize) done
Event: 11.996 Executing non-safepoint VM operation: HandshakeAllThreads (Deoptimize)
Event: 11.996 Executing non-safepoint VM operation: HandshakeAllThreads (Deoptimize) done
Event: 12.215 Executing non-safepoint VM operation: HandshakeAllThreads (Deoptimize)
Event: 12.215 Executing non-safepoint VM operation: HandshakeAllThreads (Deoptimize) done
Event: 13.221 Executing safepoint VM operation: Cleanup
Event: 13.222 Executing safepoint VM operation: Cleanup done
Event: 13.827 Executing non-safepoint VM operation: HandshakeAllThreads (Deoptimize)
Event: 13.827 Executing non-safepoint VM operation: HandshakeAllThreads (Deoptimize) done

Memory protections (0 events):
No events

Nmethod flushes (0 events):
No events

Events (20 events):
Event: 0.281 Thread 0x000001abc0ec7120 Thread added: 0x000001ac1a4733b0
Event: 0.876 Thread 0x000001abc0ec7120 Thread added: 0x000001ac1a579720
Event: 1.124 Thread 0x000001abd794cbf0 Thread added: 0x000001ac1a53a4d0
Event: 1.576 Thread 0x000001ac1a53a4d0 Thread exited: 0x000001ac1a53a4d0
Event: 5.343 Thread 0x000001abd794cbf0 Thread added: 0x000001ac1ae102e0
Event: 5.665 Thread 0x000001ac1ae102e0 Thread exited: 0x000001ac1ae102e0
Event: 6.168 Thread 0x000001abc0ec7120 Thread added: 0x000001ac1a6d1d50
Event: 7.127 Thread 0x000001abd794cbf0 Thread added: 0x000001ac1ae11080
Event: 7.308 Thread 0x000001ac1ae11080 Thread exited: 0x000001ac1ae11080
Event: 7.777 Thread 0x000001abc0ec7120 Thread added: 0x000001ac1f1d3fe0
Event: 7.792 Thread 0x000001abc0ec7120 Thread added: 0x000001ac1a9ad7b0
Event: 8.284 Thread 0x000001ac1a9ad7b0 Thread added: 0x000001ac1a93df80
Event: 10.051 Thread 0x000001abd794cbf0 Thread added: 0x000001ac1a99a120
Event: 10.513 Thread 0x000001ac1a99a120 Thread exited: 0x000001ac1a99a120
Event: 10.837 Thread 0x000001ac1a9ad7b0 Thread added: 0x000001ac1aceda10
Event: 13.898 Thread 0x000001ac1a9ad7b0 Thread added: 0x000001ac1a2ce5b0
Event: 14.037 Thread 0x000001ac1a9ad7b0 Thread added: 0x000001ac1a4f4430
Event: 14.147 Thread 0x000001ac1a9ad7b0 Thread added: 0x000001ac1a4c97e0
Event: 14.358 Thread 0x000001abd794cbf0 Thread added: 0x000001ac1ad05ed0
Event: 14.373 Thread 0x000001ac1a4c97e0 Thread added: 0x000001ac1a4c7da0


Dynamic libraries:
0x00007ff6c2780000 - 0x00007ff6c278e000 	c:\Users\leemi\.vscode\extensions\redhat.java-1.55.0-win32-x64\jre\21.0.11-win32-x86_64\bin\java.exe
0x00007ff954900000 - 0x00007ff954b67000 	C:\WINDOWS\SYSTEM32\ntdll.dll
0x00007ff8c05a0000 - 0x00007ff8c05c1000 	C:\Program Files\Norton\Suite\aswhook.dll
0x00007ff9538f0000 - 0x00007ff9539b9000 	C:\WINDOWS\System32\KERNEL32.DLL
0x00007ff951530000 - 0x00007ff951927000 	C:\WINDOWS\System32\KERNELBASE.dll
0x00007ff952530000 - 0x00007ff95267b000 	C:\WINDOWS\System32\ucrtbase.dll
0x00007ff93a2c0000 - 0x00007ff93a2de000 	c:\Users\leemi\.vscode\extensions\redhat.java-1.55.0-win32-x64\jre\21.0.11-win32-x86_64\bin\VCRUNTIME140.dll
0x00007ff93b370000 - 0x00007ff93b388000 	c:\Users\leemi\.vscode\extensions\redhat.java-1.55.0-win32-x64\jre\21.0.11-win32-x86_64\bin\jli.dll
0x00007ff953bb0000 - 0x00007ff953d76000 	C:\WINDOWS\System32\USER32.dll
0x00007ff930120000 - 0x00007ff9303b2000 	C:\WINDOWS\WinSxS\amd64_microsoft.windows.common-controls_6595b64144ccf1df_6.0.26100.8457_none_3e0b2faee331e92d\COMCTL32.dll
0x00007ff9528b0000 - 0x00007ff952959000 	C:\WINDOWS\System32\msvcrt.dll
0x00007ff953a60000 - 0x00007ff953a8b000 	C:\WINDOWS\System32\GDI32.dll
0x00007ff9522d0000 - 0x00007ff9522f7000 	C:\WINDOWS\System32\win32u.dll
0x00007ff951930000 - 0x00007ff951a5c000 	C:\WINDOWS\System32\gdi32full.dll
0x00007ff952480000 - 0x00007ff952523000 	C:\WINDOWS\System32\msvcp_win.dll
0x00007ff9546d0000 - 0x00007ff954702000 	C:\WINDOWS\System32\IMM32.DLL
0x00007ff941520000 - 0x00007ff94152c000 	c:\Users\leemi\.vscode\extensions\redhat.java-1.55.0-win32-x64\jre\21.0.11-win32-x86_64\bin\vcruntime140_1.dll
0x00007ff9273a0000 - 0x00007ff92742d000 	c:\Users\leemi\.vscode\extensions\redhat.java-1.55.0-win32-x64\jre\21.0.11-win32-x86_64\bin\msvcp140.dll
0x00007ff8d7b80000 - 0x00007ff8d8922000 	c:\Users\leemi\.vscode\extensions\redhat.java-1.55.0-win32-x64\jre\21.0.11-win32-x86_64\bin\server\jvm.dll
0x00007ff952b40000 - 0x00007ff952bf6000 	C:\WINDOWS\System32\ADVAPI32.dll
0x00007ff952760000 - 0x00007ff952807000 	C:\WINDOWS\System32\sechost.dll
0x00007ff952a20000 - 0x00007ff952b38000 	C:\WINDOWS\System32\RPCRT4.dll
0x00007ff953a90000 - 0x00007ff953b10000 	C:\WINDOWS\System32\WS2_32.dll
0x00007ff951190000 - 0x00007ff9511ee000 	C:\WINDOWS\SYSTEM32\POWRPROF.dll
0x00007ff948f20000 - 0x00007ff948f56000 	C:\WINDOWS\SYSTEM32\WINMM.dll
0x00007ff941340000 - 0x00007ff94134b000 	C:\WINDOWS\SYSTEM32\VERSION.dll
0x00007ff951170000 - 0x00007ff951184000 	C:\WINDOWS\SYSTEM32\UMPDC.dll
0x00007ff9500c0000 - 0x00007ff9500db000 	C:\WINDOWS\SYSTEM32\kernel.appcore.dll
0x00007ff93f9d0000 - 0x00007ff93f9da000 	c:\Users\leemi\.vscode\extensions\redhat.java-1.55.0-win32-x64\jre\21.0.11-win32-x86_64\bin\jimage.dll
0x00007ff94efe0000 - 0x00007ff94f222000 	C:\WINDOWS\SYSTEM32\DBGHELP.DLL
0x00007ff9532f0000 - 0x00007ff953673000 	C:\WINDOWS\System32\combase.dll
0x00007ff952680000 - 0x00007ff952759000 	C:\WINDOWS\System32\OLEAUT32.dll
0x00007ff9403b0000 - 0x00007ff9403eb000 	C:\WINDOWS\SYSTEM32\dbgcore.DLL
0x00007ff951330000 - 0x00007ff9513d8000 	C:\WINDOWS\System32\bcryptPrimitives.dll
0x00007ff93dc10000 - 0x00007ff93dc1f000 	c:\Users\leemi\.vscode\extensions\redhat.java-1.55.0-win32-x64\jre\21.0.11-win32-x86_64\bin\instrument.dll
0x00007ff930c60000 - 0x00007ff930c80000 	c:\Users\leemi\.vscode\extensions\redhat.java-1.55.0-win32-x64\jre\21.0.11-win32-x86_64\bin\java.dll
0x00007ff953ed0000 - 0x00007ff95463e000 	C:\WINDOWS\System32\SHELL32.dll
0x00007ff951a60000 - 0x00007ff9522cc000 	C:\WINDOWS\System32\windows.storage.dll
0x00007ff953690000 - 0x00007ff953786000 	C:\WINDOWS\System32\SHCORE.dll
0x00007ff952810000 - 0x00007ff952876000 	C:\WINDOWS\System32\shlwapi.dll
0x00007ff951250000 - 0x00007ff951279000 	C:\WINDOWS\SYSTEM32\profapi.dll
0x00007ff92a990000 - 0x00007ff92a9a8000 	c:\Users\leemi\.vscode\extensions\redhat.java-1.55.0-win32-x64\jre\21.0.11-win32-x86_64\bin\zip.dll
0x00007ff93d2d0000 - 0x00007ff93d2e0000 	C:\Users\leemi\.vscode\extensions\redhat.java-1.55.0-win32-x64\jre\21.0.11-win32-x86_64\bin\net.dll
0x00007ff944970000 - 0x00007ff944a99000 	C:\WINDOWS\SYSTEM32\WINHTTP.dll
0x00007ff950630000 - 0x00007ff95069c000 	C:\WINDOWS\system32\mswsock.dll
0x00007ff92a4e0000 - 0x00007ff92a4f6000 	C:\Users\leemi\.vscode\extensions\redhat.java-1.55.0-win32-x64\jre\21.0.11-win32-x86_64\bin\nio.dll
0x00007ff93c2c0000 - 0x00007ff93c2d0000 	c:\Users\leemi\.vscode\extensions\redhat.java-1.55.0-win32-x64\jre\21.0.11-win32-x86_64\bin\verify.dll
0x00007ff93df30000 - 0x00007ff93df75000 	C:\Users\leemi\AppData\Roaming\Code\User\globalStorage\redhat.java\1.55.0\config_ss_win\org.eclipse.equinox.launcher\org.eclipse.equinox.launcher.win32.win32.x86_64_1.3.100.v20260613-0559\eclipse_11924.dll
0x00007ff954710000 - 0x00007ff9548a7000 	C:\WINDOWS\System32\ole32.dll
0x00007ff950920000 - 0x00007ff95093b000 	C:\WINDOWS\SYSTEM32\CRYPTSP.dll
0x00007ff950020000 - 0x00007ff950059000 	C:\WINDOWS\system32\rsaenh.dll
0x00007ff9506e0000 - 0x00007ff950713000 	C:\WINDOWS\SYSTEM32\USERENV.dll
0x00007ff951220000 - 0x00007ff95124a000 	C:\WINDOWS\SYSTEM32\bcrypt.dll
0x00007ff950910000 - 0x00007ff95091c000 	C:\WINDOWS\SYSTEM32\CRYPTBASE.dll
0x00007ff94fb60000 - 0x00007ff94fb92000 	C:\WINDOWS\SYSTEM32\IPHLPAPI.DLL
0x00007ff953680000 - 0x00007ff95368a000 	C:\WINDOWS\System32\NSI.dll
0x00007ff917450000 - 0x00007ff917499000 	D:\TempFlutter\jna-102849704\jna2908857193355994897.dll
0x00007ff9548b0000 - 0x00007ff9548b8000 	C:\WINDOWS\System32\PSAPI.DLL

JVMTI agents:
c:\Users\leemi\.vscode\extensions\redhat.java-1.55.0-win32-x64\lombok\lombok-1.18.39-4050.jar path:c:\Users\leemi\.vscode\extensions\redhat.java-1.55.0-win32-x64\jre\21.0.11-win32-x86_64\bin\instrument.dll, loaded, initialized, instrumentlib options:none

dbghelp: loaded successfully - version: 4.0.5 - missing functions: none
symbol engine: initialized successfully - sym options: 0x614 - pdb path: .;c:\Users\leemi\.vscode\extensions\redhat.java-1.55.0-win32-x64\jre\21.0.11-win32-x86_64\bin;C:\WINDOWS\SYSTEM32;C:\Program Files\Norton\Suite;C:\WINDOWS\WinSxS\amd64_microsoft.windows.common-controls_6595b64144ccf1df_6.0.26100.8457_none_3e0b2faee331e92d;c:\Users\leemi\.vscode\extensions\redhat.java-1.55.0-win32-x64\jre\21.0.11-win32-x86_64\bin\server;C:\Users\leemi\AppData\Roaming\Code\User\globalStorage\redhat.java\1.55.0\config_ss_win\org.eclipse.equinox.launcher\org.eclipse.equinox.launcher.win32.win32.x86_64_1.3.100.v20260613-0559;D:\TempFlutter\jna-102849704

VM Arguments:
jvm_args: --add-modules=ALL-SYSTEM --add-opens=java.base/java.util=ALL-UNNAMED --add-opens=java.base/java.lang=ALL-UNNAMED --add-opens=java.base/sun.nio.fs=ALL-UNNAMED -Declipse.application=org.eclipse.jdt.ls.core.id1 -Dosgi.bundles.defaultStartLevel=4 -Declipse.product=org.eclipse.jdt.ls.core.product -Djava.import.generatesMetadataFilesAtProjectRoot=false -DDetectVMInstallationsJob.disabled=true -Dfile.encoding=utf8 -XX:+UseParallelGC -XX:GCTimeRatio=4 -XX:AdaptiveSizePolicyWeight=90 -Dsun.zip.disableMemoryMapping=true -Xmx2G -Xms100m -Xlog:disable -javaagent:c:\Users\leemi\.vscode\extensions\redhat.java-1.55.0-win32-x64\lombok\lombok-1.18.39-4050.jar 
java_command: c:\Users\leemi\.vscode\extensions\redhat.java-1.55.0-win32-x64\server\plugins\org.eclipse.equinox.launcher_1.7.200.v20260619-2039.jar -configuration c:\Users\leemi\AppData\Roaming\Code\User\globalStorage\redhat.java\1.55.0\config_ss_win -data c:\Users\leemi\AppData\Roaming\Code\User\workspaceStorage\22bba4b0459f031f16e20f539df400c8\redhat.java\ss_ws --pipe=\\.\pipe\lsp-9532e77a21b892089fff4afb60411bb1-sock
java_class_path (initial): c:\Users\leemi\.vscode\extensions\redhat.java-1.55.0-win32-x64\server\plugins\org.eclipse.equinox.launcher_1.7.200.v20260619-2039.jar
Launcher Type: SUN_STANDARD

[Global flags]
    uintx AdaptiveSizePolicyWeight                 = 90                                        {product} {command line}
     intx CICompilerCount                          = 4                                         {product} {ergonomic}
    uintx GCTimeRatio                              = 4                                         {product} {command line}
   size_t InitialHeapSize                          = 104857600                                 {product} {command line}
   size_t MaxHeapSize                              = 2147483648                                {product} {command line}
   size_t MaxNewSize                               = 715653120                                 {product} {ergonomic}
   size_t MinHeapDeltaBytes                        = 524288                                    {product} {ergonomic}
   size_t MinHeapSize                              = 104857600                                 {product} {command line}
   size_t NewSize                                  = 34603008                                  {product} {ergonomic}
    uintx NonNMethodCodeHeapSize                   = 5839372                                {pd product} {ergonomic}
    uintx NonProfiledCodeHeapSize                  = 122909434                              {pd product} {ergonomic}
   size_t OldSize                                  = 70254592                                  {product} {ergonomic}
    uintx ProfiledCodeHeapSize                     = 122909434                              {pd product} {ergonomic}
    uintx ReservedCodeCacheSize                    = 251658240                              {pd product} {ergonomic}
     bool SegmentedCodeCache                       = true                                      {product} {ergonomic}
   size_t SoftMaxHeapSize                          = 2147483648                             {manageable} {ergonomic}
     bool UseCompressedOops                        = true                           {product lp64_product} {ergonomic}
     bool UseLargePagesIndividualAllocation        = false                                  {pd product} {ergonomic}
     bool UseParallelGC                            = true                                      {product} {command line}

Logging:
Log output configuration:
 #0: stdout all=off uptime,level,tags foldmultilines=false
 #1: stderr all=off uptime,level,tags foldmultilines=false

Release file:
JAVA_VERSION="21.0.11" 
MODULES="java.base java.compiler java.datatransfer java.xml java.prefs java.desktop java.instrument java.logging java.management java.security.sasl java.naming java.rmi java.management.rmi java.net.http java.scripting java.security.jgss java.transaction.xa java.sql java.sql.rowset java.xml.crypto java.se java.smartcardio jdk.accessibility jdk.internal.jvmstat jdk.attach jdk.charsets jdk.internal.opt jdk.zipfs jdk.compiler jdk.crypto.ec jdk.crypto.cryptoki jdk.crypto.mscapi jdk.dynalink jdk.internal.ed jdk.editpad jdk.hotspot.agent jdk.httpserver jdk.internal.le jdk.internal.vm.ci jdk.internal.vm.compiler jdk.internal.vm.compiler.management jdk.jartool jdk.javadoc jdk.jcmd jdk.management jdk.management.agent jdk.jconsole jdk.jdeps jdk.jdwp.agent jdk.jdi jdk.jfr jdk.jshell jdk.jsobject jdk.jstatd jdk.localedata jdk.management.jfr jdk.naming.dns jdk.naming.rmi jdk.net jdk.nio.mapmode jdk.random jdk.sctp jdk.security.auth jdk.security.jgss jdk.unsupported jdk.unsupported.desktop jdk.xml.dom" 

Environment Variables:
JAVA_HOME=C:\Program Files\Eclipse Adoptium\jdk-17.0.20.8-hotspot
PATH=C:\Program Files\Eclipse Adoptium\jdk-17.0.20.8-hotspot\bin;C:\Program Files (x86)\Common Files\Oracle\Java\java8path;C:\Program Files (x86)\Common Files\Oracle\Java\javapath;D:\User1\dbhomeXE\bin;C:\Windows\system32;C:\Windows;C:\Windows\System32\Wbem;C:\Windows\System32\WindowsPowerShell\v1.0\;C:\Windows\System32\OpenSSH\;C:\Program Files (x86)\NVIDIA Corporation\PhysX\Common;C:\Program Files\NVIDIA Corporation\NVIDIA NvDLISR;C:\WINDOWS\system32;C:\WINDOWS;C:\WINDOWS\System32\Wbem;C:\WINDOWS\System32\WindowsPowerShell\v1.0\;C:\WINDOWS\System32\OpenSSH\;C:\Program Files\dotnet\;C:\MinGW\bin;C:\Program Files\Java\jdk1.8.0_202\bin;C:\Users\leemi\AppData\Local\Programs\Python\Launcher\;C:\Users\leemi\AppData\Local\Microsoft\WindowsApps;C:\Users\leemi\.dotnet\tools;C:\Users\leemi\AppData\Local\Programs\Microsoft VS Code\bin;C:\Users\leemi\AppData\Local\GitHubDesktop\bin;C:\Users\leemi\AppData\Roaming\npm;C:\Program Files\JetBrains\IntelliJ IDEA 2024.3.5\bin;C:\Program Files\MySQL\MySQL Server 8.0\bin;C:\Users\leemi\Downloads\apache-maven-3.9.9-bin\apache-maven-3.9.9\bin;C:\Program Files\Python312\;C:\Program Files\Python312\Scripts\;C:\Users\leemi\AppData\Roaming\Python\Python312\Scripts\;C:\Program Files\MongoDB\Server\8.0\bin;D:\develop\flutter\bin;D:\sdk\cmdline-tools\latest\bin;D:\sdk\platform-tools;C:\Gradle\gradle-8.11.1\bin;C:\Program Files\Apache\Maven\apache-maven-3.9.11\bin;D:\FlutterCache\.pub-cache\bin;C:\Program Files (x86)\Windows Kits\10\Windows Performance Toolkit\;C:\Program Files\swipl\bin;C:\Program Files\Docker\Docker\resources\bin;C:\Program Files\Git\cmd;D:\Java\jdk-17\bin;C:\Users\leemi\AppData\Local\Programs\Python\Launcher\;C:\Users\leemi\AppData\Local\Microsoft\WindowsApps;C:\Users\leemi\.dotnet\tools;C:\Users\leemi\AppData\Local\Programs\Microsoft VS Code\bin;C:\Users\leemi\AppData\Local\GitHubDesktop\bin;C:\Program Files\Java\jdk1.8.0_202\bin;C:\Program Files\JetBrains\IntelliJ IDEA 2024.3.5\bin;
USERNAME=leemi
OS=Windows_NT
PROCESSOR_IDENTIFIER=Intel64 Family 6 Model 140 Stepping 2, GenuineIntel
TMP=D:\TempFlutter
TEMP=D:\TempFlutter




Periodic native trim disabled

---------------  S Y S T E M  ---------------

OS:
 Windows 11 , 64 bit Build 26100 (10.0.26100.8328)
OS uptime: 0 days 14:44 hours
Hyper-V role detected

CPU: total 8 (initial active 8) (4 cores per cpu, 2 threads per core) family 6 model 140 stepping 2 microcode 0x26, cx8, cmov, fxsr, ht, mmx, 3dnowpref, sse, sse2, sse3, ssse3, sse4.1, sse4.2, popcnt, lzcnt, tsc, tscinvbit, avx, avx2, aes, erms, clmul, bmi1, bmi2, adx, avx512f, avx512dq, avx512cd, avx512bw, avx512vl, sha, fma, vzeroupper, avx512_vpopcntdq, avx512_vpclmulqdq, avx512_vaes, avx512_vnni, clflush, clflushopt, clwb, avx512_vbmi2, avx512_vbmi, hv, rdtscp, rdpid, fsrm, gfni, avx512_bitalg, f16c, cet_ibt, cet_ss, avx512_ifma
Processor Information for the first 8 processors :
  Max Mhz: 3187, Current Mhz: 3187, Mhz Limit: 3187

Memory: 4k page, system-wide physical 7975M (468M free)
TotalPageFile size 17231M (AvailPageFile size 0M)
current process WorkingSet (physical memory assigned to process): 116M, peak: 116M
current process commit charge ("private bytes"): 262M, peak: 262M

vm_info: OpenJDK 64-Bit Server VM (21.0.11+10-LTS) for windows-amd64 JRE (21.0.11+10-LTS), built on 2026-04-21T00:00:00Z by "admin" with MS VC++ 17.12 (VS2022)

END.
